[2025-02-14 17:10:37,759] {taskinstance.py:1179} INFO - Dependencies all met for <TaskInstance: Lead_scoring_training_pipeline.training_model manual__2025-02-14T17:10:21.212855+00:00 [queued]>
[2025-02-14 17:10:37,767] {taskinstance.py:1179} INFO - Dependencies all met for <TaskInstance: Lead_scoring_training_pipeline.training_model manual__2025-02-14T17:10:21.212855+00:00 [queued]>
[2025-02-14 17:10:37,767] {taskinstance.py:1376} INFO - 
--------------------------------------------------------------------------------
[2025-02-14 17:10:37,767] {taskinstance.py:1377} INFO - Starting attempt 1 of 2
[2025-02-14 17:10:37,767] {taskinstance.py:1378} INFO - 
--------------------------------------------------------------------------------
[2025-02-14 17:10:37,796] {taskinstance.py:1397} INFO - Executing <Task(PythonOperator): training_model> on 2025-02-14 17:10:21.212855+00:00
[2025-02-14 17:10:37,808] {standard_task_runner.py:52} INFO - Started process 6468 to run task
[2025-02-14 17:10:37,812] {standard_task_runner.py:79} INFO - Running: ['airflow', 'tasks', 'run', 'Lead_scoring_training_pipeline', 'training_model', 'manual__2025-02-14T17:10:21.212855+00:00', '--job-id', '18', '--raw', '--subdir', 'DAGS_FOLDER/Lead_scoring_training_pipeline/lead_scoring_training_pipeline.py', '--cfg-path', '/tmp/tmpxz_eidxo', '--error-file', '/tmp/tmp3ftg6sr4']
[2025-02-14 17:10:37,812] {standard_task_runner.py:80} INFO - Job 18: Subtask training_model
[2025-02-14 17:10:37,870] {task_command.py:371} INFO - Running <TaskInstance: Lead_scoring_training_pipeline.training_model manual__2025-02-14T17:10:21.212855+00:00 [running]> on host 19e316ed320d
[2025-02-14 17:10:37,947] {taskinstance.py:1589} INFO - Exporting the following env vars:
AIRFLOW_CTX_DAG_OWNER=airflow
AIRFLOW_CTX_DAG_ID=Lead_scoring_training_pipeline
AIRFLOW_CTX_TASK_ID=training_model
AIRFLOW_CTX_EXECUTION_DATE=2025-02-14T17:10:21.212855+00:00
AIRFLOW_CTX_TRY_NUMBER=1
AIRFLOW_CTX_DAG_RUN_ID=manual__2025-02-14T17:10:21.212855+00:00
[2025-02-14 17:10:45,584] {logging_mixin.py:115} WARNING - /opt/conda/lib/python3.8/site-packages/sklearn/utils/validation.py:72 DataConversionWarning: A column-vector y was passed when a 1d array was expected. Please change the shape of y to (n_samples, ), for example using ravel().
[2025-02-14 17:10:50,825] {logging_mixin.py:115} WARNING - Registered model 'LightGBM' already exists. Creating a new version of this model...
[2025-02-14 17:10:50,867] {logging_mixin.py:115} WARNING - 2025/02/14 17:10:50 INFO mlflow.tracking._model_registry.client: Waiting up to 300 seconds for model version to finish creation.                     Model name: LightGBM, version 5
[2025-02-14 17:10:50,867] {logging_mixin.py:115} WARNING - Created version '5' of model 'LightGBM'.
[2025-02-14 17:10:51,523] {logging_mixin.py:115} INFO - get_trained_model has been executed successfully.
[2025-02-14 17:10:51,557] {python.py:173} INFO - Done. Returned value was: None
[2025-02-14 17:10:51,569] {taskinstance.py:1415} INFO - Marking task as SUCCESS. dag_id=Lead_scoring_training_pipeline, task_id=training_model, execution_date=20250214T171021, start_date=20250214T171037, end_date=20250214T171051
[2025-02-14 17:10:51,640] {local_task_job.py:156} INFO - Task exited with return code 0
[2025-02-14 17:10:51,667] {local_task_job.py:273} INFO - 0 downstream tasks scheduled from follow-on schedule check
