[2025-02-14 18:17:38,436] {taskinstance.py:1179} INFO - Dependencies all met for <TaskInstance: Lead_scoring_inference_pipeline.generating_models_prediction scheduled__2025-02-14T17:00:00+00:00 [queued]>
[2025-02-14 18:17:38,444] {taskinstance.py:1179} INFO - Dependencies all met for <TaskInstance: Lead_scoring_inference_pipeline.generating_models_prediction scheduled__2025-02-14T17:00:00+00:00 [queued]>
[2025-02-14 18:17:38,444] {taskinstance.py:1376} INFO - 
--------------------------------------------------------------------------------
[2025-02-14 18:17:38,444] {taskinstance.py:1377} INFO - Starting attempt 1 of 2
[2025-02-14 18:17:38,444] {taskinstance.py:1378} INFO - 
--------------------------------------------------------------------------------
[2025-02-14 18:17:38,469] {taskinstance.py:1397} INFO - Executing <Task(PythonOperator): generating_models_prediction> on 2025-02-14 17:00:00+00:00
[2025-02-14 18:17:38,478] {standard_task_runner.py:52} INFO - Started process 7870 to run task
[2025-02-14 18:17:38,482] {standard_task_runner.py:79} INFO - Running: ['airflow', 'tasks', 'run', 'Lead_scoring_inference_pipeline', 'generating_models_prediction', 'scheduled__2025-02-14T17:00:00+00:00', '--job-id', '22', '--raw', '--subdir', 'DAGS_FOLDER/Lead_scoring_inference_pipeline/.ipynb_checkpoints/lead_scoring_inference_pipeline-checkpoint.py', '--cfg-path', '/tmp/tmpl3cpmvg3', '--error-file', '/tmp/tmpjfko0hge']
[2025-02-14 18:17:38,484] {standard_task_runner.py:80} INFO - Job 22: Subtask generating_models_prediction
[2025-02-14 18:17:38,531] {task_command.py:371} INFO - Running <TaskInstance: Lead_scoring_inference_pipeline.generating_models_prediction scheduled__2025-02-14T17:00:00+00:00 [running]> on host 19e316ed320d
[2025-02-14 18:17:38,710] {taskinstance.py:1589} INFO - Exporting the following env vars:
AIRFLOW_CTX_DAG_OWNER=airflow
AIRFLOW_CTX_DAG_ID=Lead_scoring_inference_pipeline
AIRFLOW_CTX_TASK_ID=generating_models_prediction
AIRFLOW_CTX_EXECUTION_DATE=2025-02-14T17:00:00+00:00
AIRFLOW_CTX_TRY_NUMBER=1
AIRFLOW_CTX_DAG_RUN_ID=scheduled__2025-02-14T17:00:00+00:00
[2025-02-14 18:17:48,908] {python.py:173} INFO - Done. Returned value was: None
[2025-02-14 18:17:48,926] {taskinstance.py:1415} INFO - Marking task as SUCCESS. dag_id=Lead_scoring_inference_pipeline, task_id=generating_models_prediction, execution_date=20250214T170000, start_date=20250214T181738, end_date=20250214T181748
[2025-02-14 18:17:49,026] {local_task_job.py:156} INFO - Task exited with return code 0
[2025-02-14 18:17:49,059] {local_task_job.py:273} INFO - 1 downstream tasks scheduled from follow-on schedule check
