[2025-02-14 18:51:35,078] {taskinstance.py:1179} INFO - Dependencies all met for <TaskInstance: Lead_scoring_inference_pipeline.checking_input_features manual__2025-02-14T18:50:15.782962+00:00 [queued]>
[2025-02-14 18:51:35,086] {taskinstance.py:1179} INFO - Dependencies all met for <TaskInstance: Lead_scoring_inference_pipeline.checking_input_features manual__2025-02-14T18:50:15.782962+00:00 [queued]>
[2025-02-14 18:51:35,086] {taskinstance.py:1376} INFO - 
--------------------------------------------------------------------------------
[2025-02-14 18:51:35,086] {taskinstance.py:1377} INFO - Starting attempt 1 of 2
[2025-02-14 18:51:35,086] {taskinstance.py:1378} INFO - 
--------------------------------------------------------------------------------
[2025-02-14 18:51:35,114] {taskinstance.py:1397} INFO - Executing <Task(PythonOperator): checking_input_features> on 2025-02-14 18:50:15.782962+00:00
[2025-02-14 18:51:35,124] {standard_task_runner.py:52} INFO - Started process 1949 to run task
[2025-02-14 18:51:35,127] {standard_task_runner.py:79} INFO - Running: ['airflow', 'tasks', 'run', 'Lead_scoring_inference_pipeline', 'checking_input_features', 'manual__2025-02-14T18:50:15.782962+00:00', '--job-id', '61', '--raw', '--subdir', 'DAGS_FOLDER/Lead_scoring_inference_pipeline/.ipynb_checkpoints/lead_scoring_inference_pipeline-checkpoint.py', '--cfg-path', '/tmp/tmpb2w3pe80', '--error-file', '/tmp/tmpx3vse_2i']
[2025-02-14 18:51:35,128] {standard_task_runner.py:80} INFO - Job 61: Subtask checking_input_features
[2025-02-14 18:51:35,194] {task_command.py:371} INFO - Running <TaskInstance: Lead_scoring_inference_pipeline.checking_input_features manual__2025-02-14T18:50:15.782962+00:00 [running]> on host c9e5903262b9
[2025-02-14 18:51:35,405] {taskinstance.py:1589} INFO - Exporting the following env vars:
AIRFLOW_CTX_DAG_OWNER=airflow
AIRFLOW_CTX_DAG_ID=Lead_scoring_inference_pipeline
AIRFLOW_CTX_TASK_ID=checking_input_features
AIRFLOW_CTX_EXECUTION_DATE=2025-02-14T18:50:15.782962+00:00
AIRFLOW_CTX_TRY_NUMBER=1
AIRFLOW_CTX_DAG_RUN_ID=manual__2025-02-14T18:50:15.782962+00:00
[2025-02-14 18:51:35,756] {logging_mixin.py:115} INFO - All the models input are present
[2025-02-14 18:51:35,757] {python.py:173} INFO - Done. Returned value was: None
[2025-02-14 18:51:35,763] {taskinstance.py:1415} INFO - Marking task as SUCCESS. dag_id=Lead_scoring_inference_pipeline, task_id=checking_input_features, execution_date=20250214T185015, start_date=20250214T185135, end_date=20250214T185135
[2025-02-14 18:51:35,820] {local_task_job.py:156} INFO - Task exited with return code 0
[2025-02-14 18:51:35,870] {local_task_job.py:273} INFO - 1 downstream tasks scheduled from follow-on schedule check
