[2025-02-14 18:54:24,933] {taskinstance.py:1179} INFO - Dependencies all met for <TaskInstance: TK_Lead_Scoring_Data_Engineering_Pipeline.checking_raw_data_schema manual__2025-02-14T18:54:19.179278+00:00 [queued]>
[2025-02-14 18:54:24,938] {taskinstance.py:1179} INFO - Dependencies all met for <TaskInstance: TK_Lead_Scoring_Data_Engineering_Pipeline.checking_raw_data_schema manual__2025-02-14T18:54:19.179278+00:00 [queued]>
[2025-02-14 18:54:24,938] {taskinstance.py:1376} INFO - 
--------------------------------------------------------------------------------
[2025-02-14 18:54:24,938] {taskinstance.py:1377} INFO - Starting attempt 1 of 2
[2025-02-14 18:54:24,938] {taskinstance.py:1378} INFO - 
--------------------------------------------------------------------------------
[2025-02-14 18:54:24,980] {taskinstance.py:1397} INFO - Executing <Task(PythonOperator): checking_raw_data_schema> on 2025-02-14 18:54:19.179278+00:00
[2025-02-14 18:54:24,985] {standard_task_runner.py:52} INFO - Started process 2133 to run task
[2025-02-14 18:54:24,988] {standard_task_runner.py:79} INFO - Running: ['airflow', 'tasks', 'run', 'TK_Lead_Scoring_Data_Engineering_Pipeline', 'checking_raw_data_schema', 'manual__2025-02-14T18:54:19.179278+00:00', '--job-id', '65', '--raw', '--subdir', 'DAGS_FOLDER/Lead_scoring_data_pipeline/.ipynb_checkpoints/lead_scoring_data_pipeline-checkpoint.py', '--cfg-path', '/tmp/tmp9zf_6eo9', '--error-file', '/tmp/tmp_a9rfh1s']
[2025-02-14 18:54:24,988] {standard_task_runner.py:80} INFO - Job 65: Subtask checking_raw_data_schema
[2025-02-14 18:54:25,051] {task_command.py:371} INFO - Running <TaskInstance: TK_Lead_Scoring_Data_Engineering_Pipeline.checking_raw_data_schema manual__2025-02-14T18:54:19.179278+00:00 [running]> on host c9e5903262b9
[2025-02-14 18:54:25,303] {taskinstance.py:1589} INFO - Exporting the following env vars:
AIRFLOW_CTX_DAG_OWNER=airflow
AIRFLOW_CTX_DAG_ID=TK_Lead_Scoring_Data_Engineering_Pipeline
AIRFLOW_CTX_TASK_ID=checking_raw_data_schema
AIRFLOW_CTX_EXECUTION_DATE=2025-02-14T18:54:19.179278+00:00
AIRFLOW_CTX_TRY_NUMBER=1
AIRFLOW_CTX_DAG_RUN_ID=manual__2025-02-14T18:54:19.179278+00:00
[2025-02-14 18:54:25,860] {logging_mixin.py:115} INFO - Raw datas schema is in line with the schema present in schema.py
[2025-02-14 18:54:25,867] {python.py:173} INFO - Done. Returned value was: None
[2025-02-14 18:54:25,872] {taskinstance.py:1415} INFO - Marking task as SUCCESS. dag_id=TK_Lead_Scoring_Data_Engineering_Pipeline, task_id=checking_raw_data_schema, execution_date=20250214T185419, start_date=20250214T185424, end_date=20250214T185425
[2025-02-14 18:54:25,923] {local_task_job.py:156} INFO - Task exited with return code 0
[2025-02-14 18:54:26,003] {local_task_job.py:273} INFO - 1 downstream tasks scheduled from follow-on schedule check
