[2025-02-14 18:30:15,329] {taskinstance.py:1179} INFO - Dependencies all met for <TaskInstance: TK_Lead_Scoring_Data_Engineering_Pipeline.building_db manual__2025-02-14T18:30:12.431681+00:00 [queued]>
[2025-02-14 18:30:15,333] {taskinstance.py:1179} INFO - Dependencies all met for <TaskInstance: TK_Lead_Scoring_Data_Engineering_Pipeline.building_db manual__2025-02-14T18:30:12.431681+00:00 [queued]>
[2025-02-14 18:30:15,333] {taskinstance.py:1376} INFO - 
--------------------------------------------------------------------------------
[2025-02-14 18:30:15,333] {taskinstance.py:1377} INFO - Starting attempt 1 of 2
[2025-02-14 18:30:15,333] {taskinstance.py:1378} INFO - 
--------------------------------------------------------------------------------
[2025-02-14 18:30:15,358] {taskinstance.py:1397} INFO - Executing <Task(PythonOperator): building_db> on 2025-02-14 18:30:12.431681+00:00
[2025-02-14 18:30:15,362] {standard_task_runner.py:52} INFO - Started process 8792 to run task
[2025-02-14 18:30:15,365] {standard_task_runner.py:79} INFO - Running: ['airflow', 'tasks', 'run', 'TK_Lead_Scoring_Data_Engineering_Pipeline', 'building_db', 'manual__2025-02-14T18:30:12.431681+00:00', '--job-id', '25', '--raw', '--subdir', 'DAGS_FOLDER/Lead_scoring_data_pipeline/.ipynb_checkpoints/lead_scoring_data_pipeline-checkpoint.py', '--cfg-path', '/tmp/tmp6bkfg594', '--error-file', '/tmp/tmpgyubzha8']
[2025-02-14 18:30:15,366] {standard_task_runner.py:80} INFO - Job 25: Subtask building_db
[2025-02-14 18:30:15,411] {task_command.py:371} INFO - Running <TaskInstance: TK_Lead_Scoring_Data_Engineering_Pipeline.building_db manual__2025-02-14T18:30:12.431681+00:00 [running]> on host 19e316ed320d
[2025-02-14 18:30:15,979] {taskinstance.py:1589} INFO - Exporting the following env vars:
AIRFLOW_CTX_DAG_OWNER=airflow
AIRFLOW_CTX_DAG_ID=TK_Lead_Scoring_Data_Engineering_Pipeline
AIRFLOW_CTX_TASK_ID=building_db
AIRFLOW_CTX_EXECUTION_DATE=2025-02-14T18:30:12.431681+00:00
AIRFLOW_CTX_TRY_NUMBER=1
AIRFLOW_CTX_DAG_RUN_ID=manual__2025-02-14T18:30:12.431681+00:00
[2025-02-14 18:30:15,980] {logging_mixin.py:115} INFO - DB Already Exsist
[2025-02-14 18:30:15,980] {python.py:173} INFO - Done. Returned value was: DB Exsists
[2025-02-14 18:30:16,006] {taskinstance.py:1415} INFO - Marking task as SUCCESS. dag_id=TK_Lead_Scoring_Data_Engineering_Pipeline, task_id=building_db, execution_date=20250214T183012, start_date=20250214T183015, end_date=20250214T183016
[2025-02-14 18:30:16,058] {local_task_job.py:156} INFO - Task exited with return code 0
[2025-02-14 18:30:16,133] {local_task_job.py:273} INFO - 1 downstream tasks scheduled from follow-on schedule check
