[2025-02-14 13:59:30,276] {processor.py:153} INFO - Started process (PID=1822) to work on /opt/conda/lib/python3.8/site-packages/airflow/example_dags/example_branch_labels.py
[2025-02-14 13:59:30,277] {processor.py:641} INFO - Processing file /opt/conda/lib/python3.8/site-packages/airflow/example_dags/example_branch_labels.py for tasks to queue
[2025-02-14 13:59:30,277] {logging_mixin.py:115} INFO - [2025-02-14 13:59:30,277] {dagbag.py:508} INFO - Filling up the DagBag from /opt/conda/lib/python3.8/site-packages/airflow/example_dags/example_branch_labels.py
[2025-02-14 13:59:30,285] {processor.py:651} INFO - DAG(s) dict_keys(['example_branch_labels']) retrieved from /opt/conda/lib/python3.8/site-packages/airflow/example_dags/example_branch_labels.py
[2025-02-14 13:59:30,484] {logging_mixin.py:115} INFO - [2025-02-14 13:59:30,484] {manager.py:508} INFO - Created Permission View: can read on DAG:example_branch_labels
[2025-02-14 13:59:30,500] {logging_mixin.py:115} INFO - [2025-02-14 13:59:30,500] {manager.py:508} INFO - Created Permission View: can delete on DAG:example_branch_labels
[2025-02-14 13:59:30,516] {logging_mixin.py:115} INFO - [2025-02-14 13:59:30,515] {manager.py:508} INFO - Created Permission View: can edit on DAG:example_branch_labels
[2025-02-14 13:59:30,516] {logging_mixin.py:115} INFO - [2025-02-14 13:59:30,516] {dag.py:2420} INFO - Sync 1 DAGs
[2025-02-14 13:59:30,521] {logging_mixin.py:115} INFO - [2025-02-14 13:59:30,521] {dag.py:2439} INFO - Creating ORM DAG for example_branch_labels
[2025-02-14 13:59:30,530] {logging_mixin.py:115} INFO - [2025-02-14 13:59:30,530] {dag.py:2968} INFO - Setting next_dagrun for example_branch_labels to 2025-02-13T00:00:00+00:00, run_after=2025-02-14T00:00:00+00:00
[2025-02-14 13:59:30,553] {processor.py:161} INFO - Processing /opt/conda/lib/python3.8/site-packages/airflow/example_dags/example_branch_labels.py took 0.279 seconds
[2025-02-14 14:00:15,701] {processor.py:153} INFO - Started process (PID=1859) to work on /opt/conda/lib/python3.8/site-packages/airflow/example_dags/example_branch_labels.py
[2025-02-14 14:00:15,702] {processor.py:641} INFO - Processing file /opt/conda/lib/python3.8/site-packages/airflow/example_dags/example_branch_labels.py for tasks to queue
[2025-02-14 14:00:15,703] {logging_mixin.py:115} INFO - [2025-02-14 14:00:15,703] {dagbag.py:508} INFO - Filling up the DagBag from /opt/conda/lib/python3.8/site-packages/airflow/example_dags/example_branch_labels.py
[2025-02-14 14:00:15,710] {processor.py:651} INFO - DAG(s) dict_keys(['example_branch_labels']) retrieved from /opt/conda/lib/python3.8/site-packages/airflow/example_dags/example_branch_labels.py
[2025-02-14 14:00:15,844] {logging_mixin.py:115} INFO - [2025-02-14 14:00:15,844] {dag.py:2420} INFO - Sync 1 DAGs
[2025-02-14 14:00:15,856] {logging_mixin.py:115} INFO - [2025-02-14 14:00:15,856] {dag.py:2968} INFO - Setting next_dagrun for example_branch_labels to 2025-02-13T00:00:00+00:00, run_after=2025-02-14T00:00:00+00:00
[2025-02-14 14:00:15,874] {processor.py:161} INFO - Processing /opt/conda/lib/python3.8/site-packages/airflow/example_dags/example_branch_labels.py took 0.176 seconds
[2025-02-14 14:01:01,649] {processor.py:153} INFO - Started process (PID=1896) to work on /opt/conda/lib/python3.8/site-packages/airflow/example_dags/example_branch_labels.py
[2025-02-14 14:01:01,651] {processor.py:641} INFO - Processing file /opt/conda/lib/python3.8/site-packages/airflow/example_dags/example_branch_labels.py for tasks to queue
[2025-02-14 14:01:01,652] {logging_mixin.py:115} INFO - [2025-02-14 14:01:01,651] {dagbag.py:508} INFO - Filling up the DagBag from /opt/conda/lib/python3.8/site-packages/airflow/example_dags/example_branch_labels.py
[2025-02-14 14:01:01,658] {processor.py:651} INFO - DAG(s) dict_keys(['example_branch_labels']) retrieved from /opt/conda/lib/python3.8/site-packages/airflow/example_dags/example_branch_labels.py
[2025-02-14 14:01:01,787] {logging_mixin.py:115} INFO - [2025-02-14 14:01:01,787] {dag.py:2420} INFO - Sync 1 DAGs
[2025-02-14 14:01:01,799] {logging_mixin.py:115} INFO - [2025-02-14 14:01:01,799] {dag.py:2968} INFO - Setting next_dagrun for example_branch_labels to 2025-02-13T00:00:00+00:00, run_after=2025-02-14T00:00:00+00:00
[2025-02-14 14:01:01,818] {processor.py:161} INFO - Processing /opt/conda/lib/python3.8/site-packages/airflow/example_dags/example_branch_labels.py took 0.172 seconds
[2025-02-14 14:01:35,350] {processor.py:153} INFO - Started process (PID=1927) to work on /opt/conda/lib/python3.8/site-packages/airflow/example_dags/example_branch_labels.py
[2025-02-14 14:01:35,351] {processor.py:641} INFO - Processing file /opt/conda/lib/python3.8/site-packages/airflow/example_dags/example_branch_labels.py for tasks to queue
[2025-02-14 14:01:35,352] {logging_mixin.py:115} INFO - [2025-02-14 14:01:35,352] {dagbag.py:508} INFO - Filling up the DagBag from /opt/conda/lib/python3.8/site-packages/airflow/example_dags/example_branch_labels.py
[2025-02-14 14:01:35,358] {processor.py:651} INFO - DAG(s) dict_keys(['example_branch_labels']) retrieved from /opt/conda/lib/python3.8/site-packages/airflow/example_dags/example_branch_labels.py
[2025-02-14 14:01:35,498] {logging_mixin.py:115} INFO - [2025-02-14 14:01:35,498] {dag.py:2420} INFO - Sync 1 DAGs
[2025-02-14 14:01:35,511] {logging_mixin.py:115} INFO - [2025-02-14 14:01:35,511] {dag.py:2968} INFO - Setting next_dagrun for example_branch_labels to 2025-02-13T00:00:00+00:00, run_after=2025-02-14T00:00:00+00:00
[2025-02-14 14:01:35,530] {processor.py:161} INFO - Processing /opt/conda/lib/python3.8/site-packages/airflow/example_dags/example_branch_labels.py took 0.183 seconds
[2025-02-14 14:02:12,529] {processor.py:153} INFO - Started process (PID=1961) to work on /opt/conda/lib/python3.8/site-packages/airflow/example_dags/example_branch_labels.py
[2025-02-14 14:02:12,531] {processor.py:641} INFO - Processing file /opt/conda/lib/python3.8/site-packages/airflow/example_dags/example_branch_labels.py for tasks to queue
[2025-02-14 14:02:12,531] {logging_mixin.py:115} INFO - [2025-02-14 14:02:12,531] {dagbag.py:508} INFO - Filling up the DagBag from /opt/conda/lib/python3.8/site-packages/airflow/example_dags/example_branch_labels.py
[2025-02-14 14:02:12,538] {processor.py:651} INFO - DAG(s) dict_keys(['example_branch_labels']) retrieved from /opt/conda/lib/python3.8/site-packages/airflow/example_dags/example_branch_labels.py
[2025-02-14 14:02:12,671] {logging_mixin.py:115} INFO - [2025-02-14 14:02:12,671] {dag.py:2420} INFO - Sync 1 DAGs
[2025-02-14 14:02:12,684] {logging_mixin.py:115} INFO - [2025-02-14 14:02:12,684] {dag.py:2968} INFO - Setting next_dagrun for example_branch_labels to 2025-02-13T00:00:00+00:00, run_after=2025-02-14T00:00:00+00:00
[2025-02-14 14:02:12,703] {processor.py:161} INFO - Processing /opt/conda/lib/python3.8/site-packages/airflow/example_dags/example_branch_labels.py took 0.177 seconds
[2025-02-14 14:02:53,241] {processor.py:153} INFO - Started process (PID=1998) to work on /opt/conda/lib/python3.8/site-packages/airflow/example_dags/example_branch_labels.py
[2025-02-14 14:02:53,242] {processor.py:641} INFO - Processing file /opt/conda/lib/python3.8/site-packages/airflow/example_dags/example_branch_labels.py for tasks to queue
[2025-02-14 14:02:53,242] {logging_mixin.py:115} INFO - [2025-02-14 14:02:53,242] {dagbag.py:508} INFO - Filling up the DagBag from /opt/conda/lib/python3.8/site-packages/airflow/example_dags/example_branch_labels.py
[2025-02-14 14:02:53,249] {processor.py:651} INFO - DAG(s) dict_keys(['example_branch_labels']) retrieved from /opt/conda/lib/python3.8/site-packages/airflow/example_dags/example_branch_labels.py
[2025-02-14 14:02:53,381] {logging_mixin.py:115} INFO - [2025-02-14 14:02:53,381] {dag.py:2420} INFO - Sync 1 DAGs
[2025-02-14 14:02:53,394] {logging_mixin.py:115} INFO - [2025-02-14 14:02:53,394] {dag.py:2968} INFO - Setting next_dagrun for example_branch_labels to 2025-02-13T00:00:00+00:00, run_after=2025-02-14T00:00:00+00:00
[2025-02-14 14:02:53,411] {processor.py:161} INFO - Processing /opt/conda/lib/python3.8/site-packages/airflow/example_dags/example_branch_labels.py took 0.174 seconds
[2025-02-14 14:03:29,765] {processor.py:153} INFO - Started process (PID=2030) to work on /opt/conda/lib/python3.8/site-packages/airflow/example_dags/example_branch_labels.py
[2025-02-14 14:03:29,766] {processor.py:641} INFO - Processing file /opt/conda/lib/python3.8/site-packages/airflow/example_dags/example_branch_labels.py for tasks to queue
[2025-02-14 14:03:29,767] {logging_mixin.py:115} INFO - [2025-02-14 14:03:29,767] {dagbag.py:508} INFO - Filling up the DagBag from /opt/conda/lib/python3.8/site-packages/airflow/example_dags/example_branch_labels.py
[2025-02-14 14:03:29,773] {processor.py:651} INFO - DAG(s) dict_keys(['example_branch_labels']) retrieved from /opt/conda/lib/python3.8/site-packages/airflow/example_dags/example_branch_labels.py
[2025-02-14 14:03:29,916] {logging_mixin.py:115} INFO - [2025-02-14 14:03:29,916] {dag.py:2420} INFO - Sync 1 DAGs
[2025-02-14 14:03:29,928] {logging_mixin.py:115} INFO - [2025-02-14 14:03:29,928] {dag.py:2968} INFO - Setting next_dagrun for example_branch_labels to 2025-02-13T00:00:00+00:00, run_after=2025-02-14T00:00:00+00:00
[2025-02-14 14:03:29,952] {processor.py:161} INFO - Processing /opt/conda/lib/python3.8/site-packages/airflow/example_dags/example_branch_labels.py took 0.190 seconds
[2025-02-14 14:04:09,901] {processor.py:153} INFO - Started process (PID=2082) to work on /opt/conda/lib/python3.8/site-packages/airflow/example_dags/example_branch_labels.py
[2025-02-14 14:04:09,902] {processor.py:641} INFO - Processing file /opt/conda/lib/python3.8/site-packages/airflow/example_dags/example_branch_labels.py for tasks to queue
[2025-02-14 14:04:09,903] {logging_mixin.py:115} INFO - [2025-02-14 14:04:09,902] {dagbag.py:508} INFO - Filling up the DagBag from /opt/conda/lib/python3.8/site-packages/airflow/example_dags/example_branch_labels.py
[2025-02-14 14:04:09,909] {processor.py:651} INFO - DAG(s) dict_keys(['example_branch_labels']) retrieved from /opt/conda/lib/python3.8/site-packages/airflow/example_dags/example_branch_labels.py
[2025-02-14 14:04:10,041] {logging_mixin.py:115} INFO - [2025-02-14 14:04:10,041] {dag.py:2420} INFO - Sync 1 DAGs
[2025-02-14 14:04:10,053] {logging_mixin.py:115} INFO - [2025-02-14 14:04:10,053] {dag.py:2968} INFO - Setting next_dagrun for example_branch_labels to 2025-02-13T00:00:00+00:00, run_after=2025-02-14T00:00:00+00:00
[2025-02-14 14:04:10,069] {processor.py:161} INFO - Processing /opt/conda/lib/python3.8/site-packages/airflow/example_dags/example_branch_labels.py took 0.172 seconds
[2025-02-14 14:05:15,618] {processor.py:153} INFO - Started process (PID=2166) to work on /opt/conda/lib/python3.8/site-packages/airflow/example_dags/example_branch_labels.py
[2025-02-14 14:05:15,619] {processor.py:641} INFO - Processing file /opt/conda/lib/python3.8/site-packages/airflow/example_dags/example_branch_labels.py for tasks to queue
[2025-02-14 14:05:15,620] {logging_mixin.py:115} INFO - [2025-02-14 14:05:15,619] {dagbag.py:508} INFO - Filling up the DagBag from /opt/conda/lib/python3.8/site-packages/airflow/example_dags/example_branch_labels.py
[2025-02-14 14:05:15,625] {processor.py:651} INFO - DAG(s) dict_keys(['example_branch_labels']) retrieved from /opt/conda/lib/python3.8/site-packages/airflow/example_dags/example_branch_labels.py
[2025-02-14 14:05:15,754] {logging_mixin.py:115} INFO - [2025-02-14 14:05:15,754] {dag.py:2420} INFO - Sync 1 DAGs
[2025-02-14 14:05:15,767] {logging_mixin.py:115} INFO - [2025-02-14 14:05:15,767] {dag.py:2968} INFO - Setting next_dagrun for example_branch_labels to 2025-02-13T00:00:00+00:00, run_after=2025-02-14T00:00:00+00:00
[2025-02-14 14:05:15,786] {processor.py:161} INFO - Processing /opt/conda/lib/python3.8/site-packages/airflow/example_dags/example_branch_labels.py took 0.171 seconds
[2025-02-14 14:06:00,416] {processor.py:153} INFO - Started process (PID=2220) to work on /opt/conda/lib/python3.8/site-packages/airflow/example_dags/example_branch_labels.py
[2025-02-14 14:06:00,417] {processor.py:641} INFO - Processing file /opt/conda/lib/python3.8/site-packages/airflow/example_dags/example_branch_labels.py for tasks to queue
[2025-02-14 14:06:00,418] {logging_mixin.py:115} INFO - [2025-02-14 14:06:00,417] {dagbag.py:508} INFO - Filling up the DagBag from /opt/conda/lib/python3.8/site-packages/airflow/example_dags/example_branch_labels.py
[2025-02-14 14:06:00,424] {processor.py:651} INFO - DAG(s) dict_keys(['example_branch_labels']) retrieved from /opt/conda/lib/python3.8/site-packages/airflow/example_dags/example_branch_labels.py
[2025-02-14 14:06:00,565] {logging_mixin.py:115} INFO - [2025-02-14 14:06:00,565] {dag.py:2420} INFO - Sync 1 DAGs
[2025-02-14 14:06:00,578] {logging_mixin.py:115} INFO - [2025-02-14 14:06:00,578] {dag.py:2968} INFO - Setting next_dagrun for example_branch_labels to 2025-02-13T00:00:00+00:00, run_after=2025-02-14T00:00:00+00:00
[2025-02-14 14:06:00,709] {processor.py:161} INFO - Processing /opt/conda/lib/python3.8/site-packages/airflow/example_dags/example_branch_labels.py took 0.296 seconds
[2025-02-14 14:06:44,134] {processor.py:153} INFO - Started process (PID=2274) to work on /opt/conda/lib/python3.8/site-packages/airflow/example_dags/example_branch_labels.py
[2025-02-14 14:06:44,135] {processor.py:641} INFO - Processing file /opt/conda/lib/python3.8/site-packages/airflow/example_dags/example_branch_labels.py for tasks to queue
[2025-02-14 14:06:44,136] {logging_mixin.py:115} INFO - [2025-02-14 14:06:44,136] {dagbag.py:508} INFO - Filling up the DagBag from /opt/conda/lib/python3.8/site-packages/airflow/example_dags/example_branch_labels.py
[2025-02-14 14:06:44,142] {processor.py:651} INFO - DAG(s) dict_keys(['example_branch_labels']) retrieved from /opt/conda/lib/python3.8/site-packages/airflow/example_dags/example_branch_labels.py
[2025-02-14 14:06:44,275] {logging_mixin.py:115} INFO - [2025-02-14 14:06:44,275] {dag.py:2420} INFO - Sync 1 DAGs
[2025-02-14 14:06:44,287] {logging_mixin.py:115} INFO - [2025-02-14 14:06:44,287] {dag.py:2968} INFO - Setting next_dagrun for example_branch_labels to 2025-02-13T00:00:00+00:00, run_after=2025-02-14T00:00:00+00:00
[2025-02-14 14:06:44,306] {processor.py:161} INFO - Processing /opt/conda/lib/python3.8/site-packages/airflow/example_dags/example_branch_labels.py took 0.175 seconds
[2025-02-14 14:07:33,860] {processor.py:153} INFO - Started process (PID=2315) to work on /opt/conda/lib/python3.8/site-packages/airflow/example_dags/example_branch_labels.py
[2025-02-14 14:07:33,862] {processor.py:641} INFO - Processing file /opt/conda/lib/python3.8/site-packages/airflow/example_dags/example_branch_labels.py for tasks to queue
[2025-02-14 14:07:33,862] {logging_mixin.py:115} INFO - [2025-02-14 14:07:33,862] {dagbag.py:508} INFO - Filling up the DagBag from /opt/conda/lib/python3.8/site-packages/airflow/example_dags/example_branch_labels.py
[2025-02-14 14:07:33,869] {processor.py:651} INFO - DAG(s) dict_keys(['example_branch_labels']) retrieved from /opt/conda/lib/python3.8/site-packages/airflow/example_dags/example_branch_labels.py
[2025-02-14 14:07:33,999] {logging_mixin.py:115} INFO - [2025-02-14 14:07:33,999] {dag.py:2420} INFO - Sync 1 DAGs
[2025-02-14 14:07:34,012] {logging_mixin.py:115} INFO - [2025-02-14 14:07:34,012] {dag.py:2968} INFO - Setting next_dagrun for example_branch_labels to 2025-02-13T00:00:00+00:00, run_after=2025-02-14T00:00:00+00:00
[2025-02-14 14:07:34,031] {processor.py:161} INFO - Processing /opt/conda/lib/python3.8/site-packages/airflow/example_dags/example_branch_labels.py took 0.173 seconds
[2025-02-14 14:08:16,656] {processor.py:153} INFO - Started process (PID=2354) to work on /opt/conda/lib/python3.8/site-packages/airflow/example_dags/example_branch_labels.py
[2025-02-14 14:08:16,658] {processor.py:641} INFO - Processing file /opt/conda/lib/python3.8/site-packages/airflow/example_dags/example_branch_labels.py for tasks to queue
[2025-02-14 14:08:16,658] {logging_mixin.py:115} INFO - [2025-02-14 14:08:16,658] {dagbag.py:508} INFO - Filling up the DagBag from /opt/conda/lib/python3.8/site-packages/airflow/example_dags/example_branch_labels.py
[2025-02-14 14:08:16,665] {processor.py:651} INFO - DAG(s) dict_keys(['example_branch_labels']) retrieved from /opt/conda/lib/python3.8/site-packages/airflow/example_dags/example_branch_labels.py
[2025-02-14 14:08:16,796] {logging_mixin.py:115} INFO - [2025-02-14 14:08:16,796] {dag.py:2420} INFO - Sync 1 DAGs
[2025-02-14 14:08:16,809] {logging_mixin.py:115} INFO - [2025-02-14 14:08:16,809] {dag.py:2968} INFO - Setting next_dagrun for example_branch_labels to 2025-02-13T00:00:00+00:00, run_after=2025-02-14T00:00:00+00:00
[2025-02-14 14:08:16,828] {processor.py:161} INFO - Processing /opt/conda/lib/python3.8/site-packages/airflow/example_dags/example_branch_labels.py took 0.175 seconds
[2025-02-14 14:09:11,168] {processor.py:153} INFO - Started process (PID=2424) to work on /opt/conda/lib/python3.8/site-packages/airflow/example_dags/example_branch_labels.py
[2025-02-14 14:09:11,169] {processor.py:641} INFO - Processing file /opt/conda/lib/python3.8/site-packages/airflow/example_dags/example_branch_labels.py for tasks to queue
[2025-02-14 14:09:11,170] {logging_mixin.py:115} INFO - [2025-02-14 14:09:11,170] {dagbag.py:508} INFO - Filling up the DagBag from /opt/conda/lib/python3.8/site-packages/airflow/example_dags/example_branch_labels.py
[2025-02-14 14:09:11,176] {processor.py:651} INFO - DAG(s) dict_keys(['example_branch_labels']) retrieved from /opt/conda/lib/python3.8/site-packages/airflow/example_dags/example_branch_labels.py
[2025-02-14 14:09:11,309] {logging_mixin.py:115} INFO - [2025-02-14 14:09:11,309] {dag.py:2420} INFO - Sync 1 DAGs
[2025-02-14 14:09:11,321] {logging_mixin.py:115} INFO - [2025-02-14 14:09:11,321] {dag.py:2968} INFO - Setting next_dagrun for example_branch_labels to 2025-02-13T00:00:00+00:00, run_after=2025-02-14T00:00:00+00:00
[2025-02-14 14:09:11,340] {processor.py:161} INFO - Processing /opt/conda/lib/python3.8/site-packages/airflow/example_dags/example_branch_labels.py took 0.175 seconds
[2025-02-14 14:09:53,553] {processor.py:153} INFO - Started process (PID=2462) to work on /opt/conda/lib/python3.8/site-packages/airflow/example_dags/example_branch_labels.py
[2025-02-14 14:09:53,554] {processor.py:641} INFO - Processing file /opt/conda/lib/python3.8/site-packages/airflow/example_dags/example_branch_labels.py for tasks to queue
[2025-02-14 14:09:53,555] {logging_mixin.py:115} INFO - [2025-02-14 14:09:53,555] {dagbag.py:508} INFO - Filling up the DagBag from /opt/conda/lib/python3.8/site-packages/airflow/example_dags/example_branch_labels.py
[2025-02-14 14:09:53,561] {processor.py:651} INFO - DAG(s) dict_keys(['example_branch_labels']) retrieved from /opt/conda/lib/python3.8/site-packages/airflow/example_dags/example_branch_labels.py
[2025-02-14 14:09:53,701] {logging_mixin.py:115} INFO - [2025-02-14 14:09:53,701] {dag.py:2420} INFO - Sync 1 DAGs
[2025-02-14 14:09:53,714] {logging_mixin.py:115} INFO - [2025-02-14 14:09:53,714] {dag.py:2968} INFO - Setting next_dagrun for example_branch_labels to 2025-02-13T00:00:00+00:00, run_after=2025-02-14T00:00:00+00:00
[2025-02-14 14:09:53,733] {processor.py:161} INFO - Processing /opt/conda/lib/python3.8/site-packages/airflow/example_dags/example_branch_labels.py took 0.183 seconds
[2025-02-14 14:10:39,309] {processor.py:153} INFO - Started process (PID=2502) to work on /opt/conda/lib/python3.8/site-packages/airflow/example_dags/example_branch_labels.py
[2025-02-14 14:10:39,311] {processor.py:641} INFO - Processing file /opt/conda/lib/python3.8/site-packages/airflow/example_dags/example_branch_labels.py for tasks to queue
[2025-02-14 14:10:39,311] {logging_mixin.py:115} INFO - [2025-02-14 14:10:39,311] {dagbag.py:508} INFO - Filling up the DagBag from /opt/conda/lib/python3.8/site-packages/airflow/example_dags/example_branch_labels.py
[2025-02-14 14:10:39,318] {processor.py:651} INFO - DAG(s) dict_keys(['example_branch_labels']) retrieved from /opt/conda/lib/python3.8/site-packages/airflow/example_dags/example_branch_labels.py
[2025-02-14 14:10:39,457] {logging_mixin.py:115} INFO - [2025-02-14 14:10:39,457] {dag.py:2420} INFO - Sync 1 DAGs
[2025-02-14 14:10:39,470] {logging_mixin.py:115} INFO - [2025-02-14 14:10:39,470] {dag.py:2968} INFO - Setting next_dagrun for example_branch_labels to 2025-02-13T00:00:00+00:00, run_after=2025-02-14T00:00:00+00:00
[2025-02-14 14:10:39,489] {processor.py:161} INFO - Processing /opt/conda/lib/python3.8/site-packages/airflow/example_dags/example_branch_labels.py took 0.183 seconds
[2025-02-14 14:11:19,670] {processor.py:153} INFO - Started process (PID=2537) to work on /opt/conda/lib/python3.8/site-packages/airflow/example_dags/example_branch_labels.py
[2025-02-14 14:11:19,672] {processor.py:641} INFO - Processing file /opt/conda/lib/python3.8/site-packages/airflow/example_dags/example_branch_labels.py for tasks to queue
[2025-02-14 14:11:19,672] {logging_mixin.py:115} INFO - [2025-02-14 14:11:19,672] {dagbag.py:508} INFO - Filling up the DagBag from /opt/conda/lib/python3.8/site-packages/airflow/example_dags/example_branch_labels.py
[2025-02-14 14:11:19,680] {processor.py:651} INFO - DAG(s) dict_keys(['example_branch_labels']) retrieved from /opt/conda/lib/python3.8/site-packages/airflow/example_dags/example_branch_labels.py
[2025-02-14 14:11:19,905] {logging_mixin.py:115} INFO - [2025-02-14 14:11:19,904] {dag.py:2420} INFO - Sync 1 DAGs
[2025-02-14 14:11:19,925] {logging_mixin.py:115} INFO - [2025-02-14 14:11:19,925] {dag.py:2968} INFO - Setting next_dagrun for example_branch_labels to 2025-02-13T00:00:00+00:00, run_after=2025-02-14T00:00:00+00:00
[2025-02-14 14:11:19,948] {processor.py:161} INFO - Processing /opt/conda/lib/python3.8/site-packages/airflow/example_dags/example_branch_labels.py took 0.282 seconds
[2025-02-14 14:12:03,985] {processor.py:153} INFO - Started process (PID=2591) to work on /opt/conda/lib/python3.8/site-packages/airflow/example_dags/example_branch_labels.py
[2025-02-14 14:12:03,987] {processor.py:641} INFO - Processing file /opt/conda/lib/python3.8/site-packages/airflow/example_dags/example_branch_labels.py for tasks to queue
[2025-02-14 14:12:03,987] {logging_mixin.py:115} INFO - [2025-02-14 14:12:03,987] {dagbag.py:508} INFO - Filling up the DagBag from /opt/conda/lib/python3.8/site-packages/airflow/example_dags/example_branch_labels.py
[2025-02-14 14:12:03,993] {processor.py:651} INFO - DAG(s) dict_keys(['example_branch_labels']) retrieved from /opt/conda/lib/python3.8/site-packages/airflow/example_dags/example_branch_labels.py
[2025-02-14 14:12:04,124] {logging_mixin.py:115} INFO - [2025-02-14 14:12:04,124] {dag.py:2420} INFO - Sync 1 DAGs
[2025-02-14 14:12:04,136] {logging_mixin.py:115} INFO - [2025-02-14 14:12:04,136] {dag.py:2968} INFO - Setting next_dagrun for example_branch_labels to 2025-02-13T00:00:00+00:00, run_after=2025-02-14T00:00:00+00:00
[2025-02-14 14:12:04,155] {processor.py:161} INFO - Processing /opt/conda/lib/python3.8/site-packages/airflow/example_dags/example_branch_labels.py took 0.173 seconds
[2025-02-14 14:12:41,997] {processor.py:153} INFO - Started process (PID=2641) to work on /opt/conda/lib/python3.8/site-packages/airflow/example_dags/example_branch_labels.py
[2025-02-14 14:12:41,999] {processor.py:641} INFO - Processing file /opt/conda/lib/python3.8/site-packages/airflow/example_dags/example_branch_labels.py for tasks to queue
[2025-02-14 14:12:41,999] {logging_mixin.py:115} INFO - [2025-02-14 14:12:41,999] {dagbag.py:508} INFO - Filling up the DagBag from /opt/conda/lib/python3.8/site-packages/airflow/example_dags/example_branch_labels.py
[2025-02-14 14:12:42,006] {processor.py:651} INFO - DAG(s) dict_keys(['example_branch_labels']) retrieved from /opt/conda/lib/python3.8/site-packages/airflow/example_dags/example_branch_labels.py
[2025-02-14 14:12:42,139] {logging_mixin.py:115} INFO - [2025-02-14 14:12:42,138] {dag.py:2420} INFO - Sync 1 DAGs
[2025-02-14 14:12:42,151] {logging_mixin.py:115} INFO - [2025-02-14 14:12:42,151] {dag.py:2968} INFO - Setting next_dagrun for example_branch_labels to 2025-02-13T00:00:00+00:00, run_after=2025-02-14T00:00:00+00:00
[2025-02-14 14:12:42,169] {processor.py:161} INFO - Processing /opt/conda/lib/python3.8/site-packages/airflow/example_dags/example_branch_labels.py took 0.174 seconds
[2025-02-14 14:13:24,021] {processor.py:153} INFO - Started process (PID=2710) to work on /opt/conda/lib/python3.8/site-packages/airflow/example_dags/example_branch_labels.py
[2025-02-14 14:13:24,023] {processor.py:641} INFO - Processing file /opt/conda/lib/python3.8/site-packages/airflow/example_dags/example_branch_labels.py for tasks to queue
[2025-02-14 14:13:24,023] {logging_mixin.py:115} INFO - [2025-02-14 14:13:24,023] {dagbag.py:508} INFO - Filling up the DagBag from /opt/conda/lib/python3.8/site-packages/airflow/example_dags/example_branch_labels.py
[2025-02-14 14:13:24,030] {processor.py:651} INFO - DAG(s) dict_keys(['example_branch_labels']) retrieved from /opt/conda/lib/python3.8/site-packages/airflow/example_dags/example_branch_labels.py
[2025-02-14 14:13:24,165] {logging_mixin.py:115} INFO - [2025-02-14 14:13:24,165] {dag.py:2420} INFO - Sync 1 DAGs
[2025-02-14 14:13:24,178] {logging_mixin.py:115} INFO - [2025-02-14 14:13:24,178] {dag.py:2968} INFO - Setting next_dagrun for example_branch_labels to 2025-02-13T00:00:00+00:00, run_after=2025-02-14T00:00:00+00:00
[2025-02-14 14:13:24,196] {processor.py:161} INFO - Processing /opt/conda/lib/python3.8/site-packages/airflow/example_dags/example_branch_labels.py took 0.178 seconds
[2025-02-14 14:14:06,853] {processor.py:153} INFO - Started process (PID=2763) to work on /opt/conda/lib/python3.8/site-packages/airflow/example_dags/example_branch_labels.py
[2025-02-14 14:14:06,854] {processor.py:641} INFO - Processing file /opt/conda/lib/python3.8/site-packages/airflow/example_dags/example_branch_labels.py for tasks to queue
[2025-02-14 14:14:06,855] {logging_mixin.py:115} INFO - [2025-02-14 14:14:06,854] {dagbag.py:508} INFO - Filling up the DagBag from /opt/conda/lib/python3.8/site-packages/airflow/example_dags/example_branch_labels.py
[2025-02-14 14:14:06,861] {processor.py:651} INFO - DAG(s) dict_keys(['example_branch_labels']) retrieved from /opt/conda/lib/python3.8/site-packages/airflow/example_dags/example_branch_labels.py
[2025-02-14 14:14:06,878] {logging_mixin.py:115} INFO - [2025-02-14 14:14:06,878] {dag.py:2420} INFO - Sync 1 DAGs
[2025-02-14 14:14:06,898] {logging_mixin.py:115} INFO - [2025-02-14 14:14:06,897] {dag.py:2968} INFO - Setting next_dagrun for example_branch_labels to 2025-02-13T00:00:00+00:00, run_after=2025-02-14T00:00:00+00:00
[2025-02-14 14:14:06,919] {processor.py:161} INFO - Processing /opt/conda/lib/python3.8/site-packages/airflow/example_dags/example_branch_labels.py took 0.070 seconds
[2025-02-14 14:14:46,700] {processor.py:153} INFO - Started process (PID=2817) to work on /opt/conda/lib/python3.8/site-packages/airflow/example_dags/example_branch_labels.py
[2025-02-14 14:14:46,704] {processor.py:641} INFO - Processing file /opt/conda/lib/python3.8/site-packages/airflow/example_dags/example_branch_labels.py for tasks to queue
[2025-02-14 14:14:46,705] {logging_mixin.py:115} INFO - [2025-02-14 14:14:46,705] {dagbag.py:508} INFO - Filling up the DagBag from /opt/conda/lib/python3.8/site-packages/airflow/example_dags/example_branch_labels.py
[2025-02-14 14:14:46,711] {processor.py:651} INFO - DAG(s) dict_keys(['example_branch_labels']) retrieved from /opt/conda/lib/python3.8/site-packages/airflow/example_dags/example_branch_labels.py
[2025-02-14 14:14:46,728] {logging_mixin.py:115} INFO - [2025-02-14 14:14:46,728] {dag.py:2420} INFO - Sync 1 DAGs
[2025-02-14 14:14:46,748] {logging_mixin.py:115} INFO - [2025-02-14 14:14:46,748] {dag.py:2968} INFO - Setting next_dagrun for example_branch_labels to 2025-02-13T00:00:00+00:00, run_after=2025-02-14T00:00:00+00:00
[2025-02-14 14:14:46,769] {processor.py:161} INFO - Processing /opt/conda/lib/python3.8/site-packages/airflow/example_dags/example_branch_labels.py took 0.072 seconds
[2025-02-14 14:15:24,217] {processor.py:153} INFO - Started process (PID=2869) to work on /opt/conda/lib/python3.8/site-packages/airflow/example_dags/example_branch_labels.py
[2025-02-14 14:15:24,255] {processor.py:641} INFO - Processing file /opt/conda/lib/python3.8/site-packages/airflow/example_dags/example_branch_labels.py for tasks to queue
[2025-02-14 14:15:24,256] {logging_mixin.py:115} INFO - [2025-02-14 14:15:24,256] {dagbag.py:508} INFO - Filling up the DagBag from /opt/conda/lib/python3.8/site-packages/airflow/example_dags/example_branch_labels.py
[2025-02-14 14:15:24,262] {processor.py:651} INFO - DAG(s) dict_keys(['example_branch_labels']) retrieved from /opt/conda/lib/python3.8/site-packages/airflow/example_dags/example_branch_labels.py
[2025-02-14 14:15:24,280] {logging_mixin.py:115} INFO - [2025-02-14 14:15:24,280] {dag.py:2420} INFO - Sync 1 DAGs
[2025-02-14 14:15:24,299] {logging_mixin.py:115} INFO - [2025-02-14 14:15:24,299] {dag.py:2968} INFO - Setting next_dagrun for example_branch_labels to 2025-02-13T00:00:00+00:00, run_after=2025-02-14T00:00:00+00:00
[2025-02-14 14:15:24,320] {processor.py:161} INFO - Processing /opt/conda/lib/python3.8/site-packages/airflow/example_dags/example_branch_labels.py took 0.106 seconds
[2025-02-14 14:16:35,240] {processor.py:153} INFO - Started process (PID=3001) to work on /opt/conda/lib/python3.8/site-packages/airflow/example_dags/example_branch_labels.py
[2025-02-14 14:16:35,245] {processor.py:641} INFO - Processing file /opt/conda/lib/python3.8/site-packages/airflow/example_dags/example_branch_labels.py for tasks to queue
[2025-02-14 14:16:35,246] {logging_mixin.py:115} INFO - [2025-02-14 14:16:35,246] {dagbag.py:508} INFO - Filling up the DagBag from /opt/conda/lib/python3.8/site-packages/airflow/example_dags/example_branch_labels.py
[2025-02-14 14:16:35,252] {processor.py:651} INFO - DAG(s) dict_keys(['example_branch_labels']) retrieved from /opt/conda/lib/python3.8/site-packages/airflow/example_dags/example_branch_labels.py
[2025-02-14 14:16:35,379] {logging_mixin.py:115} INFO - [2025-02-14 14:16:35,379] {dag.py:2420} INFO - Sync 1 DAGs
[2025-02-14 14:16:35,391] {logging_mixin.py:115} INFO - [2025-02-14 14:16:35,391] {dag.py:2968} INFO - Setting next_dagrun for example_branch_labels to 2025-02-13T00:00:00+00:00, run_after=2025-02-14T00:00:00+00:00
[2025-02-14 14:16:35,411] {processor.py:161} INFO - Processing /opt/conda/lib/python3.8/site-packages/airflow/example_dags/example_branch_labels.py took 0.174 seconds
[2025-02-14 14:17:22,598] {processor.py:153} INFO - Started process (PID=3055) to work on /opt/conda/lib/python3.8/site-packages/airflow/example_dags/example_branch_labels.py
[2025-02-14 14:17:22,600] {processor.py:641} INFO - Processing file /opt/conda/lib/python3.8/site-packages/airflow/example_dags/example_branch_labels.py for tasks to queue
[2025-02-14 14:17:22,601] {logging_mixin.py:115} INFO - [2025-02-14 14:17:22,601] {dagbag.py:508} INFO - Filling up the DagBag from /opt/conda/lib/python3.8/site-packages/airflow/example_dags/example_branch_labels.py
[2025-02-14 14:17:22,607] {processor.py:651} INFO - DAG(s) dict_keys(['example_branch_labels']) retrieved from /opt/conda/lib/python3.8/site-packages/airflow/example_dags/example_branch_labels.py
[2025-02-14 14:17:22,736] {logging_mixin.py:115} INFO - [2025-02-14 14:17:22,736] {dag.py:2420} INFO - Sync 1 DAGs
[2025-02-14 14:17:22,749] {logging_mixin.py:115} INFO - [2025-02-14 14:17:22,749] {dag.py:2968} INFO - Setting next_dagrun for example_branch_labels to 2025-02-13T00:00:00+00:00, run_after=2025-02-14T00:00:00+00:00
[2025-02-14 14:17:22,768] {processor.py:161} INFO - Processing /opt/conda/lib/python3.8/site-packages/airflow/example_dags/example_branch_labels.py took 0.172 seconds
[2025-02-14 14:18:06,341] {processor.py:153} INFO - Started process (PID=3109) to work on /opt/conda/lib/python3.8/site-packages/airflow/example_dags/example_branch_labels.py
[2025-02-14 14:18:06,343] {processor.py:641} INFO - Processing file /opt/conda/lib/python3.8/site-packages/airflow/example_dags/example_branch_labels.py for tasks to queue
[2025-02-14 14:18:06,343] {logging_mixin.py:115} INFO - [2025-02-14 14:18:06,343] {dagbag.py:508} INFO - Filling up the DagBag from /opt/conda/lib/python3.8/site-packages/airflow/example_dags/example_branch_labels.py
[2025-02-14 14:18:06,349] {processor.py:651} INFO - DAG(s) dict_keys(['example_branch_labels']) retrieved from /opt/conda/lib/python3.8/site-packages/airflow/example_dags/example_branch_labels.py
[2025-02-14 14:18:06,482] {logging_mixin.py:115} INFO - [2025-02-14 14:18:06,482] {dag.py:2420} INFO - Sync 1 DAGs
[2025-02-14 14:18:06,495] {logging_mixin.py:115} INFO - [2025-02-14 14:18:06,495] {dag.py:2968} INFO - Setting next_dagrun for example_branch_labels to 2025-02-13T00:00:00+00:00, run_after=2025-02-14T00:00:00+00:00
[2025-02-14 14:18:06,514] {processor.py:161} INFO - Processing /opt/conda/lib/python3.8/site-packages/airflow/example_dags/example_branch_labels.py took 0.176 seconds
[2025-02-14 14:18:50,872] {processor.py:153} INFO - Started process (PID=3193) to work on /opt/conda/lib/python3.8/site-packages/airflow/example_dags/example_branch_labels.py
[2025-02-14 14:18:50,874] {processor.py:641} INFO - Processing file /opt/conda/lib/python3.8/site-packages/airflow/example_dags/example_branch_labels.py for tasks to queue
[2025-02-14 14:18:50,874] {logging_mixin.py:115} INFO - [2025-02-14 14:18:50,874] {dagbag.py:508} INFO - Filling up the DagBag from /opt/conda/lib/python3.8/site-packages/airflow/example_dags/example_branch_labels.py
[2025-02-14 14:18:50,881] {processor.py:651} INFO - DAG(s) dict_keys(['example_branch_labels']) retrieved from /opt/conda/lib/python3.8/site-packages/airflow/example_dags/example_branch_labels.py
[2025-02-14 14:18:51,011] {logging_mixin.py:115} INFO - [2025-02-14 14:18:51,011] {dag.py:2420} INFO - Sync 1 DAGs
[2025-02-14 14:18:51,024] {logging_mixin.py:115} INFO - [2025-02-14 14:18:51,024] {dag.py:2968} INFO - Setting next_dagrun for example_branch_labels to 2025-02-13T00:00:00+00:00, run_after=2025-02-14T00:00:00+00:00
[2025-02-14 14:18:51,043] {processor.py:161} INFO - Processing /opt/conda/lib/python3.8/site-packages/airflow/example_dags/example_branch_labels.py took 0.174 seconds
[2025-02-14 14:20:41,562] {processor.py:153} INFO - Started process (PID=3284) to work on /opt/conda/lib/python3.8/site-packages/airflow/example_dags/example_branch_labels.py
[2025-02-14 14:20:41,564] {processor.py:641} INFO - Processing file /opt/conda/lib/python3.8/site-packages/airflow/example_dags/example_branch_labels.py for tasks to queue
[2025-02-14 14:20:41,564] {logging_mixin.py:115} INFO - [2025-02-14 14:20:41,564] {dagbag.py:508} INFO - Filling up the DagBag from /opt/conda/lib/python3.8/site-packages/airflow/example_dags/example_branch_labels.py
[2025-02-14 14:20:41,571] {processor.py:651} INFO - DAG(s) dict_keys(['example_branch_labels']) retrieved from /opt/conda/lib/python3.8/site-packages/airflow/example_dags/example_branch_labels.py
[2025-02-14 14:20:41,715] {logging_mixin.py:115} INFO - [2025-02-14 14:20:41,715] {dag.py:2420} INFO - Sync 1 DAGs
[2025-02-14 14:20:41,728] {logging_mixin.py:115} INFO - [2025-02-14 14:20:41,728] {dag.py:2968} INFO - Setting next_dagrun for example_branch_labels to 2025-02-13T00:00:00+00:00, run_after=2025-02-14T00:00:00+00:00
[2025-02-14 14:20:41,751] {processor.py:161} INFO - Processing /opt/conda/lib/python3.8/site-packages/airflow/example_dags/example_branch_labels.py took 0.192 seconds
[2025-02-14 14:21:26,337] {processor.py:153} INFO - Started process (PID=3340) to work on /opt/conda/lib/python3.8/site-packages/airflow/example_dags/example_branch_labels.py
[2025-02-14 14:21:26,339] {processor.py:641} INFO - Processing file /opt/conda/lib/python3.8/site-packages/airflow/example_dags/example_branch_labels.py for tasks to queue
[2025-02-14 14:21:26,339] {logging_mixin.py:115} INFO - [2025-02-14 14:21:26,339] {dagbag.py:508} INFO - Filling up the DagBag from /opt/conda/lib/python3.8/site-packages/airflow/example_dags/example_branch_labels.py
[2025-02-14 14:21:26,346] {processor.py:651} INFO - DAG(s) dict_keys(['example_branch_labels']) retrieved from /opt/conda/lib/python3.8/site-packages/airflow/example_dags/example_branch_labels.py
[2025-02-14 14:21:26,494] {logging_mixin.py:115} INFO - [2025-02-14 14:21:26,494] {dag.py:2420} INFO - Sync 1 DAGs
[2025-02-14 14:21:26,507] {logging_mixin.py:115} INFO - [2025-02-14 14:21:26,507] {dag.py:2968} INFO - Setting next_dagrun for example_branch_labels to 2025-02-13T00:00:00+00:00, run_after=2025-02-14T00:00:00+00:00
[2025-02-14 14:21:26,526] {processor.py:161} INFO - Processing /opt/conda/lib/python3.8/site-packages/airflow/example_dags/example_branch_labels.py took 0.192 seconds
[2025-02-14 14:22:12,865] {processor.py:153} INFO - Started process (PID=3394) to work on /opt/conda/lib/python3.8/site-packages/airflow/example_dags/example_branch_labels.py
[2025-02-14 14:22:12,867] {processor.py:641} INFO - Processing file /opt/conda/lib/python3.8/site-packages/airflow/example_dags/example_branch_labels.py for tasks to queue
[2025-02-14 14:22:12,867] {logging_mixin.py:115} INFO - [2025-02-14 14:22:12,867] {dagbag.py:508} INFO - Filling up the DagBag from /opt/conda/lib/python3.8/site-packages/airflow/example_dags/example_branch_labels.py
[2025-02-14 14:22:12,874] {processor.py:651} INFO - DAG(s) dict_keys(['example_branch_labels']) retrieved from /opt/conda/lib/python3.8/site-packages/airflow/example_dags/example_branch_labels.py
[2025-02-14 14:22:13,018] {logging_mixin.py:115} INFO - [2025-02-14 14:22:13,018] {dag.py:2420} INFO - Sync 1 DAGs
[2025-02-14 14:22:13,031] {logging_mixin.py:115} INFO - [2025-02-14 14:22:13,031] {dag.py:2968} INFO - Setting next_dagrun for example_branch_labels to 2025-02-13T00:00:00+00:00, run_after=2025-02-14T00:00:00+00:00
[2025-02-14 14:22:13,050] {processor.py:161} INFO - Processing /opt/conda/lib/python3.8/site-packages/airflow/example_dags/example_branch_labels.py took 0.189 seconds
[2025-02-14 14:22:56,837] {processor.py:153} INFO - Started process (PID=3448) to work on /opt/conda/lib/python3.8/site-packages/airflow/example_dags/example_branch_labels.py
[2025-02-14 14:22:56,839] {processor.py:641} INFO - Processing file /opt/conda/lib/python3.8/site-packages/airflow/example_dags/example_branch_labels.py for tasks to queue
[2025-02-14 14:22:56,839] {logging_mixin.py:115} INFO - [2025-02-14 14:22:56,839] {dagbag.py:508} INFO - Filling up the DagBag from /opt/conda/lib/python3.8/site-packages/airflow/example_dags/example_branch_labels.py
[2025-02-14 14:22:56,846] {processor.py:651} INFO - DAG(s) dict_keys(['example_branch_labels']) retrieved from /opt/conda/lib/python3.8/site-packages/airflow/example_dags/example_branch_labels.py
[2025-02-14 14:22:57,001] {logging_mixin.py:115} INFO - [2025-02-14 14:22:57,001] {dag.py:2420} INFO - Sync 1 DAGs
[2025-02-14 14:22:57,014] {logging_mixin.py:115} INFO - [2025-02-14 14:22:57,014] {dag.py:2968} INFO - Setting next_dagrun for example_branch_labels to 2025-02-13T00:00:00+00:00, run_after=2025-02-14T00:00:00+00:00
[2025-02-14 14:22:57,033] {processor.py:161} INFO - Processing /opt/conda/lib/python3.8/site-packages/airflow/example_dags/example_branch_labels.py took 0.199 seconds
[2025-02-14 14:23:30,429] {processor.py:153} INFO - Started process (PID=3541) to work on /opt/conda/lib/python3.8/site-packages/airflow/example_dags/example_branch_labels.py
[2025-02-14 14:23:30,429] {processor.py:641} INFO - Processing file /opt/conda/lib/python3.8/site-packages/airflow/example_dags/example_branch_labels.py for tasks to queue
[2025-02-14 14:23:30,430] {logging_mixin.py:115} INFO - [2025-02-14 14:23:30,430] {dagbag.py:508} INFO - Filling up the DagBag from /opt/conda/lib/python3.8/site-packages/airflow/example_dags/example_branch_labels.py
[2025-02-14 14:23:30,436] {processor.py:651} INFO - DAG(s) dict_keys(['example_branch_labels']) retrieved from /opt/conda/lib/python3.8/site-packages/airflow/example_dags/example_branch_labels.py
[2025-02-14 14:23:30,561] {logging_mixin.py:115} INFO - [2025-02-14 14:23:30,561] {dag.py:2420} INFO - Sync 1 DAGs
[2025-02-14 14:23:30,574] {logging_mixin.py:115} INFO - [2025-02-14 14:23:30,573] {dag.py:2968} INFO - Setting next_dagrun for example_branch_labels to 2025-02-13T00:00:00+00:00, run_after=2025-02-14T00:00:00+00:00
[2025-02-14 14:23:30,597] {processor.py:161} INFO - Processing /opt/conda/lib/python3.8/site-packages/airflow/example_dags/example_branch_labels.py took 0.171 seconds
[2025-02-14 14:24:12,509] {processor.py:153} INFO - Started process (PID=3595) to work on /opt/conda/lib/python3.8/site-packages/airflow/example_dags/example_branch_labels.py
[2025-02-14 14:24:12,510] {processor.py:641} INFO - Processing file /opt/conda/lib/python3.8/site-packages/airflow/example_dags/example_branch_labels.py for tasks to queue
[2025-02-14 14:24:12,511] {logging_mixin.py:115} INFO - [2025-02-14 14:24:12,511] {dagbag.py:508} INFO - Filling up the DagBag from /opt/conda/lib/python3.8/site-packages/airflow/example_dags/example_branch_labels.py
[2025-02-14 14:24:12,517] {processor.py:651} INFO - DAG(s) dict_keys(['example_branch_labels']) retrieved from /opt/conda/lib/python3.8/site-packages/airflow/example_dags/example_branch_labels.py
[2025-02-14 14:24:12,646] {logging_mixin.py:115} INFO - [2025-02-14 14:24:12,646] {dag.py:2420} INFO - Sync 1 DAGs
[2025-02-14 14:24:12,659] {logging_mixin.py:115} INFO - [2025-02-14 14:24:12,659] {dag.py:2968} INFO - Setting next_dagrun for example_branch_labels to 2025-02-13T00:00:00+00:00, run_after=2025-02-14T00:00:00+00:00
[2025-02-14 14:24:12,678] {processor.py:161} INFO - Processing /opt/conda/lib/python3.8/site-packages/airflow/example_dags/example_branch_labels.py took 0.172 seconds
[2025-02-14 14:24:56,057] {processor.py:153} INFO - Started process (PID=3649) to work on /opt/conda/lib/python3.8/site-packages/airflow/example_dags/example_branch_labels.py
[2025-02-14 14:24:56,060] {processor.py:641} INFO - Processing file /opt/conda/lib/python3.8/site-packages/airflow/example_dags/example_branch_labels.py for tasks to queue
[2025-02-14 14:24:56,060] {logging_mixin.py:115} INFO - [2025-02-14 14:24:56,060] {dagbag.py:508} INFO - Filling up the DagBag from /opt/conda/lib/python3.8/site-packages/airflow/example_dags/example_branch_labels.py
[2025-02-14 14:24:56,067] {processor.py:651} INFO - DAG(s) dict_keys(['example_branch_labels']) retrieved from /opt/conda/lib/python3.8/site-packages/airflow/example_dags/example_branch_labels.py
[2025-02-14 14:24:56,211] {logging_mixin.py:115} INFO - [2025-02-14 14:24:56,211] {dag.py:2420} INFO - Sync 1 DAGs
[2025-02-14 14:24:56,224] {logging_mixin.py:115} INFO - [2025-02-14 14:24:56,224] {dag.py:2968} INFO - Setting next_dagrun for example_branch_labels to 2025-02-13T00:00:00+00:00, run_after=2025-02-14T00:00:00+00:00
[2025-02-14 14:24:56,242] {processor.py:161} INFO - Processing /opt/conda/lib/python3.8/site-packages/airflow/example_dags/example_branch_labels.py took 0.188 seconds
[2025-02-14 14:25:36,854] {processor.py:153} INFO - Started process (PID=3699) to work on /opt/conda/lib/python3.8/site-packages/airflow/example_dags/example_branch_labels.py
[2025-02-14 14:25:36,857] {processor.py:641} INFO - Processing file /opt/conda/lib/python3.8/site-packages/airflow/example_dags/example_branch_labels.py for tasks to queue
[2025-02-14 14:25:36,857] {logging_mixin.py:115} INFO - [2025-02-14 14:25:36,857] {dagbag.py:508} INFO - Filling up the DagBag from /opt/conda/lib/python3.8/site-packages/airflow/example_dags/example_branch_labels.py
[2025-02-14 14:25:36,863] {processor.py:651} INFO - DAG(s) dict_keys(['example_branch_labels']) retrieved from /opt/conda/lib/python3.8/site-packages/airflow/example_dags/example_branch_labels.py
[2025-02-14 14:25:36,995] {logging_mixin.py:115} INFO - [2025-02-14 14:25:36,995] {dag.py:2420} INFO - Sync 1 DAGs
[2025-02-14 14:25:37,008] {logging_mixin.py:115} INFO - [2025-02-14 14:25:37,008] {dag.py:2968} INFO - Setting next_dagrun for example_branch_labels to 2025-02-13T00:00:00+00:00, run_after=2025-02-14T00:00:00+00:00
[2025-02-14 14:25:37,028] {processor.py:161} INFO - Processing /opt/conda/lib/python3.8/site-packages/airflow/example_dags/example_branch_labels.py took 0.177 seconds
[2025-02-14 14:26:21,118] {processor.py:153} INFO - Started process (PID=3753) to work on /opt/conda/lib/python3.8/site-packages/airflow/example_dags/example_branch_labels.py
[2025-02-14 14:26:21,119] {processor.py:641} INFO - Processing file /opt/conda/lib/python3.8/site-packages/airflow/example_dags/example_branch_labels.py for tasks to queue
[2025-02-14 14:26:21,120] {logging_mixin.py:115} INFO - [2025-02-14 14:26:21,120] {dagbag.py:508} INFO - Filling up the DagBag from /opt/conda/lib/python3.8/site-packages/airflow/example_dags/example_branch_labels.py
[2025-02-14 14:26:21,126] {processor.py:651} INFO - DAG(s) dict_keys(['example_branch_labels']) retrieved from /opt/conda/lib/python3.8/site-packages/airflow/example_dags/example_branch_labels.py
[2025-02-14 14:26:21,260] {logging_mixin.py:115} INFO - [2025-02-14 14:26:21,260] {dag.py:2420} INFO - Sync 1 DAGs
[2025-02-14 14:26:21,272] {logging_mixin.py:115} INFO - [2025-02-14 14:26:21,272] {dag.py:2968} INFO - Setting next_dagrun for example_branch_labels to 2025-02-13T00:00:00+00:00, run_after=2025-02-14T00:00:00+00:00
[2025-02-14 14:26:21,291] {processor.py:161} INFO - Processing /opt/conda/lib/python3.8/site-packages/airflow/example_dags/example_branch_labels.py took 0.176 seconds
[2025-02-14 14:27:01,970] {processor.py:153} INFO - Started process (PID=3804) to work on /opt/conda/lib/python3.8/site-packages/airflow/example_dags/example_branch_labels.py
[2025-02-14 14:27:02,011] {processor.py:641} INFO - Processing file /opt/conda/lib/python3.8/site-packages/airflow/example_dags/example_branch_labels.py for tasks to queue
[2025-02-14 14:27:02,011] {logging_mixin.py:115} INFO - [2025-02-14 14:27:02,011] {dagbag.py:508} INFO - Filling up the DagBag from /opt/conda/lib/python3.8/site-packages/airflow/example_dags/example_branch_labels.py
[2025-02-14 14:27:02,017] {processor.py:651} INFO - DAG(s) dict_keys(['example_branch_labels']) retrieved from /opt/conda/lib/python3.8/site-packages/airflow/example_dags/example_branch_labels.py
[2025-02-14 14:27:02,157] {logging_mixin.py:115} INFO - [2025-02-14 14:27:02,157] {dag.py:2420} INFO - Sync 1 DAGs
[2025-02-14 14:27:02,170] {logging_mixin.py:115} INFO - [2025-02-14 14:27:02,170] {dag.py:2968} INFO - Setting next_dagrun for example_branch_labels to 2025-02-13T00:00:00+00:00, run_after=2025-02-14T00:00:00+00:00
[2025-02-14 14:27:02,188] {processor.py:161} INFO - Processing /opt/conda/lib/python3.8/site-packages/airflow/example_dags/example_branch_labels.py took 0.221 seconds
[2025-02-14 14:27:46,653] {processor.py:153} INFO - Started process (PID=3858) to work on /opt/conda/lib/python3.8/site-packages/airflow/example_dags/example_branch_labels.py
[2025-02-14 14:27:46,654] {processor.py:641} INFO - Processing file /opt/conda/lib/python3.8/site-packages/airflow/example_dags/example_branch_labels.py for tasks to queue
[2025-02-14 14:27:46,654] {logging_mixin.py:115} INFO - [2025-02-14 14:27:46,654] {dagbag.py:508} INFO - Filling up the DagBag from /opt/conda/lib/python3.8/site-packages/airflow/example_dags/example_branch_labels.py
[2025-02-14 14:27:46,661] {processor.py:651} INFO - DAG(s) dict_keys(['example_branch_labels']) retrieved from /opt/conda/lib/python3.8/site-packages/airflow/example_dags/example_branch_labels.py
[2025-02-14 14:27:46,801] {logging_mixin.py:115} INFO - [2025-02-14 14:27:46,801] {dag.py:2420} INFO - Sync 1 DAGs
[2025-02-14 14:27:46,814] {logging_mixin.py:115} INFO - [2025-02-14 14:27:46,814] {dag.py:2968} INFO - Setting next_dagrun for example_branch_labels to 2025-02-13T00:00:00+00:00, run_after=2025-02-14T00:00:00+00:00
[2025-02-14 14:27:46,833] {processor.py:161} INFO - Processing /opt/conda/lib/python3.8/site-packages/airflow/example_dags/example_branch_labels.py took 0.183 seconds
[2025-02-14 14:28:31,318] {processor.py:153} INFO - Started process (PID=3912) to work on /opt/conda/lib/python3.8/site-packages/airflow/example_dags/example_branch_labels.py
[2025-02-14 14:28:31,550] {processor.py:641} INFO - Processing file /opt/conda/lib/python3.8/site-packages/airflow/example_dags/example_branch_labels.py for tasks to queue
[2025-02-14 14:28:31,551] {logging_mixin.py:115} INFO - [2025-02-14 14:28:31,551] {dagbag.py:508} INFO - Filling up the DagBag from /opt/conda/lib/python3.8/site-packages/airflow/example_dags/example_branch_labels.py
[2025-02-14 14:28:31,558] {processor.py:651} INFO - DAG(s) dict_keys(['example_branch_labels']) retrieved from /opt/conda/lib/python3.8/site-packages/airflow/example_dags/example_branch_labels.py
[2025-02-14 14:28:31,575] {logging_mixin.py:115} INFO - [2025-02-14 14:28:31,575] {dag.py:2420} INFO - Sync 1 DAGs
[2025-02-14 14:28:31,594] {logging_mixin.py:115} INFO - [2025-02-14 14:28:31,594] {dag.py:2968} INFO - Setting next_dagrun for example_branch_labels to 2025-02-13T00:00:00+00:00, run_after=2025-02-14T00:00:00+00:00
[2025-02-14 14:28:31,616] {processor.py:161} INFO - Processing /opt/conda/lib/python3.8/site-packages/airflow/example_dags/example_branch_labels.py took 0.301 seconds
[2025-02-14 14:29:11,917] {processor.py:153} INFO - Started process (PID=3966) to work on /opt/conda/lib/python3.8/site-packages/airflow/example_dags/example_branch_labels.py
[2025-02-14 14:29:11,919] {processor.py:641} INFO - Processing file /opt/conda/lib/python3.8/site-packages/airflow/example_dags/example_branch_labels.py for tasks to queue
[2025-02-14 14:29:11,919] {logging_mixin.py:115} INFO - [2025-02-14 14:29:11,919] {dagbag.py:508} INFO - Filling up the DagBag from /opt/conda/lib/python3.8/site-packages/airflow/example_dags/example_branch_labels.py
[2025-02-14 14:29:11,926] {processor.py:651} INFO - DAG(s) dict_keys(['example_branch_labels']) retrieved from /opt/conda/lib/python3.8/site-packages/airflow/example_dags/example_branch_labels.py
[2025-02-14 14:29:11,943] {logging_mixin.py:115} INFO - [2025-02-14 14:29:11,942] {dag.py:2420} INFO - Sync 1 DAGs
[2025-02-14 14:29:11,962] {logging_mixin.py:115} INFO - [2025-02-14 14:29:11,962] {dag.py:2968} INFO - Setting next_dagrun for example_branch_labels to 2025-02-13T00:00:00+00:00, run_after=2025-02-14T00:00:00+00:00
[2025-02-14 14:29:11,984] {processor.py:161} INFO - Processing /opt/conda/lib/python3.8/site-packages/airflow/example_dags/example_branch_labels.py took 0.070 seconds
[2025-02-14 14:29:54,525] {processor.py:153} INFO - Started process (PID=4029) to work on /opt/conda/lib/python3.8/site-packages/airflow/example_dags/example_branch_labels.py
[2025-02-14 14:29:54,526] {processor.py:641} INFO - Processing file /opt/conda/lib/python3.8/site-packages/airflow/example_dags/example_branch_labels.py for tasks to queue
[2025-02-14 14:29:54,527] {logging_mixin.py:115} INFO - [2025-02-14 14:29:54,527] {dagbag.py:508} INFO - Filling up the DagBag from /opt/conda/lib/python3.8/site-packages/airflow/example_dags/example_branch_labels.py
[2025-02-14 14:29:54,533] {processor.py:651} INFO - DAG(s) dict_keys(['example_branch_labels']) retrieved from /opt/conda/lib/python3.8/site-packages/airflow/example_dags/example_branch_labels.py
[2025-02-14 14:29:54,549] {logging_mixin.py:115} INFO - [2025-02-14 14:29:54,549] {dag.py:2420} INFO - Sync 1 DAGs
[2025-02-14 14:29:54,564] {logging_mixin.py:115} INFO - [2025-02-14 14:29:54,564] {dag.py:2968} INFO - Setting next_dagrun for example_branch_labels to 2025-02-13T00:00:00+00:00, run_after=2025-02-14T00:00:00+00:00
[2025-02-14 14:29:54,582] {processor.py:161} INFO - Processing /opt/conda/lib/python3.8/site-packages/airflow/example_dags/example_branch_labels.py took 0.060 seconds
[2025-02-14 14:30:32,557] {processor.py:153} INFO - Started process (PID=4083) to work on /opt/conda/lib/python3.8/site-packages/airflow/example_dags/example_branch_labels.py
[2025-02-14 14:30:32,559] {processor.py:641} INFO - Processing file /opt/conda/lib/python3.8/site-packages/airflow/example_dags/example_branch_labels.py for tasks to queue
[2025-02-14 14:30:32,559] {logging_mixin.py:115} INFO - [2025-02-14 14:30:32,559] {dagbag.py:508} INFO - Filling up the DagBag from /opt/conda/lib/python3.8/site-packages/airflow/example_dags/example_branch_labels.py
[2025-02-14 14:30:32,566] {processor.py:651} INFO - DAG(s) dict_keys(['example_branch_labels']) retrieved from /opt/conda/lib/python3.8/site-packages/airflow/example_dags/example_branch_labels.py
[2025-02-14 14:30:32,582] {logging_mixin.py:115} INFO - [2025-02-14 14:30:32,582] {dag.py:2420} INFO - Sync 1 DAGs
[2025-02-14 14:30:32,602] {logging_mixin.py:115} INFO - [2025-02-14 14:30:32,602] {dag.py:2968} INFO - Setting next_dagrun for example_branch_labels to 2025-02-13T00:00:00+00:00, run_after=2025-02-14T00:00:00+00:00
[2025-02-14 14:30:32,623] {processor.py:161} INFO - Processing /opt/conda/lib/python3.8/site-packages/airflow/example_dags/example_branch_labels.py took 0.069 seconds
[2025-02-14 14:31:11,969] {processor.py:153} INFO - Started process (PID=4146) to work on /opt/conda/lib/python3.8/site-packages/airflow/example_dags/example_branch_labels.py
[2025-02-14 14:31:11,970] {processor.py:641} INFO - Processing file /opt/conda/lib/python3.8/site-packages/airflow/example_dags/example_branch_labels.py for tasks to queue
[2025-02-14 14:31:11,970] {logging_mixin.py:115} INFO - [2025-02-14 14:31:11,970] {dagbag.py:508} INFO - Filling up the DagBag from /opt/conda/lib/python3.8/site-packages/airflow/example_dags/example_branch_labels.py
[2025-02-14 14:31:11,977] {processor.py:651} INFO - DAG(s) dict_keys(['example_branch_labels']) retrieved from /opt/conda/lib/python3.8/site-packages/airflow/example_dags/example_branch_labels.py
[2025-02-14 14:31:11,994] {logging_mixin.py:115} INFO - [2025-02-14 14:31:11,994] {dag.py:2420} INFO - Sync 1 DAGs
[2025-02-14 14:31:12,013] {logging_mixin.py:115} INFO - [2025-02-14 14:31:12,013] {dag.py:2968} INFO - Setting next_dagrun for example_branch_labels to 2025-02-13T00:00:00+00:00, run_after=2025-02-14T00:00:00+00:00
[2025-02-14 14:31:12,071] {processor.py:161} INFO - Processing /opt/conda/lib/python3.8/site-packages/airflow/example_dags/example_branch_labels.py took 0.106 seconds
[2025-02-14 14:32:52,809] {processor.py:153} INFO - Started process (PID=4311) to work on /opt/conda/lib/python3.8/site-packages/airflow/example_dags/example_branch_labels.py
[2025-02-14 14:32:52,811] {processor.py:641} INFO - Processing file /opt/conda/lib/python3.8/site-packages/airflow/example_dags/example_branch_labels.py for tasks to queue
[2025-02-14 14:32:52,811] {logging_mixin.py:115} INFO - [2025-02-14 14:32:52,811] {dagbag.py:508} INFO - Filling up the DagBag from /opt/conda/lib/python3.8/site-packages/airflow/example_dags/example_branch_labels.py
[2025-02-14 14:32:52,818] {processor.py:651} INFO - DAG(s) dict_keys(['example_branch_labels']) retrieved from /opt/conda/lib/python3.8/site-packages/airflow/example_dags/example_branch_labels.py
[2025-02-14 14:32:52,833] {logging_mixin.py:115} INFO - [2025-02-14 14:32:52,833] {dag.py:2420} INFO - Sync 1 DAGs
[2025-02-14 14:32:52,848] {logging_mixin.py:115} INFO - [2025-02-14 14:32:52,848] {dag.py:2968} INFO - Setting next_dagrun for example_branch_labels to 2025-02-13T00:00:00+00:00, run_after=2025-02-14T00:00:00+00:00
[2025-02-14 14:32:52,868] {processor.py:161} INFO - Processing /opt/conda/lib/python3.8/site-packages/airflow/example_dags/example_branch_labels.py took 0.062 seconds
[2025-02-14 14:33:34,860] {processor.py:153} INFO - Started process (PID=4365) to work on /opt/conda/lib/python3.8/site-packages/airflow/example_dags/example_branch_labels.py
[2025-02-14 14:33:34,861] {processor.py:641} INFO - Processing file /opt/conda/lib/python3.8/site-packages/airflow/example_dags/example_branch_labels.py for tasks to queue
[2025-02-14 14:33:34,862] {logging_mixin.py:115} INFO - [2025-02-14 14:33:34,862] {dagbag.py:508} INFO - Filling up the DagBag from /opt/conda/lib/python3.8/site-packages/airflow/example_dags/example_branch_labels.py
[2025-02-14 14:33:34,868] {processor.py:651} INFO - DAG(s) dict_keys(['example_branch_labels']) retrieved from /opt/conda/lib/python3.8/site-packages/airflow/example_dags/example_branch_labels.py
[2025-02-14 14:33:34,885] {logging_mixin.py:115} INFO - [2025-02-14 14:33:34,885] {dag.py:2420} INFO - Sync 1 DAGs
[2025-02-14 14:33:34,905] {logging_mixin.py:115} INFO - [2025-02-14 14:33:34,904] {dag.py:2968} INFO - Setting next_dagrun for example_branch_labels to 2025-02-13T00:00:00+00:00, run_after=2025-02-14T00:00:00+00:00
[2025-02-14 14:33:34,926] {processor.py:161} INFO - Processing /opt/conda/lib/python3.8/site-packages/airflow/example_dags/example_branch_labels.py took 0.070 seconds
[2025-02-14 14:34:10,953] {processor.py:153} INFO - Started process (PID=4415) to work on /opt/conda/lib/python3.8/site-packages/airflow/example_dags/example_branch_labels.py
[2025-02-14 14:34:10,954] {processor.py:641} INFO - Processing file /opt/conda/lib/python3.8/site-packages/airflow/example_dags/example_branch_labels.py for tasks to queue
[2025-02-14 14:34:10,954] {logging_mixin.py:115} INFO - [2025-02-14 14:34:10,954] {dagbag.py:508} INFO - Filling up the DagBag from /opt/conda/lib/python3.8/site-packages/airflow/example_dags/example_branch_labels.py
[2025-02-14 14:34:10,961] {processor.py:651} INFO - DAG(s) dict_keys(['example_branch_labels']) retrieved from /opt/conda/lib/python3.8/site-packages/airflow/example_dags/example_branch_labels.py
[2025-02-14 14:34:10,977] {logging_mixin.py:115} INFO - [2025-02-14 14:34:10,977] {dag.py:2420} INFO - Sync 1 DAGs
[2025-02-14 14:34:10,997] {logging_mixin.py:115} INFO - [2025-02-14 14:34:10,997] {dag.py:2968} INFO - Setting next_dagrun for example_branch_labels to 2025-02-13T00:00:00+00:00, run_after=2025-02-14T00:00:00+00:00
[2025-02-14 14:34:11,019] {processor.py:161} INFO - Processing /opt/conda/lib/python3.8/site-packages/airflow/example_dags/example_branch_labels.py took 0.069 seconds
[2025-02-14 14:34:45,920] {processor.py:153} INFO - Started process (PID=4462) to work on /opt/conda/lib/python3.8/site-packages/airflow/example_dags/example_branch_labels.py
[2025-02-14 14:34:45,921] {processor.py:641} INFO - Processing file /opt/conda/lib/python3.8/site-packages/airflow/example_dags/example_branch_labels.py for tasks to queue
[2025-02-14 14:34:45,921] {logging_mixin.py:115} INFO - [2025-02-14 14:34:45,921] {dagbag.py:508} INFO - Filling up the DagBag from /opt/conda/lib/python3.8/site-packages/airflow/example_dags/example_branch_labels.py
[2025-02-14 14:34:45,928] {processor.py:651} INFO - DAG(s) dict_keys(['example_branch_labels']) retrieved from /opt/conda/lib/python3.8/site-packages/airflow/example_dags/example_branch_labels.py
[2025-02-14 14:34:45,944] {logging_mixin.py:115} INFO - [2025-02-14 14:34:45,944] {dag.py:2420} INFO - Sync 1 DAGs
[2025-02-14 14:34:45,964] {logging_mixin.py:115} INFO - [2025-02-14 14:34:45,964] {dag.py:2968} INFO - Setting next_dagrun for example_branch_labels to 2025-02-13T00:00:00+00:00, run_after=2025-02-14T00:00:00+00:00
[2025-02-14 14:34:45,986] {processor.py:161} INFO - Processing /opt/conda/lib/python3.8/site-packages/airflow/example_dags/example_branch_labels.py took 0.069 seconds
[2025-02-14 14:35:24,569] {processor.py:153} INFO - Started process (PID=4516) to work on /opt/conda/lib/python3.8/site-packages/airflow/example_dags/example_branch_labels.py
[2025-02-14 14:35:24,570] {processor.py:641} INFO - Processing file /opt/conda/lib/python3.8/site-packages/airflow/example_dags/example_branch_labels.py for tasks to queue
[2025-02-14 14:35:24,571] {logging_mixin.py:115} INFO - [2025-02-14 14:35:24,570] {dagbag.py:508} INFO - Filling up the DagBag from /opt/conda/lib/python3.8/site-packages/airflow/example_dags/example_branch_labels.py
[2025-02-14 14:35:24,577] {processor.py:651} INFO - DAG(s) dict_keys(['example_branch_labels']) retrieved from /opt/conda/lib/python3.8/site-packages/airflow/example_dags/example_branch_labels.py
[2025-02-14 14:35:24,594] {logging_mixin.py:115} INFO - [2025-02-14 14:35:24,593] {dag.py:2420} INFO - Sync 1 DAGs
[2025-02-14 14:35:24,613] {logging_mixin.py:115} INFO - [2025-02-14 14:35:24,613] {dag.py:2968} INFO - Setting next_dagrun for example_branch_labels to 2025-02-13T00:00:00+00:00, run_after=2025-02-14T00:00:00+00:00
[2025-02-14 14:35:24,691] {processor.py:161} INFO - Processing /opt/conda/lib/python3.8/site-packages/airflow/example_dags/example_branch_labels.py took 0.126 seconds
[2025-02-14 14:36:03,944] {processor.py:153} INFO - Started process (PID=4569) to work on /opt/conda/lib/python3.8/site-packages/airflow/example_dags/example_branch_labels.py
[2025-02-14 14:36:03,945] {processor.py:641} INFO - Processing file /opt/conda/lib/python3.8/site-packages/airflow/example_dags/example_branch_labels.py for tasks to queue
[2025-02-14 14:36:03,946] {logging_mixin.py:115} INFO - [2025-02-14 14:36:03,946] {dagbag.py:508} INFO - Filling up the DagBag from /opt/conda/lib/python3.8/site-packages/airflow/example_dags/example_branch_labels.py
[2025-02-14 14:36:03,952] {processor.py:651} INFO - DAG(s) dict_keys(['example_branch_labels']) retrieved from /opt/conda/lib/python3.8/site-packages/airflow/example_dags/example_branch_labels.py
[2025-02-14 14:36:03,969] {logging_mixin.py:115} INFO - [2025-02-14 14:36:03,969] {dag.py:2420} INFO - Sync 1 DAGs
[2025-02-14 14:36:03,988] {logging_mixin.py:115} INFO - [2025-02-14 14:36:03,988] {dag.py:2968} INFO - Setting next_dagrun for example_branch_labels to 2025-02-13T00:00:00+00:00, run_after=2025-02-14T00:00:00+00:00
[2025-02-14 14:36:04,011] {processor.py:161} INFO - Processing /opt/conda/lib/python3.8/site-packages/airflow/example_dags/example_branch_labels.py took 0.070 seconds
[2025-02-14 14:36:41,445] {processor.py:153} INFO - Started process (PID=4618) to work on /opt/conda/lib/python3.8/site-packages/airflow/example_dags/example_branch_labels.py
[2025-02-14 14:36:41,447] {processor.py:641} INFO - Processing file /opt/conda/lib/python3.8/site-packages/airflow/example_dags/example_branch_labels.py for tasks to queue
[2025-02-14 14:36:41,447] {logging_mixin.py:115} INFO - [2025-02-14 14:36:41,447] {dagbag.py:508} INFO - Filling up the DagBag from /opt/conda/lib/python3.8/site-packages/airflow/example_dags/example_branch_labels.py
[2025-02-14 14:36:41,454] {processor.py:651} INFO - DAG(s) dict_keys(['example_branch_labels']) retrieved from /opt/conda/lib/python3.8/site-packages/airflow/example_dags/example_branch_labels.py
[2025-02-14 14:36:41,470] {logging_mixin.py:115} INFO - [2025-02-14 14:36:41,470] {dag.py:2420} INFO - Sync 1 DAGs
[2025-02-14 14:36:41,490] {logging_mixin.py:115} INFO - [2025-02-14 14:36:41,490] {dag.py:2968} INFO - Setting next_dagrun for example_branch_labels to 2025-02-13T00:00:00+00:00, run_after=2025-02-14T00:00:00+00:00
[2025-02-14 14:36:41,512] {processor.py:161} INFO - Processing /opt/conda/lib/python3.8/site-packages/airflow/example_dags/example_branch_labels.py took 0.070 seconds
[2025-02-14 14:37:15,530] {processor.py:153} INFO - Started process (PID=4666) to work on /opt/conda/lib/python3.8/site-packages/airflow/example_dags/example_branch_labels.py
[2025-02-14 14:37:15,530] {processor.py:641} INFO - Processing file /opt/conda/lib/python3.8/site-packages/airflow/example_dags/example_branch_labels.py for tasks to queue
[2025-02-14 14:37:15,530] {logging_mixin.py:115} INFO - [2025-02-14 14:37:15,530] {dagbag.py:508} INFO - Filling up the DagBag from /opt/conda/lib/python3.8/site-packages/airflow/example_dags/example_branch_labels.py
[2025-02-14 14:37:15,537] {processor.py:651} INFO - DAG(s) dict_keys(['example_branch_labels']) retrieved from /opt/conda/lib/python3.8/site-packages/airflow/example_dags/example_branch_labels.py
[2025-02-14 14:37:15,554] {logging_mixin.py:115} INFO - [2025-02-14 14:37:15,554] {dag.py:2420} INFO - Sync 1 DAGs
[2025-02-14 14:37:15,574] {logging_mixin.py:115} INFO - [2025-02-14 14:37:15,574] {dag.py:2968} INFO - Setting next_dagrun for example_branch_labels to 2025-02-13T00:00:00+00:00, run_after=2025-02-14T00:00:00+00:00
[2025-02-14 14:37:15,593] {processor.py:161} INFO - Processing /opt/conda/lib/python3.8/site-packages/airflow/example_dags/example_branch_labels.py took 0.067 seconds
[2025-02-14 14:42:01,661] {processor.py:153} INFO - Started process (PID=4757) to work on /opt/conda/lib/python3.8/site-packages/airflow/example_dags/example_branch_labels.py
[2025-02-14 14:42:01,663] {processor.py:641} INFO - Processing file /opt/conda/lib/python3.8/site-packages/airflow/example_dags/example_branch_labels.py for tasks to queue
[2025-02-14 14:42:01,663] {logging_mixin.py:115} INFO - [2025-02-14 14:42:01,663] {dagbag.py:508} INFO - Filling up the DagBag from /opt/conda/lib/python3.8/site-packages/airflow/example_dags/example_branch_labels.py
[2025-02-14 14:42:01,670] {processor.py:651} INFO - DAG(s) dict_keys(['example_branch_labels']) retrieved from /opt/conda/lib/python3.8/site-packages/airflow/example_dags/example_branch_labels.py
[2025-02-14 14:42:01,806] {logging_mixin.py:115} INFO - [2025-02-14 14:42:01,805] {dag.py:2420} INFO - Sync 1 DAGs
[2025-02-14 14:42:01,818] {logging_mixin.py:115} INFO - [2025-02-14 14:42:01,818] {dag.py:2968} INFO - Setting next_dagrun for example_branch_labels to 2025-02-13T00:00:00+00:00, run_after=2025-02-14T00:00:00+00:00
[2025-02-14 14:42:01,838] {processor.py:161} INFO - Processing /opt/conda/lib/python3.8/site-packages/airflow/example_dags/example_branch_labels.py took 0.180 seconds
[2025-02-14 14:42:47,117] {processor.py:153} INFO - Started process (PID=4849) to work on /opt/conda/lib/python3.8/site-packages/airflow/example_dags/example_branch_labels.py
[2025-02-14 14:42:47,119] {processor.py:641} INFO - Processing file /opt/conda/lib/python3.8/site-packages/airflow/example_dags/example_branch_labels.py for tasks to queue
[2025-02-14 14:42:47,119] {logging_mixin.py:115} INFO - [2025-02-14 14:42:47,119] {dagbag.py:508} INFO - Filling up the DagBag from /opt/conda/lib/python3.8/site-packages/airflow/example_dags/example_branch_labels.py
[2025-02-14 14:42:47,126] {processor.py:651} INFO - DAG(s) dict_keys(['example_branch_labels']) retrieved from /opt/conda/lib/python3.8/site-packages/airflow/example_dags/example_branch_labels.py
[2025-02-14 14:42:47,265] {logging_mixin.py:115} INFO - [2025-02-14 14:42:47,265] {dag.py:2420} INFO - Sync 1 DAGs
[2025-02-14 14:42:47,278] {logging_mixin.py:115} INFO - [2025-02-14 14:42:47,278] {dag.py:2968} INFO - Setting next_dagrun for example_branch_labels to 2025-02-13T00:00:00+00:00, run_after=2025-02-14T00:00:00+00:00
[2025-02-14 14:42:47,302] {processor.py:161} INFO - Processing /opt/conda/lib/python3.8/site-packages/airflow/example_dags/example_branch_labels.py took 0.188 seconds
