[2025-02-14 13:59:41,470] {processor.py:153} INFO - Started process (PID=1832) to work on /opt/conda/lib/python3.8/site-packages/airflow/example_dags/example_branch_python_dop_operator_3.py
[2025-02-14 13:59:41,471] {processor.py:641} INFO - Processing file /opt/conda/lib/python3.8/site-packages/airflow/example_dags/example_branch_python_dop_operator_3.py for tasks to queue
[2025-02-14 13:59:41,471] {logging_mixin.py:115} INFO - [2025-02-14 13:59:41,471] {dagbag.py:508} INFO - Filling up the DagBag from /opt/conda/lib/python3.8/site-packages/airflow/example_dags/example_branch_python_dop_operator_3.py
[2025-02-14 13:59:41,604] {processor.py:651} INFO - DAG(s) dict_keys(['example_branch_dop_operator_v3']) retrieved from /opt/conda/lib/python3.8/site-packages/airflow/example_dags/example_branch_python_dop_operator_3.py
[2025-02-14 13:59:42,108] {logging_mixin.py:115} INFO - [2025-02-14 13:59:42,107] {manager.py:508} INFO - Created Permission View: can read on DAG:example_branch_dop_operator_v3
[2025-02-14 13:59:42,136] {logging_mixin.py:115} INFO - [2025-02-14 13:59:42,136] {manager.py:508} INFO - Created Permission View: can delete on DAG:example_branch_dop_operator_v3
[2025-02-14 13:59:42,158] {logging_mixin.py:115} INFO - [2025-02-14 13:59:42,158] {manager.py:508} INFO - Created Permission View: can edit on DAG:example_branch_dop_operator_v3
[2025-02-14 13:59:42,158] {logging_mixin.py:115} INFO - [2025-02-14 13:59:42,158] {dag.py:2420} INFO - Sync 1 DAGs
[2025-02-14 13:59:42,172] {logging_mixin.py:115} INFO - [2025-02-14 13:59:42,172] {dag.py:2439} INFO - Creating ORM DAG for example_branch_dop_operator_v3
[2025-02-14 13:59:42,200] {logging_mixin.py:115} INFO - [2025-02-14 13:59:42,200] {dag.py:2968} INFO - Setting next_dagrun for example_branch_dop_operator_v3 to 2025-02-14T13:58:00+00:00, run_after=2025-02-14T13:59:00+00:00
[2025-02-14 13:59:42,423] {processor.py:161} INFO - Processing /opt/conda/lib/python3.8/site-packages/airflow/example_dags/example_branch_python_dop_operator_3.py took 0.956 seconds
[2025-02-14 14:00:28,886] {processor.py:153} INFO - Started process (PID=1869) to work on /opt/conda/lib/python3.8/site-packages/airflow/example_dags/example_branch_python_dop_operator_3.py
[2025-02-14 14:00:28,940] {processor.py:641} INFO - Processing file /opt/conda/lib/python3.8/site-packages/airflow/example_dags/example_branch_python_dop_operator_3.py for tasks to queue
[2025-02-14 14:00:28,941] {logging_mixin.py:115} INFO - [2025-02-14 14:00:28,941] {dagbag.py:508} INFO - Filling up the DagBag from /opt/conda/lib/python3.8/site-packages/airflow/example_dags/example_branch_python_dop_operator_3.py
[2025-02-14 14:00:29,076] {processor.py:651} INFO - DAG(s) dict_keys(['example_branch_dop_operator_v3']) retrieved from /opt/conda/lib/python3.8/site-packages/airflow/example_dags/example_branch_python_dop_operator_3.py
[2025-02-14 14:00:29,085] {logging_mixin.py:115} INFO - [2025-02-14 14:00:29,084] {dag.py:2420} INFO - Sync 1 DAGs
[2025-02-14 14:00:29,100] {logging_mixin.py:115} INFO - [2025-02-14 14:00:29,100] {dag.py:2968} INFO - Setting next_dagrun for example_branch_dop_operator_v3 to 2025-02-14T13:59:00+00:00, run_after=2025-02-14T14:00:00+00:00
[2025-02-14 14:00:29,118] {processor.py:161} INFO - Processing /opt/conda/lib/python3.8/site-packages/airflow/example_dags/example_branch_python_dop_operator_3.py took 0.236 seconds
[2025-02-14 14:01:11,105] {processor.py:153} INFO - Started process (PID=1906) to work on /opt/conda/lib/python3.8/site-packages/airflow/example_dags/example_branch_python_dop_operator_3.py
[2025-02-14 14:01:11,107] {processor.py:641} INFO - Processing file /opt/conda/lib/python3.8/site-packages/airflow/example_dags/example_branch_python_dop_operator_3.py for tasks to queue
[2025-02-14 14:01:11,107] {logging_mixin.py:115} INFO - [2025-02-14 14:01:11,107] {dagbag.py:508} INFO - Filling up the DagBag from /opt/conda/lib/python3.8/site-packages/airflow/example_dags/example_branch_python_dop_operator_3.py
[2025-02-14 14:01:11,251] {processor.py:651} INFO - DAG(s) dict_keys(['example_branch_dop_operator_v3']) retrieved from /opt/conda/lib/python3.8/site-packages/airflow/example_dags/example_branch_python_dop_operator_3.py
[2025-02-14 14:01:11,260] {logging_mixin.py:115} INFO - [2025-02-14 14:01:11,260] {dag.py:2420} INFO - Sync 1 DAGs
[2025-02-14 14:01:11,275] {logging_mixin.py:115} INFO - [2025-02-14 14:01:11,275] {dag.py:2968} INFO - Setting next_dagrun for example_branch_dop_operator_v3 to 2025-02-14T14:00:00+00:00, run_after=2025-02-14T14:01:00+00:00
[2025-02-14 14:01:11,296] {processor.py:161} INFO - Processing /opt/conda/lib/python3.8/site-packages/airflow/example_dags/example_branch_python_dop_operator_3.py took 0.194 seconds
[2025-02-14 14:01:52,665] {processor.py:153} INFO - Started process (PID=1943) to work on /opt/conda/lib/python3.8/site-packages/airflow/example_dags/example_branch_python_dop_operator_3.py
[2025-02-14 14:01:52,666] {processor.py:641} INFO - Processing file /opt/conda/lib/python3.8/site-packages/airflow/example_dags/example_branch_python_dop_operator_3.py for tasks to queue
[2025-02-14 14:01:52,667] {logging_mixin.py:115} INFO - [2025-02-14 14:01:52,667] {dagbag.py:508} INFO - Filling up the DagBag from /opt/conda/lib/python3.8/site-packages/airflow/example_dags/example_branch_python_dop_operator_3.py
[2025-02-14 14:01:52,813] {processor.py:651} INFO - DAG(s) dict_keys(['example_branch_dop_operator_v3']) retrieved from /opt/conda/lib/python3.8/site-packages/airflow/example_dags/example_branch_python_dop_operator_3.py
[2025-02-14 14:01:52,822] {logging_mixin.py:115} INFO - [2025-02-14 14:01:52,822] {dag.py:2420} INFO - Sync 1 DAGs
[2025-02-14 14:01:52,837] {logging_mixin.py:115} INFO - [2025-02-14 14:01:52,837] {dag.py:2968} INFO - Setting next_dagrun for example_branch_dop_operator_v3 to 2025-02-14T14:00:00+00:00, run_after=2025-02-14T14:01:00+00:00
[2025-02-14 14:01:52,855] {processor.py:161} INFO - Processing /opt/conda/lib/python3.8/site-packages/airflow/example_dags/example_branch_python_dop_operator_3.py took 0.194 seconds
[2025-02-14 14:02:35,485] {processor.py:153} INFO - Started process (PID=1982) to work on /opt/conda/lib/python3.8/site-packages/airflow/example_dags/example_branch_python_dop_operator_3.py
[2025-02-14 14:02:35,487] {processor.py:641} INFO - Processing file /opt/conda/lib/python3.8/site-packages/airflow/example_dags/example_branch_python_dop_operator_3.py for tasks to queue
[2025-02-14 14:02:35,487] {logging_mixin.py:115} INFO - [2025-02-14 14:02:35,487] {dagbag.py:508} INFO - Filling up the DagBag from /opt/conda/lib/python3.8/site-packages/airflow/example_dags/example_branch_python_dop_operator_3.py
[2025-02-14 14:02:35,625] {processor.py:651} INFO - DAG(s) dict_keys(['example_branch_dop_operator_v3']) retrieved from /opt/conda/lib/python3.8/site-packages/airflow/example_dags/example_branch_python_dop_operator_3.py
[2025-02-14 14:02:35,634] {logging_mixin.py:115} INFO - [2025-02-14 14:02:35,634] {dag.py:2420} INFO - Sync 1 DAGs
[2025-02-14 14:02:35,650] {logging_mixin.py:115} INFO - [2025-02-14 14:02:35,650] {dag.py:2968} INFO - Setting next_dagrun for example_branch_dop_operator_v3 to 2025-02-14T14:01:00+00:00, run_after=2025-02-14T14:02:00+00:00
[2025-02-14 14:02:35,674] {processor.py:161} INFO - Processing /opt/conda/lib/python3.8/site-packages/airflow/example_dags/example_branch_python_dop_operator_3.py took 0.192 seconds
[2025-02-14 14:03:21,914] {processor.py:153} INFO - Started process (PID=2023) to work on /opt/conda/lib/python3.8/site-packages/airflow/example_dags/example_branch_python_dop_operator_3.py
[2025-02-14 14:03:21,915] {processor.py:641} INFO - Processing file /opt/conda/lib/python3.8/site-packages/airflow/example_dags/example_branch_python_dop_operator_3.py for tasks to queue
[2025-02-14 14:03:21,915] {logging_mixin.py:115} INFO - [2025-02-14 14:03:21,915] {dagbag.py:508} INFO - Filling up the DagBag from /opt/conda/lib/python3.8/site-packages/airflow/example_dags/example_branch_python_dop_operator_3.py
[2025-02-14 14:03:22,056] {processor.py:651} INFO - DAG(s) dict_keys(['example_branch_dop_operator_v3']) retrieved from /opt/conda/lib/python3.8/site-packages/airflow/example_dags/example_branch_python_dop_operator_3.py
[2025-02-14 14:03:22,064] {logging_mixin.py:115} INFO - [2025-02-14 14:03:22,064] {dag.py:2420} INFO - Sync 1 DAGs
[2025-02-14 14:03:22,080] {logging_mixin.py:115} INFO - [2025-02-14 14:03:22,080] {dag.py:2968} INFO - Setting next_dagrun for example_branch_dop_operator_v3 to 2025-02-14T14:02:00+00:00, run_after=2025-02-14T14:03:00+00:00
[2025-02-14 14:03:22,099] {processor.py:161} INFO - Processing /opt/conda/lib/python3.8/site-packages/airflow/example_dags/example_branch_python_dop_operator_3.py took 0.188 seconds
[2025-02-14 14:04:01,450] {processor.py:153} INFO - Started process (PID=2066) to work on /opt/conda/lib/python3.8/site-packages/airflow/example_dags/example_branch_python_dop_operator_3.py
[2025-02-14 14:04:01,451] {processor.py:641} INFO - Processing file /opt/conda/lib/python3.8/site-packages/airflow/example_dags/example_branch_python_dop_operator_3.py for tasks to queue
[2025-02-14 14:04:01,452] {logging_mixin.py:115} INFO - [2025-02-14 14:04:01,452] {dagbag.py:508} INFO - Filling up the DagBag from /opt/conda/lib/python3.8/site-packages/airflow/example_dags/example_branch_python_dop_operator_3.py
[2025-02-14 14:04:01,596] {processor.py:651} INFO - DAG(s) dict_keys(['example_branch_dop_operator_v3']) retrieved from /opt/conda/lib/python3.8/site-packages/airflow/example_dags/example_branch_python_dop_operator_3.py
[2025-02-14 14:04:01,605] {logging_mixin.py:115} INFO - [2025-02-14 14:04:01,605] {dag.py:2420} INFO - Sync 1 DAGs
[2025-02-14 14:04:01,621] {logging_mixin.py:115} INFO - [2025-02-14 14:04:01,620] {dag.py:2968} INFO - Setting next_dagrun for example_branch_dop_operator_v3 to 2025-02-14T14:03:00+00:00, run_after=2025-02-14T14:04:00+00:00
[2025-02-14 14:04:01,637] {processor.py:161} INFO - Processing /opt/conda/lib/python3.8/site-packages/airflow/example_dags/example_branch_python_dop_operator_3.py took 0.191 seconds
[2025-02-14 14:05:26,281] {processor.py:153} INFO - Started process (PID=2176) to work on /opt/conda/lib/python3.8/site-packages/airflow/example_dags/example_branch_python_dop_operator_3.py
[2025-02-14 14:05:26,283] {processor.py:641} INFO - Processing file /opt/conda/lib/python3.8/site-packages/airflow/example_dags/example_branch_python_dop_operator_3.py for tasks to queue
[2025-02-14 14:05:26,283] {logging_mixin.py:115} INFO - [2025-02-14 14:05:26,283] {dagbag.py:508} INFO - Filling up the DagBag from /opt/conda/lib/python3.8/site-packages/airflow/example_dags/example_branch_python_dop_operator_3.py
[2025-02-14 14:05:26,414] {processor.py:651} INFO - DAG(s) dict_keys(['example_branch_dop_operator_v3']) retrieved from /opt/conda/lib/python3.8/site-packages/airflow/example_dags/example_branch_python_dop_operator_3.py
[2025-02-14 14:05:26,423] {logging_mixin.py:115} INFO - [2025-02-14 14:05:26,423] {dag.py:2420} INFO - Sync 1 DAGs
[2025-02-14 14:05:26,438] {logging_mixin.py:115} INFO - [2025-02-14 14:05:26,438] {dag.py:2968} INFO - Setting next_dagrun for example_branch_dop_operator_v3 to 2025-02-14T14:04:00+00:00, run_after=2025-02-14T14:05:00+00:00
[2025-02-14 14:05:26,458] {processor.py:161} INFO - Processing /opt/conda/lib/python3.8/site-packages/airflow/example_dags/example_branch_python_dop_operator_3.py took 0.180 seconds
[2025-02-14 14:06:10,982] {processor.py:153} INFO - Started process (PID=2230) to work on /opt/conda/lib/python3.8/site-packages/airflow/example_dags/example_branch_python_dop_operator_3.py
[2025-02-14 14:06:10,983] {processor.py:641} INFO - Processing file /opt/conda/lib/python3.8/site-packages/airflow/example_dags/example_branch_python_dop_operator_3.py for tasks to queue
[2025-02-14 14:06:10,984] {logging_mixin.py:115} INFO - [2025-02-14 14:06:10,984] {dagbag.py:508} INFO - Filling up the DagBag from /opt/conda/lib/python3.8/site-packages/airflow/example_dags/example_branch_python_dop_operator_3.py
[2025-02-14 14:06:11,123] {processor.py:651} INFO - DAG(s) dict_keys(['example_branch_dop_operator_v3']) retrieved from /opt/conda/lib/python3.8/site-packages/airflow/example_dags/example_branch_python_dop_operator_3.py
[2025-02-14 14:06:11,132] {logging_mixin.py:115} INFO - [2025-02-14 14:06:11,132] {dag.py:2420} INFO - Sync 1 DAGs
[2025-02-14 14:06:11,147] {logging_mixin.py:115} INFO - [2025-02-14 14:06:11,147] {dag.py:2968} INFO - Setting next_dagrun for example_branch_dop_operator_v3 to 2025-02-14T14:05:00+00:00, run_after=2025-02-14T14:06:00+00:00
[2025-02-14 14:06:11,167] {processor.py:161} INFO - Processing /opt/conda/lib/python3.8/site-packages/airflow/example_dags/example_branch_python_dop_operator_3.py took 0.188 seconds
[2025-02-14 14:06:59,332] {processor.py:153} INFO - Started process (PID=2286) to work on /opt/conda/lib/python3.8/site-packages/airflow/example_dags/example_branch_python_dop_operator_3.py
[2025-02-14 14:06:59,333] {processor.py:641} INFO - Processing file /opt/conda/lib/python3.8/site-packages/airflow/example_dags/example_branch_python_dop_operator_3.py for tasks to queue
[2025-02-14 14:06:59,333] {logging_mixin.py:115} INFO - [2025-02-14 14:06:59,333] {dagbag.py:508} INFO - Filling up the DagBag from /opt/conda/lib/python3.8/site-packages/airflow/example_dags/example_branch_python_dop_operator_3.py
[2025-02-14 14:06:59,471] {processor.py:651} INFO - DAG(s) dict_keys(['example_branch_dop_operator_v3']) retrieved from /opt/conda/lib/python3.8/site-packages/airflow/example_dags/example_branch_python_dop_operator_3.py
[2025-02-14 14:06:59,480] {logging_mixin.py:115} INFO - [2025-02-14 14:06:59,480] {dag.py:2420} INFO - Sync 1 DAGs
[2025-02-14 14:06:59,496] {logging_mixin.py:115} INFO - [2025-02-14 14:06:59,496] {dag.py:2968} INFO - Setting next_dagrun for example_branch_dop_operator_v3 to 2025-02-14T14:05:00+00:00, run_after=2025-02-14T14:06:00+00:00
[2025-02-14 14:06:59,515] {processor.py:161} INFO - Processing /opt/conda/lib/python3.8/site-packages/airflow/example_dags/example_branch_python_dop_operator_3.py took 0.186 seconds
[2025-02-14 14:07:47,921] {processor.py:153} INFO - Started process (PID=2327) to work on /opt/conda/lib/python3.8/site-packages/airflow/example_dags/example_branch_python_dop_operator_3.py
[2025-02-14 14:07:47,922] {processor.py:641} INFO - Processing file /opt/conda/lib/python3.8/site-packages/airflow/example_dags/example_branch_python_dop_operator_3.py for tasks to queue
[2025-02-14 14:07:47,923] {logging_mixin.py:115} INFO - [2025-02-14 14:07:47,923] {dagbag.py:508} INFO - Filling up the DagBag from /opt/conda/lib/python3.8/site-packages/airflow/example_dags/example_branch_python_dop_operator_3.py
[2025-02-14 14:07:48,050] {processor.py:651} INFO - DAG(s) dict_keys(['example_branch_dop_operator_v3']) retrieved from /opt/conda/lib/python3.8/site-packages/airflow/example_dags/example_branch_python_dop_operator_3.py
[2025-02-14 14:07:48,059] {logging_mixin.py:115} INFO - [2025-02-14 14:07:48,059] {dag.py:2420} INFO - Sync 1 DAGs
[2025-02-14 14:07:48,075] {logging_mixin.py:115} INFO - [2025-02-14 14:07:48,075] {dag.py:2968} INFO - Setting next_dagrun for example_branch_dop_operator_v3 to 2025-02-14T14:06:00+00:00, run_after=2025-02-14T14:07:00+00:00
[2025-02-14 14:07:48,094] {processor.py:161} INFO - Processing /opt/conda/lib/python3.8/site-packages/airflow/example_dags/example_branch_python_dop_operator_3.py took 0.175 seconds
[2025-02-14 14:09:22,117] {processor.py:153} INFO - Started process (PID=2434) to work on /opt/conda/lib/python3.8/site-packages/airflow/example_dags/example_branch_python_dop_operator_3.py
[2025-02-14 14:09:22,118] {processor.py:641} INFO - Processing file /opt/conda/lib/python3.8/site-packages/airflow/example_dags/example_branch_python_dop_operator_3.py for tasks to queue
[2025-02-14 14:09:22,119] {logging_mixin.py:115} INFO - [2025-02-14 14:09:22,119] {dagbag.py:508} INFO - Filling up the DagBag from /opt/conda/lib/python3.8/site-packages/airflow/example_dags/example_branch_python_dop_operator_3.py
[2025-02-14 14:09:22,260] {processor.py:651} INFO - DAG(s) dict_keys(['example_branch_dop_operator_v3']) retrieved from /opt/conda/lib/python3.8/site-packages/airflow/example_dags/example_branch_python_dop_operator_3.py
[2025-02-14 14:09:22,270] {logging_mixin.py:115} INFO - [2025-02-14 14:09:22,270] {dag.py:2420} INFO - Sync 1 DAGs
[2025-02-14 14:09:22,286] {logging_mixin.py:115} INFO - [2025-02-14 14:09:22,286] {dag.py:2968} INFO - Setting next_dagrun for example_branch_dop_operator_v3 to 2025-02-14T14:08:00+00:00, run_after=2025-02-14T14:09:00+00:00
[2025-02-14 14:09:22,306] {processor.py:161} INFO - Processing /opt/conda/lib/python3.8/site-packages/airflow/example_dags/example_branch_python_dop_operator_3.py took 0.192 seconds
[2025-02-14 14:10:05,161] {processor.py:153} INFO - Started process (PID=2472) to work on /opt/conda/lib/python3.8/site-packages/airflow/example_dags/example_branch_python_dop_operator_3.py
[2025-02-14 14:10:05,163] {processor.py:641} INFO - Processing file /opt/conda/lib/python3.8/site-packages/airflow/example_dags/example_branch_python_dop_operator_3.py for tasks to queue
[2025-02-14 14:10:05,163] {logging_mixin.py:115} INFO - [2025-02-14 14:10:05,163] {dagbag.py:508} INFO - Filling up the DagBag from /opt/conda/lib/python3.8/site-packages/airflow/example_dags/example_branch_python_dop_operator_3.py
[2025-02-14 14:10:05,294] {processor.py:651} INFO - DAG(s) dict_keys(['example_branch_dop_operator_v3']) retrieved from /opt/conda/lib/python3.8/site-packages/airflow/example_dags/example_branch_python_dop_operator_3.py
[2025-02-14 14:10:05,303] {logging_mixin.py:115} INFO - [2025-02-14 14:10:05,303] {dag.py:2420} INFO - Sync 1 DAGs
[2025-02-14 14:10:05,318] {logging_mixin.py:115} INFO - [2025-02-14 14:10:05,318] {dag.py:2968} INFO - Setting next_dagrun for example_branch_dop_operator_v3 to 2025-02-14T14:09:00+00:00, run_after=2025-02-14T14:10:00+00:00
[2025-02-14 14:10:05,338] {processor.py:161} INFO - Processing /opt/conda/lib/python3.8/site-packages/airflow/example_dags/example_branch_python_dop_operator_3.py took 0.180 seconds
[2025-02-14 14:10:51,285] {processor.py:153} INFO - Started process (PID=2512) to work on /opt/conda/lib/python3.8/site-packages/airflow/example_dags/example_branch_python_dop_operator_3.py
[2025-02-14 14:10:51,287] {processor.py:641} INFO - Processing file /opt/conda/lib/python3.8/site-packages/airflow/example_dags/example_branch_python_dop_operator_3.py for tasks to queue
[2025-02-14 14:10:51,287] {logging_mixin.py:115} INFO - [2025-02-14 14:10:51,287] {dagbag.py:508} INFO - Filling up the DagBag from /opt/conda/lib/python3.8/site-packages/airflow/example_dags/example_branch_python_dop_operator_3.py
[2025-02-14 14:10:51,429] {processor.py:651} INFO - DAG(s) dict_keys(['example_branch_dop_operator_v3']) retrieved from /opt/conda/lib/python3.8/site-packages/airflow/example_dags/example_branch_python_dop_operator_3.py
[2025-02-14 14:10:51,438] {logging_mixin.py:115} INFO - [2025-02-14 14:10:51,438] {dag.py:2420} INFO - Sync 1 DAGs
[2025-02-14 14:10:51,453] {logging_mixin.py:115} INFO - [2025-02-14 14:10:51,453] {dag.py:2968} INFO - Setting next_dagrun for example_branch_dop_operator_v3 to 2025-02-14T14:09:00+00:00, run_after=2025-02-14T14:10:00+00:00
[2025-02-14 14:10:51,559] {processor.py:161} INFO - Processing /opt/conda/lib/python3.8/site-packages/airflow/example_dags/example_branch_python_dop_operator_3.py took 0.277 seconds
[2025-02-14 14:11:39,021] {processor.py:153} INFO - Started process (PID=2569) to work on /opt/conda/lib/python3.8/site-packages/airflow/example_dags/example_branch_python_dop_operator_3.py
[2025-02-14 14:11:39,023] {processor.py:641} INFO - Processing file /opt/conda/lib/python3.8/site-packages/airflow/example_dags/example_branch_python_dop_operator_3.py for tasks to queue
[2025-02-14 14:11:39,023] {logging_mixin.py:115} INFO - [2025-02-14 14:11:39,023] {dagbag.py:508} INFO - Filling up the DagBag from /opt/conda/lib/python3.8/site-packages/airflow/example_dags/example_branch_python_dop_operator_3.py
[2025-02-14 14:11:39,151] {processor.py:651} INFO - DAG(s) dict_keys(['example_branch_dop_operator_v3']) retrieved from /opt/conda/lib/python3.8/site-packages/airflow/example_dags/example_branch_python_dop_operator_3.py
[2025-02-14 14:11:39,160] {logging_mixin.py:115} INFO - [2025-02-14 14:11:39,160] {dag.py:2420} INFO - Sync 1 DAGs
[2025-02-14 14:11:39,175] {logging_mixin.py:115} INFO - [2025-02-14 14:11:39,175] {dag.py:2968} INFO - Setting next_dagrun for example_branch_dop_operator_v3 to 2025-02-14T14:10:00+00:00, run_after=2025-02-14T14:11:00+00:00
[2025-02-14 14:11:39,195] {processor.py:161} INFO - Processing /opt/conda/lib/python3.8/site-packages/airflow/example_dags/example_branch_python_dop_operator_3.py took 0.176 seconds
[2025-02-14 14:12:21,156] {processor.py:153} INFO - Started process (PID=2623) to work on /opt/conda/lib/python3.8/site-packages/airflow/example_dags/example_branch_python_dop_operator_3.py
[2025-02-14 14:12:21,158] {processor.py:641} INFO - Processing file /opt/conda/lib/python3.8/site-packages/airflow/example_dags/example_branch_python_dop_operator_3.py for tasks to queue
[2025-02-14 14:12:21,158] {logging_mixin.py:115} INFO - [2025-02-14 14:12:21,158] {dagbag.py:508} INFO - Filling up the DagBag from /opt/conda/lib/python3.8/site-packages/airflow/example_dags/example_branch_python_dop_operator_3.py
[2025-02-14 14:12:21,300] {processor.py:651} INFO - DAG(s) dict_keys(['example_branch_dop_operator_v3']) retrieved from /opt/conda/lib/python3.8/site-packages/airflow/example_dags/example_branch_python_dop_operator_3.py
[2025-02-14 14:12:21,309] {logging_mixin.py:115} INFO - [2025-02-14 14:12:21,309] {dag.py:2420} INFO - Sync 1 DAGs
[2025-02-14 14:12:21,324] {logging_mixin.py:115} INFO - [2025-02-14 14:12:21,324] {dag.py:2968} INFO - Setting next_dagrun for example_branch_dop_operator_v3 to 2025-02-14T14:11:00+00:00, run_after=2025-02-14T14:12:00+00:00
[2025-02-14 14:12:21,344] {processor.py:161} INFO - Processing /opt/conda/lib/python3.8/site-packages/airflow/example_dags/example_branch_python_dop_operator_3.py took 0.191 seconds
[2025-02-14 14:13:05,672] {processor.py:153} INFO - Started process (PID=2678) to work on /opt/conda/lib/python3.8/site-packages/airflow/example_dags/example_branch_python_dop_operator_3.py
[2025-02-14 14:13:05,673] {processor.py:641} INFO - Processing file /opt/conda/lib/python3.8/site-packages/airflow/example_dags/example_branch_python_dop_operator_3.py for tasks to queue
[2025-02-14 14:13:05,674] {logging_mixin.py:115} INFO - [2025-02-14 14:13:05,674] {dagbag.py:508} INFO - Filling up the DagBag from /opt/conda/lib/python3.8/site-packages/airflow/example_dags/example_branch_python_dop_operator_3.py
[2025-02-14 14:13:05,804] {processor.py:651} INFO - DAG(s) dict_keys(['example_branch_dop_operator_v3']) retrieved from /opt/conda/lib/python3.8/site-packages/airflow/example_dags/example_branch_python_dop_operator_3.py
[2025-02-14 14:13:05,813] {logging_mixin.py:115} INFO - [2025-02-14 14:13:05,813] {dag.py:2420} INFO - Sync 1 DAGs
[2025-02-14 14:13:05,828] {logging_mixin.py:115} INFO - [2025-02-14 14:13:05,828] {dag.py:2968} INFO - Setting next_dagrun for example_branch_dop_operator_v3 to 2025-02-14T14:12:00+00:00, run_after=2025-02-14T14:13:00+00:00
[2025-02-14 14:13:05,846] {processor.py:161} INFO - Processing /opt/conda/lib/python3.8/site-packages/airflow/example_dags/example_branch_python_dop_operator_3.py took 0.177 seconds
[2025-02-14 14:13:47,297] {processor.py:153} INFO - Started process (PID=2730) to work on /opt/conda/lib/python3.8/site-packages/airflow/example_dags/example_branch_python_dop_operator_3.py
[2025-02-14 14:13:47,299] {processor.py:641} INFO - Processing file /opt/conda/lib/python3.8/site-packages/airflow/example_dags/example_branch_python_dop_operator_3.py for tasks to queue
[2025-02-14 14:13:47,299] {logging_mixin.py:115} INFO - [2025-02-14 14:13:47,299] {dagbag.py:508} INFO - Filling up the DagBag from /opt/conda/lib/python3.8/site-packages/airflow/example_dags/example_branch_python_dop_operator_3.py
[2025-02-14 14:13:47,435] {processor.py:651} INFO - DAG(s) dict_keys(['example_branch_dop_operator_v3']) retrieved from /opt/conda/lib/python3.8/site-packages/airflow/example_dags/example_branch_python_dop_operator_3.py
[2025-02-14 14:13:47,444] {logging_mixin.py:115} INFO - [2025-02-14 14:13:47,444] {dag.py:2420} INFO - Sync 1 DAGs
[2025-02-14 14:13:47,459] {logging_mixin.py:115} INFO - [2025-02-14 14:13:47,459] {dag.py:2968} INFO - Setting next_dagrun for example_branch_dop_operator_v3 to 2025-02-14T14:12:00+00:00, run_after=2025-02-14T14:13:00+00:00
[2025-02-14 14:13:47,480] {processor.py:161} INFO - Processing /opt/conda/lib/python3.8/site-packages/airflow/example_dags/example_branch_python_dop_operator_3.py took 0.185 seconds
[2025-02-14 14:14:27,972] {processor.py:153} INFO - Started process (PID=2783) to work on /opt/conda/lib/python3.8/site-packages/airflow/example_dags/example_branch_python_dop_operator_3.py
[2025-02-14 14:14:27,974] {processor.py:641} INFO - Processing file /opt/conda/lib/python3.8/site-packages/airflow/example_dags/example_branch_python_dop_operator_3.py for tasks to queue
[2025-02-14 14:14:27,975] {logging_mixin.py:115} INFO - [2025-02-14 14:14:27,974] {dagbag.py:508} INFO - Filling up the DagBag from /opt/conda/lib/python3.8/site-packages/airflow/example_dags/example_branch_python_dop_operator_3.py
[2025-02-14 14:14:27,985] {processor.py:651} INFO - DAG(s) dict_keys(['example_branch_dop_operator_v3']) retrieved from /opt/conda/lib/python3.8/site-packages/airflow/example_dags/example_branch_python_dop_operator_3.py
[2025-02-14 14:14:28,001] {logging_mixin.py:115} INFO - [2025-02-14 14:14:28,001] {dag.py:2420} INFO - Sync 1 DAGs
[2025-02-14 14:14:28,024] {logging_mixin.py:115} INFO - [2025-02-14 14:14:28,024] {dag.py:2968} INFO - Setting next_dagrun for example_branch_dop_operator_v3 to 2025-02-14T14:13:00+00:00, run_after=2025-02-14T14:14:00+00:00
[2025-02-14 14:14:28,044] {processor.py:161} INFO - Processing /opt/conda/lib/python3.8/site-packages/airflow/example_dags/example_branch_python_dop_operator_3.py took 0.075 seconds
[2025-02-14 14:15:09,241] {processor.py:153} INFO - Started process (PID=2846) to work on /opt/conda/lib/python3.8/site-packages/airflow/example_dags/example_branch_python_dop_operator_3.py
[2025-02-14 14:15:09,272] {processor.py:641} INFO - Processing file /opt/conda/lib/python3.8/site-packages/airflow/example_dags/example_branch_python_dop_operator_3.py for tasks to queue
[2025-02-14 14:15:09,273] {logging_mixin.py:115} INFO - [2025-02-14 14:15:09,273] {dagbag.py:508} INFO - Filling up the DagBag from /opt/conda/lib/python3.8/site-packages/airflow/example_dags/example_branch_python_dop_operator_3.py
[2025-02-14 14:15:09,283] {processor.py:651} INFO - DAG(s) dict_keys(['example_branch_dop_operator_v3']) retrieved from /opt/conda/lib/python3.8/site-packages/airflow/example_dags/example_branch_python_dop_operator_3.py
[2025-02-14 14:15:09,299] {logging_mixin.py:115} INFO - [2025-02-14 14:15:09,299] {dag.py:2420} INFO - Sync 1 DAGs
[2025-02-14 14:15:09,322] {logging_mixin.py:115} INFO - [2025-02-14 14:15:09,322] {dag.py:2968} INFO - Setting next_dagrun for example_branch_dop_operator_v3 to 2025-02-14T14:14:00+00:00, run_after=2025-02-14T14:15:00+00:00
[2025-02-14 14:15:09,346] {processor.py:161} INFO - Processing /opt/conda/lib/python3.8/site-packages/airflow/example_dags/example_branch_python_dop_operator_3.py took 0.108 seconds
[2025-02-14 14:15:51,301] {processor.py:153} INFO - Started process (PID=2909) to work on /opt/conda/lib/python3.8/site-packages/airflow/example_dags/example_branch_python_dop_operator_3.py
[2025-02-14 14:15:51,302] {processor.py:641} INFO - Processing file /opt/conda/lib/python3.8/site-packages/airflow/example_dags/example_branch_python_dop_operator_3.py for tasks to queue
[2025-02-14 14:15:51,303] {logging_mixin.py:115} INFO - [2025-02-14 14:15:51,303] {dagbag.py:508} INFO - Filling up the DagBag from /opt/conda/lib/python3.8/site-packages/airflow/example_dags/example_branch_python_dop_operator_3.py
[2025-02-14 14:15:51,313] {processor.py:651} INFO - DAG(s) dict_keys(['example_branch_dop_operator_v3']) retrieved from /opt/conda/lib/python3.8/site-packages/airflow/example_dags/example_branch_python_dop_operator_3.py
[2025-02-14 14:15:51,329] {logging_mixin.py:115} INFO - [2025-02-14 14:15:51,328] {dag.py:2420} INFO - Sync 1 DAGs
[2025-02-14 14:15:51,348] {logging_mixin.py:115} INFO - [2025-02-14 14:15:51,348] {dag.py:2968} INFO - Setting next_dagrun for example_branch_dop_operator_v3 to 2025-02-14T14:14:00+00:00, run_after=2025-02-14T14:15:00+00:00
[2025-02-14 14:15:51,368] {processor.py:161} INFO - Processing /opt/conda/lib/python3.8/site-packages/airflow/example_dags/example_branch_python_dop_operator_3.py took 0.070 seconds
[2025-02-14 14:16:47,962] {processor.py:153} INFO - Started process (PID=3011) to work on /opt/conda/lib/python3.8/site-packages/airflow/example_dags/example_branch_python_dop_operator_3.py
[2025-02-14 14:16:48,075] {processor.py:641} INFO - Processing file /opt/conda/lib/python3.8/site-packages/airflow/example_dags/example_branch_python_dop_operator_3.py for tasks to queue
[2025-02-14 14:16:48,076] {logging_mixin.py:115} INFO - [2025-02-14 14:16:48,076] {dagbag.py:508} INFO - Filling up the DagBag from /opt/conda/lib/python3.8/site-packages/airflow/example_dags/example_branch_python_dop_operator_3.py
[2025-02-14 14:16:48,278] {processor.py:651} INFO - DAG(s) dict_keys(['example_branch_dop_operator_v3']) retrieved from /opt/conda/lib/python3.8/site-packages/airflow/example_dags/example_branch_python_dop_operator_3.py
[2025-02-14 14:16:48,291] {logging_mixin.py:115} INFO - [2025-02-14 14:16:48,291] {dag.py:2420} INFO - Sync 1 DAGs
[2025-02-14 14:16:48,316] {logging_mixin.py:115} INFO - [2025-02-14 14:16:48,316] {dag.py:2968} INFO - Setting next_dagrun for example_branch_dop_operator_v3 to 2025-02-14T14:15:00+00:00, run_after=2025-02-14T14:16:00+00:00
[2025-02-14 14:16:48,342] {processor.py:161} INFO - Processing /opt/conda/lib/python3.8/site-packages/airflow/example_dags/example_branch_python_dop_operator_3.py took 0.384 seconds
[2025-02-14 14:17:34,234] {processor.py:153} INFO - Started process (PID=3065) to work on /opt/conda/lib/python3.8/site-packages/airflow/example_dags/example_branch_python_dop_operator_3.py
[2025-02-14 14:17:34,236] {processor.py:641} INFO - Processing file /opt/conda/lib/python3.8/site-packages/airflow/example_dags/example_branch_python_dop_operator_3.py for tasks to queue
[2025-02-14 14:17:34,236] {logging_mixin.py:115} INFO - [2025-02-14 14:17:34,236] {dagbag.py:508} INFO - Filling up the DagBag from /opt/conda/lib/python3.8/site-packages/airflow/example_dags/example_branch_python_dop_operator_3.py
[2025-02-14 14:17:34,383] {processor.py:651} INFO - DAG(s) dict_keys(['example_branch_dop_operator_v3']) retrieved from /opt/conda/lib/python3.8/site-packages/airflow/example_dags/example_branch_python_dop_operator_3.py
[2025-02-14 14:17:34,392] {logging_mixin.py:115} INFO - [2025-02-14 14:17:34,392] {dag.py:2420} INFO - Sync 1 DAGs
[2025-02-14 14:17:34,408] {logging_mixin.py:115} INFO - [2025-02-14 14:17:34,408] {dag.py:2968} INFO - Setting next_dagrun for example_branch_dop_operator_v3 to 2025-02-14T14:16:00+00:00, run_after=2025-02-14T14:17:00+00:00
[2025-02-14 14:17:34,591] {processor.py:161} INFO - Processing /opt/conda/lib/python3.8/site-packages/airflow/example_dags/example_branch_python_dop_operator_3.py took 0.360 seconds
[2025-02-14 14:19:01,557] {processor.py:153} INFO - Started process (PID=3203) to work on /opt/conda/lib/python3.8/site-packages/airflow/example_dags/example_branch_python_dop_operator_3.py
[2025-02-14 14:19:01,558] {processor.py:641} INFO - Processing file /opt/conda/lib/python3.8/site-packages/airflow/example_dags/example_branch_python_dop_operator_3.py for tasks to queue
[2025-02-14 14:19:01,559] {logging_mixin.py:115} INFO - [2025-02-14 14:19:01,559] {dagbag.py:508} INFO - Filling up the DagBag from /opt/conda/lib/python3.8/site-packages/airflow/example_dags/example_branch_python_dop_operator_3.py
[2025-02-14 14:19:01,688] {processor.py:651} INFO - DAG(s) dict_keys(['example_branch_dop_operator_v3']) retrieved from /opt/conda/lib/python3.8/site-packages/airflow/example_dags/example_branch_python_dop_operator_3.py
[2025-02-14 14:19:01,697] {logging_mixin.py:115} INFO - [2025-02-14 14:19:01,697] {dag.py:2420} INFO - Sync 1 DAGs
[2025-02-14 14:19:01,712] {logging_mixin.py:115} INFO - [2025-02-14 14:19:01,712] {dag.py:2968} INFO - Setting next_dagrun for example_branch_dop_operator_v3 to 2025-02-14T14:18:00+00:00, run_after=2025-02-14T14:19:00+00:00
[2025-02-14 14:19:01,739] {processor.py:161} INFO - Processing /opt/conda/lib/python3.8/site-packages/airflow/example_dags/example_branch_python_dop_operator_3.py took 0.185 seconds
[2025-02-14 14:20:52,268] {processor.py:153} INFO - Started process (PID=3294) to work on /opt/conda/lib/python3.8/site-packages/airflow/example_dags/example_branch_python_dop_operator_3.py
[2025-02-14 14:20:52,270] {processor.py:641} INFO - Processing file /opt/conda/lib/python3.8/site-packages/airflow/example_dags/example_branch_python_dop_operator_3.py for tasks to queue
[2025-02-14 14:20:52,270] {logging_mixin.py:115} INFO - [2025-02-14 14:20:52,270] {dagbag.py:508} INFO - Filling up the DagBag from /opt/conda/lib/python3.8/site-packages/airflow/example_dags/example_branch_python_dop_operator_3.py
[2025-02-14 14:20:52,412] {processor.py:651} INFO - DAG(s) dict_keys(['example_branch_dop_operator_v3']) retrieved from /opt/conda/lib/python3.8/site-packages/airflow/example_dags/example_branch_python_dop_operator_3.py
[2025-02-14 14:20:52,421] {logging_mixin.py:115} INFO - [2025-02-14 14:20:52,421] {dag.py:2420} INFO - Sync 1 DAGs
[2025-02-14 14:20:52,437] {logging_mixin.py:115} INFO - [2025-02-14 14:20:52,437] {dag.py:2968} INFO - Setting next_dagrun for example_branch_dop_operator_v3 to 2025-02-14T14:19:00+00:00, run_after=2025-02-14T14:20:00+00:00
[2025-02-14 14:20:52,457] {processor.py:161} INFO - Processing /opt/conda/lib/python3.8/site-packages/airflow/example_dags/example_branch_python_dop_operator_3.py took 0.192 seconds
[2025-02-14 14:21:39,485] {processor.py:153} INFO - Started process (PID=3350) to work on /opt/conda/lib/python3.8/site-packages/airflow/example_dags/example_branch_python_dop_operator_3.py
[2025-02-14 14:21:39,487] {processor.py:641} INFO - Processing file /opt/conda/lib/python3.8/site-packages/airflow/example_dags/example_branch_python_dop_operator_3.py for tasks to queue
[2025-02-14 14:21:39,487] {logging_mixin.py:115} INFO - [2025-02-14 14:21:39,487] {dagbag.py:508} INFO - Filling up the DagBag from /opt/conda/lib/python3.8/site-packages/airflow/example_dags/example_branch_python_dop_operator_3.py
[2025-02-14 14:21:39,634] {processor.py:651} INFO - DAG(s) dict_keys(['example_branch_dop_operator_v3']) retrieved from /opt/conda/lib/python3.8/site-packages/airflow/example_dags/example_branch_python_dop_operator_3.py
[2025-02-14 14:21:39,643] {logging_mixin.py:115} INFO - [2025-02-14 14:21:39,643] {dag.py:2420} INFO - Sync 1 DAGs
[2025-02-14 14:21:39,659] {logging_mixin.py:115} INFO - [2025-02-14 14:21:39,659] {dag.py:2968} INFO - Setting next_dagrun for example_branch_dop_operator_v3 to 2025-02-14T14:20:00+00:00, run_after=2025-02-14T14:21:00+00:00
[2025-02-14 14:21:39,680] {processor.py:161} INFO - Processing /opt/conda/lib/python3.8/site-packages/airflow/example_dags/example_branch_python_dop_operator_3.py took 0.198 seconds
[2025-02-14 14:22:25,705] {processor.py:153} INFO - Started process (PID=3413) to work on /opt/conda/lib/python3.8/site-packages/airflow/example_dags/example_branch_python_dop_operator_3.py
[2025-02-14 14:22:25,707] {processor.py:641} INFO - Processing file /opt/conda/lib/python3.8/site-packages/airflow/example_dags/example_branch_python_dop_operator_3.py for tasks to queue
[2025-02-14 14:22:25,707] {logging_mixin.py:115} INFO - [2025-02-14 14:22:25,707] {dagbag.py:508} INFO - Filling up the DagBag from /opt/conda/lib/python3.8/site-packages/airflow/example_dags/example_branch_python_dop_operator_3.py
[2025-02-14 14:22:25,851] {processor.py:651} INFO - DAG(s) dict_keys(['example_branch_dop_operator_v3']) retrieved from /opt/conda/lib/python3.8/site-packages/airflow/example_dags/example_branch_python_dop_operator_3.py
[2025-02-14 14:22:25,861] {logging_mixin.py:115} INFO - [2025-02-14 14:22:25,861] {dag.py:2420} INFO - Sync 1 DAGs
[2025-02-14 14:22:25,877] {logging_mixin.py:115} INFO - [2025-02-14 14:22:25,877] {dag.py:2968} INFO - Setting next_dagrun for example_branch_dop_operator_v3 to 2025-02-14T14:21:00+00:00, run_after=2025-02-14T14:22:00+00:00
[2025-02-14 14:22:25,895] {processor.py:161} INFO - Processing /opt/conda/lib/python3.8/site-packages/airflow/example_dags/example_branch_python_dop_operator_3.py took 0.193 seconds
[2025-02-14 14:23:41,120] {processor.py:153} INFO - Started process (PID=3551) to work on /opt/conda/lib/python3.8/site-packages/airflow/example_dags/example_branch_python_dop_operator_3.py
[2025-02-14 14:23:41,121] {processor.py:641} INFO - Processing file /opt/conda/lib/python3.8/site-packages/airflow/example_dags/example_branch_python_dop_operator_3.py for tasks to queue
[2025-02-14 14:23:41,122] {logging_mixin.py:115} INFO - [2025-02-14 14:23:41,122] {dagbag.py:508} INFO - Filling up the DagBag from /opt/conda/lib/python3.8/site-packages/airflow/example_dags/example_branch_python_dop_operator_3.py
[2025-02-14 14:23:41,264] {processor.py:651} INFO - DAG(s) dict_keys(['example_branch_dop_operator_v3']) retrieved from /opt/conda/lib/python3.8/site-packages/airflow/example_dags/example_branch_python_dop_operator_3.py
[2025-02-14 14:23:41,276] {logging_mixin.py:115} INFO - [2025-02-14 14:23:41,276] {dag.py:2420} INFO - Sync 1 DAGs
[2025-02-14 14:23:41,295] {logging_mixin.py:115} INFO - [2025-02-14 14:23:41,295] {dag.py:2968} INFO - Setting next_dagrun for example_branch_dop_operator_v3 to 2025-02-14T14:22:00+00:00, run_after=2025-02-14T14:23:00+00:00
[2025-02-14 14:23:41,315] {processor.py:161} INFO - Processing /opt/conda/lib/python3.8/site-packages/airflow/example_dags/example_branch_python_dop_operator_3.py took 0.198 seconds
[2025-02-14 14:24:23,449] {processor.py:153} INFO - Started process (PID=3605) to work on /opt/conda/lib/python3.8/site-packages/airflow/example_dags/example_branch_python_dop_operator_3.py
[2025-02-14 14:24:23,450] {processor.py:641} INFO - Processing file /opt/conda/lib/python3.8/site-packages/airflow/example_dags/example_branch_python_dop_operator_3.py for tasks to queue
[2025-02-14 14:24:23,451] {logging_mixin.py:115} INFO - [2025-02-14 14:24:23,450] {dagbag.py:508} INFO - Filling up the DagBag from /opt/conda/lib/python3.8/site-packages/airflow/example_dags/example_branch_python_dop_operator_3.py
[2025-02-14 14:24:23,580] {processor.py:651} INFO - DAG(s) dict_keys(['example_branch_dop_operator_v3']) retrieved from /opt/conda/lib/python3.8/site-packages/airflow/example_dags/example_branch_python_dop_operator_3.py
[2025-02-14 14:24:23,589] {logging_mixin.py:115} INFO - [2025-02-14 14:24:23,589] {dag.py:2420} INFO - Sync 1 DAGs
[2025-02-14 14:24:23,604] {logging_mixin.py:115} INFO - [2025-02-14 14:24:23,604] {dag.py:2968} INFO - Setting next_dagrun for example_branch_dop_operator_v3 to 2025-02-14T14:23:00+00:00, run_after=2025-02-14T14:24:00+00:00
[2025-02-14 14:24:23,625] {processor.py:161} INFO - Processing /opt/conda/lib/python3.8/site-packages/airflow/example_dags/example_branch_python_dop_operator_3.py took 0.179 seconds
[2025-02-14 14:25:08,853] {processor.py:153} INFO - Started process (PID=3659) to work on /opt/conda/lib/python3.8/site-packages/airflow/example_dags/example_branch_python_dop_operator_3.py
[2025-02-14 14:25:08,881] {processor.py:641} INFO - Processing file /opt/conda/lib/python3.8/site-packages/airflow/example_dags/example_branch_python_dop_operator_3.py for tasks to queue
[2025-02-14 14:25:08,882] {logging_mixin.py:115} INFO - [2025-02-14 14:25:08,882] {dagbag.py:508} INFO - Filling up the DagBag from /opt/conda/lib/python3.8/site-packages/airflow/example_dags/example_branch_python_dop_operator_3.py
[2025-02-14 14:25:09,022] {processor.py:651} INFO - DAG(s) dict_keys(['example_branch_dop_operator_v3']) retrieved from /opt/conda/lib/python3.8/site-packages/airflow/example_dags/example_branch_python_dop_operator_3.py
[2025-02-14 14:25:09,031] {logging_mixin.py:115} INFO - [2025-02-14 14:25:09,031] {dag.py:2420} INFO - Sync 1 DAGs
[2025-02-14 14:25:09,047] {logging_mixin.py:115} INFO - [2025-02-14 14:25:09,047] {dag.py:2968} INFO - Setting next_dagrun for example_branch_dop_operator_v3 to 2025-02-14T14:24:00+00:00, run_after=2025-02-14T14:25:00+00:00
[2025-02-14 14:25:09,066] {processor.py:161} INFO - Processing /opt/conda/lib/python3.8/site-packages/airflow/example_dags/example_branch_python_dop_operator_3.py took 0.215 seconds
[2025-02-14 14:25:53,412] {processor.py:153} INFO - Started process (PID=3713) to work on /opt/conda/lib/python3.8/site-packages/airflow/example_dags/example_branch_python_dop_operator_3.py
[2025-02-14 14:25:53,414] {processor.py:641} INFO - Processing file /opt/conda/lib/python3.8/site-packages/airflow/example_dags/example_branch_python_dop_operator_3.py for tasks to queue
[2025-02-14 14:25:53,414] {logging_mixin.py:115} INFO - [2025-02-14 14:25:53,414] {dagbag.py:508} INFO - Filling up the DagBag from /opt/conda/lib/python3.8/site-packages/airflow/example_dags/example_branch_python_dop_operator_3.py
[2025-02-14 14:25:53,554] {processor.py:651} INFO - DAG(s) dict_keys(['example_branch_dop_operator_v3']) retrieved from /opt/conda/lib/python3.8/site-packages/airflow/example_dags/example_branch_python_dop_operator_3.py
[2025-02-14 14:25:53,563] {logging_mixin.py:115} INFO - [2025-02-14 14:25:53,563] {dag.py:2420} INFO - Sync 1 DAGs
[2025-02-14 14:25:53,578] {logging_mixin.py:115} INFO - [2025-02-14 14:25:53,578] {dag.py:2968} INFO - Setting next_dagrun for example_branch_dop_operator_v3 to 2025-02-14T14:24:00+00:00, run_after=2025-02-14T14:25:00+00:00
[2025-02-14 14:25:53,603] {processor.py:161} INFO - Processing /opt/conda/lib/python3.8/site-packages/airflow/example_dags/example_branch_python_dop_operator_3.py took 0.194 seconds
[2025-02-14 14:26:34,256] {processor.py:153} INFO - Started process (PID=3765) to work on /opt/conda/lib/python3.8/site-packages/airflow/example_dags/example_branch_python_dop_operator_3.py
[2025-02-14 14:26:34,258] {processor.py:641} INFO - Processing file /opt/conda/lib/python3.8/site-packages/airflow/example_dags/example_branch_python_dop_operator_3.py for tasks to queue
[2025-02-14 14:26:34,259] {logging_mixin.py:115} INFO - [2025-02-14 14:26:34,259] {dagbag.py:508} INFO - Filling up the DagBag from /opt/conda/lib/python3.8/site-packages/airflow/example_dags/example_branch_python_dop_operator_3.py
[2025-02-14 14:26:34,458] {processor.py:651} INFO - DAG(s) dict_keys(['example_branch_dop_operator_v3']) retrieved from /opt/conda/lib/python3.8/site-packages/airflow/example_dags/example_branch_python_dop_operator_3.py
[2025-02-14 14:26:34,472] {logging_mixin.py:115} INFO - [2025-02-14 14:26:34,472] {dag.py:2420} INFO - Sync 1 DAGs
[2025-02-14 14:26:34,497] {logging_mixin.py:115} INFO - [2025-02-14 14:26:34,497] {dag.py:2968} INFO - Setting next_dagrun for example_branch_dop_operator_v3 to 2025-02-14T14:25:00+00:00, run_after=2025-02-14T14:26:00+00:00
[2025-02-14 14:26:34,520] {processor.py:161} INFO - Processing /opt/conda/lib/python3.8/site-packages/airflow/example_dags/example_branch_python_dop_operator_3.py took 0.268 seconds
[2025-02-14 14:27:16,501] {processor.py:153} INFO - Started process (PID=3817) to work on /opt/conda/lib/python3.8/site-packages/airflow/example_dags/example_branch_python_dop_operator_3.py
[2025-02-14 14:27:16,503] {processor.py:641} INFO - Processing file /opt/conda/lib/python3.8/site-packages/airflow/example_dags/example_branch_python_dop_operator_3.py for tasks to queue
[2025-02-14 14:27:16,503] {logging_mixin.py:115} INFO - [2025-02-14 14:27:16,503] {dagbag.py:508} INFO - Filling up the DagBag from /opt/conda/lib/python3.8/site-packages/airflow/example_dags/example_branch_python_dop_operator_3.py
[2025-02-14 14:27:16,640] {processor.py:651} INFO - DAG(s) dict_keys(['example_branch_dop_operator_v3']) retrieved from /opt/conda/lib/python3.8/site-packages/airflow/example_dags/example_branch_python_dop_operator_3.py
[2025-02-14 14:27:16,649] {logging_mixin.py:115} INFO - [2025-02-14 14:27:16,649] {dag.py:2420} INFO - Sync 1 DAGs
[2025-02-14 14:27:16,665] {logging_mixin.py:115} INFO - [2025-02-14 14:27:16,665] {dag.py:2968} INFO - Setting next_dagrun for example_branch_dop_operator_v3 to 2025-02-14T14:26:00+00:00, run_after=2025-02-14T14:27:00+00:00
[2025-02-14 14:27:16,683] {processor.py:161} INFO - Processing /opt/conda/lib/python3.8/site-packages/airflow/example_dags/example_branch_python_dop_operator_3.py took 0.184 seconds
[2025-02-14 14:28:02,597] {processor.py:153} INFO - Started process (PID=3871) to work on /opt/conda/lib/python3.8/site-packages/airflow/example_dags/example_branch_python_dop_operator_3.py
[2025-02-14 14:28:02,602] {processor.py:641} INFO - Processing file /opt/conda/lib/python3.8/site-packages/airflow/example_dags/example_branch_python_dop_operator_3.py for tasks to queue
[2025-02-14 14:28:02,602] {logging_mixin.py:115} INFO - [2025-02-14 14:28:02,602] {dagbag.py:508} INFO - Filling up the DagBag from /opt/conda/lib/python3.8/site-packages/airflow/example_dags/example_branch_python_dop_operator_3.py
[2025-02-14 14:28:02,730] {processor.py:651} INFO - DAG(s) dict_keys(['example_branch_dop_operator_v3']) retrieved from /opt/conda/lib/python3.8/site-packages/airflow/example_dags/example_branch_python_dop_operator_3.py
[2025-02-14 14:28:02,739] {logging_mixin.py:115} INFO - [2025-02-14 14:28:02,739] {dag.py:2420} INFO - Sync 1 DAGs
[2025-02-14 14:28:02,754] {logging_mixin.py:115} INFO - [2025-02-14 14:28:02,754] {dag.py:2968} INFO - Setting next_dagrun for example_branch_dop_operator_v3 to 2025-02-14T14:27:00+00:00, run_after=2025-02-14T14:28:00+00:00
[2025-02-14 14:28:02,773] {processor.py:161} INFO - Processing /opt/conda/lib/python3.8/site-packages/airflow/example_dags/example_branch_python_dop_operator_3.py took 0.179 seconds
[2025-02-14 14:28:47,925] {processor.py:153} INFO - Started process (PID=3934) to work on /opt/conda/lib/python3.8/site-packages/airflow/example_dags/example_branch_python_dop_operator_3.py
[2025-02-14 14:28:47,927] {processor.py:641} INFO - Processing file /opt/conda/lib/python3.8/site-packages/airflow/example_dags/example_branch_python_dop_operator_3.py for tasks to queue
[2025-02-14 14:28:47,927] {logging_mixin.py:115} INFO - [2025-02-14 14:28:47,927] {dagbag.py:508} INFO - Filling up the DagBag from /opt/conda/lib/python3.8/site-packages/airflow/example_dags/example_branch_python_dop_operator_3.py
[2025-02-14 14:28:47,937] {processor.py:651} INFO - DAG(s) dict_keys(['example_branch_dop_operator_v3']) retrieved from /opt/conda/lib/python3.8/site-packages/airflow/example_dags/example_branch_python_dop_operator_3.py
[2025-02-14 14:28:47,954] {logging_mixin.py:115} INFO - [2025-02-14 14:28:47,953] {dag.py:2420} INFO - Sync 1 DAGs
[2025-02-14 14:28:47,977] {logging_mixin.py:115} INFO - [2025-02-14 14:28:47,977] {dag.py:2968} INFO - Setting next_dagrun for example_branch_dop_operator_v3 to 2025-02-14T14:27:00+00:00, run_after=2025-02-14T14:28:00+00:00
[2025-02-14 14:28:48,000] {processor.py:161} INFO - Processing /opt/conda/lib/python3.8/site-packages/airflow/example_dags/example_branch_python_dop_operator_3.py took 0.078 seconds
[2025-02-14 14:29:28,601] {processor.py:153} INFO - Started process (PID=3997) to work on /opt/conda/lib/python3.8/site-packages/airflow/example_dags/example_branch_python_dop_operator_3.py
[2025-02-14 14:29:28,602] {processor.py:641} INFO - Processing file /opt/conda/lib/python3.8/site-packages/airflow/example_dags/example_branch_python_dop_operator_3.py for tasks to queue
[2025-02-14 14:29:28,603] {logging_mixin.py:115} INFO - [2025-02-14 14:29:28,603] {dagbag.py:508} INFO - Filling up the DagBag from /opt/conda/lib/python3.8/site-packages/airflow/example_dags/example_branch_python_dop_operator_3.py
[2025-02-14 14:29:28,612] {processor.py:651} INFO - DAG(s) dict_keys(['example_branch_dop_operator_v3']) retrieved from /opt/conda/lib/python3.8/site-packages/airflow/example_dags/example_branch_python_dop_operator_3.py
[2025-02-14 14:29:28,626] {logging_mixin.py:115} INFO - [2025-02-14 14:29:28,626] {dag.py:2420} INFO - Sync 1 DAGs
[2025-02-14 14:29:28,644] {logging_mixin.py:115} INFO - [2025-02-14 14:29:28,644] {dag.py:2968} INFO - Setting next_dagrun for example_branch_dop_operator_v3 to 2025-02-14T14:28:00+00:00, run_after=2025-02-14T14:29:00+00:00
[2025-02-14 14:29:28,668] {processor.py:161} INFO - Processing /opt/conda/lib/python3.8/site-packages/airflow/example_dags/example_branch_python_dop_operator_3.py took 0.070 seconds
[2025-02-14 14:30:10,661] {processor.py:153} INFO - Started process (PID=4053) to work on /opt/conda/lib/python3.8/site-packages/airflow/example_dags/example_branch_python_dop_operator_3.py
[2025-02-14 14:30:10,662] {processor.py:641} INFO - Processing file /opt/conda/lib/python3.8/site-packages/airflow/example_dags/example_branch_python_dop_operator_3.py for tasks to queue
[2025-02-14 14:30:10,663] {logging_mixin.py:115} INFO - [2025-02-14 14:30:10,663] {dagbag.py:508} INFO - Filling up the DagBag from /opt/conda/lib/python3.8/site-packages/airflow/example_dags/example_branch_python_dop_operator_3.py
[2025-02-14 14:30:10,673] {processor.py:651} INFO - DAG(s) dict_keys(['example_branch_dop_operator_v3']) retrieved from /opt/conda/lib/python3.8/site-packages/airflow/example_dags/example_branch_python_dop_operator_3.py
[2025-02-14 14:30:10,689] {logging_mixin.py:115} INFO - [2025-02-14 14:30:10,689] {dag.py:2420} INFO - Sync 1 DAGs
[2025-02-14 14:30:10,712] {logging_mixin.py:115} INFO - [2025-02-14 14:30:10,712] {dag.py:2968} INFO - Setting next_dagrun for example_branch_dop_operator_v3 to 2025-02-14T14:29:00+00:00, run_after=2025-02-14T14:30:00+00:00
[2025-02-14 14:30:10,745] {processor.py:161} INFO - Processing /opt/conda/lib/python3.8/site-packages/airflow/example_dags/example_branch_python_dop_operator_3.py took 0.088 seconds
[2025-02-14 14:30:46,908] {processor.py:153} INFO - Started process (PID=4105) to work on /opt/conda/lib/python3.8/site-packages/airflow/example_dags/example_branch_python_dop_operator_3.py
[2025-02-14 14:30:46,910] {processor.py:641} INFO - Processing file /opt/conda/lib/python3.8/site-packages/airflow/example_dags/example_branch_python_dop_operator_3.py for tasks to queue
[2025-02-14 14:30:46,910] {logging_mixin.py:115} INFO - [2025-02-14 14:30:46,910] {dagbag.py:508} INFO - Filling up the DagBag from /opt/conda/lib/python3.8/site-packages/airflow/example_dags/example_branch_python_dop_operator_3.py
[2025-02-14 14:30:46,920] {processor.py:651} INFO - DAG(s) dict_keys(['example_branch_dop_operator_v3']) retrieved from /opt/conda/lib/python3.8/site-packages/airflow/example_dags/example_branch_python_dop_operator_3.py
[2025-02-14 14:30:46,936] {logging_mixin.py:115} INFO - [2025-02-14 14:30:46,936] {dag.py:2420} INFO - Sync 1 DAGs
[2025-02-14 14:30:46,959] {logging_mixin.py:115} INFO - [2025-02-14 14:30:46,959] {dag.py:2968} INFO - Setting next_dagrun for example_branch_dop_operator_v3 to 2025-02-14T14:29:00+00:00, run_after=2025-02-14T14:30:00+00:00
[2025-02-14 14:30:46,978] {processor.py:161} INFO - Processing /opt/conda/lib/python3.8/site-packages/airflow/example_dags/example_branch_python_dop_operator_3.py took 0.073 seconds
[2025-02-14 14:31:25,742] {processor.py:153} INFO - Started process (PID=4159) to work on /opt/conda/lib/python3.8/site-packages/airflow/example_dags/example_branch_python_dop_operator_3.py
[2025-02-14 14:31:25,744] {processor.py:641} INFO - Processing file /opt/conda/lib/python3.8/site-packages/airflow/example_dags/example_branch_python_dop_operator_3.py for tasks to queue
[2025-02-14 14:31:25,744] {logging_mixin.py:115} INFO - [2025-02-14 14:31:25,744] {dagbag.py:508} INFO - Filling up the DagBag from /opt/conda/lib/python3.8/site-packages/airflow/example_dags/example_branch_python_dop_operator_3.py
[2025-02-14 14:31:25,754] {processor.py:651} INFO - DAG(s) dict_keys(['example_branch_dop_operator_v3']) retrieved from /opt/conda/lib/python3.8/site-packages/airflow/example_dags/example_branch_python_dop_operator_3.py
[2025-02-14 14:31:25,768] {logging_mixin.py:115} INFO - [2025-02-14 14:31:25,768] {dag.py:2420} INFO - Sync 1 DAGs
[2025-02-14 14:31:25,791] {logging_mixin.py:115} INFO - [2025-02-14 14:31:25,791] {dag.py:2968} INFO - Setting next_dagrun for example_branch_dop_operator_v3 to 2025-02-14T14:30:00+00:00, run_after=2025-02-14T14:31:00+00:00
[2025-02-14 14:31:25,814] {processor.py:161} INFO - Processing /opt/conda/lib/python3.8/site-packages/airflow/example_dags/example_branch_python_dop_operator_3.py took 0.075 seconds
[2025-02-14 14:33:22,966] {processor.py:153} INFO - Started process (PID=4353) to work on /opt/conda/lib/python3.8/site-packages/airflow/example_dags/example_branch_python_dop_operator_3.py
[2025-02-14 14:33:22,967] {processor.py:641} INFO - Processing file /opt/conda/lib/python3.8/site-packages/airflow/example_dags/example_branch_python_dop_operator_3.py for tasks to queue
[2025-02-14 14:33:22,967] {logging_mixin.py:115} INFO - [2025-02-14 14:33:22,967] {dagbag.py:508} INFO - Filling up the DagBag from /opt/conda/lib/python3.8/site-packages/airflow/example_dags/example_branch_python_dop_operator_3.py
[2025-02-14 14:33:22,977] {processor.py:651} INFO - DAG(s) dict_keys(['example_branch_dop_operator_v3']) retrieved from /opt/conda/lib/python3.8/site-packages/airflow/example_dags/example_branch_python_dop_operator_3.py
[2025-02-14 14:33:22,993] {logging_mixin.py:115} INFO - [2025-02-14 14:33:22,993] {dag.py:2420} INFO - Sync 1 DAGs
[2025-02-14 14:33:23,015] {logging_mixin.py:115} INFO - [2025-02-14 14:33:23,015] {dag.py:2968} INFO - Setting next_dagrun for example_branch_dop_operator_v3 to 2025-02-14T14:32:00+00:00, run_after=2025-02-14T14:33:00+00:00
[2025-02-14 14:33:23,035] {processor.py:161} INFO - Processing /opt/conda/lib/python3.8/site-packages/airflow/example_dags/example_branch_python_dop_operator_3.py took 0.073 seconds
[2025-02-14 14:34:03,354] {processor.py:153} INFO - Started process (PID=4407) to work on /opt/conda/lib/python3.8/site-packages/airflow/example_dags/example_branch_python_dop_operator_3.py
[2025-02-14 14:34:03,355] {processor.py:641} INFO - Processing file /opt/conda/lib/python3.8/site-packages/airflow/example_dags/example_branch_python_dop_operator_3.py for tasks to queue
[2025-02-14 14:34:03,355] {logging_mixin.py:115} INFO - [2025-02-14 14:34:03,355] {dagbag.py:508} INFO - Filling up the DagBag from /opt/conda/lib/python3.8/site-packages/airflow/example_dags/example_branch_python_dop_operator_3.py
[2025-02-14 14:34:03,365] {processor.py:651} INFO - DAG(s) dict_keys(['example_branch_dop_operator_v3']) retrieved from /opt/conda/lib/python3.8/site-packages/airflow/example_dags/example_branch_python_dop_operator_3.py
[2025-02-14 14:34:03,379] {logging_mixin.py:115} INFO - [2025-02-14 14:34:03,379] {dag.py:2420} INFO - Sync 1 DAGs
[2025-02-14 14:34:03,397] {logging_mixin.py:115} INFO - [2025-02-14 14:34:03,397] {dag.py:2968} INFO - Setting next_dagrun for example_branch_dop_operator_v3 to 2025-02-14T14:33:00+00:00, run_after=2025-02-14T14:34:00+00:00
[2025-02-14 14:34:03,420] {processor.py:161} INFO - Processing /opt/conda/lib/python3.8/site-packages/airflow/example_dags/example_branch_python_dop_operator_3.py took 0.070 seconds
[2025-02-14 14:34:49,952] {processor.py:153} INFO - Started process (PID=4466) to work on /opt/conda/lib/python3.8/site-packages/airflow/example_dags/example_branch_python_dop_operator_3.py
[2025-02-14 14:34:49,953] {processor.py:641} INFO - Processing file /opt/conda/lib/python3.8/site-packages/airflow/example_dags/example_branch_python_dop_operator_3.py for tasks to queue
[2025-02-14 14:34:49,954] {logging_mixin.py:115} INFO - [2025-02-14 14:34:49,954] {dagbag.py:508} INFO - Filling up the DagBag from /opt/conda/lib/python3.8/site-packages/airflow/example_dags/example_branch_python_dop_operator_3.py
[2025-02-14 14:34:49,963] {processor.py:651} INFO - DAG(s) dict_keys(['example_branch_dop_operator_v3']) retrieved from /opt/conda/lib/python3.8/site-packages/airflow/example_dags/example_branch_python_dop_operator_3.py
[2025-02-14 14:34:49,980] {logging_mixin.py:115} INFO - [2025-02-14 14:34:49,980] {dag.py:2420} INFO - Sync 1 DAGs
[2025-02-14 14:34:50,003] {logging_mixin.py:115} INFO - [2025-02-14 14:34:50,003] {dag.py:2968} INFO - Setting next_dagrun for example_branch_dop_operator_v3 to 2025-02-14T14:33:00+00:00, run_after=2025-02-14T14:34:00+00:00
[2025-02-14 14:34:50,027] {processor.py:161} INFO - Processing /opt/conda/lib/python3.8/site-packages/airflow/example_dags/example_branch_python_dop_operator_3.py took 0.078 seconds
[2025-02-14 14:35:28,693] {processor.py:153} INFO - Started process (PID=4520) to work on /opt/conda/lib/python3.8/site-packages/airflow/example_dags/example_branch_python_dop_operator_3.py
[2025-02-14 14:35:28,694] {processor.py:641} INFO - Processing file /opt/conda/lib/python3.8/site-packages/airflow/example_dags/example_branch_python_dop_operator_3.py for tasks to queue
[2025-02-14 14:35:28,695] {logging_mixin.py:115} INFO - [2025-02-14 14:35:28,695] {dagbag.py:508} INFO - Filling up the DagBag from /opt/conda/lib/python3.8/site-packages/airflow/example_dags/example_branch_python_dop_operator_3.py
[2025-02-14 14:35:28,704] {processor.py:651} INFO - DAG(s) dict_keys(['example_branch_dop_operator_v3']) retrieved from /opt/conda/lib/python3.8/site-packages/airflow/example_dags/example_branch_python_dop_operator_3.py
[2025-02-14 14:35:28,721] {logging_mixin.py:115} INFO - [2025-02-14 14:35:28,720] {dag.py:2420} INFO - Sync 1 DAGs
[2025-02-14 14:35:28,743] {logging_mixin.py:115} INFO - [2025-02-14 14:35:28,743] {dag.py:2968} INFO - Setting next_dagrun for example_branch_dop_operator_v3 to 2025-02-14T14:34:00+00:00, run_after=2025-02-14T14:35:00+00:00
[2025-02-14 14:35:28,764] {processor.py:161} INFO - Processing /opt/conda/lib/python3.8/site-packages/airflow/example_dags/example_branch_python_dop_operator_3.py took 0.074 seconds
[2025-02-14 14:36:07,969] {processor.py:153} INFO - Started process (PID=4573) to work on /opt/conda/lib/python3.8/site-packages/airflow/example_dags/example_branch_python_dop_operator_3.py
[2025-02-14 14:36:07,970] {processor.py:641} INFO - Processing file /opt/conda/lib/python3.8/site-packages/airflow/example_dags/example_branch_python_dop_operator_3.py for tasks to queue
[2025-02-14 14:36:07,971] {logging_mixin.py:115} INFO - [2025-02-14 14:36:07,970] {dagbag.py:508} INFO - Filling up the DagBag from /opt/conda/lib/python3.8/site-packages/airflow/example_dags/example_branch_python_dop_operator_3.py
[2025-02-14 14:36:07,980] {processor.py:651} INFO - DAG(s) dict_keys(['example_branch_dop_operator_v3']) retrieved from /opt/conda/lib/python3.8/site-packages/airflow/example_dags/example_branch_python_dop_operator_3.py
[2025-02-14 14:36:07,997] {logging_mixin.py:115} INFO - [2025-02-14 14:36:07,997] {dag.py:2420} INFO - Sync 1 DAGs
[2025-02-14 14:36:08,021] {logging_mixin.py:115} INFO - [2025-02-14 14:36:08,021] {dag.py:2968} INFO - Setting next_dagrun for example_branch_dop_operator_v3 to 2025-02-14T14:35:00+00:00, run_after=2025-02-14T14:36:00+00:00
[2025-02-14 14:36:08,045] {processor.py:161} INFO - Processing /opt/conda/lib/python3.8/site-packages/airflow/example_dags/example_branch_python_dop_operator_3.py took 0.079 seconds
[2025-02-14 14:36:45,436] {processor.py:153} INFO - Started process (PID=4622) to work on /opt/conda/lib/python3.8/site-packages/airflow/example_dags/example_branch_python_dop_operator_3.py
[2025-02-14 14:36:45,437] {processor.py:641} INFO - Processing file /opt/conda/lib/python3.8/site-packages/airflow/example_dags/example_branch_python_dop_operator_3.py for tasks to queue
[2025-02-14 14:36:45,438] {logging_mixin.py:115} INFO - [2025-02-14 14:36:45,438] {dagbag.py:508} INFO - Filling up the DagBag from /opt/conda/lib/python3.8/site-packages/airflow/example_dags/example_branch_python_dop_operator_3.py
[2025-02-14 14:36:45,447] {processor.py:651} INFO - DAG(s) dict_keys(['example_branch_dop_operator_v3']) retrieved from /opt/conda/lib/python3.8/site-packages/airflow/example_dags/example_branch_python_dop_operator_3.py
[2025-02-14 14:36:45,464] {logging_mixin.py:115} INFO - [2025-02-14 14:36:45,464] {dag.py:2420} INFO - Sync 1 DAGs
[2025-02-14 14:36:45,487] {logging_mixin.py:115} INFO - [2025-02-14 14:36:45,486] {dag.py:2968} INFO - Setting next_dagrun for example_branch_dop_operator_v3 to 2025-02-14T14:35:00+00:00, run_after=2025-02-14T14:36:00+00:00
[2025-02-14 14:36:45,507] {processor.py:161} INFO - Processing /opt/conda/lib/python3.8/site-packages/airflow/example_dags/example_branch_python_dop_operator_3.py took 0.074 seconds
[2025-02-14 14:37:28,917] {processor.py:153} INFO - Started process (PID=4694) to work on /opt/conda/lib/python3.8/site-packages/airflow/example_dags/example_branch_python_dop_operator_3.py
[2025-02-14 14:37:28,919] {processor.py:641} INFO - Processing file /opt/conda/lib/python3.8/site-packages/airflow/example_dags/example_branch_python_dop_operator_3.py for tasks to queue
[2025-02-14 14:37:28,919] {logging_mixin.py:115} INFO - [2025-02-14 14:37:28,919] {dagbag.py:508} INFO - Filling up the DagBag from /opt/conda/lib/python3.8/site-packages/airflow/example_dags/example_branch_python_dop_operator_3.py
[2025-02-14 14:37:28,929] {processor.py:651} INFO - DAG(s) dict_keys(['example_branch_dop_operator_v3']) retrieved from /opt/conda/lib/python3.8/site-packages/airflow/example_dags/example_branch_python_dop_operator_3.py
[2025-02-14 14:37:28,945] {logging_mixin.py:115} INFO - [2025-02-14 14:37:28,945] {dag.py:2420} INFO - Sync 1 DAGs
[2025-02-14 14:37:28,968] {logging_mixin.py:115} INFO - [2025-02-14 14:37:28,968] {dag.py:2968} INFO - Setting next_dagrun for example_branch_dop_operator_v3 to 2025-02-14T14:36:00+00:00, run_after=2025-02-14T14:37:00+00:00
[2025-02-14 14:37:28,988] {processor.py:161} INFO - Processing /opt/conda/lib/python3.8/site-packages/airflow/example_dags/example_branch_python_dop_operator_3.py took 0.074 seconds
[2025-02-14 14:42:13,345] {processor.py:153} INFO - Started process (PID=4767) to work on /opt/conda/lib/python3.8/site-packages/airflow/example_dags/example_branch_python_dop_operator_3.py
[2025-02-14 14:42:13,347] {processor.py:641} INFO - Processing file /opt/conda/lib/python3.8/site-packages/airflow/example_dags/example_branch_python_dop_operator_3.py for tasks to queue
[2025-02-14 14:42:13,347] {logging_mixin.py:115} INFO - [2025-02-14 14:42:13,347] {dagbag.py:508} INFO - Filling up the DagBag from /opt/conda/lib/python3.8/site-packages/airflow/example_dags/example_branch_python_dop_operator_3.py
[2025-02-14 14:42:13,482] {processor.py:651} INFO - DAG(s) dict_keys(['example_branch_dop_operator_v3']) retrieved from /opt/conda/lib/python3.8/site-packages/airflow/example_dags/example_branch_python_dop_operator_3.py
[2025-02-14 14:42:13,491] {logging_mixin.py:115} INFO - [2025-02-14 14:42:13,491] {dag.py:2420} INFO - Sync 1 DAGs
[2025-02-14 14:42:13,506] {logging_mixin.py:115} INFO - [2025-02-14 14:42:13,506] {dag.py:2968} INFO - Setting next_dagrun for example_branch_dop_operator_v3 to 2025-02-14T14:41:00+00:00, run_after=2025-02-14T14:42:00+00:00
[2025-02-14 14:42:13,527] {processor.py:161} INFO - Processing /opt/conda/lib/python3.8/site-packages/airflow/example_dags/example_branch_python_dop_operator_3.py took 0.185 seconds
[2025-02-14 17:09:34,446] {processor.py:153} INFO - Started process (PID=6358) to work on /opt/conda/lib/python3.8/site-packages/airflow/example_dags/example_branch_python_dop_operator_3.py
[2025-02-14 17:09:34,447] {processor.py:641} INFO - Processing file /opt/conda/lib/python3.8/site-packages/airflow/example_dags/example_branch_python_dop_operator_3.py for tasks to queue
[2025-02-14 17:09:34,448] {logging_mixin.py:115} INFO - [2025-02-14 17:09:34,448] {dagbag.py:508} INFO - Filling up the DagBag from /opt/conda/lib/python3.8/site-packages/airflow/example_dags/example_branch_python_dop_operator_3.py
[2025-02-14 17:09:34,647] {processor.py:651} INFO - DAG(s) dict_keys(['example_branch_dop_operator_v3']) retrieved from /opt/conda/lib/python3.8/site-packages/airflow/example_dags/example_branch_python_dop_operator_3.py
[2025-02-14 17:09:34,661] {logging_mixin.py:115} INFO - [2025-02-14 17:09:34,661] {dag.py:2420} INFO - Sync 1 DAGs
[2025-02-14 17:09:34,686] {logging_mixin.py:115} INFO - [2025-02-14 17:09:34,686] {dag.py:2968} INFO - Setting next_dagrun for example_branch_dop_operator_v3 to 2025-02-14T17:08:00+00:00, run_after=2025-02-14T17:09:00+00:00
[2025-02-14 17:09:34,710] {processor.py:161} INFO - Processing /opt/conda/lib/python3.8/site-packages/airflow/example_dags/example_branch_python_dop_operator_3.py took 0.267 seconds
[2025-02-14 17:10:58,753] {processor.py:153} INFO - Started process (PID=6504) to work on /opt/conda/lib/python3.8/site-packages/airflow/example_dags/example_branch_python_dop_operator_3.py
[2025-02-14 17:10:58,755] {processor.py:641} INFO - Processing file /opt/conda/lib/python3.8/site-packages/airflow/example_dags/example_branch_python_dop_operator_3.py for tasks to queue
[2025-02-14 17:10:58,755] {logging_mixin.py:115} INFO - [2025-02-14 17:10:58,755] {dagbag.py:508} INFO - Filling up the DagBag from /opt/conda/lib/python3.8/site-packages/airflow/example_dags/example_branch_python_dop_operator_3.py
[2025-02-14 17:10:58,955] {processor.py:651} INFO - DAG(s) dict_keys(['example_branch_dop_operator_v3']) retrieved from /opt/conda/lib/python3.8/site-packages/airflow/example_dags/example_branch_python_dop_operator_3.py
[2025-02-14 17:10:58,969] {logging_mixin.py:115} INFO - [2025-02-14 17:10:58,969] {dag.py:2420} INFO - Sync 1 DAGs
[2025-02-14 17:10:58,994] {logging_mixin.py:115} INFO - [2025-02-14 17:10:58,993] {dag.py:2968} INFO - Setting next_dagrun for example_branch_dop_operator_v3 to 2025-02-14T17:09:00+00:00, run_after=2025-02-14T17:10:00+00:00
[2025-02-14 17:10:59,016] {processor.py:161} INFO - Processing /opt/conda/lib/python3.8/site-packages/airflow/example_dags/example_branch_python_dop_operator_3.py took 0.266 seconds
[2025-02-14 17:11:50,853] {processor.py:153} INFO - Started process (PID=6577) to work on /opt/conda/lib/python3.8/site-packages/airflow/example_dags/example_branch_python_dop_operator_3.py
[2025-02-14 17:11:50,855] {processor.py:641} INFO - Processing file /opt/conda/lib/python3.8/site-packages/airflow/example_dags/example_branch_python_dop_operator_3.py for tasks to queue
[2025-02-14 17:11:50,856] {logging_mixin.py:115} INFO - [2025-02-14 17:11:50,855] {dagbag.py:508} INFO - Filling up the DagBag from /opt/conda/lib/python3.8/site-packages/airflow/example_dags/example_branch_python_dop_operator_3.py
[2025-02-14 17:11:51,052] {processor.py:651} INFO - DAG(s) dict_keys(['example_branch_dop_operator_v3']) retrieved from /opt/conda/lib/python3.8/site-packages/airflow/example_dags/example_branch_python_dop_operator_3.py
[2025-02-14 17:11:51,065] {logging_mixin.py:115} INFO - [2025-02-14 17:11:51,065] {dag.py:2420} INFO - Sync 1 DAGs
[2025-02-14 17:11:51,090] {logging_mixin.py:115} INFO - [2025-02-14 17:11:51,090] {dag.py:2968} INFO - Setting next_dagrun for example_branch_dop_operator_v3 to 2025-02-14T17:10:00+00:00, run_after=2025-02-14T17:11:00+00:00
[2025-02-14 17:11:51,115] {processor.py:161} INFO - Processing /opt/conda/lib/python3.8/site-packages/airflow/example_dags/example_branch_python_dop_operator_3.py took 0.265 seconds
[2025-02-14 17:12:47,170] {processor.py:153} INFO - Started process (PID=6650) to work on /opt/conda/lib/python3.8/site-packages/airflow/example_dags/example_branch_python_dop_operator_3.py
[2025-02-14 17:12:47,172] {processor.py:641} INFO - Processing file /opt/conda/lib/python3.8/site-packages/airflow/example_dags/example_branch_python_dop_operator_3.py for tasks to queue
[2025-02-14 17:12:47,173] {logging_mixin.py:115} INFO - [2025-02-14 17:12:47,173] {dagbag.py:508} INFO - Filling up the DagBag from /opt/conda/lib/python3.8/site-packages/airflow/example_dags/example_branch_python_dop_operator_3.py
[2025-02-14 17:12:47,372] {processor.py:651} INFO - DAG(s) dict_keys(['example_branch_dop_operator_v3']) retrieved from /opt/conda/lib/python3.8/site-packages/airflow/example_dags/example_branch_python_dop_operator_3.py
[2025-02-14 17:12:47,386] {logging_mixin.py:115} INFO - [2025-02-14 17:12:47,386] {dag.py:2420} INFO - Sync 1 DAGs
[2025-02-14 17:12:47,412] {logging_mixin.py:115} INFO - [2025-02-14 17:12:47,412] {dag.py:2968} INFO - Setting next_dagrun for example_branch_dop_operator_v3 to 2025-02-14T17:11:00+00:00, run_after=2025-02-14T17:12:00+00:00
[2025-02-14 17:12:47,437] {processor.py:161} INFO - Processing /opt/conda/lib/python3.8/site-packages/airflow/example_dags/example_branch_python_dop_operator_3.py took 0.270 seconds
[2025-02-14 17:13:38,790] {processor.py:153} INFO - Started process (PID=6720) to work on /opt/conda/lib/python3.8/site-packages/airflow/example_dags/example_branch_python_dop_operator_3.py
[2025-02-14 17:13:38,791] {processor.py:641} INFO - Processing file /opt/conda/lib/python3.8/site-packages/airflow/example_dags/example_branch_python_dop_operator_3.py for tasks to queue
[2025-02-14 17:13:38,792] {logging_mixin.py:115} INFO - [2025-02-14 17:13:38,792] {dagbag.py:508} INFO - Filling up the DagBag from /opt/conda/lib/python3.8/site-packages/airflow/example_dags/example_branch_python_dop_operator_3.py
[2025-02-14 17:13:38,988] {processor.py:651} INFO - DAG(s) dict_keys(['example_branch_dop_operator_v3']) retrieved from /opt/conda/lib/python3.8/site-packages/airflow/example_dags/example_branch_python_dop_operator_3.py
[2025-02-14 17:13:39,002] {logging_mixin.py:115} INFO - [2025-02-14 17:13:39,002] {dag.py:2420} INFO - Sync 1 DAGs
[2025-02-14 17:13:39,027] {logging_mixin.py:115} INFO - [2025-02-14 17:13:39,027] {dag.py:2968} INFO - Setting next_dagrun for example_branch_dop_operator_v3 to 2025-02-14T17:12:00+00:00, run_after=2025-02-14T17:13:00+00:00
[2025-02-14 17:13:39,050] {processor.py:161} INFO - Processing /opt/conda/lib/python3.8/site-packages/airflow/example_dags/example_branch_python_dop_operator_3.py took 0.264 seconds
[2025-02-14 17:14:26,469] {processor.py:153} INFO - Started process (PID=6790) to work on /opt/conda/lib/python3.8/site-packages/airflow/example_dags/example_branch_python_dop_operator_3.py
[2025-02-14 17:14:26,470] {processor.py:641} INFO - Processing file /opt/conda/lib/python3.8/site-packages/airflow/example_dags/example_branch_python_dop_operator_3.py for tasks to queue
[2025-02-14 17:14:26,470] {logging_mixin.py:115} INFO - [2025-02-14 17:14:26,470] {dagbag.py:508} INFO - Filling up the DagBag from /opt/conda/lib/python3.8/site-packages/airflow/example_dags/example_branch_python_dop_operator_3.py
[2025-02-14 17:14:26,481] {processor.py:651} INFO - DAG(s) dict_keys(['example_branch_dop_operator_v3']) retrieved from /opt/conda/lib/python3.8/site-packages/airflow/example_dags/example_branch_python_dop_operator_3.py
[2025-02-14 17:14:26,497] {logging_mixin.py:115} INFO - [2025-02-14 17:14:26,497] {dag.py:2420} INFO - Sync 1 DAGs
[2025-02-14 17:14:26,516] {logging_mixin.py:115} INFO - [2025-02-14 17:14:26,516] {dag.py:2968} INFO - Setting next_dagrun for example_branch_dop_operator_v3 to 2025-02-14T17:13:00+00:00, run_after=2025-02-14T17:14:00+00:00
[2025-02-14 17:14:26,535] {processor.py:161} INFO - Processing /opt/conda/lib/python3.8/site-packages/airflow/example_dags/example_branch_python_dop_operator_3.py took 0.070 seconds
[2025-02-14 17:15:17,273] {processor.py:153} INFO - Started process (PID=6872) to work on /opt/conda/lib/python3.8/site-packages/airflow/example_dags/example_branch_python_dop_operator_3.py
[2025-02-14 17:15:17,274] {processor.py:641} INFO - Processing file /opt/conda/lib/python3.8/site-packages/airflow/example_dags/example_branch_python_dop_operator_3.py for tasks to queue
[2025-02-14 17:15:17,275] {logging_mixin.py:115} INFO - [2025-02-14 17:15:17,275] {dagbag.py:508} INFO - Filling up the DagBag from /opt/conda/lib/python3.8/site-packages/airflow/example_dags/example_branch_python_dop_operator_3.py
[2025-02-14 17:15:17,286] {processor.py:651} INFO - DAG(s) dict_keys(['example_branch_dop_operator_v3']) retrieved from /opt/conda/lib/python3.8/site-packages/airflow/example_dags/example_branch_python_dop_operator_3.py
[2025-02-14 17:15:17,305] {logging_mixin.py:115} INFO - [2025-02-14 17:15:17,305] {dag.py:2420} INFO - Sync 1 DAGs
[2025-02-14 17:15:17,332] {logging_mixin.py:115} INFO - [2025-02-14 17:15:17,332] {dag.py:2968} INFO - Setting next_dagrun for example_branch_dop_operator_v3 to 2025-02-14T17:14:00+00:00, run_after=2025-02-14T17:15:00+00:00
[2025-02-14 17:15:17,357] {processor.py:161} INFO - Processing /opt/conda/lib/python3.8/site-packages/airflow/example_dags/example_branch_python_dop_operator_3.py took 0.088 seconds
[2025-02-14 17:16:03,233] {processor.py:153} INFO - Started process (PID=7111) to work on /opt/conda/lib/python3.8/site-packages/airflow/example_dags/example_branch_python_dop_operator_3.py
[2025-02-14 17:16:03,234] {processor.py:641} INFO - Processing file /opt/conda/lib/python3.8/site-packages/airflow/example_dags/example_branch_python_dop_operator_3.py for tasks to queue
[2025-02-14 17:16:03,235] {logging_mixin.py:115} INFO - [2025-02-14 17:16:03,235] {dagbag.py:508} INFO - Filling up the DagBag from /opt/conda/lib/python3.8/site-packages/airflow/example_dags/example_branch_python_dop_operator_3.py
[2025-02-14 17:16:03,246] {processor.py:651} INFO - DAG(s) dict_keys(['example_branch_dop_operator_v3']) retrieved from /opt/conda/lib/python3.8/site-packages/airflow/example_dags/example_branch_python_dop_operator_3.py
[2025-02-14 17:16:03,263] {logging_mixin.py:115} INFO - [2025-02-14 17:16:03,262] {dag.py:2420} INFO - Sync 1 DAGs
[2025-02-14 17:16:03,286] {logging_mixin.py:115} INFO - [2025-02-14 17:16:03,286] {dag.py:2968} INFO - Setting next_dagrun for example_branch_dop_operator_v3 to 2025-02-14T17:15:00+00:00, run_after=2025-02-14T17:16:00+00:00
[2025-02-14 17:16:03,306] {processor.py:161} INFO - Processing /opt/conda/lib/python3.8/site-packages/airflow/example_dags/example_branch_python_dop_operator_3.py took 0.077 seconds
[2025-02-14 17:16:48,765] {processor.py:153} INFO - Started process (PID=7190) to work on /opt/conda/lib/python3.8/site-packages/airflow/example_dags/example_branch_python_dop_operator_3.py
[2025-02-14 17:16:48,767] {processor.py:641} INFO - Processing file /opt/conda/lib/python3.8/site-packages/airflow/example_dags/example_branch_python_dop_operator_3.py for tasks to queue
[2025-02-14 17:16:48,768] {logging_mixin.py:115} INFO - [2025-02-14 17:16:48,768] {dagbag.py:508} INFO - Filling up the DagBag from /opt/conda/lib/python3.8/site-packages/airflow/example_dags/example_branch_python_dop_operator_3.py
[2025-02-14 17:16:48,779] {processor.py:651} INFO - DAG(s) dict_keys(['example_branch_dop_operator_v3']) retrieved from /opt/conda/lib/python3.8/site-packages/airflow/example_dags/example_branch_python_dop_operator_3.py
[2025-02-14 17:16:48,796] {logging_mixin.py:115} INFO - [2025-02-14 17:16:48,796] {dag.py:2420} INFO - Sync 1 DAGs
[2025-02-14 17:16:48,820] {logging_mixin.py:115} INFO - [2025-02-14 17:16:48,819] {dag.py:2968} INFO - Setting next_dagrun for example_branch_dop_operator_v3 to 2025-02-14T17:15:00+00:00, run_after=2025-02-14T17:16:00+00:00
[2025-02-14 17:16:48,840] {processor.py:161} INFO - Processing /opt/conda/lib/python3.8/site-packages/airflow/example_dags/example_branch_python_dop_operator_3.py took 0.078 seconds
