[2025-02-14 13:59:27,978] {processor.py:153} INFO - Started process (PID=1820) to work on /opt/conda/lib/python3.8/site-packages/airflow/example_dags/example_dag_decorator.py
[2025-02-14 13:59:27,979] {processor.py:641} INFO - Processing file /opt/conda/lib/python3.8/site-packages/airflow/example_dags/example_dag_decorator.py for tasks to queue
[2025-02-14 13:59:27,980] {logging_mixin.py:115} INFO - [2025-02-14 13:59:27,980] {dagbag.py:508} INFO - Filling up the DagBag from /opt/conda/lib/python3.8/site-packages/airflow/example_dags/example_dag_decorator.py
[2025-02-14 13:59:28,127] {processor.py:651} INFO - DAG(s) dict_keys(['example_dag_decorator']) retrieved from /opt/conda/lib/python3.8/site-packages/airflow/example_dags/example_dag_decorator.py
[2025-02-14 13:59:28,197] {logging_mixin.py:115} INFO - [2025-02-14 13:59:28,197] {manager.py:508} INFO - Created Permission View: can read on DAG:example_dag_decorator
[2025-02-14 13:59:28,214] {logging_mixin.py:115} INFO - [2025-02-14 13:59:28,213] {manager.py:508} INFO - Created Permission View: can delete on DAG:example_dag_decorator
[2025-02-14 13:59:28,228] {logging_mixin.py:115} INFO - [2025-02-14 13:59:28,227] {manager.py:508} INFO - Created Permission View: can edit on DAG:example_dag_decorator
[2025-02-14 13:59:28,228] {logging_mixin.py:115} INFO - [2025-02-14 13:59:28,228] {dag.py:2420} INFO - Sync 1 DAGs
[2025-02-14 13:59:28,233] {logging_mixin.py:115} INFO - [2025-02-14 13:59:28,233] {dag.py:2439} INFO - Creating ORM DAG for example_dag_decorator
[2025-02-14 13:59:28,240] {logging_mixin.py:115} INFO - [2025-02-14 13:59:28,240] {dag.py:2968} INFO - Setting next_dagrun for example_dag_decorator to None, run_after=None
[2025-02-14 13:59:28,260] {processor.py:161} INFO - Processing /opt/conda/lib/python3.8/site-packages/airflow/example_dags/example_dag_decorator.py took 0.285 seconds
[2025-02-14 14:00:13,036] {processor.py:153} INFO - Started process (PID=1857) to work on /opt/conda/lib/python3.8/site-packages/airflow/example_dags/example_dag_decorator.py
[2025-02-14 14:00:13,038] {processor.py:641} INFO - Processing file /opt/conda/lib/python3.8/site-packages/airflow/example_dags/example_dag_decorator.py for tasks to queue
[2025-02-14 14:00:13,039] {logging_mixin.py:115} INFO - [2025-02-14 14:00:13,039] {dagbag.py:508} INFO - Filling up the DagBag from /opt/conda/lib/python3.8/site-packages/airflow/example_dags/example_dag_decorator.py
[2025-02-14 14:00:13,192] {processor.py:651} INFO - DAG(s) dict_keys(['example_dag_decorator']) retrieved from /opt/conda/lib/python3.8/site-packages/airflow/example_dags/example_dag_decorator.py
[2025-02-14 14:00:13,222] {logging_mixin.py:115} INFO - [2025-02-14 14:00:13,221] {dag.py:2420} INFO - Sync 1 DAGs
[2025-02-14 14:00:13,233] {logging_mixin.py:115} INFO - [2025-02-14 14:00:13,233] {dag.py:2968} INFO - Setting next_dagrun for example_dag_decorator to None, run_after=None
[2025-02-14 14:00:13,251] {processor.py:161} INFO - Processing /opt/conda/lib/python3.8/site-packages/airflow/example_dags/example_dag_decorator.py took 0.218 seconds
[2025-02-14 14:00:59,117] {processor.py:153} INFO - Started process (PID=1894) to work on /opt/conda/lib/python3.8/site-packages/airflow/example_dags/example_dag_decorator.py
[2025-02-14 14:00:59,119] {processor.py:641} INFO - Processing file /opt/conda/lib/python3.8/site-packages/airflow/example_dags/example_dag_decorator.py for tasks to queue
[2025-02-14 14:00:59,120] {logging_mixin.py:115} INFO - [2025-02-14 14:00:59,120] {dagbag.py:508} INFO - Filling up the DagBag from /opt/conda/lib/python3.8/site-packages/airflow/example_dags/example_dag_decorator.py
[2025-02-14 14:00:59,267] {processor.py:651} INFO - DAG(s) dict_keys(['example_dag_decorator']) retrieved from /opt/conda/lib/python3.8/site-packages/airflow/example_dags/example_dag_decorator.py
[2025-02-14 14:00:59,277] {logging_mixin.py:115} INFO - [2025-02-14 14:00:59,277] {dag.py:2420} INFO - Sync 1 DAGs
[2025-02-14 14:00:59,288] {logging_mixin.py:115} INFO - [2025-02-14 14:00:59,288] {dag.py:2968} INFO - Setting next_dagrun for example_dag_decorator to None, run_after=None
[2025-02-14 14:00:59,307] {processor.py:161} INFO - Processing /opt/conda/lib/python3.8/site-packages/airflow/example_dags/example_dag_decorator.py took 0.193 seconds
[2025-02-14 14:01:32,977] {processor.py:153} INFO - Started process (PID=1925) to work on /opt/conda/lib/python3.8/site-packages/airflow/example_dags/example_dag_decorator.py
[2025-02-14 14:01:32,978] {processor.py:641} INFO - Processing file /opt/conda/lib/python3.8/site-packages/airflow/example_dags/example_dag_decorator.py for tasks to queue
[2025-02-14 14:01:32,978] {logging_mixin.py:115} INFO - [2025-02-14 14:01:32,978] {dagbag.py:508} INFO - Filling up the DagBag from /opt/conda/lib/python3.8/site-packages/airflow/example_dags/example_dag_decorator.py
[2025-02-14 14:01:33,116] {processor.py:651} INFO - DAG(s) dict_keys(['example_dag_decorator']) retrieved from /opt/conda/lib/python3.8/site-packages/airflow/example_dags/example_dag_decorator.py
[2025-02-14 14:01:33,125] {logging_mixin.py:115} INFO - [2025-02-14 14:01:33,125] {dag.py:2420} INFO - Sync 1 DAGs
[2025-02-14 14:01:33,136] {logging_mixin.py:115} INFO - [2025-02-14 14:01:33,136] {dag.py:2968} INFO - Setting next_dagrun for example_dag_decorator to None, run_after=None
[2025-02-14 14:01:33,155] {processor.py:161} INFO - Processing /opt/conda/lib/python3.8/site-packages/airflow/example_dags/example_dag_decorator.py took 0.180 seconds
[2025-02-14 14:02:09,985] {processor.py:153} INFO - Started process (PID=1959) to work on /opt/conda/lib/python3.8/site-packages/airflow/example_dags/example_dag_decorator.py
[2025-02-14 14:02:09,986] {processor.py:641} INFO - Processing file /opt/conda/lib/python3.8/site-packages/airflow/example_dags/example_dag_decorator.py for tasks to queue
[2025-02-14 14:02:09,987] {logging_mixin.py:115} INFO - [2025-02-14 14:02:09,987] {dagbag.py:508} INFO - Filling up the DagBag from /opt/conda/lib/python3.8/site-packages/airflow/example_dags/example_dag_decorator.py
[2025-02-14 14:02:10,127] {processor.py:651} INFO - DAG(s) dict_keys(['example_dag_decorator']) retrieved from /opt/conda/lib/python3.8/site-packages/airflow/example_dags/example_dag_decorator.py
[2025-02-14 14:02:10,136] {logging_mixin.py:115} INFO - [2025-02-14 14:02:10,136] {dag.py:2420} INFO - Sync 1 DAGs
[2025-02-14 14:02:10,147] {logging_mixin.py:115} INFO - [2025-02-14 14:02:10,147] {dag.py:2968} INFO - Setting next_dagrun for example_dag_decorator to None, run_after=None
[2025-02-14 14:02:10,166] {processor.py:161} INFO - Processing /opt/conda/lib/python3.8/site-packages/airflow/example_dags/example_dag_decorator.py took 0.184 seconds
[2025-02-14 14:02:50,680] {processor.py:153} INFO - Started process (PID=1996) to work on /opt/conda/lib/python3.8/site-packages/airflow/example_dags/example_dag_decorator.py
[2025-02-14 14:02:50,682] {processor.py:641} INFO - Processing file /opt/conda/lib/python3.8/site-packages/airflow/example_dags/example_dag_decorator.py for tasks to queue
[2025-02-14 14:02:50,682] {logging_mixin.py:115} INFO - [2025-02-14 14:02:50,682] {dagbag.py:508} INFO - Filling up the DagBag from /opt/conda/lib/python3.8/site-packages/airflow/example_dags/example_dag_decorator.py
[2025-02-14 14:02:50,828] {processor.py:651} INFO - DAG(s) dict_keys(['example_dag_decorator']) retrieved from /opt/conda/lib/python3.8/site-packages/airflow/example_dags/example_dag_decorator.py
[2025-02-14 14:02:50,837] {logging_mixin.py:115} INFO - [2025-02-14 14:02:50,837] {dag.py:2420} INFO - Sync 1 DAGs
[2025-02-14 14:02:50,848] {logging_mixin.py:115} INFO - [2025-02-14 14:02:50,848] {dag.py:2968} INFO - Setting next_dagrun for example_dag_decorator to None, run_after=None
[2025-02-14 14:02:50,867] {processor.py:161} INFO - Processing /opt/conda/lib/python3.8/site-packages/airflow/example_dags/example_dag_decorator.py took 0.190 seconds
[2025-02-14 14:03:27,888] {processor.py:153} INFO - Started process (PID=2028) to work on /opt/conda/lib/python3.8/site-packages/airflow/example_dags/example_dag_decorator.py
[2025-02-14 14:03:27,890] {processor.py:641} INFO - Processing file /opt/conda/lib/python3.8/site-packages/airflow/example_dags/example_dag_decorator.py for tasks to queue
[2025-02-14 14:03:27,890] {logging_mixin.py:115} INFO - [2025-02-14 14:03:27,890] {dagbag.py:508} INFO - Filling up the DagBag from /opt/conda/lib/python3.8/site-packages/airflow/example_dags/example_dag_decorator.py
[2025-02-14 14:03:28,029] {processor.py:651} INFO - DAG(s) dict_keys(['example_dag_decorator']) retrieved from /opt/conda/lib/python3.8/site-packages/airflow/example_dags/example_dag_decorator.py
[2025-02-14 14:03:28,039] {logging_mixin.py:115} INFO - [2025-02-14 14:03:28,039] {dag.py:2420} INFO - Sync 1 DAGs
[2025-02-14 14:03:28,050] {logging_mixin.py:115} INFO - [2025-02-14 14:03:28,050] {dag.py:2968} INFO - Setting next_dagrun for example_dag_decorator to None, run_after=None
[2025-02-14 14:03:28,069] {processor.py:161} INFO - Processing /opt/conda/lib/python3.8/site-packages/airflow/example_dags/example_dag_decorator.py took 0.184 seconds
[2025-02-14 14:04:07,794] {processor.py:153} INFO - Started process (PID=2080) to work on /opt/conda/lib/python3.8/site-packages/airflow/example_dags/example_dag_decorator.py
[2025-02-14 14:04:07,795] {processor.py:641} INFO - Processing file /opt/conda/lib/python3.8/site-packages/airflow/example_dags/example_dag_decorator.py for tasks to queue
[2025-02-14 14:04:07,796] {logging_mixin.py:115} INFO - [2025-02-14 14:04:07,796] {dagbag.py:508} INFO - Filling up the DagBag from /opt/conda/lib/python3.8/site-packages/airflow/example_dags/example_dag_decorator.py
[2025-02-14 14:04:07,934] {processor.py:651} INFO - DAG(s) dict_keys(['example_dag_decorator']) retrieved from /opt/conda/lib/python3.8/site-packages/airflow/example_dags/example_dag_decorator.py
[2025-02-14 14:04:07,943] {logging_mixin.py:115} INFO - [2025-02-14 14:04:07,943] {dag.py:2420} INFO - Sync 1 DAGs
[2025-02-14 14:04:07,955] {logging_mixin.py:115} INFO - [2025-02-14 14:04:07,955] {dag.py:2968} INFO - Setting next_dagrun for example_dag_decorator to None, run_after=None
[2025-02-14 14:04:07,974] {processor.py:161} INFO - Processing /opt/conda/lib/python3.8/site-packages/airflow/example_dags/example_dag_decorator.py took 0.184 seconds
[2025-02-14 14:05:14,152] {processor.py:153} INFO - Started process (PID=2164) to work on /opt/conda/lib/python3.8/site-packages/airflow/example_dags/example_dag_decorator.py
[2025-02-14 14:05:14,153] {processor.py:641} INFO - Processing file /opt/conda/lib/python3.8/site-packages/airflow/example_dags/example_dag_decorator.py for tasks to queue
[2025-02-14 14:05:14,154] {logging_mixin.py:115} INFO - [2025-02-14 14:05:14,154] {dagbag.py:508} INFO - Filling up the DagBag from /opt/conda/lib/python3.8/site-packages/airflow/example_dags/example_dag_decorator.py
[2025-02-14 14:05:14,292] {processor.py:651} INFO - DAG(s) dict_keys(['example_dag_decorator']) retrieved from /opt/conda/lib/python3.8/site-packages/airflow/example_dags/example_dag_decorator.py
[2025-02-14 14:05:14,322] {logging_mixin.py:115} INFO - [2025-02-14 14:05:14,322] {dag.py:2420} INFO - Sync 1 DAGs
[2025-02-14 14:05:14,334] {logging_mixin.py:115} INFO - [2025-02-14 14:05:14,334] {dag.py:2968} INFO - Setting next_dagrun for example_dag_decorator to None, run_after=None
[2025-02-14 14:05:14,355] {processor.py:161} INFO - Processing /opt/conda/lib/python3.8/site-packages/airflow/example_dags/example_dag_decorator.py took 0.206 seconds
[2025-02-14 14:05:57,760] {processor.py:153} INFO - Started process (PID=2218) to work on /opt/conda/lib/python3.8/site-packages/airflow/example_dags/example_dag_decorator.py
[2025-02-14 14:05:57,761] {processor.py:641} INFO - Processing file /opt/conda/lib/python3.8/site-packages/airflow/example_dags/example_dag_decorator.py for tasks to queue
[2025-02-14 14:05:57,762] {logging_mixin.py:115} INFO - [2025-02-14 14:05:57,762] {dagbag.py:508} INFO - Filling up the DagBag from /opt/conda/lib/python3.8/site-packages/airflow/example_dags/example_dag_decorator.py
[2025-02-14 14:05:57,896] {processor.py:651} INFO - DAG(s) dict_keys(['example_dag_decorator']) retrieved from /opt/conda/lib/python3.8/site-packages/airflow/example_dags/example_dag_decorator.py
[2025-02-14 14:05:57,925] {logging_mixin.py:115} INFO - [2025-02-14 14:05:57,925] {dag.py:2420} INFO - Sync 1 DAGs
[2025-02-14 14:05:57,937] {logging_mixin.py:115} INFO - [2025-02-14 14:05:57,936] {dag.py:2968} INFO - Setting next_dagrun for example_dag_decorator to None, run_after=None
[2025-02-14 14:05:57,956] {processor.py:161} INFO - Processing /opt/conda/lib/python3.8/site-packages/airflow/example_dags/example_dag_decorator.py took 0.199 seconds
[2025-02-14 14:06:41,600] {processor.py:153} INFO - Started process (PID=2272) to work on /opt/conda/lib/python3.8/site-packages/airflow/example_dags/example_dag_decorator.py
[2025-02-14 14:06:41,602] {processor.py:641} INFO - Processing file /opt/conda/lib/python3.8/site-packages/airflow/example_dags/example_dag_decorator.py for tasks to queue
[2025-02-14 14:06:41,603] {logging_mixin.py:115} INFO - [2025-02-14 14:06:41,603] {dagbag.py:508} INFO - Filling up the DagBag from /opt/conda/lib/python3.8/site-packages/airflow/example_dags/example_dag_decorator.py
[2025-02-14 14:06:41,750] {processor.py:651} INFO - DAG(s) dict_keys(['example_dag_decorator']) retrieved from /opt/conda/lib/python3.8/site-packages/airflow/example_dags/example_dag_decorator.py
[2025-02-14 14:06:41,760] {logging_mixin.py:115} INFO - [2025-02-14 14:06:41,760] {dag.py:2420} INFO - Sync 1 DAGs
[2025-02-14 14:06:41,771] {logging_mixin.py:115} INFO - [2025-02-14 14:06:41,771] {dag.py:2968} INFO - Setting next_dagrun for example_dag_decorator to None, run_after=None
[2025-02-14 14:06:41,789] {processor.py:161} INFO - Processing /opt/conda/lib/python3.8/site-packages/airflow/example_dags/example_dag_decorator.py took 0.192 seconds
[2025-02-14 14:07:31,300] {processor.py:153} INFO - Started process (PID=2313) to work on /opt/conda/lib/python3.8/site-packages/airflow/example_dags/example_dag_decorator.py
[2025-02-14 14:07:31,301] {processor.py:641} INFO - Processing file /opt/conda/lib/python3.8/site-packages/airflow/example_dags/example_dag_decorator.py for tasks to queue
[2025-02-14 14:07:31,302] {logging_mixin.py:115} INFO - [2025-02-14 14:07:31,302] {dagbag.py:508} INFO - Filling up the DagBag from /opt/conda/lib/python3.8/site-packages/airflow/example_dags/example_dag_decorator.py
[2025-02-14 14:07:31,444] {processor.py:651} INFO - DAG(s) dict_keys(['example_dag_decorator']) retrieved from /opt/conda/lib/python3.8/site-packages/airflow/example_dags/example_dag_decorator.py
[2025-02-14 14:07:31,453] {logging_mixin.py:115} INFO - [2025-02-14 14:07:31,453] {dag.py:2420} INFO - Sync 1 DAGs
[2025-02-14 14:07:31,465] {logging_mixin.py:115} INFO - [2025-02-14 14:07:31,465] {dag.py:2968} INFO - Setting next_dagrun for example_dag_decorator to None, run_after=None
[2025-02-14 14:07:31,483] {processor.py:161} INFO - Processing /opt/conda/lib/python3.8/site-packages/airflow/example_dags/example_dag_decorator.py took 0.186 seconds
[2025-02-14 14:08:14,122] {processor.py:153} INFO - Started process (PID=2352) to work on /opt/conda/lib/python3.8/site-packages/airflow/example_dags/example_dag_decorator.py
[2025-02-14 14:08:14,123] {processor.py:641} INFO - Processing file /opt/conda/lib/python3.8/site-packages/airflow/example_dags/example_dag_decorator.py for tasks to queue
[2025-02-14 14:08:14,124] {logging_mixin.py:115} INFO - [2025-02-14 14:08:14,124] {dagbag.py:508} INFO - Filling up the DagBag from /opt/conda/lib/python3.8/site-packages/airflow/example_dags/example_dag_decorator.py
[2025-02-14 14:08:14,270] {processor.py:651} INFO - DAG(s) dict_keys(['example_dag_decorator']) retrieved from /opt/conda/lib/python3.8/site-packages/airflow/example_dags/example_dag_decorator.py
[2025-02-14 14:08:14,280] {logging_mixin.py:115} INFO - [2025-02-14 14:08:14,280] {dag.py:2420} INFO - Sync 1 DAGs
[2025-02-14 14:08:14,291] {logging_mixin.py:115} INFO - [2025-02-14 14:08:14,291] {dag.py:2968} INFO - Setting next_dagrun for example_dag_decorator to None, run_after=None
[2025-02-14 14:08:14,311] {processor.py:161} INFO - Processing /opt/conda/lib/python3.8/site-packages/airflow/example_dags/example_dag_decorator.py took 0.192 seconds
[2025-02-14 14:09:08,538] {processor.py:153} INFO - Started process (PID=2422) to work on /opt/conda/lib/python3.8/site-packages/airflow/example_dags/example_dag_decorator.py
[2025-02-14 14:09:08,539] {processor.py:641} INFO - Processing file /opt/conda/lib/python3.8/site-packages/airflow/example_dags/example_dag_decorator.py for tasks to queue
[2025-02-14 14:09:08,540] {logging_mixin.py:115} INFO - [2025-02-14 14:09:08,539] {dagbag.py:508} INFO - Filling up the DagBag from /opt/conda/lib/python3.8/site-packages/airflow/example_dags/example_dag_decorator.py
[2025-02-14 14:09:08,697] {processor.py:651} INFO - DAG(s) dict_keys(['example_dag_decorator']) retrieved from /opt/conda/lib/python3.8/site-packages/airflow/example_dags/example_dag_decorator.py
[2025-02-14 14:09:08,737] {logging_mixin.py:115} INFO - [2025-02-14 14:09:08,737] {dag.py:2420} INFO - Sync 1 DAGs
[2025-02-14 14:09:08,753] {logging_mixin.py:115} INFO - [2025-02-14 14:09:08,753] {dag.py:2968} INFO - Setting next_dagrun for example_dag_decorator to None, run_after=None
[2025-02-14 14:09:08,775] {processor.py:161} INFO - Processing /opt/conda/lib/python3.8/site-packages/airflow/example_dags/example_dag_decorator.py took 0.240 seconds
[2025-02-14 14:09:50,888] {processor.py:153} INFO - Started process (PID=2460) to work on /opt/conda/lib/python3.8/site-packages/airflow/example_dags/example_dag_decorator.py
[2025-02-14 14:09:50,889] {processor.py:641} INFO - Processing file /opt/conda/lib/python3.8/site-packages/airflow/example_dags/example_dag_decorator.py for tasks to queue
[2025-02-14 14:09:50,890] {logging_mixin.py:115} INFO - [2025-02-14 14:09:50,890] {dagbag.py:508} INFO - Filling up the DagBag from /opt/conda/lib/python3.8/site-packages/airflow/example_dags/example_dag_decorator.py
[2025-02-14 14:09:51,038] {processor.py:651} INFO - DAG(s) dict_keys(['example_dag_decorator']) retrieved from /opt/conda/lib/python3.8/site-packages/airflow/example_dags/example_dag_decorator.py
[2025-02-14 14:09:51,067] {logging_mixin.py:115} INFO - [2025-02-14 14:09:51,067] {dag.py:2420} INFO - Sync 1 DAGs
[2025-02-14 14:09:51,079] {logging_mixin.py:115} INFO - [2025-02-14 14:09:51,079] {dag.py:2968} INFO - Setting next_dagrun for example_dag_decorator to None, run_after=None
[2025-02-14 14:09:51,104] {processor.py:161} INFO - Processing /opt/conda/lib/python3.8/site-packages/airflow/example_dags/example_dag_decorator.py took 0.219 seconds
[2025-02-14 14:10:31,181] {processor.py:153} INFO - Started process (PID=2494) to work on /opt/conda/lib/python3.8/site-packages/airflow/example_dags/example_dag_decorator.py
[2025-02-14 14:10:31,183] {processor.py:641} INFO - Processing file /opt/conda/lib/python3.8/site-packages/airflow/example_dags/example_dag_decorator.py for tasks to queue
[2025-02-14 14:10:31,183] {logging_mixin.py:115} INFO - [2025-02-14 14:10:31,183] {dagbag.py:508} INFO - Filling up the DagBag from /opt/conda/lib/python3.8/site-packages/airflow/example_dags/example_dag_decorator.py
[2025-02-14 14:10:31,322] {processor.py:651} INFO - DAG(s) dict_keys(['example_dag_decorator']) retrieved from /opt/conda/lib/python3.8/site-packages/airflow/example_dags/example_dag_decorator.py
[2025-02-14 14:10:31,331] {logging_mixin.py:115} INFO - [2025-02-14 14:10:31,331] {dag.py:2420} INFO - Sync 1 DAGs
[2025-02-14 14:10:31,342] {logging_mixin.py:115} INFO - [2025-02-14 14:10:31,342] {dag.py:2968} INFO - Setting next_dagrun for example_dag_decorator to None, run_after=None
[2025-02-14 14:10:31,362] {processor.py:161} INFO - Processing /opt/conda/lib/python3.8/site-packages/airflow/example_dags/example_dag_decorator.py took 0.184 seconds
[2025-02-14 14:11:17,034] {processor.py:153} INFO - Started process (PID=2535) to work on /opt/conda/lib/python3.8/site-packages/airflow/example_dags/example_dag_decorator.py
[2025-02-14 14:11:17,035] {processor.py:641} INFO - Processing file /opt/conda/lib/python3.8/site-packages/airflow/example_dags/example_dag_decorator.py for tasks to queue
[2025-02-14 14:11:17,036] {logging_mixin.py:115} INFO - [2025-02-14 14:11:17,036] {dagbag.py:508} INFO - Filling up the DagBag from /opt/conda/lib/python3.8/site-packages/airflow/example_dags/example_dag_decorator.py
[2025-02-14 14:11:17,197] {processor.py:651} INFO - DAG(s) dict_keys(['example_dag_decorator']) retrieved from /opt/conda/lib/python3.8/site-packages/airflow/example_dags/example_dag_decorator.py
[2025-02-14 14:11:17,207] {logging_mixin.py:115} INFO - [2025-02-14 14:11:17,207] {dag.py:2420} INFO - Sync 1 DAGs
[2025-02-14 14:11:17,218] {logging_mixin.py:115} INFO - [2025-02-14 14:11:17,218] {dag.py:2968} INFO - Setting next_dagrun for example_dag_decorator to None, run_after=None
[2025-02-14 14:11:17,238] {processor.py:161} INFO - Processing /opt/conda/lib/python3.8/site-packages/airflow/example_dags/example_dag_decorator.py took 0.207 seconds
[2025-02-14 14:12:01,424] {processor.py:153} INFO - Started process (PID=2589) to work on /opt/conda/lib/python3.8/site-packages/airflow/example_dags/example_dag_decorator.py
[2025-02-14 14:12:01,426] {processor.py:641} INFO - Processing file /opt/conda/lib/python3.8/site-packages/airflow/example_dags/example_dag_decorator.py for tasks to queue
[2025-02-14 14:12:01,426] {logging_mixin.py:115} INFO - [2025-02-14 14:12:01,426] {dagbag.py:508} INFO - Filling up the DagBag from /opt/conda/lib/python3.8/site-packages/airflow/example_dags/example_dag_decorator.py
[2025-02-14 14:12:01,570] {processor.py:651} INFO - DAG(s) dict_keys(['example_dag_decorator']) retrieved from /opt/conda/lib/python3.8/site-packages/airflow/example_dags/example_dag_decorator.py
[2025-02-14 14:12:01,579] {logging_mixin.py:115} INFO - [2025-02-14 14:12:01,579] {dag.py:2420} INFO - Sync 1 DAGs
[2025-02-14 14:12:01,591] {logging_mixin.py:115} INFO - [2025-02-14 14:12:01,591] {dag.py:2968} INFO - Setting next_dagrun for example_dag_decorator to None, run_after=None
[2025-02-14 14:12:01,610] {processor.py:161} INFO - Processing /opt/conda/lib/python3.8/site-packages/airflow/example_dags/example_dag_decorator.py took 0.189 seconds
[2025-02-14 14:12:39,458] {processor.py:153} INFO - Started process (PID=2639) to work on /opt/conda/lib/python3.8/site-packages/airflow/example_dags/example_dag_decorator.py
[2025-02-14 14:12:39,459] {processor.py:641} INFO - Processing file /opt/conda/lib/python3.8/site-packages/airflow/example_dags/example_dag_decorator.py for tasks to queue
[2025-02-14 14:12:39,460] {logging_mixin.py:115} INFO - [2025-02-14 14:12:39,460] {dagbag.py:508} INFO - Filling up the DagBag from /opt/conda/lib/python3.8/site-packages/airflow/example_dags/example_dag_decorator.py
[2025-02-14 14:12:39,603] {processor.py:651} INFO - DAG(s) dict_keys(['example_dag_decorator']) retrieved from /opt/conda/lib/python3.8/site-packages/airflow/example_dags/example_dag_decorator.py
[2025-02-14 14:12:39,612] {logging_mixin.py:115} INFO - [2025-02-14 14:12:39,612] {dag.py:2420} INFO - Sync 1 DAGs
[2025-02-14 14:12:39,624] {logging_mixin.py:115} INFO - [2025-02-14 14:12:39,624] {dag.py:2968} INFO - Setting next_dagrun for example_dag_decorator to None, run_after=None
[2025-02-14 14:12:39,640] {processor.py:161} INFO - Processing /opt/conda/lib/python3.8/site-packages/airflow/example_dags/example_dag_decorator.py took 0.185 seconds
[2025-02-14 14:13:22,308] {processor.py:153} INFO - Started process (PID=2708) to work on /opt/conda/lib/python3.8/site-packages/airflow/example_dags/example_dag_decorator.py
[2025-02-14 14:13:22,310] {processor.py:641} INFO - Processing file /opt/conda/lib/python3.8/site-packages/airflow/example_dags/example_dag_decorator.py for tasks to queue
[2025-02-14 14:13:22,310] {logging_mixin.py:115} INFO - [2025-02-14 14:13:22,310] {dagbag.py:508} INFO - Filling up the DagBag from /opt/conda/lib/python3.8/site-packages/airflow/example_dags/example_dag_decorator.py
[2025-02-14 14:13:22,448] {processor.py:651} INFO - DAG(s) dict_keys(['example_dag_decorator']) retrieved from /opt/conda/lib/python3.8/site-packages/airflow/example_dags/example_dag_decorator.py
[2025-02-14 14:13:22,457] {logging_mixin.py:115} INFO - [2025-02-14 14:13:22,457] {dag.py:2420} INFO - Sync 1 DAGs
[2025-02-14 14:13:22,469] {logging_mixin.py:115} INFO - [2025-02-14 14:13:22,469] {dag.py:2968} INFO - Setting next_dagrun for example_dag_decorator to None, run_after=None
[2025-02-14 14:13:22,487] {processor.py:161} INFO - Processing /opt/conda/lib/python3.8/site-packages/airflow/example_dags/example_dag_decorator.py took 0.181 seconds
[2025-02-14 14:14:04,681] {processor.py:153} INFO - Started process (PID=2761) to work on /opt/conda/lib/python3.8/site-packages/airflow/example_dags/example_dag_decorator.py
[2025-02-14 14:14:04,683] {processor.py:641} INFO - Processing file /opt/conda/lib/python3.8/site-packages/airflow/example_dags/example_dag_decorator.py for tasks to queue
[2025-02-14 14:14:04,683] {logging_mixin.py:115} INFO - [2025-02-14 14:14:04,683] {dagbag.py:508} INFO - Filling up the DagBag from /opt/conda/lib/python3.8/site-packages/airflow/example_dags/example_dag_decorator.py
[2025-02-14 14:14:04,708] {processor.py:651} INFO - DAG(s) dict_keys(['example_dag_decorator']) retrieved from /opt/conda/lib/python3.8/site-packages/airflow/example_dags/example_dag_decorator.py
[2025-02-14 14:14:04,753] {logging_mixin.py:115} INFO - [2025-02-14 14:14:04,753] {dag.py:2420} INFO - Sync 1 DAGs
[2025-02-14 14:14:04,768] {logging_mixin.py:115} INFO - [2025-02-14 14:14:04,768] {dag.py:2968} INFO - Setting next_dagrun for example_dag_decorator to None, run_after=None
[2025-02-14 14:14:04,790] {processor.py:161} INFO - Processing /opt/conda/lib/python3.8/site-packages/airflow/example_dags/example_dag_decorator.py took 0.112 seconds
[2025-02-14 14:14:42,697] {processor.py:153} INFO - Started process (PID=2813) to work on /opt/conda/lib/python3.8/site-packages/airflow/example_dags/example_dag_decorator.py
[2025-02-14 14:14:42,699] {processor.py:641} INFO - Processing file /opt/conda/lib/python3.8/site-packages/airflow/example_dags/example_dag_decorator.py for tasks to queue
[2025-02-14 14:14:42,699] {logging_mixin.py:115} INFO - [2025-02-14 14:14:42,699] {dagbag.py:508} INFO - Filling up the DagBag from /opt/conda/lib/python3.8/site-packages/airflow/example_dags/example_dag_decorator.py
[2025-02-14 14:14:42,723] {processor.py:651} INFO - DAG(s) dict_keys(['example_dag_decorator']) retrieved from /opt/conda/lib/python3.8/site-packages/airflow/example_dags/example_dag_decorator.py
[2025-02-14 14:14:42,768] {logging_mixin.py:115} INFO - [2025-02-14 14:14:42,767] {dag.py:2420} INFO - Sync 1 DAGs
[2025-02-14 14:14:42,784] {logging_mixin.py:115} INFO - [2025-02-14 14:14:42,784] {dag.py:2968} INFO - Setting next_dagrun for example_dag_decorator to None, run_after=None
[2025-02-14 14:14:42,808] {processor.py:161} INFO - Processing /opt/conda/lib/python3.8/site-packages/airflow/example_dags/example_dag_decorator.py took 0.114 seconds
[2025-02-14 14:15:22,369] {processor.py:153} INFO - Started process (PID=2867) to work on /opt/conda/lib/python3.8/site-packages/airflow/example_dags/example_dag_decorator.py
[2025-02-14 14:15:22,370] {processor.py:641} INFO - Processing file /opt/conda/lib/python3.8/site-packages/airflow/example_dags/example_dag_decorator.py for tasks to queue
[2025-02-14 14:15:22,370] {logging_mixin.py:115} INFO - [2025-02-14 14:15:22,370] {dagbag.py:508} INFO - Filling up the DagBag from /opt/conda/lib/python3.8/site-packages/airflow/example_dags/example_dag_decorator.py
[2025-02-14 14:15:22,394] {processor.py:651} INFO - DAG(s) dict_keys(['example_dag_decorator']) retrieved from /opt/conda/lib/python3.8/site-packages/airflow/example_dags/example_dag_decorator.py
[2025-02-14 14:15:22,430] {logging_mixin.py:115} INFO - [2025-02-14 14:15:22,430] {dag.py:2420} INFO - Sync 1 DAGs
[2025-02-14 14:15:22,442] {logging_mixin.py:115} INFO - [2025-02-14 14:15:22,442] {dag.py:2968} INFO - Setting next_dagrun for example_dag_decorator to None, run_after=None
[2025-02-14 14:15:22,468] {processor.py:161} INFO - Processing /opt/conda/lib/python3.8/site-packages/airflow/example_dags/example_dag_decorator.py took 0.102 seconds
[2025-02-14 14:16:05,505] {processor.py:153} INFO - Started process (PID=2922) to work on /opt/conda/lib/python3.8/site-packages/airflow/example_dags/example_dag_decorator.py
[2025-02-14 14:16:05,659] {processor.py:641} INFO - Processing file /opt/conda/lib/python3.8/site-packages/airflow/example_dags/example_dag_decorator.py for tasks to queue
[2025-02-14 14:16:05,660] {logging_mixin.py:115} INFO - [2025-02-14 14:16:05,660] {dagbag.py:508} INFO - Filling up the DagBag from /opt/conda/lib/python3.8/site-packages/airflow/example_dags/example_dag_decorator.py
[2025-02-14 14:16:05,684] {processor.py:651} INFO - DAG(s) dict_keys(['example_dag_decorator']) retrieved from /opt/conda/lib/python3.8/site-packages/airflow/example_dags/example_dag_decorator.py
[2025-02-14 14:16:05,698] {logging_mixin.py:115} INFO - [2025-02-14 14:16:05,698] {dag.py:2420} INFO - Sync 1 DAGs
[2025-02-14 14:16:05,714] {logging_mixin.py:115} INFO - [2025-02-14 14:16:05,714] {dag.py:2968} INFO - Setting next_dagrun for example_dag_decorator to None, run_after=None
[2025-02-14 14:16:05,735] {processor.py:161} INFO - Processing /opt/conda/lib/python3.8/site-packages/airflow/example_dags/example_dag_decorator.py took 0.232 seconds
[2025-02-14 14:16:32,260] {processor.py:153} INFO - Started process (PID=2999) to work on /opt/conda/lib/python3.8/site-packages/airflow/example_dags/example_dag_decorator.py
[2025-02-14 14:16:32,262] {processor.py:641} INFO - Processing file /opt/conda/lib/python3.8/site-packages/airflow/example_dags/example_dag_decorator.py for tasks to queue
[2025-02-14 14:16:32,262] {logging_mixin.py:115} INFO - [2025-02-14 14:16:32,262] {dagbag.py:508} INFO - Filling up the DagBag from /opt/conda/lib/python3.8/site-packages/airflow/example_dags/example_dag_decorator.py
[2025-02-14 14:16:32,399] {processor.py:651} INFO - DAG(s) dict_keys(['example_dag_decorator']) retrieved from /opt/conda/lib/python3.8/site-packages/airflow/example_dags/example_dag_decorator.py
[2025-02-14 14:16:32,428] {logging_mixin.py:115} INFO - [2025-02-14 14:16:32,428] {dag.py:2420} INFO - Sync 1 DAGs
[2025-02-14 14:16:32,440] {logging_mixin.py:115} INFO - [2025-02-14 14:16:32,440] {dag.py:2968} INFO - Setting next_dagrun for example_dag_decorator to None, run_after=None
[2025-02-14 14:16:32,461] {processor.py:161} INFO - Processing /opt/conda/lib/python3.8/site-packages/airflow/example_dags/example_dag_decorator.py took 0.204 seconds
[2025-02-14 14:17:19,981] {processor.py:153} INFO - Started process (PID=3053) to work on /opt/conda/lib/python3.8/site-packages/airflow/example_dags/example_dag_decorator.py
[2025-02-14 14:17:19,983] {processor.py:641} INFO - Processing file /opt/conda/lib/python3.8/site-packages/airflow/example_dags/example_dag_decorator.py for tasks to queue
[2025-02-14 14:17:19,983] {logging_mixin.py:115} INFO - [2025-02-14 14:17:19,983] {dagbag.py:508} INFO - Filling up the DagBag from /opt/conda/lib/python3.8/site-packages/airflow/example_dags/example_dag_decorator.py
[2025-02-14 14:17:20,141] {processor.py:651} INFO - DAG(s) dict_keys(['example_dag_decorator']) retrieved from /opt/conda/lib/python3.8/site-packages/airflow/example_dags/example_dag_decorator.py
[2025-02-14 14:17:20,153] {logging_mixin.py:115} INFO - [2025-02-14 14:17:20,153] {dag.py:2420} INFO - Sync 1 DAGs
[2025-02-14 14:17:20,168] {logging_mixin.py:115} INFO - [2025-02-14 14:17:20,167] {dag.py:2968} INFO - Setting next_dagrun for example_dag_decorator to None, run_after=None
[2025-02-14 14:17:20,188] {processor.py:161} INFO - Processing /opt/conda/lib/python3.8/site-packages/airflow/example_dags/example_dag_decorator.py took 0.210 seconds
[2025-02-14 14:18:04,061] {processor.py:153} INFO - Started process (PID=3107) to work on /opt/conda/lib/python3.8/site-packages/airflow/example_dags/example_dag_decorator.py
[2025-02-14 14:18:04,063] {processor.py:641} INFO - Processing file /opt/conda/lib/python3.8/site-packages/airflow/example_dags/example_dag_decorator.py for tasks to queue
[2025-02-14 14:18:04,064] {logging_mixin.py:115} INFO - [2025-02-14 14:18:04,063] {dagbag.py:508} INFO - Filling up the DagBag from /opt/conda/lib/python3.8/site-packages/airflow/example_dags/example_dag_decorator.py
[2025-02-14 14:18:04,217] {processor.py:651} INFO - DAG(s) dict_keys(['example_dag_decorator']) retrieved from /opt/conda/lib/python3.8/site-packages/airflow/example_dags/example_dag_decorator.py
[2025-02-14 14:18:04,226] {logging_mixin.py:115} INFO - [2025-02-14 14:18:04,226] {dag.py:2420} INFO - Sync 1 DAGs
[2025-02-14 14:18:04,238] {logging_mixin.py:115} INFO - [2025-02-14 14:18:04,238] {dag.py:2968} INFO - Setting next_dagrun for example_dag_decorator to None, run_after=None
[2025-02-14 14:18:04,257] {processor.py:161} INFO - Processing /opt/conda/lib/python3.8/site-packages/airflow/example_dags/example_dag_decorator.py took 0.199 seconds
[2025-02-14 14:18:49,505] {processor.py:153} INFO - Started process (PID=3191) to work on /opt/conda/lib/python3.8/site-packages/airflow/example_dags/example_dag_decorator.py
[2025-02-14 14:18:49,506] {processor.py:641} INFO - Processing file /opt/conda/lib/python3.8/site-packages/airflow/example_dags/example_dag_decorator.py for tasks to queue
[2025-02-14 14:18:49,507] {logging_mixin.py:115} INFO - [2025-02-14 14:18:49,506] {dagbag.py:508} INFO - Filling up the DagBag from /opt/conda/lib/python3.8/site-packages/airflow/example_dags/example_dag_decorator.py
[2025-02-14 14:18:49,656] {processor.py:651} INFO - DAG(s) dict_keys(['example_dag_decorator']) retrieved from /opt/conda/lib/python3.8/site-packages/airflow/example_dags/example_dag_decorator.py
[2025-02-14 14:18:49,685] {logging_mixin.py:115} INFO - [2025-02-14 14:18:49,685] {dag.py:2420} INFO - Sync 1 DAGs
[2025-02-14 14:18:49,697] {logging_mixin.py:115} INFO - [2025-02-14 14:18:49,697] {dag.py:2968} INFO - Setting next_dagrun for example_dag_decorator to None, run_after=None
[2025-02-14 14:18:49,718] {processor.py:161} INFO - Processing /opt/conda/lib/python3.8/site-packages/airflow/example_dags/example_dag_decorator.py took 0.216 seconds
[2025-02-14 14:20:40,112] {processor.py:153} INFO - Started process (PID=3282) to work on /opt/conda/lib/python3.8/site-packages/airflow/example_dags/example_dag_decorator.py
[2025-02-14 14:20:40,114] {processor.py:641} INFO - Processing file /opt/conda/lib/python3.8/site-packages/airflow/example_dags/example_dag_decorator.py for tasks to queue
[2025-02-14 14:20:40,114] {logging_mixin.py:115} INFO - [2025-02-14 14:20:40,114] {dagbag.py:508} INFO - Filling up the DagBag from /opt/conda/lib/python3.8/site-packages/airflow/example_dags/example_dag_decorator.py
[2025-02-14 14:20:40,288] {processor.py:651} INFO - DAG(s) dict_keys(['example_dag_decorator']) retrieved from /opt/conda/lib/python3.8/site-packages/airflow/example_dags/example_dag_decorator.py
[2025-02-14 14:20:40,327] {logging_mixin.py:115} INFO - [2025-02-14 14:20:40,327] {dag.py:2420} INFO - Sync 1 DAGs
[2025-02-14 14:20:40,361] {logging_mixin.py:115} INFO - [2025-02-14 14:20:40,361] {dag.py:2968} INFO - Setting next_dagrun for example_dag_decorator to None, run_after=None
[2025-02-14 14:20:40,401] {processor.py:161} INFO - Processing /opt/conda/lib/python3.8/site-packages/airflow/example_dags/example_dag_decorator.py took 0.292 seconds
[2025-02-14 14:21:23,673] {processor.py:153} INFO - Started process (PID=3338) to work on /opt/conda/lib/python3.8/site-packages/airflow/example_dags/example_dag_decorator.py
[2025-02-14 14:21:23,675] {processor.py:641} INFO - Processing file /opt/conda/lib/python3.8/site-packages/airflow/example_dags/example_dag_decorator.py for tasks to queue
[2025-02-14 14:21:23,675] {logging_mixin.py:115} INFO - [2025-02-14 14:21:23,675] {dagbag.py:508} INFO - Filling up the DagBag from /opt/conda/lib/python3.8/site-packages/airflow/example_dags/example_dag_decorator.py
[2025-02-14 14:21:23,831] {processor.py:651} INFO - DAG(s) dict_keys(['example_dag_decorator']) retrieved from /opt/conda/lib/python3.8/site-packages/airflow/example_dags/example_dag_decorator.py
[2025-02-14 14:21:23,861] {logging_mixin.py:115} INFO - [2025-02-14 14:21:23,861] {dag.py:2420} INFO - Sync 1 DAGs
[2025-02-14 14:21:23,874] {logging_mixin.py:115} INFO - [2025-02-14 14:21:23,874] {dag.py:2968} INFO - Setting next_dagrun for example_dag_decorator to None, run_after=None
[2025-02-14 14:21:23,896] {processor.py:161} INFO - Processing /opt/conda/lib/python3.8/site-packages/airflow/example_dags/example_dag_decorator.py took 0.225 seconds
[2025-02-14 14:22:10,201] {processor.py:153} INFO - Started process (PID=3392) to work on /opt/conda/lib/python3.8/site-packages/airflow/example_dags/example_dag_decorator.py
[2025-02-14 14:22:10,203] {processor.py:641} INFO - Processing file /opt/conda/lib/python3.8/site-packages/airflow/example_dags/example_dag_decorator.py for tasks to queue
[2025-02-14 14:22:10,203] {logging_mixin.py:115} INFO - [2025-02-14 14:22:10,203] {dagbag.py:508} INFO - Filling up the DagBag from /opt/conda/lib/python3.8/site-packages/airflow/example_dags/example_dag_decorator.py
[2025-02-14 14:22:10,361] {processor.py:651} INFO - DAG(s) dict_keys(['example_dag_decorator']) retrieved from /opt/conda/lib/python3.8/site-packages/airflow/example_dags/example_dag_decorator.py
[2025-02-14 14:22:10,391] {logging_mixin.py:115} INFO - [2025-02-14 14:22:10,391] {dag.py:2420} INFO - Sync 1 DAGs
[2025-02-14 14:22:10,403] {logging_mixin.py:115} INFO - [2025-02-14 14:22:10,403] {dag.py:2968} INFO - Setting next_dagrun for example_dag_decorator to None, run_after=None
[2025-02-14 14:22:10,424] {processor.py:161} INFO - Processing /opt/conda/lib/python3.8/site-packages/airflow/example_dags/example_dag_decorator.py took 0.225 seconds
[2025-02-14 14:22:54,884] {processor.py:153} INFO - Started process (PID=3446) to work on /opt/conda/lib/python3.8/site-packages/airflow/example_dags/example_dag_decorator.py
[2025-02-14 14:22:54,885] {processor.py:641} INFO - Processing file /opt/conda/lib/python3.8/site-packages/airflow/example_dags/example_dag_decorator.py for tasks to queue
[2025-02-14 14:22:54,886] {logging_mixin.py:115} INFO - [2025-02-14 14:22:54,886] {dagbag.py:508} INFO - Filling up the DagBag from /opt/conda/lib/python3.8/site-packages/airflow/example_dags/example_dag_decorator.py
[2025-02-14 14:22:55,043] {processor.py:651} INFO - DAG(s) dict_keys(['example_dag_decorator']) retrieved from /opt/conda/lib/python3.8/site-packages/airflow/example_dags/example_dag_decorator.py
[2025-02-14 14:22:55,054] {logging_mixin.py:115} INFO - [2025-02-14 14:22:55,054] {dag.py:2420} INFO - Sync 1 DAGs
[2025-02-14 14:22:55,067] {logging_mixin.py:115} INFO - [2025-02-14 14:22:55,067] {dag.py:2968} INFO - Setting next_dagrun for example_dag_decorator to None, run_after=None
[2025-02-14 14:22:55,087] {processor.py:161} INFO - Processing /opt/conda/lib/python3.8/site-packages/airflow/example_dags/example_dag_decorator.py took 0.206 seconds
[2025-02-14 14:23:28,972] {processor.py:153} INFO - Started process (PID=3539) to work on /opt/conda/lib/python3.8/site-packages/airflow/example_dags/example_dag_decorator.py
[2025-02-14 14:23:28,973] {processor.py:641} INFO - Processing file /opt/conda/lib/python3.8/site-packages/airflow/example_dags/example_dag_decorator.py for tasks to queue
[2025-02-14 14:23:28,973] {logging_mixin.py:115} INFO - [2025-02-14 14:23:28,973] {dagbag.py:508} INFO - Filling up the DagBag from /opt/conda/lib/python3.8/site-packages/airflow/example_dags/example_dag_decorator.py
[2025-02-14 14:23:29,118] {processor.py:651} INFO - DAG(s) dict_keys(['example_dag_decorator']) retrieved from /opt/conda/lib/python3.8/site-packages/airflow/example_dags/example_dag_decorator.py
[2025-02-14 14:23:29,148] {logging_mixin.py:115} INFO - [2025-02-14 14:23:29,148] {dag.py:2420} INFO - Sync 1 DAGs
[2025-02-14 14:23:29,159] {logging_mixin.py:115} INFO - [2025-02-14 14:23:29,159] {dag.py:2968} INFO - Setting next_dagrun for example_dag_decorator to None, run_after=None
[2025-02-14 14:23:29,180] {processor.py:161} INFO - Processing /opt/conda/lib/python3.8/site-packages/airflow/example_dags/example_dag_decorator.py took 0.211 seconds
[2025-02-14 14:24:10,236] {processor.py:153} INFO - Started process (PID=3593) to work on /opt/conda/lib/python3.8/site-packages/airflow/example_dags/example_dag_decorator.py
[2025-02-14 14:24:10,238] {processor.py:641} INFO - Processing file /opt/conda/lib/python3.8/site-packages/airflow/example_dags/example_dag_decorator.py for tasks to queue
[2025-02-14 14:24:10,238] {logging_mixin.py:115} INFO - [2025-02-14 14:24:10,238] {dagbag.py:508} INFO - Filling up the DagBag from /opt/conda/lib/python3.8/site-packages/airflow/example_dags/example_dag_decorator.py
[2025-02-14 14:24:10,376] {processor.py:651} INFO - DAG(s) dict_keys(['example_dag_decorator']) retrieved from /opt/conda/lib/python3.8/site-packages/airflow/example_dags/example_dag_decorator.py
[2025-02-14 14:24:10,405] {logging_mixin.py:115} INFO - [2025-02-14 14:24:10,405] {dag.py:2420} INFO - Sync 1 DAGs
[2025-02-14 14:24:10,417] {logging_mixin.py:115} INFO - [2025-02-14 14:24:10,417] {dag.py:2968} INFO - Setting next_dagrun for example_dag_decorator to None, run_after=None
[2025-02-14 14:24:10,437] {processor.py:161} INFO - Processing /opt/conda/lib/python3.8/site-packages/airflow/example_dags/example_dag_decorator.py took 0.204 seconds
[2025-02-14 14:24:53,738] {processor.py:153} INFO - Started process (PID=3647) to work on /opt/conda/lib/python3.8/site-packages/airflow/example_dags/example_dag_decorator.py
[2025-02-14 14:24:53,740] {processor.py:641} INFO - Processing file /opt/conda/lib/python3.8/site-packages/airflow/example_dags/example_dag_decorator.py for tasks to queue
[2025-02-14 14:24:53,740] {logging_mixin.py:115} INFO - [2025-02-14 14:24:53,740] {dagbag.py:508} INFO - Filling up the DagBag from /opt/conda/lib/python3.8/site-packages/airflow/example_dags/example_dag_decorator.py
[2025-02-14 14:24:53,882] {processor.py:651} INFO - DAG(s) dict_keys(['example_dag_decorator']) retrieved from /opt/conda/lib/python3.8/site-packages/airflow/example_dags/example_dag_decorator.py
[2025-02-14 14:24:53,891] {logging_mixin.py:115} INFO - [2025-02-14 14:24:53,891] {dag.py:2420} INFO - Sync 1 DAGs
[2025-02-14 14:24:53,902] {logging_mixin.py:115} INFO - [2025-02-14 14:24:53,902] {dag.py:2968} INFO - Setting next_dagrun for example_dag_decorator to None, run_after=None
[2025-02-14 14:24:53,921] {processor.py:161} INFO - Processing /opt/conda/lib/python3.8/site-packages/airflow/example_dags/example_dag_decorator.py took 0.186 seconds
[2025-02-14 14:25:35,865] {processor.py:153} INFO - Started process (PID=3697) to work on /opt/conda/lib/python3.8/site-packages/airflow/example_dags/example_dag_decorator.py
[2025-02-14 14:25:35,867] {processor.py:641} INFO - Processing file /opt/conda/lib/python3.8/site-packages/airflow/example_dags/example_dag_decorator.py for tasks to queue
[2025-02-14 14:25:35,868] {logging_mixin.py:115} INFO - [2025-02-14 14:25:35,868] {dagbag.py:508} INFO - Filling up the DagBag from /opt/conda/lib/python3.8/site-packages/airflow/example_dags/example_dag_decorator.py
[2025-02-14 14:25:36,007] {processor.py:651} INFO - DAG(s) dict_keys(['example_dag_decorator']) retrieved from /opt/conda/lib/python3.8/site-packages/airflow/example_dags/example_dag_decorator.py
[2025-02-14 14:25:36,017] {logging_mixin.py:115} INFO - [2025-02-14 14:25:36,017] {dag.py:2420} INFO - Sync 1 DAGs
[2025-02-14 14:25:36,028] {logging_mixin.py:115} INFO - [2025-02-14 14:25:36,028] {dag.py:2968} INFO - Setting next_dagrun for example_dag_decorator to None, run_after=None
[2025-02-14 14:25:36,047] {processor.py:161} INFO - Processing /opt/conda/lib/python3.8/site-packages/airflow/example_dags/example_dag_decorator.py took 0.185 seconds
[2025-02-14 14:26:18,585] {processor.py:153} INFO - Started process (PID=3751) to work on /opt/conda/lib/python3.8/site-packages/airflow/example_dags/example_dag_decorator.py
[2025-02-14 14:26:18,586] {processor.py:641} INFO - Processing file /opt/conda/lib/python3.8/site-packages/airflow/example_dags/example_dag_decorator.py for tasks to queue
[2025-02-14 14:26:18,587] {logging_mixin.py:115} INFO - [2025-02-14 14:26:18,587] {dagbag.py:508} INFO - Filling up the DagBag from /opt/conda/lib/python3.8/site-packages/airflow/example_dags/example_dag_decorator.py
[2025-02-14 14:26:18,727] {processor.py:651} INFO - DAG(s) dict_keys(['example_dag_decorator']) retrieved from /opt/conda/lib/python3.8/site-packages/airflow/example_dags/example_dag_decorator.py
[2025-02-14 14:26:18,737] {logging_mixin.py:115} INFO - [2025-02-14 14:26:18,737] {dag.py:2420} INFO - Sync 1 DAGs
[2025-02-14 14:26:18,748] {logging_mixin.py:115} INFO - [2025-02-14 14:26:18,748] {dag.py:2968} INFO - Setting next_dagrun for example_dag_decorator to None, run_after=None
[2025-02-14 14:26:18,768] {processor.py:161} INFO - Processing /opt/conda/lib/python3.8/site-packages/airflow/example_dags/example_dag_decorator.py took 0.186 seconds
[2025-02-14 14:26:59,417] {processor.py:153} INFO - Started process (PID=3802) to work on /opt/conda/lib/python3.8/site-packages/airflow/example_dags/example_dag_decorator.py
[2025-02-14 14:26:59,418] {processor.py:641} INFO - Processing file /opt/conda/lib/python3.8/site-packages/airflow/example_dags/example_dag_decorator.py for tasks to queue
[2025-02-14 14:26:59,419] {logging_mixin.py:115} INFO - [2025-02-14 14:26:59,419] {dagbag.py:508} INFO - Filling up the DagBag from /opt/conda/lib/python3.8/site-packages/airflow/example_dags/example_dag_decorator.py
[2025-02-14 14:26:59,554] {processor.py:651} INFO - DAG(s) dict_keys(['example_dag_decorator']) retrieved from /opt/conda/lib/python3.8/site-packages/airflow/example_dags/example_dag_decorator.py
[2025-02-14 14:26:59,564] {logging_mixin.py:115} INFO - [2025-02-14 14:26:59,564] {dag.py:2420} INFO - Sync 1 DAGs
[2025-02-14 14:26:59,575] {logging_mixin.py:115} INFO - [2025-02-14 14:26:59,575] {dag.py:2968} INFO - Setting next_dagrun for example_dag_decorator to None, run_after=None
[2025-02-14 14:26:59,595] {processor.py:161} INFO - Processing /opt/conda/lib/python3.8/site-packages/airflow/example_dags/example_dag_decorator.py took 0.181 seconds
[2025-02-14 14:27:44,305] {processor.py:153} INFO - Started process (PID=3856) to work on /opt/conda/lib/python3.8/site-packages/airflow/example_dags/example_dag_decorator.py
[2025-02-14 14:27:44,307] {processor.py:641} INFO - Processing file /opt/conda/lib/python3.8/site-packages/airflow/example_dags/example_dag_decorator.py for tasks to queue
[2025-02-14 14:27:44,308] {logging_mixin.py:115} INFO - [2025-02-14 14:27:44,308] {dagbag.py:508} INFO - Filling up the DagBag from /opt/conda/lib/python3.8/site-packages/airflow/example_dags/example_dag_decorator.py
[2025-02-14 14:27:44,455] {processor.py:651} INFO - DAG(s) dict_keys(['example_dag_decorator']) retrieved from /opt/conda/lib/python3.8/site-packages/airflow/example_dags/example_dag_decorator.py
[2025-02-14 14:27:44,464] {logging_mixin.py:115} INFO - [2025-02-14 14:27:44,464] {dag.py:2420} INFO - Sync 1 DAGs
[2025-02-14 14:27:44,476] {logging_mixin.py:115} INFO - [2025-02-14 14:27:44,476] {dag.py:2968} INFO - Setting next_dagrun for example_dag_decorator to None, run_after=None
[2025-02-14 14:27:44,495] {processor.py:161} INFO - Processing /opt/conda/lib/python3.8/site-packages/airflow/example_dags/example_dag_decorator.py took 0.192 seconds
[2025-02-14 14:28:28,757] {processor.py:153} INFO - Started process (PID=3910) to work on /opt/conda/lib/python3.8/site-packages/airflow/example_dags/example_dag_decorator.py
[2025-02-14 14:28:28,784] {processor.py:641} INFO - Processing file /opt/conda/lib/python3.8/site-packages/airflow/example_dags/example_dag_decorator.py for tasks to queue
[2025-02-14 14:28:28,784] {logging_mixin.py:115} INFO - [2025-02-14 14:28:28,784] {dagbag.py:508} INFO - Filling up the DagBag from /opt/conda/lib/python3.8/site-packages/airflow/example_dags/example_dag_decorator.py
[2025-02-14 14:28:28,809] {processor.py:651} INFO - DAG(s) dict_keys(['example_dag_decorator']) retrieved from /opt/conda/lib/python3.8/site-packages/airflow/example_dags/example_dag_decorator.py
[2025-02-14 14:28:28,853] {logging_mixin.py:115} INFO - [2025-02-14 14:28:28,853] {dag.py:2420} INFO - Sync 1 DAGs
[2025-02-14 14:28:28,869] {logging_mixin.py:115} INFO - [2025-02-14 14:28:28,869] {dag.py:2968} INFO - Setting next_dagrun for example_dag_decorator to None, run_after=None
[2025-02-14 14:28:28,893] {processor.py:161} INFO - Processing /opt/conda/lib/python3.8/site-packages/airflow/example_dags/example_dag_decorator.py took 0.140 seconds
[2025-02-14 14:29:10,217] {processor.py:153} INFO - Started process (PID=3964) to work on /opt/conda/lib/python3.8/site-packages/airflow/example_dags/example_dag_decorator.py
[2025-02-14 14:29:10,219] {processor.py:641} INFO - Processing file /opt/conda/lib/python3.8/site-packages/airflow/example_dags/example_dag_decorator.py for tasks to queue
[2025-02-14 14:29:10,219] {logging_mixin.py:115} INFO - [2025-02-14 14:29:10,219] {dagbag.py:508} INFO - Filling up the DagBag from /opt/conda/lib/python3.8/site-packages/airflow/example_dags/example_dag_decorator.py
[2025-02-14 14:29:10,244] {processor.py:651} INFO - DAG(s) dict_keys(['example_dag_decorator']) retrieved from /opt/conda/lib/python3.8/site-packages/airflow/example_dags/example_dag_decorator.py
[2025-02-14 14:29:10,286] {logging_mixin.py:115} INFO - [2025-02-14 14:29:10,286] {dag.py:2420} INFO - Sync 1 DAGs
[2025-02-14 14:29:10,299] {logging_mixin.py:115} INFO - [2025-02-14 14:29:10,299] {dag.py:2968} INFO - Setting next_dagrun for example_dag_decorator to None, run_after=None
[2025-02-14 14:29:10,320] {processor.py:161} INFO - Processing /opt/conda/lib/python3.8/site-packages/airflow/example_dags/example_dag_decorator.py took 0.107 seconds
[2025-02-14 14:29:52,753] {processor.py:153} INFO - Started process (PID=4027) to work on /opt/conda/lib/python3.8/site-packages/airflow/example_dags/example_dag_decorator.py
[2025-02-14 14:29:52,754] {processor.py:641} INFO - Processing file /opt/conda/lib/python3.8/site-packages/airflow/example_dags/example_dag_decorator.py for tasks to queue
[2025-02-14 14:29:52,754] {logging_mixin.py:115} INFO - [2025-02-14 14:29:52,754] {dagbag.py:508} INFO - Filling up the DagBag from /opt/conda/lib/python3.8/site-packages/airflow/example_dags/example_dag_decorator.py
[2025-02-14 14:29:52,779] {processor.py:651} INFO - DAG(s) dict_keys(['example_dag_decorator']) retrieved from /opt/conda/lib/python3.8/site-packages/airflow/example_dags/example_dag_decorator.py
[2025-02-14 14:29:52,825] {logging_mixin.py:115} INFO - [2025-02-14 14:29:52,825] {dag.py:2420} INFO - Sync 1 DAGs
[2025-02-14 14:29:52,840] {logging_mixin.py:115} INFO - [2025-02-14 14:29:52,840] {dag.py:2968} INFO - Setting next_dagrun for example_dag_decorator to None, run_after=None
[2025-02-14 14:29:52,866] {processor.py:161} INFO - Processing /opt/conda/lib/python3.8/site-packages/airflow/example_dags/example_dag_decorator.py took 0.116 seconds
[2025-02-14 14:30:30,201] {processor.py:153} INFO - Started process (PID=4081) to work on /opt/conda/lib/python3.8/site-packages/airflow/example_dags/example_dag_decorator.py
[2025-02-14 14:30:30,202] {processor.py:641} INFO - Processing file /opt/conda/lib/python3.8/site-packages/airflow/example_dags/example_dag_decorator.py for tasks to queue
[2025-02-14 14:30:30,203] {logging_mixin.py:115} INFO - [2025-02-14 14:30:30,203] {dagbag.py:508} INFO - Filling up the DagBag from /opt/conda/lib/python3.8/site-packages/airflow/example_dags/example_dag_decorator.py
[2025-02-14 14:30:30,227] {processor.py:651} INFO - DAG(s) dict_keys(['example_dag_decorator']) retrieved from /opt/conda/lib/python3.8/site-packages/airflow/example_dags/example_dag_decorator.py
[2025-02-14 14:30:30,243] {logging_mixin.py:115} INFO - [2025-02-14 14:30:30,243] {dag.py:2420} INFO - Sync 1 DAGs
[2025-02-14 14:30:30,259] {logging_mixin.py:115} INFO - [2025-02-14 14:30:30,259] {dag.py:2968} INFO - Setting next_dagrun for example_dag_decorator to None, run_after=None
[2025-02-14 14:30:30,281] {processor.py:161} INFO - Processing /opt/conda/lib/python3.8/site-packages/airflow/example_dags/example_dag_decorator.py took 0.084 seconds
[2025-02-14 14:31:03,713] {processor.py:153} INFO - Started process (PID=4129) to work on /opt/conda/lib/python3.8/site-packages/airflow/example_dags/example_dag_decorator.py
[2025-02-14 14:31:03,714] {processor.py:641} INFO - Processing file /opt/conda/lib/python3.8/site-packages/airflow/example_dags/example_dag_decorator.py for tasks to queue
[2025-02-14 14:31:03,715] {logging_mixin.py:115} INFO - [2025-02-14 14:31:03,715] {dagbag.py:508} INFO - Filling up the DagBag from /opt/conda/lib/python3.8/site-packages/airflow/example_dags/example_dag_decorator.py
[2025-02-14 14:31:03,737] {processor.py:651} INFO - DAG(s) dict_keys(['example_dag_decorator']) retrieved from /opt/conda/lib/python3.8/site-packages/airflow/example_dags/example_dag_decorator.py
[2025-02-14 14:31:03,749] {logging_mixin.py:115} INFO - [2025-02-14 14:31:03,749] {dag.py:2420} INFO - Sync 1 DAGs
[2025-02-14 14:31:03,762] {logging_mixin.py:115} INFO - [2025-02-14 14:31:03,762] {dag.py:2968} INFO - Setting next_dagrun for example_dag_decorator to None, run_after=None
[2025-02-14 14:31:03,782] {processor.py:161} INFO - Processing /opt/conda/lib/python3.8/site-packages/airflow/example_dags/example_dag_decorator.py took 0.072 seconds
[2025-02-14 14:32:50,605] {processor.py:153} INFO - Started process (PID=4309) to work on /opt/conda/lib/python3.8/site-packages/airflow/example_dags/example_dag_decorator.py
[2025-02-14 14:32:50,607] {processor.py:641} INFO - Processing file /opt/conda/lib/python3.8/site-packages/airflow/example_dags/example_dag_decorator.py for tasks to queue
[2025-02-14 14:32:50,607] {logging_mixin.py:115} INFO - [2025-02-14 14:32:50,607] {dagbag.py:508} INFO - Filling up the DagBag from /opt/conda/lib/python3.8/site-packages/airflow/example_dags/example_dag_decorator.py
[2025-02-14 14:32:50,631] {processor.py:651} INFO - DAG(s) dict_keys(['example_dag_decorator']) retrieved from /opt/conda/lib/python3.8/site-packages/airflow/example_dags/example_dag_decorator.py
[2025-02-14 14:32:50,647] {logging_mixin.py:115} INFO - [2025-02-14 14:32:50,647] {dag.py:2420} INFO - Sync 1 DAGs
[2025-02-14 14:32:50,663] {logging_mixin.py:115} INFO - [2025-02-14 14:32:50,663] {dag.py:2968} INFO - Setting next_dagrun for example_dag_decorator to None, run_after=None
[2025-02-14 14:32:50,684] {processor.py:161} INFO - Processing /opt/conda/lib/python3.8/site-packages/airflow/example_dags/example_dag_decorator.py took 0.083 seconds
[2025-02-14 14:33:32,904] {processor.py:153} INFO - Started process (PID=4363) to work on /opt/conda/lib/python3.8/site-packages/airflow/example_dags/example_dag_decorator.py
[2025-02-14 14:33:32,905] {processor.py:641} INFO - Processing file /opt/conda/lib/python3.8/site-packages/airflow/example_dags/example_dag_decorator.py for tasks to queue
[2025-02-14 14:33:32,906] {logging_mixin.py:115} INFO - [2025-02-14 14:33:32,906] {dagbag.py:508} INFO - Filling up the DagBag from /opt/conda/lib/python3.8/site-packages/airflow/example_dags/example_dag_decorator.py
[2025-02-14 14:33:32,930] {processor.py:651} INFO - DAG(s) dict_keys(['example_dag_decorator']) retrieved from /opt/conda/lib/python3.8/site-packages/airflow/example_dags/example_dag_decorator.py
[2025-02-14 14:33:32,975] {logging_mixin.py:115} INFO - [2025-02-14 14:33:32,975] {dag.py:2420} INFO - Sync 1 DAGs
[2025-02-14 14:33:32,991] {logging_mixin.py:115} INFO - [2025-02-14 14:33:32,991] {dag.py:2968} INFO - Setting next_dagrun for example_dag_decorator to None, run_after=None
[2025-02-14 14:33:33,015] {processor.py:161} INFO - Processing /opt/conda/lib/python3.8/site-packages/airflow/example_dags/example_dag_decorator.py took 0.114 seconds
[2025-02-14 14:34:09,365] {processor.py:153} INFO - Started process (PID=4413) to work on /opt/conda/lib/python3.8/site-packages/airflow/example_dags/example_dag_decorator.py
[2025-02-14 14:34:09,366] {processor.py:641} INFO - Processing file /opt/conda/lib/python3.8/site-packages/airflow/example_dags/example_dag_decorator.py for tasks to queue
[2025-02-14 14:34:09,366] {logging_mixin.py:115} INFO - [2025-02-14 14:34:09,366] {dagbag.py:508} INFO - Filling up the DagBag from /opt/conda/lib/python3.8/site-packages/airflow/example_dags/example_dag_decorator.py
[2025-02-14 14:34:09,390] {processor.py:651} INFO - DAG(s) dict_keys(['example_dag_decorator']) retrieved from /opt/conda/lib/python3.8/site-packages/airflow/example_dags/example_dag_decorator.py
[2025-02-14 14:34:09,435] {logging_mixin.py:115} INFO - [2025-02-14 14:34:09,435] {dag.py:2420} INFO - Sync 1 DAGs
[2025-02-14 14:34:09,448] {logging_mixin.py:115} INFO - [2025-02-14 14:34:09,448] {dag.py:2968} INFO - Setting next_dagrun for example_dag_decorator to None, run_after=None
[2025-02-14 14:34:09,467] {processor.py:161} INFO - Processing /opt/conda/lib/python3.8/site-packages/airflow/example_dags/example_dag_decorator.py took 0.106 seconds
[2025-02-14 14:34:43,460] {processor.py:153} INFO - Started process (PID=4460) to work on /opt/conda/lib/python3.8/site-packages/airflow/example_dags/example_dag_decorator.py
[2025-02-14 14:34:43,461] {processor.py:641} INFO - Processing file /opt/conda/lib/python3.8/site-packages/airflow/example_dags/example_dag_decorator.py for tasks to queue
[2025-02-14 14:34:43,462] {logging_mixin.py:115} INFO - [2025-02-14 14:34:43,462] {dagbag.py:508} INFO - Filling up the DagBag from /opt/conda/lib/python3.8/site-packages/airflow/example_dags/example_dag_decorator.py
[2025-02-14 14:34:43,486] {processor.py:651} INFO - DAG(s) dict_keys(['example_dag_decorator']) retrieved from /opt/conda/lib/python3.8/site-packages/airflow/example_dags/example_dag_decorator.py
[2025-02-14 14:34:43,530] {logging_mixin.py:115} INFO - [2025-02-14 14:34:43,530] {dag.py:2420} INFO - Sync 1 DAGs
[2025-02-14 14:34:43,547] {logging_mixin.py:115} INFO - [2025-02-14 14:34:43,547] {dag.py:2968} INFO - Setting next_dagrun for example_dag_decorator to None, run_after=None
[2025-02-14 14:34:43,574] {processor.py:161} INFO - Processing /opt/conda/lib/python3.8/site-packages/airflow/example_dags/example_dag_decorator.py took 0.117 seconds
[2025-02-14 14:35:14,669] {processor.py:153} INFO - Started process (PID=4507) to work on /opt/conda/lib/python3.8/site-packages/airflow/example_dags/example_dag_decorator.py
[2025-02-14 14:35:14,670] {processor.py:641} INFO - Processing file /opt/conda/lib/python3.8/site-packages/airflow/example_dags/example_dag_decorator.py for tasks to queue
[2025-02-14 14:35:14,670] {logging_mixin.py:115} INFO - [2025-02-14 14:35:14,670] {dagbag.py:508} INFO - Filling up the DagBag from /opt/conda/lib/python3.8/site-packages/airflow/example_dags/example_dag_decorator.py
[2025-02-14 14:35:14,694] {processor.py:651} INFO - DAG(s) dict_keys(['example_dag_decorator']) retrieved from /opt/conda/lib/python3.8/site-packages/airflow/example_dags/example_dag_decorator.py
[2025-02-14 14:35:14,710] {logging_mixin.py:115} INFO - [2025-02-14 14:35:14,710] {dag.py:2420} INFO - Sync 1 DAGs
[2025-02-14 14:35:14,725] {logging_mixin.py:115} INFO - [2025-02-14 14:35:14,725] {dag.py:2968} INFO - Setting next_dagrun for example_dag_decorator to None, run_after=None
[2025-02-14 14:35:14,745] {processor.py:161} INFO - Processing /opt/conda/lib/python3.8/site-packages/airflow/example_dags/example_dag_decorator.py took 0.078 seconds
[2025-02-14 14:35:52,724] {processor.py:153} INFO - Started process (PID=4559) to work on /opt/conda/lib/python3.8/site-packages/airflow/example_dags/example_dag_decorator.py
[2025-02-14 14:35:52,725] {processor.py:641} INFO - Processing file /opt/conda/lib/python3.8/site-packages/airflow/example_dags/example_dag_decorator.py for tasks to queue
[2025-02-14 14:35:52,726] {logging_mixin.py:115} INFO - [2025-02-14 14:35:52,726] {dagbag.py:508} INFO - Filling up the DagBag from /opt/conda/lib/python3.8/site-packages/airflow/example_dags/example_dag_decorator.py
[2025-02-14 14:35:52,750] {processor.py:651} INFO - DAG(s) dict_keys(['example_dag_decorator']) retrieved from /opt/conda/lib/python3.8/site-packages/airflow/example_dags/example_dag_decorator.py
[2025-02-14 14:35:52,766] {logging_mixin.py:115} INFO - [2025-02-14 14:35:52,766] {dag.py:2420} INFO - Sync 1 DAGs
[2025-02-14 14:35:52,782] {logging_mixin.py:115} INFO - [2025-02-14 14:35:52,781] {dag.py:2968} INFO - Setting next_dagrun for example_dag_decorator to None, run_after=None
[2025-02-14 14:35:52,801] {processor.py:161} INFO - Processing /opt/conda/lib/python3.8/site-packages/airflow/example_dags/example_dag_decorator.py took 0.080 seconds
[2025-02-14 14:36:28,631] {processor.py:153} INFO - Started process (PID=4606) to work on /opt/conda/lib/python3.8/site-packages/airflow/example_dags/example_dag_decorator.py
[2025-02-14 14:36:28,632] {processor.py:641} INFO - Processing file /opt/conda/lib/python3.8/site-packages/airflow/example_dags/example_dag_decorator.py for tasks to queue
[2025-02-14 14:36:28,633] {logging_mixin.py:115} INFO - [2025-02-14 14:36:28,633] {dagbag.py:508} INFO - Filling up the DagBag from /opt/conda/lib/python3.8/site-packages/airflow/example_dags/example_dag_decorator.py
[2025-02-14 14:36:28,661] {processor.py:651} INFO - DAG(s) dict_keys(['example_dag_decorator']) retrieved from /opt/conda/lib/python3.8/site-packages/airflow/example_dags/example_dag_decorator.py
[2025-02-14 14:36:28,681] {logging_mixin.py:115} INFO - [2025-02-14 14:36:28,681] {dag.py:2420} INFO - Sync 1 DAGs
[2025-02-14 14:36:28,701] {logging_mixin.py:115} INFO - [2025-02-14 14:36:28,701] {dag.py:2968} INFO - Setting next_dagrun for example_dag_decorator to None, run_after=None
[2025-02-14 14:36:29,375] {processor.py:161} INFO - Processing /opt/conda/lib/python3.8/site-packages/airflow/example_dags/example_dag_decorator.py took 0.749 seconds
[2025-02-14 14:37:05,272] {processor.py:153} INFO - Started process (PID=4657) to work on /opt/conda/lib/python3.8/site-packages/airflow/example_dags/example_dag_decorator.py
[2025-02-14 14:37:05,274] {processor.py:641} INFO - Processing file /opt/conda/lib/python3.8/site-packages/airflow/example_dags/example_dag_decorator.py for tasks to queue
[2025-02-14 14:37:05,274] {logging_mixin.py:115} INFO - [2025-02-14 14:37:05,274] {dagbag.py:508} INFO - Filling up the DagBag from /opt/conda/lib/python3.8/site-packages/airflow/example_dags/example_dag_decorator.py
[2025-02-14 14:37:05,299] {processor.py:651} INFO - DAG(s) dict_keys(['example_dag_decorator']) retrieved from /opt/conda/lib/python3.8/site-packages/airflow/example_dags/example_dag_decorator.py
[2025-02-14 14:37:05,313] {logging_mixin.py:115} INFO - [2025-02-14 14:37:05,313] {dag.py:2420} INFO - Sync 1 DAGs
[2025-02-14 14:37:05,326] {logging_mixin.py:115} INFO - [2025-02-14 14:37:05,326] {dag.py:2968} INFO - Setting next_dagrun for example_dag_decorator to None, run_after=None
[2025-02-14 14:37:05,345] {processor.py:161} INFO - Processing /opt/conda/lib/python3.8/site-packages/airflow/example_dags/example_dag_decorator.py took 0.076 seconds
[2025-02-14 14:37:41,601] {processor.py:153} INFO - Started process (PID=4706) to work on /opt/conda/lib/python3.8/site-packages/airflow/example_dags/example_dag_decorator.py
[2025-02-14 14:37:41,602] {processor.py:641} INFO - Processing file /opt/conda/lib/python3.8/site-packages/airflow/example_dags/example_dag_decorator.py for tasks to queue
[2025-02-14 14:37:41,603] {logging_mixin.py:115} INFO - [2025-02-14 14:37:41,603] {dagbag.py:508} INFO - Filling up the DagBag from /opt/conda/lib/python3.8/site-packages/airflow/example_dags/example_dag_decorator.py
[2025-02-14 14:37:41,627] {processor.py:651} INFO - DAG(s) dict_keys(['example_dag_decorator']) retrieved from /opt/conda/lib/python3.8/site-packages/airflow/example_dags/example_dag_decorator.py
[2025-02-14 14:37:41,644] {logging_mixin.py:115} INFO - [2025-02-14 14:37:41,644] {dag.py:2420} INFO - Sync 1 DAGs
[2025-02-14 14:37:41,660] {logging_mixin.py:115} INFO - [2025-02-14 14:37:41,660] {dag.py:2968} INFO - Setting next_dagrun for example_dag_decorator to None, run_after=None
[2025-02-14 14:37:41,682] {processor.py:161} INFO - Processing /opt/conda/lib/python3.8/site-packages/airflow/example_dags/example_dag_decorator.py took 0.085 seconds
[2025-02-14 14:41:59,158] {processor.py:153} INFO - Started process (PID=4755) to work on /opt/conda/lib/python3.8/site-packages/airflow/example_dags/example_dag_decorator.py
[2025-02-14 14:41:59,160] {processor.py:641} INFO - Processing file /opt/conda/lib/python3.8/site-packages/airflow/example_dags/example_dag_decorator.py for tasks to queue
[2025-02-14 14:41:59,161] {logging_mixin.py:115} INFO - [2025-02-14 14:41:59,160] {dagbag.py:508} INFO - Filling up the DagBag from /opt/conda/lib/python3.8/site-packages/airflow/example_dags/example_dag_decorator.py
[2025-02-14 14:41:59,308] {processor.py:651} INFO - DAG(s) dict_keys(['example_dag_decorator']) retrieved from /opt/conda/lib/python3.8/site-packages/airflow/example_dags/example_dag_decorator.py
[2025-02-14 14:41:59,337] {logging_mixin.py:115} INFO - [2025-02-14 14:41:59,337] {dag.py:2420} INFO - Sync 1 DAGs
[2025-02-14 14:41:59,349] {logging_mixin.py:115} INFO - [2025-02-14 14:41:59,348] {dag.py:2968} INFO - Setting next_dagrun for example_dag_decorator to None, run_after=None
[2025-02-14 14:41:59,370] {processor.py:161} INFO - Processing /opt/conda/lib/python3.8/site-packages/airflow/example_dags/example_dag_decorator.py took 0.215 seconds
[2025-02-14 14:42:44,293] {processor.py:153} INFO - Started process (PID=4847) to work on /opt/conda/lib/python3.8/site-packages/airflow/example_dags/example_dag_decorator.py
[2025-02-14 14:42:44,294] {processor.py:641} INFO - Processing file /opt/conda/lib/python3.8/site-packages/airflow/example_dags/example_dag_decorator.py for tasks to queue
[2025-02-14 14:42:44,295] {logging_mixin.py:115} INFO - [2025-02-14 14:42:44,295] {dagbag.py:508} INFO - Filling up the DagBag from /opt/conda/lib/python3.8/site-packages/airflow/example_dags/example_dag_decorator.py
[2025-02-14 14:42:44,430] {processor.py:651} INFO - DAG(s) dict_keys(['example_dag_decorator']) retrieved from /opt/conda/lib/python3.8/site-packages/airflow/example_dags/example_dag_decorator.py
[2025-02-14 14:42:44,460] {logging_mixin.py:115} INFO - [2025-02-14 14:42:44,460] {dag.py:2420} INFO - Sync 1 DAGs
[2025-02-14 14:42:44,471] {logging_mixin.py:115} INFO - [2025-02-14 14:42:44,471] {dag.py:2968} INFO - Setting next_dagrun for example_dag_decorator to None, run_after=None
[2025-02-14 14:42:44,497] {processor.py:161} INFO - Processing /opt/conda/lib/python3.8/site-packages/airflow/example_dags/example_dag_decorator.py took 0.208 seconds
[2025-02-14 17:09:19,665] {processor.py:153} INFO - Started process (PID=6346) to work on /opt/conda/lib/python3.8/site-packages/airflow/example_dags/example_dag_decorator.py
[2025-02-14 17:09:19,667] {processor.py:641} INFO - Processing file /opt/conda/lib/python3.8/site-packages/airflow/example_dags/example_dag_decorator.py for tasks to queue
[2025-02-14 17:09:19,667] {logging_mixin.py:115} INFO - [2025-02-14 17:09:19,667] {dagbag.py:508} INFO - Filling up the DagBag from /opt/conda/lib/python3.8/site-packages/airflow/example_dags/example_dag_decorator.py
[2025-02-14 17:09:19,877] {processor.py:651} INFO - DAG(s) dict_keys(['example_dag_decorator']) retrieved from /opt/conda/lib/python3.8/site-packages/airflow/example_dags/example_dag_decorator.py
[2025-02-14 17:09:19,923] {logging_mixin.py:115} INFO - [2025-02-14 17:09:19,923] {dag.py:2420} INFO - Sync 1 DAGs
[2025-02-14 17:09:19,942] {logging_mixin.py:115} INFO - [2025-02-14 17:09:19,942] {dag.py:2968} INFO - Setting next_dagrun for example_dag_decorator to None, run_after=None
[2025-02-14 17:09:19,966] {processor.py:161} INFO - Processing /opt/conda/lib/python3.8/site-packages/airflow/example_dags/example_dag_decorator.py took 0.305 seconds
[2025-02-14 17:10:15,401] {processor.py:153} INFO - Started process (PID=6419) to work on /opt/conda/lib/python3.8/site-packages/airflow/example_dags/example_dag_decorator.py
[2025-02-14 17:10:15,403] {processor.py:641} INFO - Processing file /opt/conda/lib/python3.8/site-packages/airflow/example_dags/example_dag_decorator.py for tasks to queue
[2025-02-14 17:10:15,404] {logging_mixin.py:115} INFO - [2025-02-14 17:10:15,404] {dagbag.py:508} INFO - Filling up the DagBag from /opt/conda/lib/python3.8/site-packages/airflow/example_dags/example_dag_decorator.py
[2025-02-14 17:10:15,621] {processor.py:651} INFO - DAG(s) dict_keys(['example_dag_decorator']) retrieved from /opt/conda/lib/python3.8/site-packages/airflow/example_dags/example_dag_decorator.py
[2025-02-14 17:10:15,667] {logging_mixin.py:115} INFO - [2025-02-14 17:10:15,667] {dag.py:2420} INFO - Sync 1 DAGs
[2025-02-14 17:10:15,686] {logging_mixin.py:115} INFO - [2025-02-14 17:10:15,686] {dag.py:2968} INFO - Setting next_dagrun for example_dag_decorator to None, run_after=None
[2025-02-14 17:10:15,731] {processor.py:161} INFO - Processing /opt/conda/lib/python3.8/site-packages/airflow/example_dags/example_dag_decorator.py took 0.333 seconds
[2025-02-14 17:11:37,515] {processor.py:153} INFO - Started process (PID=6565) to work on /opt/conda/lib/python3.8/site-packages/airflow/example_dags/example_dag_decorator.py
[2025-02-14 17:11:37,516] {processor.py:641} INFO - Processing file /opt/conda/lib/python3.8/site-packages/airflow/example_dags/example_dag_decorator.py for tasks to queue
[2025-02-14 17:11:37,517] {logging_mixin.py:115} INFO - [2025-02-14 17:11:37,517] {dagbag.py:508} INFO - Filling up the DagBag from /opt/conda/lib/python3.8/site-packages/airflow/example_dags/example_dag_decorator.py
[2025-02-14 17:11:37,667] {processor.py:651} INFO - DAG(s) dict_keys(['example_dag_decorator']) retrieved from /opt/conda/lib/python3.8/site-packages/airflow/example_dags/example_dag_decorator.py
[2025-02-14 17:11:37,697] {logging_mixin.py:115} INFO - [2025-02-14 17:11:37,696] {dag.py:2420} INFO - Sync 1 DAGs
[2025-02-14 17:11:37,708] {logging_mixin.py:115} INFO - [2025-02-14 17:11:37,708] {dag.py:2968} INFO - Setting next_dagrun for example_dag_decorator to None, run_after=None
[2025-02-14 17:11:37,729] {processor.py:161} INFO - Processing /opt/conda/lib/python3.8/site-packages/airflow/example_dags/example_dag_decorator.py took 0.218 seconds
[2025-02-14 17:12:26,380] {processor.py:153} INFO - Started process (PID=6634) to work on /opt/conda/lib/python3.8/site-packages/airflow/example_dags/example_dag_decorator.py
[2025-02-14 17:12:26,381] {processor.py:641} INFO - Processing file /opt/conda/lib/python3.8/site-packages/airflow/example_dags/example_dag_decorator.py for tasks to queue
[2025-02-14 17:12:26,382] {logging_mixin.py:115} INFO - [2025-02-14 17:12:26,382] {dagbag.py:508} INFO - Filling up the DagBag from /opt/conda/lib/python3.8/site-packages/airflow/example_dags/example_dag_decorator.py
[2025-02-14 17:12:26,593] {processor.py:651} INFO - DAG(s) dict_keys(['example_dag_decorator']) retrieved from /opt/conda/lib/python3.8/site-packages/airflow/example_dags/example_dag_decorator.py
[2025-02-14 17:12:26,639] {logging_mixin.py:115} INFO - [2025-02-14 17:12:26,639] {dag.py:2420} INFO - Sync 1 DAGs
[2025-02-14 17:12:26,657] {logging_mixin.py:115} INFO - [2025-02-14 17:12:26,657] {dag.py:2968} INFO - Setting next_dagrun for example_dag_decorator to None, run_after=None
[2025-02-14 17:12:26,696] {processor.py:161} INFO - Processing /opt/conda/lib/python3.8/site-packages/airflow/example_dags/example_dag_decorator.py took 0.320 seconds
[2025-02-14 17:13:17,979] {processor.py:153} INFO - Started process (PID=6703) to work on /opt/conda/lib/python3.8/site-packages/airflow/example_dags/example_dag_decorator.py
[2025-02-14 17:13:17,981] {processor.py:641} INFO - Processing file /opt/conda/lib/python3.8/site-packages/airflow/example_dags/example_dag_decorator.py for tasks to queue
[2025-02-14 17:13:17,982] {logging_mixin.py:115} INFO - [2025-02-14 17:13:17,982] {dagbag.py:508} INFO - Filling up the DagBag from /opt/conda/lib/python3.8/site-packages/airflow/example_dags/example_dag_decorator.py
[2025-02-14 17:13:18,192] {processor.py:651} INFO - DAG(s) dict_keys(['example_dag_decorator']) retrieved from /opt/conda/lib/python3.8/site-packages/airflow/example_dags/example_dag_decorator.py
[2025-02-14 17:13:18,239] {logging_mixin.py:115} INFO - [2025-02-14 17:13:18,238] {dag.py:2420} INFO - Sync 1 DAGs
[2025-02-14 17:13:18,257] {logging_mixin.py:115} INFO - [2025-02-14 17:13:18,257] {dag.py:2968} INFO - Setting next_dagrun for example_dag_decorator to None, run_after=None
[2025-02-14 17:13:18,281] {processor.py:161} INFO - Processing /opt/conda/lib/python3.8/site-packages/airflow/example_dags/example_dag_decorator.py took 0.305 seconds
[2025-02-14 17:14:10,961] {processor.py:153} INFO - Started process (PID=6774) to work on /opt/conda/lib/python3.8/site-packages/airflow/example_dags/example_dag_decorator.py
[2025-02-14 17:14:10,963] {processor.py:641} INFO - Processing file /opt/conda/lib/python3.8/site-packages/airflow/example_dags/example_dag_decorator.py for tasks to queue
[2025-02-14 17:14:10,964] {logging_mixin.py:115} INFO - [2025-02-14 17:14:10,964] {dagbag.py:508} INFO - Filling up the DagBag from /opt/conda/lib/python3.8/site-packages/airflow/example_dags/example_dag_decorator.py
[2025-02-14 17:14:10,991] {processor.py:651} INFO - DAG(s) dict_keys(['example_dag_decorator']) retrieved from /opt/conda/lib/python3.8/site-packages/airflow/example_dags/example_dag_decorator.py
[2025-02-14 17:14:11,042] {logging_mixin.py:115} INFO - [2025-02-14 17:14:11,042] {dag.py:2420} INFO - Sync 1 DAGs
[2025-02-14 17:14:11,061] {logging_mixin.py:115} INFO - [2025-02-14 17:14:11,061] {dag.py:2968} INFO - Setting next_dagrun for example_dag_decorator to None, run_after=None
[2025-02-14 17:14:11,088] {processor.py:161} INFO - Processing /opt/conda/lib/python3.8/site-packages/airflow/example_dags/example_dag_decorator.py took 0.130 seconds
[2025-02-14 17:14:58,816] {processor.py:153} INFO - Started process (PID=6847) to work on /opt/conda/lib/python3.8/site-packages/airflow/example_dags/example_dag_decorator.py
[2025-02-14 17:14:58,818] {processor.py:641} INFO - Processing file /opt/conda/lib/python3.8/site-packages/airflow/example_dags/example_dag_decorator.py for tasks to queue
[2025-02-14 17:14:58,818] {logging_mixin.py:115} INFO - [2025-02-14 17:14:58,818] {dagbag.py:508} INFO - Filling up the DagBag from /opt/conda/lib/python3.8/site-packages/airflow/example_dags/example_dag_decorator.py
[2025-02-14 17:14:58,845] {processor.py:651} INFO - DAG(s) dict_keys(['example_dag_decorator']) retrieved from /opt/conda/lib/python3.8/site-packages/airflow/example_dags/example_dag_decorator.py
[2025-02-14 17:14:58,896] {logging_mixin.py:115} INFO - [2025-02-14 17:14:58,896] {dag.py:2420} INFO - Sync 1 DAGs
[2025-02-14 17:14:58,916] {logging_mixin.py:115} INFO - [2025-02-14 17:14:58,916] {dag.py:2968} INFO - Setting next_dagrun for example_dag_decorator to None, run_after=None
[2025-02-14 17:14:58,942] {processor.py:161} INFO - Processing /opt/conda/lib/python3.8/site-packages/airflow/example_dags/example_dag_decorator.py took 0.130 seconds
[2025-02-14 17:15:44,634] {processor.py:153} INFO - Started process (PID=6920) to work on /opt/conda/lib/python3.8/site-packages/airflow/example_dags/example_dag_decorator.py
[2025-02-14 17:15:44,636] {processor.py:641} INFO - Processing file /opt/conda/lib/python3.8/site-packages/airflow/example_dags/example_dag_decorator.py for tasks to queue
[2025-02-14 17:15:44,636] {logging_mixin.py:115} INFO - [2025-02-14 17:15:44,636] {dagbag.py:508} INFO - Filling up the DagBag from /opt/conda/lib/python3.8/site-packages/airflow/example_dags/example_dag_decorator.py
[2025-02-14 17:15:44,664] {processor.py:651} INFO - DAG(s) dict_keys(['example_dag_decorator']) retrieved from /opt/conda/lib/python3.8/site-packages/airflow/example_dags/example_dag_decorator.py
[2025-02-14 17:15:44,683] {logging_mixin.py:115} INFO - [2025-02-14 17:15:44,683] {dag.py:2420} INFO - Sync 1 DAGs
[2025-02-14 17:15:44,702] {logging_mixin.py:115} INFO - [2025-02-14 17:15:44,702] {dag.py:2968} INFO - Setting next_dagrun for example_dag_decorator to None, run_after=None
[2025-02-14 17:15:44,727] {processor.py:161} INFO - Processing /opt/conda/lib/python3.8/site-packages/airflow/example_dags/example_dag_decorator.py took 0.096 seconds
[2025-02-14 17:16:29,243] {processor.py:153} INFO - Started process (PID=7161) to work on /opt/conda/lib/python3.8/site-packages/airflow/example_dags/example_dag_decorator.py
[2025-02-14 17:16:29,245] {processor.py:641} INFO - Processing file /opt/conda/lib/python3.8/site-packages/airflow/example_dags/example_dag_decorator.py for tasks to queue
[2025-02-14 17:16:29,245] {logging_mixin.py:115} INFO - [2025-02-14 17:16:29,245] {dagbag.py:508} INFO - Filling up the DagBag from /opt/conda/lib/python3.8/site-packages/airflow/example_dags/example_dag_decorator.py
[2025-02-14 17:16:29,272] {processor.py:651} INFO - DAG(s) dict_keys(['example_dag_decorator']) retrieved from /opt/conda/lib/python3.8/site-packages/airflow/example_dags/example_dag_decorator.py
[2025-02-14 17:16:29,291] {logging_mixin.py:115} INFO - [2025-02-14 17:16:29,291] {dag.py:2420} INFO - Sync 1 DAGs
[2025-02-14 17:16:29,310] {logging_mixin.py:115} INFO - [2025-02-14 17:16:29,310] {dag.py:2968} INFO - Setting next_dagrun for example_dag_decorator to None, run_after=None
[2025-02-14 17:16:29,333] {processor.py:161} INFO - Processing /opt/conda/lib/python3.8/site-packages/airflow/example_dags/example_dag_decorator.py took 0.094 seconds
