[2025-02-14 13:59:47,541] {processor.py:153} INFO - Started process (PID=1836) to work on /opt/conda/lib/python3.8/site-packages/airflow/example_dags/example_trigger_target_dag.py
[2025-02-14 13:59:47,541] {processor.py:641} INFO - Processing file /opt/conda/lib/python3.8/site-packages/airflow/example_dags/example_trigger_target_dag.py for tasks to queue
[2025-02-14 13:59:47,542] {logging_mixin.py:115} INFO - [2025-02-14 13:59:47,542] {dagbag.py:508} INFO - Filling up the DagBag from /opt/conda/lib/python3.8/site-packages/airflow/example_dags/example_trigger_target_dag.py
[2025-02-14 13:59:47,683] {processor.py:651} INFO - DAG(s) dict_keys(['example_trigger_target_dag']) retrieved from /opt/conda/lib/python3.8/site-packages/airflow/example_dags/example_trigger_target_dag.py
[2025-02-14 13:59:47,750] {logging_mixin.py:115} INFO - [2025-02-14 13:59:47,749] {manager.py:508} INFO - Created Permission View: can read on DAG:example_trigger_target_dag
[2025-02-14 13:59:47,766] {logging_mixin.py:115} INFO - [2025-02-14 13:59:47,766] {manager.py:508} INFO - Created Permission View: can delete on DAG:example_trigger_target_dag
[2025-02-14 13:59:47,785] {logging_mixin.py:115} INFO - [2025-02-14 13:59:47,785] {manager.py:508} INFO - Created Permission View: can edit on DAG:example_trigger_target_dag
[2025-02-14 13:59:47,785] {logging_mixin.py:115} INFO - [2025-02-14 13:59:47,785] {dag.py:2420} INFO - Sync 1 DAGs
[2025-02-14 13:59:47,792] {logging_mixin.py:115} INFO - [2025-02-14 13:59:47,792] {dag.py:2439} INFO - Creating ORM DAG for example_trigger_target_dag
[2025-02-14 13:59:47,799] {logging_mixin.py:115} INFO - [2025-02-14 13:59:47,799] {dag.py:2968} INFO - Setting next_dagrun for example_trigger_target_dag to None, run_after=None
[2025-02-14 13:59:47,825] {processor.py:161} INFO - Processing /opt/conda/lib/python3.8/site-packages/airflow/example_dags/example_trigger_target_dag.py took 0.287 seconds
[2025-02-14 14:00:34,177] {processor.py:153} INFO - Started process (PID=1873) to work on /opt/conda/lib/python3.8/site-packages/airflow/example_dags/example_trigger_target_dag.py
[2025-02-14 14:00:34,222] {processor.py:641} INFO - Processing file /opt/conda/lib/python3.8/site-packages/airflow/example_dags/example_trigger_target_dag.py for tasks to queue
[2025-02-14 14:00:34,223] {logging_mixin.py:115} INFO - [2025-02-14 14:00:34,223] {dagbag.py:508} INFO - Filling up the DagBag from /opt/conda/lib/python3.8/site-packages/airflow/example_dags/example_trigger_target_dag.py
[2025-02-14 14:00:34,366] {processor.py:651} INFO - DAG(s) dict_keys(['example_trigger_target_dag']) retrieved from /opt/conda/lib/python3.8/site-packages/airflow/example_dags/example_trigger_target_dag.py
[2025-02-14 14:00:34,375] {logging_mixin.py:115} INFO - [2025-02-14 14:00:34,375] {dag.py:2420} INFO - Sync 1 DAGs
[2025-02-14 14:00:34,386] {logging_mixin.py:115} INFO - [2025-02-14 14:00:34,386] {dag.py:2968} INFO - Setting next_dagrun for example_trigger_target_dag to None, run_after=None
[2025-02-14 14:00:34,404] {processor.py:161} INFO - Processing /opt/conda/lib/python3.8/site-packages/airflow/example_dags/example_trigger_target_dag.py took 0.231 seconds
[2025-02-14 14:01:16,189] {processor.py:153} INFO - Started process (PID=1910) to work on /opt/conda/lib/python3.8/site-packages/airflow/example_dags/example_trigger_target_dag.py
[2025-02-14 14:01:16,190] {processor.py:641} INFO - Processing file /opt/conda/lib/python3.8/site-packages/airflow/example_dags/example_trigger_target_dag.py for tasks to queue
[2025-02-14 14:01:16,191] {logging_mixin.py:115} INFO - [2025-02-14 14:01:16,191] {dagbag.py:508} INFO - Filling up the DagBag from /opt/conda/lib/python3.8/site-packages/airflow/example_dags/example_trigger_target_dag.py
[2025-02-14 14:01:16,331] {processor.py:651} INFO - DAG(s) dict_keys(['example_trigger_target_dag']) retrieved from /opt/conda/lib/python3.8/site-packages/airflow/example_dags/example_trigger_target_dag.py
[2025-02-14 14:01:16,340] {logging_mixin.py:115} INFO - [2025-02-14 14:01:16,340] {dag.py:2420} INFO - Sync 1 DAGs
[2025-02-14 14:01:16,351] {logging_mixin.py:115} INFO - [2025-02-14 14:01:16,351] {dag.py:2968} INFO - Setting next_dagrun for example_trigger_target_dag to None, run_after=None
[2025-02-14 14:01:16,368] {processor.py:161} INFO - Processing /opt/conda/lib/python3.8/site-packages/airflow/example_dags/example_trigger_target_dag.py took 0.182 seconds
[2025-02-14 14:01:58,304] {processor.py:153} INFO - Started process (PID=1949) to work on /opt/conda/lib/python3.8/site-packages/airflow/example_dags/example_trigger_target_dag.py
[2025-02-14 14:01:58,306] {processor.py:641} INFO - Processing file /opt/conda/lib/python3.8/site-packages/airflow/example_dags/example_trigger_target_dag.py for tasks to queue
[2025-02-14 14:01:58,306] {logging_mixin.py:115} INFO - [2025-02-14 14:01:58,306] {dagbag.py:508} INFO - Filling up the DagBag from /opt/conda/lib/python3.8/site-packages/airflow/example_dags/example_trigger_target_dag.py
[2025-02-14 14:01:58,440] {processor.py:651} INFO - DAG(s) dict_keys(['example_trigger_target_dag']) retrieved from /opt/conda/lib/python3.8/site-packages/airflow/example_dags/example_trigger_target_dag.py
[2025-02-14 14:01:58,449] {logging_mixin.py:115} INFO - [2025-02-14 14:01:58,449] {dag.py:2420} INFO - Sync 1 DAGs
[2025-02-14 14:01:58,460] {logging_mixin.py:115} INFO - [2025-02-14 14:01:58,460] {dag.py:2968} INFO - Setting next_dagrun for example_trigger_target_dag to None, run_after=None
[2025-02-14 14:01:58,478] {processor.py:161} INFO - Processing /opt/conda/lib/python3.8/site-packages/airflow/example_dags/example_trigger_target_dag.py took 0.177 seconds
[2025-02-14 14:02:44,169] {processor.py:153} INFO - Started process (PID=1990) to work on /opt/conda/lib/python3.8/site-packages/airflow/example_dags/example_trigger_target_dag.py
[2025-02-14 14:02:44,170] {processor.py:641} INFO - Processing file /opt/conda/lib/python3.8/site-packages/airflow/example_dags/example_trigger_target_dag.py for tasks to queue
[2025-02-14 14:02:44,171] {logging_mixin.py:115} INFO - [2025-02-14 14:02:44,171] {dagbag.py:508} INFO - Filling up the DagBag from /opt/conda/lib/python3.8/site-packages/airflow/example_dags/example_trigger_target_dag.py
[2025-02-14 14:02:44,306] {processor.py:651} INFO - DAG(s) dict_keys(['example_trigger_target_dag']) retrieved from /opt/conda/lib/python3.8/site-packages/airflow/example_dags/example_trigger_target_dag.py
[2025-02-14 14:02:44,315] {logging_mixin.py:115} INFO - [2025-02-14 14:02:44,315] {dag.py:2420} INFO - Sync 1 DAGs
[2025-02-14 14:02:44,326] {logging_mixin.py:115} INFO - [2025-02-14 14:02:44,326] {dag.py:2968} INFO - Setting next_dagrun for example_trigger_target_dag to None, run_after=None
[2025-02-14 14:02:44,345] {processor.py:161} INFO - Processing /opt/conda/lib/python3.8/site-packages/airflow/example_dags/example_trigger_target_dag.py took 0.179 seconds
[2025-02-14 14:03:34,958] {processor.py:153} INFO - Started process (PID=2034) to work on /opt/conda/lib/python3.8/site-packages/airflow/example_dags/example_trigger_target_dag.py
[2025-02-14 14:03:34,959] {processor.py:641} INFO - Processing file /opt/conda/lib/python3.8/site-packages/airflow/example_dags/example_trigger_target_dag.py for tasks to queue
[2025-02-14 14:03:34,960] {logging_mixin.py:115} INFO - [2025-02-14 14:03:34,960] {dagbag.py:508} INFO - Filling up the DagBag from /opt/conda/lib/python3.8/site-packages/airflow/example_dags/example_trigger_target_dag.py
[2025-02-14 14:03:35,100] {processor.py:651} INFO - DAG(s) dict_keys(['example_trigger_target_dag']) retrieved from /opt/conda/lib/python3.8/site-packages/airflow/example_dags/example_trigger_target_dag.py
[2025-02-14 14:03:35,109] {logging_mixin.py:115} INFO - [2025-02-14 14:03:35,109] {dag.py:2420} INFO - Sync 1 DAGs
[2025-02-14 14:03:35,120] {logging_mixin.py:115} INFO - [2025-02-14 14:03:35,120] {dag.py:2968} INFO - Setting next_dagrun for example_trigger_target_dag to None, run_after=None
[2025-02-14 14:03:35,140] {processor.py:161} INFO - Processing /opt/conda/lib/python3.8/site-packages/airflow/example_dags/example_trigger_target_dag.py took 0.185 seconds
[2025-02-14 14:04:15,953] {processor.py:153} INFO - Started process (PID=2088) to work on /opt/conda/lib/python3.8/site-packages/airflow/example_dags/example_trigger_target_dag.py
[2025-02-14 14:04:15,954] {processor.py:641} INFO - Processing file /opt/conda/lib/python3.8/site-packages/airflow/example_dags/example_trigger_target_dag.py for tasks to queue
[2025-02-14 14:04:15,954] {logging_mixin.py:115} INFO - [2025-02-14 14:04:15,954] {dagbag.py:508} INFO - Filling up the DagBag from /opt/conda/lib/python3.8/site-packages/airflow/example_dags/example_trigger_target_dag.py
[2025-02-14 14:04:16,099] {processor.py:651} INFO - DAG(s) dict_keys(['example_trigger_target_dag']) retrieved from /opt/conda/lib/python3.8/site-packages/airflow/example_dags/example_trigger_target_dag.py
[2025-02-14 14:04:16,108] {logging_mixin.py:115} INFO - [2025-02-14 14:04:16,108] {dag.py:2420} INFO - Sync 1 DAGs
[2025-02-14 14:04:16,119] {logging_mixin.py:115} INFO - [2025-02-14 14:04:16,119] {dag.py:2968} INFO - Setting next_dagrun for example_trigger_target_dag to None, run_after=None
[2025-02-14 14:04:16,138] {processor.py:161} INFO - Processing /opt/conda/lib/python3.8/site-packages/airflow/example_dags/example_trigger_target_dag.py took 0.189 seconds
[2025-02-14 14:05:31,557] {processor.py:153} INFO - Started process (PID=2180) to work on /opt/conda/lib/python3.8/site-packages/airflow/example_dags/example_trigger_target_dag.py
[2025-02-14 14:05:31,558] {processor.py:641} INFO - Processing file /opt/conda/lib/python3.8/site-packages/airflow/example_dags/example_trigger_target_dag.py for tasks to queue
[2025-02-14 14:05:31,559] {logging_mixin.py:115} INFO - [2025-02-14 14:05:31,559] {dagbag.py:508} INFO - Filling up the DagBag from /opt/conda/lib/python3.8/site-packages/airflow/example_dags/example_trigger_target_dag.py
[2025-02-14 14:05:31,701] {processor.py:651} INFO - DAG(s) dict_keys(['example_trigger_target_dag']) retrieved from /opt/conda/lib/python3.8/site-packages/airflow/example_dags/example_trigger_target_dag.py
[2025-02-14 14:05:31,710] {logging_mixin.py:115} INFO - [2025-02-14 14:05:31,710] {dag.py:2420} INFO - Sync 1 DAGs
[2025-02-14 14:05:31,722] {logging_mixin.py:115} INFO - [2025-02-14 14:05:31,721] {dag.py:2968} INFO - Setting next_dagrun for example_trigger_target_dag to None, run_after=None
[2025-02-14 14:05:31,740] {processor.py:161} INFO - Processing /opt/conda/lib/python3.8/site-packages/airflow/example_dags/example_trigger_target_dag.py took 0.186 seconds
[2025-02-14 14:06:16,040] {processor.py:153} INFO - Started process (PID=2234) to work on /opt/conda/lib/python3.8/site-packages/airflow/example_dags/example_trigger_target_dag.py
[2025-02-14 14:06:16,042] {processor.py:641} INFO - Processing file /opt/conda/lib/python3.8/site-packages/airflow/example_dags/example_trigger_target_dag.py for tasks to queue
[2025-02-14 14:06:16,043] {logging_mixin.py:115} INFO - [2025-02-14 14:06:16,042] {dagbag.py:508} INFO - Filling up the DagBag from /opt/conda/lib/python3.8/site-packages/airflow/example_dags/example_trigger_target_dag.py
[2025-02-14 14:06:16,185] {processor.py:651} INFO - DAG(s) dict_keys(['example_trigger_target_dag']) retrieved from /opt/conda/lib/python3.8/site-packages/airflow/example_dags/example_trigger_target_dag.py
[2025-02-14 14:06:16,194] {logging_mixin.py:115} INFO - [2025-02-14 14:06:16,194] {dag.py:2420} INFO - Sync 1 DAGs
[2025-02-14 14:06:16,205] {logging_mixin.py:115} INFO - [2025-02-14 14:06:16,205] {dag.py:2968} INFO - Setting next_dagrun for example_trigger_target_dag to None, run_after=None
[2025-02-14 14:06:16,224] {processor.py:161} INFO - Processing /opt/conda/lib/python3.8/site-packages/airflow/example_dags/example_trigger_target_dag.py took 0.187 seconds
[2025-02-14 14:07:04,356] {processor.py:153} INFO - Started process (PID=2290) to work on /opt/conda/lib/python3.8/site-packages/airflow/example_dags/example_trigger_target_dag.py
[2025-02-14 14:07:04,359] {processor.py:641} INFO - Processing file /opt/conda/lib/python3.8/site-packages/airflow/example_dags/example_trigger_target_dag.py for tasks to queue
[2025-02-14 14:07:04,360] {logging_mixin.py:115} INFO - [2025-02-14 14:07:04,360] {dagbag.py:508} INFO - Filling up the DagBag from /opt/conda/lib/python3.8/site-packages/airflow/example_dags/example_trigger_target_dag.py
[2025-02-14 14:07:04,496] {processor.py:651} INFO - DAG(s) dict_keys(['example_trigger_target_dag']) retrieved from /opt/conda/lib/python3.8/site-packages/airflow/example_dags/example_trigger_target_dag.py
[2025-02-14 14:07:04,505] {logging_mixin.py:115} INFO - [2025-02-14 14:07:04,504] {dag.py:2420} INFO - Sync 1 DAGs
[2025-02-14 14:07:04,516] {logging_mixin.py:115} INFO - [2025-02-14 14:07:04,516] {dag.py:2968} INFO - Setting next_dagrun for example_trigger_target_dag to None, run_after=None
[2025-02-14 14:07:04,535] {processor.py:161} INFO - Processing /opt/conda/lib/python3.8/site-packages/airflow/example_dags/example_trigger_target_dag.py took 0.182 seconds
[2025-02-14 14:07:52,704] {processor.py:153} INFO - Started process (PID=2331) to work on /opt/conda/lib/python3.8/site-packages/airflow/example_dags/example_trigger_target_dag.py
[2025-02-14 14:07:52,706] {processor.py:641} INFO - Processing file /opt/conda/lib/python3.8/site-packages/airflow/example_dags/example_trigger_target_dag.py for tasks to queue
[2025-02-14 14:07:52,706] {logging_mixin.py:115} INFO - [2025-02-14 14:07:52,706] {dagbag.py:508} INFO - Filling up the DagBag from /opt/conda/lib/python3.8/site-packages/airflow/example_dags/example_trigger_target_dag.py
[2025-02-14 14:07:52,856] {processor.py:651} INFO - DAG(s) dict_keys(['example_trigger_target_dag']) retrieved from /opt/conda/lib/python3.8/site-packages/airflow/example_dags/example_trigger_target_dag.py
[2025-02-14 14:07:52,865] {logging_mixin.py:115} INFO - [2025-02-14 14:07:52,865] {dag.py:2420} INFO - Sync 1 DAGs
[2025-02-14 14:07:52,876] {logging_mixin.py:115} INFO - [2025-02-14 14:07:52,876] {dag.py:2968} INFO - Setting next_dagrun for example_trigger_target_dag to None, run_after=None
[2025-02-14 14:07:52,896] {processor.py:161} INFO - Processing /opt/conda/lib/python3.8/site-packages/airflow/example_dags/example_trigger_target_dag.py took 0.194 seconds
[2025-02-14 14:09:27,177] {processor.py:153} INFO - Started process (PID=2438) to work on /opt/conda/lib/python3.8/site-packages/airflow/example_dags/example_trigger_target_dag.py
[2025-02-14 14:09:27,178] {processor.py:641} INFO - Processing file /opt/conda/lib/python3.8/site-packages/airflow/example_dags/example_trigger_target_dag.py for tasks to queue
[2025-02-14 14:09:27,178] {logging_mixin.py:115} INFO - [2025-02-14 14:09:27,178] {dagbag.py:508} INFO - Filling up the DagBag from /opt/conda/lib/python3.8/site-packages/airflow/example_dags/example_trigger_target_dag.py
[2025-02-14 14:09:27,319] {processor.py:651} INFO - DAG(s) dict_keys(['example_trigger_target_dag']) retrieved from /opt/conda/lib/python3.8/site-packages/airflow/example_dags/example_trigger_target_dag.py
[2025-02-14 14:09:27,328] {logging_mixin.py:115} INFO - [2025-02-14 14:09:27,328] {dag.py:2420} INFO - Sync 1 DAGs
[2025-02-14 14:09:27,340] {logging_mixin.py:115} INFO - [2025-02-14 14:09:27,340] {dag.py:2968} INFO - Setting next_dagrun for example_trigger_target_dag to None, run_after=None
[2025-02-14 14:09:27,357] {processor.py:161} INFO - Processing /opt/conda/lib/python3.8/site-packages/airflow/example_dags/example_trigger_target_dag.py took 0.184 seconds
[2025-02-14 14:10:10,249] {processor.py:153} INFO - Started process (PID=2476) to work on /opt/conda/lib/python3.8/site-packages/airflow/example_dags/example_trigger_target_dag.py
[2025-02-14 14:10:10,251] {processor.py:641} INFO - Processing file /opt/conda/lib/python3.8/site-packages/airflow/example_dags/example_trigger_target_dag.py for tasks to queue
[2025-02-14 14:10:10,251] {logging_mixin.py:115} INFO - [2025-02-14 14:10:10,251] {dagbag.py:508} INFO - Filling up the DagBag from /opt/conda/lib/python3.8/site-packages/airflow/example_dags/example_trigger_target_dag.py
[2025-02-14 14:10:10,382] {processor.py:651} INFO - DAG(s) dict_keys(['example_trigger_target_dag']) retrieved from /opt/conda/lib/python3.8/site-packages/airflow/example_dags/example_trigger_target_dag.py
[2025-02-14 14:10:10,391] {logging_mixin.py:115} INFO - [2025-02-14 14:10:10,391] {dag.py:2420} INFO - Sync 1 DAGs
[2025-02-14 14:10:10,402] {logging_mixin.py:115} INFO - [2025-02-14 14:10:10,402] {dag.py:2968} INFO - Setting next_dagrun for example_trigger_target_dag to None, run_after=None
[2025-02-14 14:10:10,421] {processor.py:161} INFO - Processing /opt/conda/lib/python3.8/site-packages/airflow/example_dags/example_trigger_target_dag.py took 0.175 seconds
[2025-02-14 14:10:58,149] {processor.py:153} INFO - Started process (PID=2518) to work on /opt/conda/lib/python3.8/site-packages/airflow/example_dags/example_trigger_target_dag.py
[2025-02-14 14:10:58,150] {processor.py:641} INFO - Processing file /opt/conda/lib/python3.8/site-packages/airflow/example_dags/example_trigger_target_dag.py for tasks to queue
[2025-02-14 14:10:58,151] {logging_mixin.py:115} INFO - [2025-02-14 14:10:58,150] {dagbag.py:508} INFO - Filling up the DagBag from /opt/conda/lib/python3.8/site-packages/airflow/example_dags/example_trigger_target_dag.py
[2025-02-14 14:10:58,303] {processor.py:651} INFO - DAG(s) dict_keys(['example_trigger_target_dag']) retrieved from /opt/conda/lib/python3.8/site-packages/airflow/example_dags/example_trigger_target_dag.py
[2025-02-14 14:10:58,314] {logging_mixin.py:115} INFO - [2025-02-14 14:10:58,314] {dag.py:2420} INFO - Sync 1 DAGs
[2025-02-14 14:10:58,329] {logging_mixin.py:115} INFO - [2025-02-14 14:10:58,329] {dag.py:2968} INFO - Setting next_dagrun for example_trigger_target_dag to None, run_after=None
[2025-02-14 14:10:58,348] {processor.py:161} INFO - Processing /opt/conda/lib/python3.8/site-packages/airflow/example_dags/example_trigger_target_dag.py took 0.203 seconds
[2025-02-14 14:11:43,764] {processor.py:153} INFO - Started process (PID=2574) to work on /opt/conda/lib/python3.8/site-packages/airflow/example_dags/example_trigger_target_dag.py
[2025-02-14 14:11:43,765] {processor.py:641} INFO - Processing file /opt/conda/lib/python3.8/site-packages/airflow/example_dags/example_trigger_target_dag.py for tasks to queue
[2025-02-14 14:11:43,766] {logging_mixin.py:115} INFO - [2025-02-14 14:11:43,765] {dagbag.py:508} INFO - Filling up the DagBag from /opt/conda/lib/python3.8/site-packages/airflow/example_dags/example_trigger_target_dag.py
[2025-02-14 14:11:43,973] {processor.py:651} INFO - DAG(s) dict_keys(['example_trigger_target_dag']) retrieved from /opt/conda/lib/python3.8/site-packages/airflow/example_dags/example_trigger_target_dag.py
[2025-02-14 14:11:43,987] {logging_mixin.py:115} INFO - [2025-02-14 14:11:43,987] {dag.py:2420} INFO - Sync 1 DAGs
[2025-02-14 14:11:44,005] {logging_mixin.py:115} INFO - [2025-02-14 14:11:44,004] {dag.py:2968} INFO - Setting next_dagrun for example_trigger_target_dag to None, run_after=None
[2025-02-14 14:11:44,027] {processor.py:161} INFO - Processing /opt/conda/lib/python3.8/site-packages/airflow/example_dags/example_trigger_target_dag.py took 0.267 seconds
[2025-02-14 14:12:27,532] {processor.py:153} INFO - Started process (PID=2628) to work on /opt/conda/lib/python3.8/site-packages/airflow/example_dags/example_trigger_target_dag.py
[2025-02-14 14:12:27,534] {processor.py:641} INFO - Processing file /opt/conda/lib/python3.8/site-packages/airflow/example_dags/example_trigger_target_dag.py for tasks to queue
[2025-02-14 14:12:27,534] {logging_mixin.py:115} INFO - [2025-02-14 14:12:27,534] {dagbag.py:508} INFO - Filling up the DagBag from /opt/conda/lib/python3.8/site-packages/airflow/example_dags/example_trigger_target_dag.py
[2025-02-14 14:12:27,686] {processor.py:651} INFO - DAG(s) dict_keys(['example_trigger_target_dag']) retrieved from /opt/conda/lib/python3.8/site-packages/airflow/example_dags/example_trigger_target_dag.py
[2025-02-14 14:12:27,695] {logging_mixin.py:115} INFO - [2025-02-14 14:12:27,695] {dag.py:2420} INFO - Sync 1 DAGs
[2025-02-14 14:12:27,706] {logging_mixin.py:115} INFO - [2025-02-14 14:12:27,706] {dag.py:2968} INFO - Setting next_dagrun for example_trigger_target_dag to None, run_after=None
[2025-02-14 14:12:27,726] {processor.py:161} INFO - Processing /opt/conda/lib/python3.8/site-packages/airflow/example_dags/example_trigger_target_dag.py took 0.196 seconds
[2025-02-14 14:13:09,717] {processor.py:153} INFO - Started process (PID=2682) to work on /opt/conda/lib/python3.8/site-packages/airflow/example_dags/example_trigger_target_dag.py
[2025-02-14 14:13:09,718] {processor.py:641} INFO - Processing file /opt/conda/lib/python3.8/site-packages/airflow/example_dags/example_trigger_target_dag.py for tasks to queue
[2025-02-14 14:13:09,718] {logging_mixin.py:115} INFO - [2025-02-14 14:13:09,718] {dagbag.py:508} INFO - Filling up the DagBag from /opt/conda/lib/python3.8/site-packages/airflow/example_dags/example_trigger_target_dag.py
[2025-02-14 14:13:09,853] {processor.py:651} INFO - DAG(s) dict_keys(['example_trigger_target_dag']) retrieved from /opt/conda/lib/python3.8/site-packages/airflow/example_dags/example_trigger_target_dag.py
[2025-02-14 14:13:09,862] {logging_mixin.py:115} INFO - [2025-02-14 14:13:09,862] {dag.py:2420} INFO - Sync 1 DAGs
[2025-02-14 14:13:09,873] {logging_mixin.py:115} INFO - [2025-02-14 14:13:09,873] {dag.py:2968} INFO - Setting next_dagrun for example_trigger_target_dag to None, run_after=None
[2025-02-14 14:13:09,891] {processor.py:161} INFO - Processing /opt/conda/lib/python3.8/site-packages/airflow/example_dags/example_trigger_target_dag.py took 0.177 seconds
[2025-02-14 14:13:51,682] {processor.py:153} INFO - Started process (PID=2734) to work on /opt/conda/lib/python3.8/site-packages/airflow/example_dags/example_trigger_target_dag.py
[2025-02-14 14:13:51,728] {processor.py:641} INFO - Processing file /opt/conda/lib/python3.8/site-packages/airflow/example_dags/example_trigger_target_dag.py for tasks to queue
[2025-02-14 14:13:51,729] {logging_mixin.py:115} INFO - [2025-02-14 14:13:51,728] {dagbag.py:508} INFO - Filling up the DagBag from /opt/conda/lib/python3.8/site-packages/airflow/example_dags/example_trigger_target_dag.py
[2025-02-14 14:13:51,950] {processor.py:651} INFO - DAG(s) dict_keys(['example_trigger_target_dag']) retrieved from /opt/conda/lib/python3.8/site-packages/airflow/example_dags/example_trigger_target_dag.py
[2025-02-14 14:13:51,963] {logging_mixin.py:115} INFO - [2025-02-14 14:13:51,963] {dag.py:2420} INFO - Sync 1 DAGs
[2025-02-14 14:13:51,980] {logging_mixin.py:115} INFO - [2025-02-14 14:13:51,980] {dag.py:2968} INFO - Setting next_dagrun for example_trigger_target_dag to None, run_after=None
[2025-02-14 14:13:52,004] {processor.py:161} INFO - Processing /opt/conda/lib/python3.8/site-packages/airflow/example_dags/example_trigger_target_dag.py took 0.325 seconds
[2025-02-14 14:14:32,008] {processor.py:153} INFO - Started process (PID=2787) to work on /opt/conda/lib/python3.8/site-packages/airflow/example_dags/example_trigger_target_dag.py
[2025-02-14 14:14:32,010] {processor.py:641} INFO - Processing file /opt/conda/lib/python3.8/site-packages/airflow/example_dags/example_trigger_target_dag.py for tasks to queue
[2025-02-14 14:14:32,010] {logging_mixin.py:115} INFO - [2025-02-14 14:14:32,010] {dagbag.py:508} INFO - Filling up the DagBag from /opt/conda/lib/python3.8/site-packages/airflow/example_dags/example_trigger_target_dag.py
[2025-02-14 14:14:32,027] {processor.py:651} INFO - DAG(s) dict_keys(['example_trigger_target_dag']) retrieved from /opt/conda/lib/python3.8/site-packages/airflow/example_dags/example_trigger_target_dag.py
[2025-02-14 14:14:32,043] {logging_mixin.py:115} INFO - [2025-02-14 14:14:32,043] {dag.py:2420} INFO - Sync 1 DAGs
[2025-02-14 14:14:32,060] {logging_mixin.py:115} INFO - [2025-02-14 14:14:32,060] {dag.py:2968} INFO - Setting next_dagrun for example_trigger_target_dag to None, run_after=None
[2025-02-14 14:14:32,082] {processor.py:161} INFO - Processing /opt/conda/lib/python3.8/site-packages/airflow/example_dags/example_trigger_target_dag.py took 0.076 seconds
[2025-02-14 14:15:13,561] {processor.py:153} INFO - Started process (PID=2850) to work on /opt/conda/lib/python3.8/site-packages/airflow/example_dags/example_trigger_target_dag.py
[2025-02-14 14:15:13,563] {processor.py:641} INFO - Processing file /opt/conda/lib/python3.8/site-packages/airflow/example_dags/example_trigger_target_dag.py for tasks to queue
[2025-02-14 14:15:13,563] {logging_mixin.py:115} INFO - [2025-02-14 14:15:13,563] {dagbag.py:508} INFO - Filling up the DagBag from /opt/conda/lib/python3.8/site-packages/airflow/example_dags/example_trigger_target_dag.py
[2025-02-14 14:15:13,579] {processor.py:651} INFO - DAG(s) dict_keys(['example_trigger_target_dag']) retrieved from /opt/conda/lib/python3.8/site-packages/airflow/example_dags/example_trigger_target_dag.py
[2025-02-14 14:15:13,592] {logging_mixin.py:115} INFO - [2025-02-14 14:15:13,592] {dag.py:2420} INFO - Sync 1 DAGs
[2025-02-14 14:15:13,605] {logging_mixin.py:115} INFO - [2025-02-14 14:15:13,605] {dag.py:2968} INFO - Setting next_dagrun for example_trigger_target_dag to None, run_after=None
[2025-02-14 14:15:13,626] {processor.py:161} INFO - Processing /opt/conda/lib/python3.8/site-packages/airflow/example_dags/example_trigger_target_dag.py took 0.068 seconds
[2025-02-14 14:15:55,237] {processor.py:153} INFO - Started process (PID=2913) to work on /opt/conda/lib/python3.8/site-packages/airflow/example_dags/example_trigger_target_dag.py
[2025-02-14 14:15:55,239] {processor.py:641} INFO - Processing file /opt/conda/lib/python3.8/site-packages/airflow/example_dags/example_trigger_target_dag.py for tasks to queue
[2025-02-14 14:15:55,239] {logging_mixin.py:115} INFO - [2025-02-14 14:15:55,239] {dagbag.py:508} INFO - Filling up the DagBag from /opt/conda/lib/python3.8/site-packages/airflow/example_dags/example_trigger_target_dag.py
[2025-02-14 14:15:55,256] {processor.py:651} INFO - DAG(s) dict_keys(['example_trigger_target_dag']) retrieved from /opt/conda/lib/python3.8/site-packages/airflow/example_dags/example_trigger_target_dag.py
[2025-02-14 14:15:55,272] {logging_mixin.py:115} INFO - [2025-02-14 14:15:55,272] {dag.py:2420} INFO - Sync 1 DAGs
[2025-02-14 14:15:55,289] {logging_mixin.py:115} INFO - [2025-02-14 14:15:55,289] {dag.py:2968} INFO - Setting next_dagrun for example_trigger_target_dag to None, run_after=None
[2025-02-14 14:15:55,313] {processor.py:161} INFO - Processing /opt/conda/lib/python3.8/site-packages/airflow/example_dags/example_trigger_target_dag.py took 0.078 seconds
[2025-02-14 14:16:52,757] {processor.py:153} INFO - Started process (PID=3015) to work on /opt/conda/lib/python3.8/site-packages/airflow/example_dags/example_trigger_target_dag.py
[2025-02-14 14:16:52,802] {processor.py:641} INFO - Processing file /opt/conda/lib/python3.8/site-packages/airflow/example_dags/example_trigger_target_dag.py for tasks to queue
[2025-02-14 14:16:52,803] {logging_mixin.py:115} INFO - [2025-02-14 14:16:52,803] {dagbag.py:508} INFO - Filling up the DagBag from /opt/conda/lib/python3.8/site-packages/airflow/example_dags/example_trigger_target_dag.py
[2025-02-14 14:16:53,011] {processor.py:651} INFO - DAG(s) dict_keys(['example_trigger_target_dag']) retrieved from /opt/conda/lib/python3.8/site-packages/airflow/example_dags/example_trigger_target_dag.py
[2025-02-14 14:16:53,024] {logging_mixin.py:115} INFO - [2025-02-14 14:16:53,024] {dag.py:2420} INFO - Sync 1 DAGs
[2025-02-14 14:16:53,042] {logging_mixin.py:115} INFO - [2025-02-14 14:16:53,042] {dag.py:2968} INFO - Setting next_dagrun for example_trigger_target_dag to None, run_after=None
[2025-02-14 14:16:53,066] {processor.py:161} INFO - Processing /opt/conda/lib/python3.8/site-packages/airflow/example_dags/example_trigger_target_dag.py took 0.312 seconds
[2025-02-14 14:17:38,850] {processor.py:153} INFO - Started process (PID=3069) to work on /opt/conda/lib/python3.8/site-packages/airflow/example_dags/example_trigger_target_dag.py
[2025-02-14 14:17:38,852] {processor.py:641} INFO - Processing file /opt/conda/lib/python3.8/site-packages/airflow/example_dags/example_trigger_target_dag.py for tasks to queue
[2025-02-14 14:17:38,852] {logging_mixin.py:115} INFO - [2025-02-14 14:17:38,852] {dagbag.py:508} INFO - Filling up the DagBag from /opt/conda/lib/python3.8/site-packages/airflow/example_dags/example_trigger_target_dag.py
[2025-02-14 14:17:38,989] {processor.py:651} INFO - DAG(s) dict_keys(['example_trigger_target_dag']) retrieved from /opt/conda/lib/python3.8/site-packages/airflow/example_dags/example_trigger_target_dag.py
[2025-02-14 14:17:38,998] {logging_mixin.py:115} INFO - [2025-02-14 14:17:38,998] {dag.py:2420} INFO - Sync 1 DAGs
[2025-02-14 14:17:39,009] {logging_mixin.py:115} INFO - [2025-02-14 14:17:39,009] {dag.py:2968} INFO - Setting next_dagrun for example_trigger_target_dag to None, run_after=None
[2025-02-14 14:17:39,025] {processor.py:161} INFO - Processing /opt/conda/lib/python3.8/site-packages/airflow/example_dags/example_trigger_target_dag.py took 0.179 seconds
[2025-02-14 14:20:57,432] {processor.py:153} INFO - Started process (PID=3298) to work on /opt/conda/lib/python3.8/site-packages/airflow/example_dags/example_trigger_target_dag.py
[2025-02-14 14:20:57,434] {processor.py:641} INFO - Processing file /opt/conda/lib/python3.8/site-packages/airflow/example_dags/example_trigger_target_dag.py for tasks to queue
[2025-02-14 14:20:57,435] {logging_mixin.py:115} INFO - [2025-02-14 14:20:57,434] {dagbag.py:508} INFO - Filling up the DagBag from /opt/conda/lib/python3.8/site-packages/airflow/example_dags/example_trigger_target_dag.py
[2025-02-14 14:20:57,600] {processor.py:651} INFO - DAG(s) dict_keys(['example_trigger_target_dag']) retrieved from /opt/conda/lib/python3.8/site-packages/airflow/example_dags/example_trigger_target_dag.py
[2025-02-14 14:20:57,609] {logging_mixin.py:115} INFO - [2025-02-14 14:20:57,609] {dag.py:2420} INFO - Sync 1 DAGs
[2025-02-14 14:20:57,621] {logging_mixin.py:115} INFO - [2025-02-14 14:20:57,621] {dag.py:2968} INFO - Setting next_dagrun for example_trigger_target_dag to None, run_after=None
[2025-02-14 14:20:57,641] {processor.py:161} INFO - Processing /opt/conda/lib/python3.8/site-packages/airflow/example_dags/example_trigger_target_dag.py took 0.212 seconds
[2025-02-14 14:21:44,458] {processor.py:153} INFO - Started process (PID=3354) to work on /opt/conda/lib/python3.8/site-packages/airflow/example_dags/example_trigger_target_dag.py
[2025-02-14 14:21:44,460] {processor.py:641} INFO - Processing file /opt/conda/lib/python3.8/site-packages/airflow/example_dags/example_trigger_target_dag.py for tasks to queue
[2025-02-14 14:21:44,460] {logging_mixin.py:115} INFO - [2025-02-14 14:21:44,460] {dagbag.py:508} INFO - Filling up the DagBag from /opt/conda/lib/python3.8/site-packages/airflow/example_dags/example_trigger_target_dag.py
[2025-02-14 14:21:44,622] {processor.py:651} INFO - DAG(s) dict_keys(['example_trigger_target_dag']) retrieved from /opt/conda/lib/python3.8/site-packages/airflow/example_dags/example_trigger_target_dag.py
[2025-02-14 14:21:44,631] {logging_mixin.py:115} INFO - [2025-02-14 14:21:44,631] {dag.py:2420} INFO - Sync 1 DAGs
[2025-02-14 14:21:44,643] {logging_mixin.py:115} INFO - [2025-02-14 14:21:44,643] {dag.py:2968} INFO - Setting next_dagrun for example_trigger_target_dag to None, run_after=None
[2025-02-14 14:21:44,662] {processor.py:161} INFO - Processing /opt/conda/lib/python3.8/site-packages/airflow/example_dags/example_trigger_target_dag.py took 0.207 seconds
[2025-02-14 14:22:29,937] {processor.py:153} INFO - Started process (PID=3417) to work on /opt/conda/lib/python3.8/site-packages/airflow/example_dags/example_trigger_target_dag.py
[2025-02-14 14:22:29,939] {processor.py:641} INFO - Processing file /opt/conda/lib/python3.8/site-packages/airflow/example_dags/example_trigger_target_dag.py for tasks to queue
[2025-02-14 14:22:29,939] {logging_mixin.py:115} INFO - [2025-02-14 14:22:29,939] {dagbag.py:508} INFO - Filling up the DagBag from /opt/conda/lib/python3.8/site-packages/airflow/example_dags/example_trigger_target_dag.py
[2025-02-14 14:22:30,096] {processor.py:651} INFO - DAG(s) dict_keys(['example_trigger_target_dag']) retrieved from /opt/conda/lib/python3.8/site-packages/airflow/example_dags/example_trigger_target_dag.py
[2025-02-14 14:22:30,105] {logging_mixin.py:115} INFO - [2025-02-14 14:22:30,105] {dag.py:2420} INFO - Sync 1 DAGs
[2025-02-14 14:22:30,116] {logging_mixin.py:115} INFO - [2025-02-14 14:22:30,116] {dag.py:2968} INFO - Setting next_dagrun for example_trigger_target_dag to None, run_after=None
[2025-02-14 14:22:30,136] {processor.py:161} INFO - Processing /opt/conda/lib/python3.8/site-packages/airflow/example_dags/example_trigger_target_dag.py took 0.201 seconds
[2025-02-14 14:23:46,249] {processor.py:153} INFO - Started process (PID=3555) to work on /opt/conda/lib/python3.8/site-packages/airflow/example_dags/example_trigger_target_dag.py
[2025-02-14 14:23:46,250] {processor.py:641} INFO - Processing file /opt/conda/lib/python3.8/site-packages/airflow/example_dags/example_trigger_target_dag.py for tasks to queue
[2025-02-14 14:23:46,251] {logging_mixin.py:115} INFO - [2025-02-14 14:23:46,251] {dagbag.py:508} INFO - Filling up the DagBag from /opt/conda/lib/python3.8/site-packages/airflow/example_dags/example_trigger_target_dag.py
[2025-02-14 14:23:46,387] {processor.py:651} INFO - DAG(s) dict_keys(['example_trigger_target_dag']) retrieved from /opt/conda/lib/python3.8/site-packages/airflow/example_dags/example_trigger_target_dag.py
[2025-02-14 14:23:46,396] {logging_mixin.py:115} INFO - [2025-02-14 14:23:46,396] {dag.py:2420} INFO - Sync 1 DAGs
[2025-02-14 14:23:46,408] {logging_mixin.py:115} INFO - [2025-02-14 14:23:46,407] {dag.py:2968} INFO - Setting next_dagrun for example_trigger_target_dag to None, run_after=None
[2025-02-14 14:23:46,427] {processor.py:161} INFO - Processing /opt/conda/lib/python3.8/site-packages/airflow/example_dags/example_trigger_target_dag.py took 0.181 seconds
[2025-02-14 14:24:28,529] {processor.py:153} INFO - Started process (PID=3609) to work on /opt/conda/lib/python3.8/site-packages/airflow/example_dags/example_trigger_target_dag.py
[2025-02-14 14:24:28,530] {processor.py:641} INFO - Processing file /opt/conda/lib/python3.8/site-packages/airflow/example_dags/example_trigger_target_dag.py for tasks to queue
[2025-02-14 14:24:28,531] {logging_mixin.py:115} INFO - [2025-02-14 14:24:28,530] {dagbag.py:508} INFO - Filling up the DagBag from /opt/conda/lib/python3.8/site-packages/airflow/example_dags/example_trigger_target_dag.py
[2025-02-14 14:24:28,665] {processor.py:651} INFO - DAG(s) dict_keys(['example_trigger_target_dag']) retrieved from /opt/conda/lib/python3.8/site-packages/airflow/example_dags/example_trigger_target_dag.py
[2025-02-14 14:24:28,674] {logging_mixin.py:115} INFO - [2025-02-14 14:24:28,674] {dag.py:2420} INFO - Sync 1 DAGs
[2025-02-14 14:24:28,685] {logging_mixin.py:115} INFO - [2025-02-14 14:24:28,685] {dag.py:2968} INFO - Setting next_dagrun for example_trigger_target_dag to None, run_after=None
[2025-02-14 14:24:28,704] {processor.py:161} INFO - Processing /opt/conda/lib/python3.8/site-packages/airflow/example_dags/example_trigger_target_dag.py took 0.179 seconds
[2025-02-14 14:25:14,024] {processor.py:153} INFO - Started process (PID=3663) to work on /opt/conda/lib/python3.8/site-packages/airflow/example_dags/example_trigger_target_dag.py
[2025-02-14 14:25:14,025] {processor.py:641} INFO - Processing file /opt/conda/lib/python3.8/site-packages/airflow/example_dags/example_trigger_target_dag.py for tasks to queue
[2025-02-14 14:25:14,026] {logging_mixin.py:115} INFO - [2025-02-14 14:25:14,025] {dagbag.py:508} INFO - Filling up the DagBag from /opt/conda/lib/python3.8/site-packages/airflow/example_dags/example_trigger_target_dag.py
[2025-02-14 14:25:14,158] {processor.py:651} INFO - DAG(s) dict_keys(['example_trigger_target_dag']) retrieved from /opt/conda/lib/python3.8/site-packages/airflow/example_dags/example_trigger_target_dag.py
[2025-02-14 14:25:14,167] {logging_mixin.py:115} INFO - [2025-02-14 14:25:14,167] {dag.py:2420} INFO - Sync 1 DAGs
[2025-02-14 14:25:14,178] {logging_mixin.py:115} INFO - [2025-02-14 14:25:14,178] {dag.py:2968} INFO - Setting next_dagrun for example_trigger_target_dag to None, run_after=None
[2025-02-14 14:25:14,197] {processor.py:161} INFO - Processing /opt/conda/lib/python3.8/site-packages/airflow/example_dags/example_trigger_target_dag.py took 0.176 seconds
[2025-02-14 14:25:57,412] {processor.py:153} INFO - Started process (PID=3717) to work on /opt/conda/lib/python3.8/site-packages/airflow/example_dags/example_trigger_target_dag.py
[2025-02-14 14:25:57,414] {processor.py:641} INFO - Processing file /opt/conda/lib/python3.8/site-packages/airflow/example_dags/example_trigger_target_dag.py for tasks to queue
[2025-02-14 14:25:57,414] {logging_mixin.py:115} INFO - [2025-02-14 14:25:57,414] {dagbag.py:508} INFO - Filling up the DagBag from /opt/conda/lib/python3.8/site-packages/airflow/example_dags/example_trigger_target_dag.py
[2025-02-14 14:25:57,564] {processor.py:651} INFO - DAG(s) dict_keys(['example_trigger_target_dag']) retrieved from /opt/conda/lib/python3.8/site-packages/airflow/example_dags/example_trigger_target_dag.py
[2025-02-14 14:25:57,573] {logging_mixin.py:115} INFO - [2025-02-14 14:25:57,573] {dag.py:2420} INFO - Sync 1 DAGs
[2025-02-14 14:25:57,584] {logging_mixin.py:115} INFO - [2025-02-14 14:25:57,584] {dag.py:2968} INFO - Setting next_dagrun for example_trigger_target_dag to None, run_after=None
[2025-02-14 14:25:57,604] {processor.py:161} INFO - Processing /opt/conda/lib/python3.8/site-packages/airflow/example_dags/example_trigger_target_dag.py took 0.195 seconds
[2025-02-14 14:26:40,917] {processor.py:153} INFO - Started process (PID=3771) to work on /opt/conda/lib/python3.8/site-packages/airflow/example_dags/example_trigger_target_dag.py
[2025-02-14 14:26:40,919] {processor.py:641} INFO - Processing file /opt/conda/lib/python3.8/site-packages/airflow/example_dags/example_trigger_target_dag.py for tasks to queue
[2025-02-14 14:26:40,920] {logging_mixin.py:115} INFO - [2025-02-14 14:26:40,919] {dagbag.py:508} INFO - Filling up the DagBag from /opt/conda/lib/python3.8/site-packages/airflow/example_dags/example_trigger_target_dag.py
[2025-02-14 14:26:41,074] {processor.py:651} INFO - DAG(s) dict_keys(['example_trigger_target_dag']) retrieved from /opt/conda/lib/python3.8/site-packages/airflow/example_dags/example_trigger_target_dag.py
[2025-02-14 14:26:41,084] {logging_mixin.py:115} INFO - [2025-02-14 14:26:41,084] {dag.py:2420} INFO - Sync 1 DAGs
[2025-02-14 14:26:41,096] {logging_mixin.py:115} INFO - [2025-02-14 14:26:41,095] {dag.py:2968} INFO - Setting next_dagrun for example_trigger_target_dag to None, run_after=None
[2025-02-14 14:26:41,116] {processor.py:161} INFO - Processing /opt/conda/lib/python3.8/site-packages/airflow/example_dags/example_trigger_target_dag.py took 0.202 seconds
[2025-02-14 14:27:25,129] {processor.py:153} INFO - Started process (PID=3824) to work on /opt/conda/lib/python3.8/site-packages/airflow/example_dags/example_trigger_target_dag.py
[2025-02-14 14:27:25,151] {processor.py:641} INFO - Processing file /opt/conda/lib/python3.8/site-packages/airflow/example_dags/example_trigger_target_dag.py for tasks to queue
[2025-02-14 14:27:25,152] {logging_mixin.py:115} INFO - [2025-02-14 14:27:25,152] {dagbag.py:508} INFO - Filling up the DagBag from /opt/conda/lib/python3.8/site-packages/airflow/example_dags/example_trigger_target_dag.py
[2025-02-14 14:27:25,297] {processor.py:651} INFO - DAG(s) dict_keys(['example_trigger_target_dag']) retrieved from /opt/conda/lib/python3.8/site-packages/airflow/example_dags/example_trigger_target_dag.py
[2025-02-14 14:27:25,306] {logging_mixin.py:115} INFO - [2025-02-14 14:27:25,306] {dag.py:2420} INFO - Sync 1 DAGs
[2025-02-14 14:27:25,317] {logging_mixin.py:115} INFO - [2025-02-14 14:27:25,317] {dag.py:2968} INFO - Setting next_dagrun for example_trigger_target_dag to None, run_after=None
[2025-02-14 14:27:25,335] {processor.py:161} INFO - Processing /opt/conda/lib/python3.8/site-packages/airflow/example_dags/example_trigger_target_dag.py took 0.209 seconds
[2025-02-14 14:28:13,421] {processor.py:153} INFO - Started process (PID=3896) to work on /opt/conda/lib/python3.8/site-packages/airflow/example_dags/example_trigger_target_dag.py
[2025-02-14 14:28:13,423] {processor.py:641} INFO - Processing file /opt/conda/lib/python3.8/site-packages/airflow/example_dags/example_trigger_target_dag.py for tasks to queue
[2025-02-14 14:28:13,423] {logging_mixin.py:115} INFO - [2025-02-14 14:28:13,423] {dagbag.py:508} INFO - Filling up the DagBag from /opt/conda/lib/python3.8/site-packages/airflow/example_dags/example_trigger_target_dag.py
[2025-02-14 14:28:13,557] {processor.py:651} INFO - DAG(s) dict_keys(['example_trigger_target_dag']) retrieved from /opt/conda/lib/python3.8/site-packages/airflow/example_dags/example_trigger_target_dag.py
[2025-02-14 14:28:13,566] {logging_mixin.py:115} INFO - [2025-02-14 14:28:13,566] {dag.py:2420} INFO - Sync 1 DAGs
[2025-02-14 14:28:13,577] {logging_mixin.py:115} INFO - [2025-02-14 14:28:13,577] {dag.py:2968} INFO - Setting next_dagrun for example_trigger_target_dag to None, run_after=None
[2025-02-14 14:28:13,595] {processor.py:161} INFO - Processing /opt/conda/lib/python3.8/site-packages/airflow/example_dags/example_trigger_target_dag.py took 0.177 seconds
[2025-02-14 14:28:56,141] {processor.py:153} INFO - Started process (PID=3950) to work on /opt/conda/lib/python3.8/site-packages/airflow/example_dags/example_trigger_target_dag.py
[2025-02-14 14:28:56,216] {processor.py:641} INFO - Processing file /opt/conda/lib/python3.8/site-packages/airflow/example_dags/example_trigger_target_dag.py for tasks to queue
[2025-02-14 14:28:56,216] {logging_mixin.py:115} INFO - [2025-02-14 14:28:56,216] {dagbag.py:508} INFO - Filling up the DagBag from /opt/conda/lib/python3.8/site-packages/airflow/example_dags/example_trigger_target_dag.py
[2025-02-14 14:28:56,233] {processor.py:651} INFO - DAG(s) dict_keys(['example_trigger_target_dag']) retrieved from /opt/conda/lib/python3.8/site-packages/airflow/example_dags/example_trigger_target_dag.py
[2025-02-14 14:28:56,249] {logging_mixin.py:115} INFO - [2025-02-14 14:28:56,249] {dag.py:2420} INFO - Sync 1 DAGs
[2025-02-14 14:28:56,266] {logging_mixin.py:115} INFO - [2025-02-14 14:28:56,266] {dag.py:2968} INFO - Setting next_dagrun for example_trigger_target_dag to None, run_after=None
[2025-02-14 14:28:56,288] {processor.py:161} INFO - Processing /opt/conda/lib/python3.8/site-packages/airflow/example_dags/example_trigger_target_dag.py took 0.150 seconds
[2025-02-14 14:29:32,393] {processor.py:153} INFO - Started process (PID=4001) to work on /opt/conda/lib/python3.8/site-packages/airflow/example_dags/example_trigger_target_dag.py
[2025-02-14 14:29:32,397] {processor.py:641} INFO - Processing file /opt/conda/lib/python3.8/site-packages/airflow/example_dags/example_trigger_target_dag.py for tasks to queue
[2025-02-14 14:29:32,397] {logging_mixin.py:115} INFO - [2025-02-14 14:29:32,397] {dagbag.py:508} INFO - Filling up the DagBag from /opt/conda/lib/python3.8/site-packages/airflow/example_dags/example_trigger_target_dag.py
[2025-02-14 14:29:32,415] {processor.py:651} INFO - DAG(s) dict_keys(['example_trigger_target_dag']) retrieved from /opt/conda/lib/python3.8/site-packages/airflow/example_dags/example_trigger_target_dag.py
[2025-02-14 14:29:32,431] {logging_mixin.py:115} INFO - [2025-02-14 14:29:32,431] {dag.py:2420} INFO - Sync 1 DAGs
[2025-02-14 14:29:32,449] {logging_mixin.py:115} INFO - [2025-02-14 14:29:32,449] {dag.py:2968} INFO - Setting next_dagrun for example_trigger_target_dag to None, run_after=None
[2025-02-14 14:29:32,511] {processor.py:161} INFO - Processing /opt/conda/lib/python3.8/site-packages/airflow/example_dags/example_trigger_target_dag.py took 0.121 seconds
[2025-02-14 14:30:14,341] {processor.py:153} INFO - Started process (PID=4057) to work on /opt/conda/lib/python3.8/site-packages/airflow/example_dags/example_trigger_target_dag.py
[2025-02-14 14:30:14,343] {processor.py:641} INFO - Processing file /opt/conda/lib/python3.8/site-packages/airflow/example_dags/example_trigger_target_dag.py for tasks to queue
[2025-02-14 14:30:14,343] {logging_mixin.py:115} INFO - [2025-02-14 14:30:14,343] {dagbag.py:508} INFO - Filling up the DagBag from /opt/conda/lib/python3.8/site-packages/airflow/example_dags/example_trigger_target_dag.py
[2025-02-14 14:30:14,360] {processor.py:651} INFO - DAG(s) dict_keys(['example_trigger_target_dag']) retrieved from /opt/conda/lib/python3.8/site-packages/airflow/example_dags/example_trigger_target_dag.py
[2025-02-14 14:30:14,376] {logging_mixin.py:115} INFO - [2025-02-14 14:30:14,375] {dag.py:2420} INFO - Sync 1 DAGs
[2025-02-14 14:30:14,393] {logging_mixin.py:115} INFO - [2025-02-14 14:30:14,393] {dag.py:2968} INFO - Setting next_dagrun for example_trigger_target_dag to None, run_after=None
[2025-02-14 14:30:14,417] {processor.py:161} INFO - Processing /opt/conda/lib/python3.8/site-packages/airflow/example_dags/example_trigger_target_dag.py took 0.079 seconds
[2025-02-14 14:30:56,192] {processor.py:153} INFO - Started process (PID=4121) to work on /opt/conda/lib/python3.8/site-packages/airflow/example_dags/example_trigger_target_dag.py
[2025-02-14 14:30:56,194] {processor.py:641} INFO - Processing file /opt/conda/lib/python3.8/site-packages/airflow/example_dags/example_trigger_target_dag.py for tasks to queue
[2025-02-14 14:30:56,195] {logging_mixin.py:115} INFO - [2025-02-14 14:30:56,195] {dagbag.py:508} INFO - Filling up the DagBag from /opt/conda/lib/python3.8/site-packages/airflow/example_dags/example_trigger_target_dag.py
[2025-02-14 14:30:56,212] {processor.py:651} INFO - DAG(s) dict_keys(['example_trigger_target_dag']) retrieved from /opt/conda/lib/python3.8/site-packages/airflow/example_dags/example_trigger_target_dag.py
[2025-02-14 14:30:56,227] {logging_mixin.py:115} INFO - [2025-02-14 14:30:56,227] {dag.py:2420} INFO - Sync 1 DAGs
[2025-02-14 14:30:56,244] {logging_mixin.py:115} INFO - [2025-02-14 14:30:56,244] {dag.py:2968} INFO - Setting next_dagrun for example_trigger_target_dag to None, run_after=None
[2025-02-14 14:30:56,267] {processor.py:161} INFO - Processing /opt/conda/lib/python3.8/site-packages/airflow/example_dags/example_trigger_target_dag.py took 0.077 seconds
[2025-02-14 14:31:32,728] {processor.py:153} INFO - Started process (PID=4173) to work on /opt/conda/lib/python3.8/site-packages/airflow/example_dags/example_trigger_target_dag.py
[2025-02-14 14:31:32,934] {processor.py:641} INFO - Processing file /opt/conda/lib/python3.8/site-packages/airflow/example_dags/example_trigger_target_dag.py for tasks to queue
[2025-02-14 14:31:32,934] {logging_mixin.py:115} INFO - [2025-02-14 14:31:32,934] {dagbag.py:508} INFO - Filling up the DagBag from /opt/conda/lib/python3.8/site-packages/airflow/example_dags/example_trigger_target_dag.py
[2025-02-14 14:31:32,952] {processor.py:651} INFO - DAG(s) dict_keys(['example_trigger_target_dag']) retrieved from /opt/conda/lib/python3.8/site-packages/airflow/example_dags/example_trigger_target_dag.py
[2025-02-14 14:31:32,967] {logging_mixin.py:115} INFO - [2025-02-14 14:31:32,967] {dag.py:2420} INFO - Sync 1 DAGs
[2025-02-14 14:31:32,985] {logging_mixin.py:115} INFO - [2025-02-14 14:31:32,985] {dag.py:2968} INFO - Setting next_dagrun for example_trigger_target_dag to None, run_after=None
[2025-02-14 14:31:33,007] {processor.py:161} INFO - Processing /opt/conda/lib/python3.8/site-packages/airflow/example_dags/example_trigger_target_dag.py took 0.282 seconds
[2025-02-14 14:33:26,833] {processor.py:153} INFO - Started process (PID=4357) to work on /opt/conda/lib/python3.8/site-packages/airflow/example_dags/example_trigger_target_dag.py
[2025-02-14 14:33:26,835] {processor.py:641} INFO - Processing file /opt/conda/lib/python3.8/site-packages/airflow/example_dags/example_trigger_target_dag.py for tasks to queue
[2025-02-14 14:33:26,835] {logging_mixin.py:115} INFO - [2025-02-14 14:33:26,835] {dagbag.py:508} INFO - Filling up the DagBag from /opt/conda/lib/python3.8/site-packages/airflow/example_dags/example_trigger_target_dag.py
[2025-02-14 14:33:26,852] {processor.py:651} INFO - DAG(s) dict_keys(['example_trigger_target_dag']) retrieved from /opt/conda/lib/python3.8/site-packages/airflow/example_dags/example_trigger_target_dag.py
[2025-02-14 14:33:26,868] {logging_mixin.py:115} INFO - [2025-02-14 14:33:26,868] {dag.py:2420} INFO - Sync 1 DAGs
[2025-02-14 14:33:26,885] {logging_mixin.py:115} INFO - [2025-02-14 14:33:26,885] {dag.py:2968} INFO - Setting next_dagrun for example_trigger_target_dag to None, run_after=None
[2025-02-14 14:33:26,908] {processor.py:161} INFO - Processing /opt/conda/lib/python3.8/site-packages/airflow/example_dags/example_trigger_target_dag.py took 0.078 seconds
[2025-02-14 14:34:07,009] {processor.py:153} INFO - Started process (PID=4411) to work on /opt/conda/lib/python3.8/site-packages/airflow/example_dags/example_trigger_target_dag.py
[2025-02-14 14:34:07,010] {processor.py:641} INFO - Processing file /opt/conda/lib/python3.8/site-packages/airflow/example_dags/example_trigger_target_dag.py for tasks to queue
[2025-02-14 14:34:07,011] {logging_mixin.py:115} INFO - [2025-02-14 14:34:07,011] {dagbag.py:508} INFO - Filling up the DagBag from /opt/conda/lib/python3.8/site-packages/airflow/example_dags/example_trigger_target_dag.py
[2025-02-14 14:34:07,028] {processor.py:651} INFO - DAG(s) dict_keys(['example_trigger_target_dag']) retrieved from /opt/conda/lib/python3.8/site-packages/airflow/example_dags/example_trigger_target_dag.py
[2025-02-14 14:34:07,043] {logging_mixin.py:115} INFO - [2025-02-14 14:34:07,043] {dag.py:2420} INFO - Sync 1 DAGs
[2025-02-14 14:34:07,060] {logging_mixin.py:115} INFO - [2025-02-14 14:34:07,060] {dag.py:2968} INFO - Setting next_dagrun for example_trigger_target_dag to None, run_after=None
[2025-02-14 14:34:07,082] {processor.py:161} INFO - Processing /opt/conda/lib/python3.8/site-packages/airflow/example_dags/example_trigger_target_dag.py took 0.076 seconds
[2025-02-14 14:34:53,945] {processor.py:153} INFO - Started process (PID=4470) to work on /opt/conda/lib/python3.8/site-packages/airflow/example_dags/example_trigger_target_dag.py
[2025-02-14 14:34:53,947] {processor.py:641} INFO - Processing file /opt/conda/lib/python3.8/site-packages/airflow/example_dags/example_trigger_target_dag.py for tasks to queue
[2025-02-14 14:34:53,947] {logging_mixin.py:115} INFO - [2025-02-14 14:34:53,947] {dagbag.py:508} INFO - Filling up the DagBag from /opt/conda/lib/python3.8/site-packages/airflow/example_dags/example_trigger_target_dag.py
[2025-02-14 14:34:53,964] {processor.py:651} INFO - DAG(s) dict_keys(['example_trigger_target_dag']) retrieved from /opt/conda/lib/python3.8/site-packages/airflow/example_dags/example_trigger_target_dag.py
[2025-02-14 14:34:53,980] {logging_mixin.py:115} INFO - [2025-02-14 14:34:53,980] {dag.py:2420} INFO - Sync 1 DAGs
[2025-02-14 14:34:53,997] {logging_mixin.py:115} INFO - [2025-02-14 14:34:53,997] {dag.py:2968} INFO - Setting next_dagrun for example_trigger_target_dag to None, run_after=None
[2025-02-14 14:34:54,023] {processor.py:161} INFO - Processing /opt/conda/lib/python3.8/site-packages/airflow/example_dags/example_trigger_target_dag.py took 0.081 seconds
[2025-02-14 14:35:38,565] {processor.py:153} INFO - Started process (PID=4545) to work on /opt/conda/lib/python3.8/site-packages/airflow/example_dags/example_trigger_target_dag.py
[2025-02-14 14:35:38,566] {processor.py:641} INFO - Processing file /opt/conda/lib/python3.8/site-packages/airflow/example_dags/example_trigger_target_dag.py for tasks to queue
[2025-02-14 14:35:38,567] {logging_mixin.py:115} INFO - [2025-02-14 14:35:38,567] {dagbag.py:508} INFO - Filling up the DagBag from /opt/conda/lib/python3.8/site-packages/airflow/example_dags/example_trigger_target_dag.py
[2025-02-14 14:35:38,584] {processor.py:651} INFO - DAG(s) dict_keys(['example_trigger_target_dag']) retrieved from /opt/conda/lib/python3.8/site-packages/airflow/example_dags/example_trigger_target_dag.py
[2025-02-14 14:35:38,599] {logging_mixin.py:115} INFO - [2025-02-14 14:35:38,599] {dag.py:2420} INFO - Sync 1 DAGs
[2025-02-14 14:35:38,617] {logging_mixin.py:115} INFO - [2025-02-14 14:35:38,617] {dag.py:2968} INFO - Setting next_dagrun for example_trigger_target_dag to None, run_after=None
[2025-02-14 14:35:38,638] {processor.py:161} INFO - Processing /opt/conda/lib/python3.8/site-packages/airflow/example_dags/example_trigger_target_dag.py took 0.077 seconds
[2025-02-14 14:36:23,578] {processor.py:153} INFO - Started process (PID=4602) to work on /opt/conda/lib/python3.8/site-packages/airflow/example_dags/example_trigger_target_dag.py
[2025-02-14 14:36:23,580] {processor.py:641} INFO - Processing file /opt/conda/lib/python3.8/site-packages/airflow/example_dags/example_trigger_target_dag.py for tasks to queue
[2025-02-14 14:36:23,581] {logging_mixin.py:115} INFO - [2025-02-14 14:36:23,580] {dagbag.py:508} INFO - Filling up the DagBag from /opt/conda/lib/python3.8/site-packages/airflow/example_dags/example_trigger_target_dag.py
[2025-02-14 14:36:23,600] {processor.py:651} INFO - DAG(s) dict_keys(['example_trigger_target_dag']) retrieved from /opt/conda/lib/python3.8/site-packages/airflow/example_dags/example_trigger_target_dag.py
[2025-02-14 14:36:23,630] {logging_mixin.py:115} INFO - [2025-02-14 14:36:23,630] {dag.py:2420} INFO - Sync 1 DAGs
[2025-02-14 14:36:23,728] {logging_mixin.py:115} INFO - [2025-02-14 14:36:23,728] {dag.py:2968} INFO - Setting next_dagrun for example_trigger_target_dag to None, run_after=None
[2025-02-14 14:36:23,914] {processor.py:161} INFO - Processing /opt/conda/lib/python3.8/site-packages/airflow/example_dags/example_trigger_target_dag.py took 0.339 seconds
[2025-02-14 14:37:10,465] {processor.py:153} INFO - Started process (PID=4662) to work on /opt/conda/lib/python3.8/site-packages/airflow/example_dags/example_trigger_target_dag.py
[2025-02-14 14:37:10,467] {processor.py:641} INFO - Processing file /opt/conda/lib/python3.8/site-packages/airflow/example_dags/example_trigger_target_dag.py for tasks to queue
[2025-02-14 14:37:10,467] {logging_mixin.py:115} INFO - [2025-02-14 14:37:10,467] {dagbag.py:508} INFO - Filling up the DagBag from /opt/conda/lib/python3.8/site-packages/airflow/example_dags/example_trigger_target_dag.py
[2025-02-14 14:37:10,484] {processor.py:651} INFO - DAG(s) dict_keys(['example_trigger_target_dag']) retrieved from /opt/conda/lib/python3.8/site-packages/airflow/example_dags/example_trigger_target_dag.py
[2025-02-14 14:37:10,499] {logging_mixin.py:115} INFO - [2025-02-14 14:37:10,499] {dag.py:2420} INFO - Sync 1 DAGs
[2025-02-14 14:37:10,516] {logging_mixin.py:115} INFO - [2025-02-14 14:37:10,516] {dag.py:2968} INFO - Setting next_dagrun for example_trigger_target_dag to None, run_after=None
[2025-02-14 14:37:10,538] {processor.py:161} INFO - Processing /opt/conda/lib/python3.8/site-packages/airflow/example_dags/example_trigger_target_dag.py took 0.076 seconds
[2025-02-14 14:42:18,548] {processor.py:153} INFO - Started process (PID=4771) to work on /opt/conda/lib/python3.8/site-packages/airflow/example_dags/example_trigger_target_dag.py
[2025-02-14 14:42:18,550] {processor.py:641} INFO - Processing file /opt/conda/lib/python3.8/site-packages/airflow/example_dags/example_trigger_target_dag.py for tasks to queue
[2025-02-14 14:42:18,550] {logging_mixin.py:115} INFO - [2025-02-14 14:42:18,550] {dagbag.py:508} INFO - Filling up the DagBag from /opt/conda/lib/python3.8/site-packages/airflow/example_dags/example_trigger_target_dag.py
[2025-02-14 14:42:18,688] {processor.py:651} INFO - DAG(s) dict_keys(['example_trigger_target_dag']) retrieved from /opt/conda/lib/python3.8/site-packages/airflow/example_dags/example_trigger_target_dag.py
[2025-02-14 14:42:18,698] {logging_mixin.py:115} INFO - [2025-02-14 14:42:18,697] {dag.py:2420} INFO - Sync 1 DAGs
[2025-02-14 14:42:18,709] {logging_mixin.py:115} INFO - [2025-02-14 14:42:18,709] {dag.py:2968} INFO - Setting next_dagrun for example_trigger_target_dag to None, run_after=None
[2025-02-14 14:42:18,737] {processor.py:161} INFO - Processing /opt/conda/lib/python3.8/site-packages/airflow/example_dags/example_trigger_target_dag.py took 0.191 seconds
