[2025-02-14 13:59:54,430] {processor.py:153} INFO - Started process (PID=1842) to work on /opt/conda/lib/python3.8/site-packages/airflow/example_dags/example_external_task_marker_dag.py
[2025-02-14 13:59:54,431] {processor.py:641} INFO - Processing file /opt/conda/lib/python3.8/site-packages/airflow/example_dags/example_external_task_marker_dag.py for tasks to queue
[2025-02-14 13:59:54,431] {logging_mixin.py:115} INFO - [2025-02-14 13:59:54,431] {dagbag.py:508} INFO - Filling up the DagBag from /opt/conda/lib/python3.8/site-packages/airflow/example_dags/example_external_task_marker_dag.py
[2025-02-14 13:59:54,435] {processor.py:651} INFO - DAG(s) dict_keys(['example_external_task_marker_parent', 'example_external_task_marker_child']) retrieved from /opt/conda/lib/python3.8/site-packages/airflow/example_dags/example_external_task_marker_dag.py
[2025-02-14 13:59:54,634] {logging_mixin.py:115} INFO - [2025-02-14 13:59:54,634] {manager.py:508} INFO - Created Permission View: can read on DAG:example_external_task_marker_parent
[2025-02-14 13:59:54,652] {logging_mixin.py:115} INFO - [2025-02-14 13:59:54,652] {manager.py:508} INFO - Created Permission View: can delete on DAG:example_external_task_marker_parent
[2025-02-14 13:59:54,668] {logging_mixin.py:115} INFO - [2025-02-14 13:59:54,668] {manager.py:508} INFO - Created Permission View: can edit on DAG:example_external_task_marker_parent
[2025-02-14 13:59:54,728] {logging_mixin.py:115} INFO - [2025-02-14 13:59:54,728] {manager.py:508} INFO - Created Permission View: can read on DAG:example_external_task_marker_child
[2025-02-14 13:59:54,742] {logging_mixin.py:115} INFO - [2025-02-14 13:59:54,742] {manager.py:508} INFO - Created Permission View: can delete on DAG:example_external_task_marker_child
[2025-02-14 13:59:54,757] {logging_mixin.py:115} INFO - [2025-02-14 13:59:54,757] {manager.py:508} INFO - Created Permission View: can edit on DAG:example_external_task_marker_child
[2025-02-14 13:59:54,757] {logging_mixin.py:115} INFO - [2025-02-14 13:59:54,757] {dag.py:2420} INFO - Sync 2 DAGs
[2025-02-14 13:59:54,765] {logging_mixin.py:115} INFO - [2025-02-14 13:59:54,765] {dag.py:2439} INFO - Creating ORM DAG for example_external_task_marker_child
[2025-02-14 13:59:54,765] {logging_mixin.py:115} INFO - [2025-02-14 13:59:54,765] {dag.py:2439} INFO - Creating ORM DAG for example_external_task_marker_parent
[2025-02-14 13:59:54,773] {logging_mixin.py:115} INFO - [2025-02-14 13:59:54,773] {dag.py:2968} INFO - Setting next_dagrun for example_external_task_marker_child to None, run_after=None
[2025-02-14 13:59:54,773] {logging_mixin.py:115} INFO - [2025-02-14 13:59:54,773] {dag.py:2968} INFO - Setting next_dagrun for example_external_task_marker_parent to None, run_after=None
[2025-02-14 13:59:54,798] {processor.py:161} INFO - Processing /opt/conda/lib/python3.8/site-packages/airflow/example_dags/example_external_task_marker_dag.py took 0.371 seconds
[2025-02-14 14:00:48,793] {processor.py:153} INFO - Started process (PID=1885) to work on /opt/conda/lib/python3.8/site-packages/airflow/example_dags/example_external_task_marker_dag.py
[2025-02-14 14:00:48,794] {processor.py:641} INFO - Processing file /opt/conda/lib/python3.8/site-packages/airflow/example_dags/example_external_task_marker_dag.py for tasks to queue
[2025-02-14 14:00:48,795] {logging_mixin.py:115} INFO - [2025-02-14 14:00:48,795] {dagbag.py:508} INFO - Filling up the DagBag from /opt/conda/lib/python3.8/site-packages/airflow/example_dags/example_external_task_marker_dag.py
[2025-02-14 14:00:48,800] {processor.py:651} INFO - DAG(s) dict_keys(['example_external_task_marker_parent', 'example_external_task_marker_child']) retrieved from /opt/conda/lib/python3.8/site-packages/airflow/example_dags/example_external_task_marker_dag.py
[2025-02-14 14:00:48,947] {logging_mixin.py:115} INFO - [2025-02-14 14:00:48,947] {dag.py:2420} INFO - Sync 2 DAGs
[2025-02-14 14:00:48,958] {logging_mixin.py:115} INFO - [2025-02-14 14:00:48,958] {dag.py:2968} INFO - Setting next_dagrun for example_external_task_marker_child to None, run_after=None
[2025-02-14 14:00:48,958] {logging_mixin.py:115} INFO - [2025-02-14 14:00:48,958] {dag.py:2968} INFO - Setting next_dagrun for example_external_task_marker_parent to None, run_after=None
[2025-02-14 14:00:48,978] {processor.py:161} INFO - Processing /opt/conda/lib/python3.8/site-packages/airflow/example_dags/example_external_task_marker_dag.py took 0.189 seconds
[2025-02-14 14:01:29,201] {processor.py:153} INFO - Started process (PID=1922) to work on /opt/conda/lib/python3.8/site-packages/airflow/example_dags/example_external_task_marker_dag.py
[2025-02-14 14:01:29,202] {processor.py:641} INFO - Processing file /opt/conda/lib/python3.8/site-packages/airflow/example_dags/example_external_task_marker_dag.py for tasks to queue
[2025-02-14 14:01:29,203] {logging_mixin.py:115} INFO - [2025-02-14 14:01:29,203] {dagbag.py:508} INFO - Filling up the DagBag from /opt/conda/lib/python3.8/site-packages/airflow/example_dags/example_external_task_marker_dag.py
[2025-02-14 14:01:29,208] {processor.py:651} INFO - DAG(s) dict_keys(['example_external_task_marker_parent', 'example_external_task_marker_child']) retrieved from /opt/conda/lib/python3.8/site-packages/airflow/example_dags/example_external_task_marker_dag.py
[2025-02-14 14:01:29,361] {logging_mixin.py:115} INFO - [2025-02-14 14:01:29,361] {dag.py:2420} INFO - Sync 2 DAGs
[2025-02-14 14:01:29,373] {logging_mixin.py:115} INFO - [2025-02-14 14:01:29,373] {dag.py:2968} INFO - Setting next_dagrun for example_external_task_marker_child to None, run_after=None
[2025-02-14 14:01:29,373] {logging_mixin.py:115} INFO - [2025-02-14 14:01:29,373] {dag.py:2968} INFO - Setting next_dagrun for example_external_task_marker_parent to None, run_after=None
[2025-02-14 14:01:29,392] {processor.py:161} INFO - Processing /opt/conda/lib/python3.8/site-packages/airflow/example_dags/example_external_task_marker_dag.py took 0.194 seconds
[2025-02-14 14:02:13,790] {processor.py:153} INFO - Started process (PID=1962) to work on /opt/conda/lib/python3.8/site-packages/airflow/example_dags/example_external_task_marker_dag.py
[2025-02-14 14:02:13,791] {processor.py:641} INFO - Processing file /opt/conda/lib/python3.8/site-packages/airflow/example_dags/example_external_task_marker_dag.py for tasks to queue
[2025-02-14 14:02:13,792] {logging_mixin.py:115} INFO - [2025-02-14 14:02:13,792] {dagbag.py:508} INFO - Filling up the DagBag from /opt/conda/lib/python3.8/site-packages/airflow/example_dags/example_external_task_marker_dag.py
[2025-02-14 14:02:13,796] {processor.py:651} INFO - DAG(s) dict_keys(['example_external_task_marker_parent', 'example_external_task_marker_child']) retrieved from /opt/conda/lib/python3.8/site-packages/airflow/example_dags/example_external_task_marker_dag.py
[2025-02-14 14:02:13,944] {logging_mixin.py:115} INFO - [2025-02-14 14:02:13,944] {dag.py:2420} INFO - Sync 2 DAGs
[2025-02-14 14:02:13,955] {logging_mixin.py:115} INFO - [2025-02-14 14:02:13,955] {dag.py:2968} INFO - Setting next_dagrun for example_external_task_marker_child to None, run_after=None
[2025-02-14 14:02:13,955] {logging_mixin.py:115} INFO - [2025-02-14 14:02:13,955] {dag.py:2968} INFO - Setting next_dagrun for example_external_task_marker_parent to None, run_after=None
[2025-02-14 14:02:13,972] {processor.py:161} INFO - Processing /opt/conda/lib/python3.8/site-packages/airflow/example_dags/example_external_task_marker_dag.py took 0.186 seconds
[2025-02-14 14:02:58,544] {processor.py:153} INFO - Started process (PID=2003) to work on /opt/conda/lib/python3.8/site-packages/airflow/example_dags/example_external_task_marker_dag.py
[2025-02-14 14:02:58,546] {processor.py:641} INFO - Processing file /opt/conda/lib/python3.8/site-packages/airflow/example_dags/example_external_task_marker_dag.py for tasks to queue
[2025-02-14 14:02:58,546] {logging_mixin.py:115} INFO - [2025-02-14 14:02:58,546] {dagbag.py:508} INFO - Filling up the DagBag from /opt/conda/lib/python3.8/site-packages/airflow/example_dags/example_external_task_marker_dag.py
[2025-02-14 14:02:58,551] {processor.py:651} INFO - DAG(s) dict_keys(['example_external_task_marker_parent', 'example_external_task_marker_child']) retrieved from /opt/conda/lib/python3.8/site-packages/airflow/example_dags/example_external_task_marker_dag.py
[2025-02-14 14:02:58,706] {logging_mixin.py:115} INFO - [2025-02-14 14:02:58,706] {dag.py:2420} INFO - Sync 2 DAGs
[2025-02-14 14:02:58,718] {logging_mixin.py:115} INFO - [2025-02-14 14:02:58,718] {dag.py:2968} INFO - Setting next_dagrun for example_external_task_marker_child to None, run_after=None
[2025-02-14 14:02:58,718] {logging_mixin.py:115} INFO - [2025-02-14 14:02:58,718] {dag.py:2968} INFO - Setting next_dagrun for example_external_task_marker_parent to None, run_after=None
[2025-02-14 14:02:58,738] {processor.py:161} INFO - Processing /opt/conda/lib/python3.8/site-packages/airflow/example_dags/example_external_task_marker_dag.py took 0.197 seconds
[2025-02-14 14:03:46,868] {processor.py:153} INFO - Started process (PID=2045) to work on /opt/conda/lib/python3.8/site-packages/airflow/example_dags/example_external_task_marker_dag.py
[2025-02-14 14:03:46,869] {processor.py:641} INFO - Processing file /opt/conda/lib/python3.8/site-packages/airflow/example_dags/example_external_task_marker_dag.py for tasks to queue
[2025-02-14 14:03:46,870] {logging_mixin.py:115} INFO - [2025-02-14 14:03:46,870] {dagbag.py:508} INFO - Filling up the DagBag from /opt/conda/lib/python3.8/site-packages/airflow/example_dags/example_external_task_marker_dag.py
[2025-02-14 14:03:46,874] {processor.py:651} INFO - DAG(s) dict_keys(['example_external_task_marker_parent', 'example_external_task_marker_child']) retrieved from /opt/conda/lib/python3.8/site-packages/airflow/example_dags/example_external_task_marker_dag.py
[2025-02-14 14:03:47,034] {logging_mixin.py:115} INFO - [2025-02-14 14:03:47,034] {dag.py:2420} INFO - Sync 2 DAGs
[2025-02-14 14:03:47,046] {logging_mixin.py:115} INFO - [2025-02-14 14:03:47,046] {dag.py:2968} INFO - Setting next_dagrun for example_external_task_marker_child to None, run_after=None
[2025-02-14 14:03:47,046] {logging_mixin.py:115} INFO - [2025-02-14 14:03:47,046] {dag.py:2968} INFO - Setting next_dagrun for example_external_task_marker_parent to None, run_after=None
[2025-02-14 14:03:47,064] {processor.py:161} INFO - Processing /opt/conda/lib/python3.8/site-packages/airflow/example_dags/example_external_task_marker_dag.py took 0.199 seconds
[2025-02-14 14:05:38,254] {processor.py:153} INFO - Started process (PID=2186) to work on /opt/conda/lib/python3.8/site-packages/airflow/example_dags/example_external_task_marker_dag.py
[2025-02-14 14:05:38,256] {processor.py:641} INFO - Processing file /opt/conda/lib/python3.8/site-packages/airflow/example_dags/example_external_task_marker_dag.py for tasks to queue
[2025-02-14 14:05:38,256] {logging_mixin.py:115} INFO - [2025-02-14 14:05:38,256] {dagbag.py:508} INFO - Filling up the DagBag from /opt/conda/lib/python3.8/site-packages/airflow/example_dags/example_external_task_marker_dag.py
[2025-02-14 14:05:38,261] {processor.py:651} INFO - DAG(s) dict_keys(['example_external_task_marker_parent', 'example_external_task_marker_child']) retrieved from /opt/conda/lib/python3.8/site-packages/airflow/example_dags/example_external_task_marker_dag.py
[2025-02-14 14:05:38,406] {logging_mixin.py:115} INFO - [2025-02-14 14:05:38,406] {dag.py:2420} INFO - Sync 2 DAGs
[2025-02-14 14:05:38,418] {logging_mixin.py:115} INFO - [2025-02-14 14:05:38,418] {dag.py:2968} INFO - Setting next_dagrun for example_external_task_marker_child to None, run_after=None
[2025-02-14 14:05:38,418] {logging_mixin.py:115} INFO - [2025-02-14 14:05:38,418] {dag.py:2968} INFO - Setting next_dagrun for example_external_task_marker_parent to None, run_after=None
[2025-02-14 14:05:38,463] {processor.py:161} INFO - Processing /opt/conda/lib/python3.8/site-packages/airflow/example_dags/example_external_task_marker_dag.py took 0.212 seconds
[2025-02-14 14:06:22,734] {processor.py:153} INFO - Started process (PID=2240) to work on /opt/conda/lib/python3.8/site-packages/airflow/example_dags/example_external_task_marker_dag.py
[2025-02-14 14:06:22,735] {processor.py:641} INFO - Processing file /opt/conda/lib/python3.8/site-packages/airflow/example_dags/example_external_task_marker_dag.py for tasks to queue
[2025-02-14 14:06:22,735] {logging_mixin.py:115} INFO - [2025-02-14 14:06:22,735] {dagbag.py:508} INFO - Filling up the DagBag from /opt/conda/lib/python3.8/site-packages/airflow/example_dags/example_external_task_marker_dag.py
[2025-02-14 14:06:22,740] {processor.py:651} INFO - DAG(s) dict_keys(['example_external_task_marker_parent', 'example_external_task_marker_child']) retrieved from /opt/conda/lib/python3.8/site-packages/airflow/example_dags/example_external_task_marker_dag.py
[2025-02-14 14:06:22,885] {logging_mixin.py:115} INFO - [2025-02-14 14:06:22,885] {dag.py:2420} INFO - Sync 2 DAGs
[2025-02-14 14:06:22,897] {logging_mixin.py:115} INFO - [2025-02-14 14:06:22,897] {dag.py:2968} INFO - Setting next_dagrun for example_external_task_marker_child to None, run_after=None
[2025-02-14 14:06:22,897] {logging_mixin.py:115} INFO - [2025-02-14 14:06:22,897] {dag.py:2968} INFO - Setting next_dagrun for example_external_task_marker_parent to None, run_after=None
[2025-02-14 14:06:22,919] {processor.py:161} INFO - Processing /opt/conda/lib/python3.8/site-packages/airflow/example_dags/example_external_task_marker_dag.py took 0.189 seconds
[2025-02-14 14:07:14,672] {processor.py:153} INFO - Started process (PID=2298) to work on /opt/conda/lib/python3.8/site-packages/airflow/example_dags/example_external_task_marker_dag.py
[2025-02-14 14:07:14,673] {processor.py:641} INFO - Processing file /opt/conda/lib/python3.8/site-packages/airflow/example_dags/example_external_task_marker_dag.py for tasks to queue
[2025-02-14 14:07:14,674] {logging_mixin.py:115} INFO - [2025-02-14 14:07:14,674] {dagbag.py:508} INFO - Filling up the DagBag from /opt/conda/lib/python3.8/site-packages/airflow/example_dags/example_external_task_marker_dag.py
[2025-02-14 14:07:14,678] {processor.py:651} INFO - DAG(s) dict_keys(['example_external_task_marker_parent', 'example_external_task_marker_child']) retrieved from /opt/conda/lib/python3.8/site-packages/airflow/example_dags/example_external_task_marker_dag.py
[2025-02-14 14:07:14,824] {logging_mixin.py:115} INFO - [2025-02-14 14:07:14,824] {dag.py:2420} INFO - Sync 2 DAGs
[2025-02-14 14:07:14,835] {logging_mixin.py:115} INFO - [2025-02-14 14:07:14,835] {dag.py:2968} INFO - Setting next_dagrun for example_external_task_marker_child to None, run_after=None
[2025-02-14 14:07:14,836] {logging_mixin.py:115} INFO - [2025-02-14 14:07:14,835] {dag.py:2968} INFO - Setting next_dagrun for example_external_task_marker_parent to None, run_after=None
[2025-02-14 14:07:14,855] {processor.py:161} INFO - Processing /opt/conda/lib/python3.8/site-packages/airflow/example_dags/example_external_task_marker_dag.py took 0.187 seconds
[2025-02-14 14:08:01,937] {processor.py:153} INFO - Started process (PID=2339) to work on /opt/conda/lib/python3.8/site-packages/airflow/example_dags/example_external_task_marker_dag.py
[2025-02-14 14:08:01,939] {processor.py:641} INFO - Processing file /opt/conda/lib/python3.8/site-packages/airflow/example_dags/example_external_task_marker_dag.py for tasks to queue
[2025-02-14 14:08:01,939] {logging_mixin.py:115} INFO - [2025-02-14 14:08:01,939] {dagbag.py:508} INFO - Filling up the DagBag from /opt/conda/lib/python3.8/site-packages/airflow/example_dags/example_external_task_marker_dag.py
[2025-02-14 14:08:01,943] {processor.py:651} INFO - DAG(s) dict_keys(['example_external_task_marker_parent', 'example_external_task_marker_child']) retrieved from /opt/conda/lib/python3.8/site-packages/airflow/example_dags/example_external_task_marker_dag.py
[2025-02-14 14:08:02,095] {logging_mixin.py:115} INFO - [2025-02-14 14:08:02,095] {dag.py:2420} INFO - Sync 2 DAGs
[2025-02-14 14:08:02,107] {logging_mixin.py:115} INFO - [2025-02-14 14:08:02,107] {dag.py:2968} INFO - Setting next_dagrun for example_external_task_marker_child to None, run_after=None
[2025-02-14 14:08:02,107] {logging_mixin.py:115} INFO - [2025-02-14 14:08:02,107] {dag.py:2968} INFO - Setting next_dagrun for example_external_task_marker_parent to None, run_after=None
[2025-02-14 14:08:02,126] {processor.py:161} INFO - Processing /opt/conda/lib/python3.8/site-packages/airflow/example_dags/example_external_task_marker_dag.py took 0.192 seconds
[2025-02-14 14:09:32,569] {processor.py:153} INFO - Started process (PID=2444) to work on /opt/conda/lib/python3.8/site-packages/airflow/example_dags/example_external_task_marker_dag.py
[2025-02-14 14:09:32,570] {processor.py:641} INFO - Processing file /opt/conda/lib/python3.8/site-packages/airflow/example_dags/example_external_task_marker_dag.py for tasks to queue
[2025-02-14 14:09:32,571] {logging_mixin.py:115} INFO - [2025-02-14 14:09:32,571] {dagbag.py:508} INFO - Filling up the DagBag from /opt/conda/lib/python3.8/site-packages/airflow/example_dags/example_external_task_marker_dag.py
[2025-02-14 14:09:32,575] {processor.py:651} INFO - DAG(s) dict_keys(['example_external_task_marker_parent', 'example_external_task_marker_child']) retrieved from /opt/conda/lib/python3.8/site-packages/airflow/example_dags/example_external_task_marker_dag.py
[2025-02-14 14:09:32,721] {logging_mixin.py:115} INFO - [2025-02-14 14:09:32,721] {dag.py:2420} INFO - Sync 2 DAGs
[2025-02-14 14:09:32,733] {logging_mixin.py:115} INFO - [2025-02-14 14:09:32,733] {dag.py:2968} INFO - Setting next_dagrun for example_external_task_marker_child to None, run_after=None
[2025-02-14 14:09:32,733] {logging_mixin.py:115} INFO - [2025-02-14 14:09:32,733] {dag.py:2968} INFO - Setting next_dagrun for example_external_task_marker_parent to None, run_after=None
[2025-02-14 14:09:32,757] {processor.py:161} INFO - Processing /opt/conda/lib/python3.8/site-packages/airflow/example_dags/example_external_task_marker_dag.py took 0.191 seconds
[2025-02-14 14:10:17,237] {processor.py:153} INFO - Started process (PID=2482) to work on /opt/conda/lib/python3.8/site-packages/airflow/example_dags/example_external_task_marker_dag.py
[2025-02-14 14:10:17,238] {processor.py:641} INFO - Processing file /opt/conda/lib/python3.8/site-packages/airflow/example_dags/example_external_task_marker_dag.py for tasks to queue
[2025-02-14 14:10:17,239] {logging_mixin.py:115} INFO - [2025-02-14 14:10:17,239] {dagbag.py:508} INFO - Filling up the DagBag from /opt/conda/lib/python3.8/site-packages/airflow/example_dags/example_external_task_marker_dag.py
[2025-02-14 14:10:17,243] {processor.py:651} INFO - DAG(s) dict_keys(['example_external_task_marker_parent', 'example_external_task_marker_child']) retrieved from /opt/conda/lib/python3.8/site-packages/airflow/example_dags/example_external_task_marker_dag.py
[2025-02-14 14:10:17,402] {logging_mixin.py:115} INFO - [2025-02-14 14:10:17,402] {dag.py:2420} INFO - Sync 2 DAGs
[2025-02-14 14:10:17,414] {logging_mixin.py:115} INFO - [2025-02-14 14:10:17,414] {dag.py:2968} INFO - Setting next_dagrun for example_external_task_marker_child to None, run_after=None
[2025-02-14 14:10:17,414] {logging_mixin.py:115} INFO - [2025-02-14 14:10:17,414] {dag.py:2968} INFO - Setting next_dagrun for example_external_task_marker_parent to None, run_after=None
[2025-02-14 14:10:17,433] {processor.py:161} INFO - Processing /opt/conda/lib/python3.8/site-packages/airflow/example_dags/example_external_task_marker_dag.py took 0.199 seconds
[2025-02-14 14:11:05,114] {processor.py:153} INFO - Started process (PID=2524) to work on /opt/conda/lib/python3.8/site-packages/airflow/example_dags/example_external_task_marker_dag.py
[2025-02-14 14:11:05,115] {processor.py:641} INFO - Processing file /opt/conda/lib/python3.8/site-packages/airflow/example_dags/example_external_task_marker_dag.py for tasks to queue
[2025-02-14 14:11:05,115] {logging_mixin.py:115} INFO - [2025-02-14 14:11:05,115] {dagbag.py:508} INFO - Filling up the DagBag from /opt/conda/lib/python3.8/site-packages/airflow/example_dags/example_external_task_marker_dag.py
[2025-02-14 14:11:05,120] {processor.py:651} INFO - DAG(s) dict_keys(['example_external_task_marker_parent', 'example_external_task_marker_child']) retrieved from /opt/conda/lib/python3.8/site-packages/airflow/example_dags/example_external_task_marker_dag.py
[2025-02-14 14:11:05,273] {logging_mixin.py:115} INFO - [2025-02-14 14:11:05,273] {dag.py:2420} INFO - Sync 2 DAGs
[2025-02-14 14:11:05,285] {logging_mixin.py:115} INFO - [2025-02-14 14:11:05,285] {dag.py:2968} INFO - Setting next_dagrun for example_external_task_marker_child to None, run_after=None
[2025-02-14 14:11:05,285] {logging_mixin.py:115} INFO - [2025-02-14 14:11:05,285] {dag.py:2968} INFO - Setting next_dagrun for example_external_task_marker_parent to None, run_after=None
[2025-02-14 14:11:05,303] {processor.py:161} INFO - Processing /opt/conda/lib/python3.8/site-packages/airflow/example_dags/example_external_task_marker_dag.py took 0.192 seconds
[2025-02-14 14:11:51,033] {processor.py:153} INFO - Started process (PID=2580) to work on /opt/conda/lib/python3.8/site-packages/airflow/example_dags/example_external_task_marker_dag.py
[2025-02-14 14:11:51,035] {processor.py:641} INFO - Processing file /opt/conda/lib/python3.8/site-packages/airflow/example_dags/example_external_task_marker_dag.py for tasks to queue
[2025-02-14 14:11:51,035] {logging_mixin.py:115} INFO - [2025-02-14 14:11:51,035] {dagbag.py:508} INFO - Filling up the DagBag from /opt/conda/lib/python3.8/site-packages/airflow/example_dags/example_external_task_marker_dag.py
[2025-02-14 14:11:51,039] {processor.py:651} INFO - DAG(s) dict_keys(['example_external_task_marker_parent', 'example_external_task_marker_child']) retrieved from /opt/conda/lib/python3.8/site-packages/airflow/example_dags/example_external_task_marker_dag.py
[2025-02-14 14:11:51,193] {logging_mixin.py:115} INFO - [2025-02-14 14:11:51,193] {dag.py:2420} INFO - Sync 2 DAGs
[2025-02-14 14:11:51,204] {logging_mixin.py:115} INFO - [2025-02-14 14:11:51,204] {dag.py:2968} INFO - Setting next_dagrun for example_external_task_marker_child to None, run_after=None
[2025-02-14 14:11:51,204] {logging_mixin.py:115} INFO - [2025-02-14 14:11:51,204] {dag.py:2968} INFO - Setting next_dagrun for example_external_task_marker_parent to None, run_after=None
[2025-02-14 14:11:51,224] {processor.py:161} INFO - Processing /opt/conda/lib/python3.8/site-packages/airflow/example_dags/example_external_task_marker_dag.py took 0.194 seconds
[2025-02-14 14:12:34,628] {processor.py:153} INFO - Started process (PID=2634) to work on /opt/conda/lib/python3.8/site-packages/airflow/example_dags/example_external_task_marker_dag.py
[2025-02-14 14:12:34,630] {processor.py:641} INFO - Processing file /opt/conda/lib/python3.8/site-packages/airflow/example_dags/example_external_task_marker_dag.py for tasks to queue
[2025-02-14 14:12:34,630] {logging_mixin.py:115} INFO - [2025-02-14 14:12:34,630] {dagbag.py:508} INFO - Filling up the DagBag from /opt/conda/lib/python3.8/site-packages/airflow/example_dags/example_external_task_marker_dag.py
[2025-02-14 14:12:34,635] {processor.py:651} INFO - DAG(s) dict_keys(['example_external_task_marker_parent', 'example_external_task_marker_child']) retrieved from /opt/conda/lib/python3.8/site-packages/airflow/example_dags/example_external_task_marker_dag.py
[2025-02-14 14:12:34,784] {logging_mixin.py:115} INFO - [2025-02-14 14:12:34,784] {dag.py:2420} INFO - Sync 2 DAGs
[2025-02-14 14:12:34,796] {logging_mixin.py:115} INFO - [2025-02-14 14:12:34,796] {dag.py:2968} INFO - Setting next_dagrun for example_external_task_marker_child to None, run_after=None
[2025-02-14 14:12:34,796] {logging_mixin.py:115} INFO - [2025-02-14 14:12:34,796] {dag.py:2968} INFO - Setting next_dagrun for example_external_task_marker_parent to None, run_after=None
[2025-02-14 14:12:34,814] {processor.py:161} INFO - Processing /opt/conda/lib/python3.8/site-packages/airflow/example_dags/example_external_task_marker_dag.py took 0.189 seconds
[2025-02-14 14:13:28,021] {processor.py:153} INFO - Started process (PID=2714) to work on /opt/conda/lib/python3.8/site-packages/airflow/example_dags/example_external_task_marker_dag.py
[2025-02-14 14:13:28,022] {processor.py:641} INFO - Processing file /opt/conda/lib/python3.8/site-packages/airflow/example_dags/example_external_task_marker_dag.py for tasks to queue
[2025-02-14 14:13:28,023] {logging_mixin.py:115} INFO - [2025-02-14 14:13:28,022] {dagbag.py:508} INFO - Filling up the DagBag from /opt/conda/lib/python3.8/site-packages/airflow/example_dags/example_external_task_marker_dag.py
[2025-02-14 14:13:28,027] {processor.py:651} INFO - DAG(s) dict_keys(['example_external_task_marker_parent', 'example_external_task_marker_child']) retrieved from /opt/conda/lib/python3.8/site-packages/airflow/example_dags/example_external_task_marker_dag.py
[2025-02-14 14:13:28,173] {logging_mixin.py:115} INFO - [2025-02-14 14:13:28,173] {dag.py:2420} INFO - Sync 2 DAGs
[2025-02-14 14:13:28,185] {logging_mixin.py:115} INFO - [2025-02-14 14:13:28,185] {dag.py:2968} INFO - Setting next_dagrun for example_external_task_marker_child to None, run_after=None
[2025-02-14 14:13:28,185] {logging_mixin.py:115} INFO - [2025-02-14 14:13:28,185] {dag.py:2968} INFO - Setting next_dagrun for example_external_task_marker_parent to None, run_after=None
[2025-02-14 14:13:28,204] {processor.py:161} INFO - Processing /opt/conda/lib/python3.8/site-packages/airflow/example_dags/example_external_task_marker_dag.py took 0.186 seconds
[2025-02-14 14:14:18,293] {processor.py:153} INFO - Started process (PID=2774) to work on /opt/conda/lib/python3.8/site-packages/airflow/example_dags/example_external_task_marker_dag.py
[2025-02-14 14:14:18,295] {processor.py:641} INFO - Processing file /opt/conda/lib/python3.8/site-packages/airflow/example_dags/example_external_task_marker_dag.py for tasks to queue
[2025-02-14 14:14:18,295] {logging_mixin.py:115} INFO - [2025-02-14 14:14:18,295] {dagbag.py:508} INFO - Filling up the DagBag from /opt/conda/lib/python3.8/site-packages/airflow/example_dags/example_external_task_marker_dag.py
[2025-02-14 14:14:18,300] {processor.py:651} INFO - DAG(s) dict_keys(['example_external_task_marker_parent', 'example_external_task_marker_child']) retrieved from /opt/conda/lib/python3.8/site-packages/airflow/example_dags/example_external_task_marker_dag.py
[2025-02-14 14:14:18,336] {logging_mixin.py:115} INFO - [2025-02-14 14:14:18,336] {dag.py:2420} INFO - Sync 2 DAGs
[2025-02-14 14:14:18,354] {logging_mixin.py:115} INFO - [2025-02-14 14:14:18,354] {dag.py:2968} INFO - Setting next_dagrun for example_external_task_marker_child to None, run_after=None
[2025-02-14 14:14:18,354] {logging_mixin.py:115} INFO - [2025-02-14 14:14:18,354] {dag.py:2968} INFO - Setting next_dagrun for example_external_task_marker_parent to None, run_after=None
[2025-02-14 14:14:18,376] {processor.py:161} INFO - Processing /opt/conda/lib/python3.8/site-packages/airflow/example_dags/example_external_task_marker_dag.py took 0.086 seconds
[2025-02-14 14:15:00,241] {processor.py:153} INFO - Started process (PID=2830) to work on /opt/conda/lib/python3.8/site-packages/airflow/example_dags/example_external_task_marker_dag.py
[2025-02-14 14:15:00,243] {processor.py:641} INFO - Processing file /opt/conda/lib/python3.8/site-packages/airflow/example_dags/example_external_task_marker_dag.py for tasks to queue
[2025-02-14 14:15:00,243] {logging_mixin.py:115} INFO - [2025-02-14 14:15:00,243] {dagbag.py:508} INFO - Filling up the DagBag from /opt/conda/lib/python3.8/site-packages/airflow/example_dags/example_external_task_marker_dag.py
[2025-02-14 14:15:00,248] {processor.py:651} INFO - DAG(s) dict_keys(['example_external_task_marker_parent', 'example_external_task_marker_child']) retrieved from /opt/conda/lib/python3.8/site-packages/airflow/example_dags/example_external_task_marker_dag.py
[2025-02-14 14:15:00,284] {logging_mixin.py:115} INFO - [2025-02-14 14:15:00,284] {dag.py:2420} INFO - Sync 2 DAGs
[2025-02-14 14:15:00,302] {logging_mixin.py:115} INFO - [2025-02-14 14:15:00,302] {dag.py:2968} INFO - Setting next_dagrun for example_external_task_marker_child to None, run_after=None
[2025-02-14 14:15:00,302] {logging_mixin.py:115} INFO - [2025-02-14 14:15:00,302] {dag.py:2968} INFO - Setting next_dagrun for example_external_task_marker_parent to None, run_after=None
[2025-02-14 14:15:00,327] {processor.py:161} INFO - Processing /opt/conda/lib/python3.8/site-packages/airflow/example_dags/example_external_task_marker_dag.py took 0.089 seconds
[2025-02-14 14:15:41,029] {processor.py:153} INFO - Started process (PID=2893) to work on /opt/conda/lib/python3.8/site-packages/airflow/example_dags/example_external_task_marker_dag.py
[2025-02-14 14:15:41,045] {processor.py:641} INFO - Processing file /opt/conda/lib/python3.8/site-packages/airflow/example_dags/example_external_task_marker_dag.py for tasks to queue
[2025-02-14 14:15:41,045] {logging_mixin.py:115} INFO - [2025-02-14 14:15:41,045] {dagbag.py:508} INFO - Filling up the DagBag from /opt/conda/lib/python3.8/site-packages/airflow/example_dags/example_external_task_marker_dag.py
[2025-02-14 14:15:41,049] {processor.py:651} INFO - DAG(s) dict_keys(['example_external_task_marker_parent', 'example_external_task_marker_child']) retrieved from /opt/conda/lib/python3.8/site-packages/airflow/example_dags/example_external_task_marker_dag.py
[2025-02-14 14:15:41,083] {logging_mixin.py:115} INFO - [2025-02-14 14:15:41,083] {dag.py:2420} INFO - Sync 2 DAGs
[2025-02-14 14:15:41,097] {logging_mixin.py:115} INFO - [2025-02-14 14:15:41,097] {dag.py:2968} INFO - Setting next_dagrun for example_external_task_marker_child to None, run_after=None
[2025-02-14 14:15:41,097] {logging_mixin.py:115} INFO - [2025-02-14 14:15:41,097] {dag.py:2968} INFO - Setting next_dagrun for example_external_task_marker_parent to None, run_after=None
[2025-02-14 14:15:41,116] {processor.py:161} INFO - Processing /opt/conda/lib/python3.8/site-packages/airflow/example_dags/example_external_task_marker_dag.py took 0.090 seconds
[2025-02-14 14:17:00,248] {processor.py:153} INFO - Started process (PID=3021) to work on /opt/conda/lib/python3.8/site-packages/airflow/example_dags/example_external_task_marker_dag.py
[2025-02-14 14:17:00,250] {processor.py:641} INFO - Processing file /opt/conda/lib/python3.8/site-packages/airflow/example_dags/example_external_task_marker_dag.py for tasks to queue
[2025-02-14 14:17:00,251] {logging_mixin.py:115} INFO - [2025-02-14 14:17:00,251] {dagbag.py:508} INFO - Filling up the DagBag from /opt/conda/lib/python3.8/site-packages/airflow/example_dags/example_external_task_marker_dag.py
[2025-02-14 14:17:00,255] {processor.py:651} INFO - DAG(s) dict_keys(['example_external_task_marker_parent', 'example_external_task_marker_child']) retrieved from /opt/conda/lib/python3.8/site-packages/airflow/example_dags/example_external_task_marker_dag.py
[2025-02-14 14:17:00,419] {logging_mixin.py:115} INFO - [2025-02-14 14:17:00,419] {dag.py:2420} INFO - Sync 2 DAGs
[2025-02-14 14:17:00,432] {logging_mixin.py:115} INFO - [2025-02-14 14:17:00,432] {dag.py:2968} INFO - Setting next_dagrun for example_external_task_marker_child to None, run_after=None
[2025-02-14 14:17:00,432] {logging_mixin.py:115} INFO - [2025-02-14 14:17:00,432] {dag.py:2968} INFO - Setting next_dagrun for example_external_task_marker_parent to None, run_after=None
[2025-02-14 14:17:00,549] {processor.py:161} INFO - Processing /opt/conda/lib/python3.8/site-packages/airflow/example_dags/example_external_task_marker_dag.py took 0.304 seconds
[2025-02-14 14:17:49,742] {processor.py:153} INFO - Started process (PID=3093) to work on /opt/conda/lib/python3.8/site-packages/airflow/example_dags/example_external_task_marker_dag.py
[2025-02-14 14:17:49,743] {processor.py:641} INFO - Processing file /opt/conda/lib/python3.8/site-packages/airflow/example_dags/example_external_task_marker_dag.py for tasks to queue
[2025-02-14 14:17:49,744] {logging_mixin.py:115} INFO - [2025-02-14 14:17:49,744] {dagbag.py:508} INFO - Filling up the DagBag from /opt/conda/lib/python3.8/site-packages/airflow/example_dags/example_external_task_marker_dag.py
[2025-02-14 14:17:49,748] {processor.py:651} INFO - DAG(s) dict_keys(['example_external_task_marker_parent', 'example_external_task_marker_child']) retrieved from /opt/conda/lib/python3.8/site-packages/airflow/example_dags/example_external_task_marker_dag.py
[2025-02-14 14:17:49,905] {logging_mixin.py:115} INFO - [2025-02-14 14:17:49,905] {dag.py:2420} INFO - Sync 2 DAGs
[2025-02-14 14:17:49,917] {logging_mixin.py:115} INFO - [2025-02-14 14:17:49,917] {dag.py:2968} INFO - Setting next_dagrun for example_external_task_marker_child to None, run_after=None
[2025-02-14 14:17:49,917] {logging_mixin.py:115} INFO - [2025-02-14 14:17:49,917] {dag.py:2968} INFO - Setting next_dagrun for example_external_task_marker_parent to None, run_after=None
[2025-02-14 14:17:49,935] {processor.py:161} INFO - Processing /opt/conda/lib/python3.8/site-packages/airflow/example_dags/example_external_task_marker_dag.py took 0.196 seconds
[2025-02-14 14:21:04,222] {processor.py:153} INFO - Started process (PID=3304) to work on /opt/conda/lib/python3.8/site-packages/airflow/example_dags/example_external_task_marker_dag.py
[2025-02-14 14:21:04,223] {processor.py:641} INFO - Processing file /opt/conda/lib/python3.8/site-packages/airflow/example_dags/example_external_task_marker_dag.py for tasks to queue
[2025-02-14 14:21:04,223] {logging_mixin.py:115} INFO - [2025-02-14 14:21:04,223] {dagbag.py:508} INFO - Filling up the DagBag from /opt/conda/lib/python3.8/site-packages/airflow/example_dags/example_external_task_marker_dag.py
[2025-02-14 14:21:04,228] {processor.py:651} INFO - DAG(s) dict_keys(['example_external_task_marker_parent', 'example_external_task_marker_child']) retrieved from /opt/conda/lib/python3.8/site-packages/airflow/example_dags/example_external_task_marker_dag.py
[2025-02-14 14:21:04,392] {logging_mixin.py:115} INFO - [2025-02-14 14:21:04,392] {dag.py:2420} INFO - Sync 2 DAGs
[2025-02-14 14:21:04,404] {logging_mixin.py:115} INFO - [2025-02-14 14:21:04,404] {dag.py:2968} INFO - Setting next_dagrun for example_external_task_marker_child to None, run_after=None
[2025-02-14 14:21:04,404] {logging_mixin.py:115} INFO - [2025-02-14 14:21:04,404] {dag.py:2968} INFO - Setting next_dagrun for example_external_task_marker_parent to None, run_after=None
[2025-02-14 14:21:04,423] {processor.py:161} INFO - Processing /opt/conda/lib/python3.8/site-packages/airflow/example_dags/example_external_task_marker_dag.py took 0.205 seconds
[2025-02-14 14:21:53,041] {processor.py:153} INFO - Started process (PID=3369) to work on /opt/conda/lib/python3.8/site-packages/airflow/example_dags/example_external_task_marker_dag.py
[2025-02-14 14:21:53,042] {processor.py:641} INFO - Processing file /opt/conda/lib/python3.8/site-packages/airflow/example_dags/example_external_task_marker_dag.py for tasks to queue
[2025-02-14 14:21:53,043] {logging_mixin.py:115} INFO - [2025-02-14 14:21:53,043] {dagbag.py:508} INFO - Filling up the DagBag from /opt/conda/lib/python3.8/site-packages/airflow/example_dags/example_external_task_marker_dag.py
[2025-02-14 14:21:53,047] {processor.py:651} INFO - DAG(s) dict_keys(['example_external_task_marker_parent', 'example_external_task_marker_child']) retrieved from /opt/conda/lib/python3.8/site-packages/airflow/example_dags/example_external_task_marker_dag.py
[2025-02-14 14:21:53,207] {logging_mixin.py:115} INFO - [2025-02-14 14:21:53,207] {dag.py:2420} INFO - Sync 2 DAGs
[2025-02-14 14:21:53,219] {logging_mixin.py:115} INFO - [2025-02-14 14:21:53,219] {dag.py:2968} INFO - Setting next_dagrun for example_external_task_marker_child to None, run_after=None
[2025-02-14 14:21:53,219] {logging_mixin.py:115} INFO - [2025-02-14 14:21:53,219] {dag.py:2968} INFO - Setting next_dagrun for example_external_task_marker_parent to None, run_after=None
[2025-02-14 14:21:53,239] {processor.py:161} INFO - Processing /opt/conda/lib/python3.8/site-packages/airflow/example_dags/example_external_task_marker_dag.py took 0.202 seconds
[2025-02-14 14:22:39,225] {processor.py:153} INFO - Started process (PID=3433) to work on /opt/conda/lib/python3.8/site-packages/airflow/example_dags/example_external_task_marker_dag.py
[2025-02-14 14:22:39,227] {processor.py:641} INFO - Processing file /opt/conda/lib/python3.8/site-packages/airflow/example_dags/example_external_task_marker_dag.py for tasks to queue
[2025-02-14 14:22:39,227] {logging_mixin.py:115} INFO - [2025-02-14 14:22:39,227] {dagbag.py:508} INFO - Filling up the DagBag from /opt/conda/lib/python3.8/site-packages/airflow/example_dags/example_external_task_marker_dag.py
[2025-02-14 14:22:39,231] {processor.py:651} INFO - DAG(s) dict_keys(['example_external_task_marker_parent', 'example_external_task_marker_child']) retrieved from /opt/conda/lib/python3.8/site-packages/airflow/example_dags/example_external_task_marker_dag.py
[2025-02-14 14:22:39,397] {logging_mixin.py:115} INFO - [2025-02-14 14:22:39,396] {dag.py:2420} INFO - Sync 2 DAGs
[2025-02-14 14:22:39,409] {logging_mixin.py:115} INFO - [2025-02-14 14:22:39,409] {dag.py:2968} INFO - Setting next_dagrun for example_external_task_marker_child to None, run_after=None
[2025-02-14 14:22:39,409] {logging_mixin.py:115} INFO - [2025-02-14 14:22:39,409] {dag.py:2968} INFO - Setting next_dagrun for example_external_task_marker_parent to None, run_after=None
[2025-02-14 14:22:39,430] {processor.py:161} INFO - Processing /opt/conda/lib/python3.8/site-packages/airflow/example_dags/example_external_task_marker_dag.py took 0.208 seconds
[2025-02-14 14:23:51,537] {processor.py:153} INFO - Started process (PID=3561) to work on /opt/conda/lib/python3.8/site-packages/airflow/example_dags/example_external_task_marker_dag.py
[2025-02-14 14:23:51,538] {processor.py:641} INFO - Processing file /opt/conda/lib/python3.8/site-packages/airflow/example_dags/example_external_task_marker_dag.py for tasks to queue
[2025-02-14 14:23:51,538] {logging_mixin.py:115} INFO - [2025-02-14 14:23:51,538] {dagbag.py:508} INFO - Filling up the DagBag from /opt/conda/lib/python3.8/site-packages/airflow/example_dags/example_external_task_marker_dag.py
[2025-02-14 14:23:51,543] {processor.py:651} INFO - DAG(s) dict_keys(['example_external_task_marker_parent', 'example_external_task_marker_child']) retrieved from /opt/conda/lib/python3.8/site-packages/airflow/example_dags/example_external_task_marker_dag.py
[2025-02-14 14:23:51,712] {logging_mixin.py:115} INFO - [2025-02-14 14:23:51,712] {dag.py:2420} INFO - Sync 2 DAGs
[2025-02-14 14:23:51,728] {logging_mixin.py:115} INFO - [2025-02-14 14:23:51,728] {dag.py:2968} INFO - Setting next_dagrun for example_external_task_marker_child to None, run_after=None
[2025-02-14 14:23:51,728] {logging_mixin.py:115} INFO - [2025-02-14 14:23:51,728] {dag.py:2968} INFO - Setting next_dagrun for example_external_task_marker_parent to None, run_after=None
[2025-02-14 14:23:51,748] {processor.py:161} INFO - Processing /opt/conda/lib/python3.8/site-packages/airflow/example_dags/example_external_task_marker_dag.py took 0.215 seconds
[2025-02-14 14:24:35,189] {processor.py:153} INFO - Started process (PID=3615) to work on /opt/conda/lib/python3.8/site-packages/airflow/example_dags/example_external_task_marker_dag.py
[2025-02-14 14:24:35,280] {processor.py:641} INFO - Processing file /opt/conda/lib/python3.8/site-packages/airflow/example_dags/example_external_task_marker_dag.py for tasks to queue
[2025-02-14 14:24:35,281] {logging_mixin.py:115} INFO - [2025-02-14 14:24:35,281] {dagbag.py:508} INFO - Filling up the DagBag from /opt/conda/lib/python3.8/site-packages/airflow/example_dags/example_external_task_marker_dag.py
[2025-02-14 14:24:35,285] {processor.py:651} INFO - DAG(s) dict_keys(['example_external_task_marker_parent', 'example_external_task_marker_child']) retrieved from /opt/conda/lib/python3.8/site-packages/airflow/example_dags/example_external_task_marker_dag.py
[2025-02-14 14:24:35,436] {logging_mixin.py:115} INFO - [2025-02-14 14:24:35,436] {dag.py:2420} INFO - Sync 2 DAGs
[2025-02-14 14:24:35,448] {logging_mixin.py:115} INFO - [2025-02-14 14:24:35,448] {dag.py:2968} INFO - Setting next_dagrun for example_external_task_marker_child to None, run_after=None
[2025-02-14 14:24:35,448] {logging_mixin.py:115} INFO - [2025-02-14 14:24:35,448] {dag.py:2968} INFO - Setting next_dagrun for example_external_task_marker_parent to None, run_after=None
[2025-02-14 14:24:35,467] {processor.py:161} INFO - Processing /opt/conda/lib/python3.8/site-packages/airflow/example_dags/example_external_task_marker_dag.py took 0.281 seconds
[2025-02-14 14:25:21,599] {processor.py:153} INFO - Started process (PID=3669) to work on /opt/conda/lib/python3.8/site-packages/airflow/example_dags/example_external_task_marker_dag.py
[2025-02-14 14:25:21,600] {processor.py:641} INFO - Processing file /opt/conda/lib/python3.8/site-packages/airflow/example_dags/example_external_task_marker_dag.py for tasks to queue
[2025-02-14 14:25:21,601] {logging_mixin.py:115} INFO - [2025-02-14 14:25:21,601] {dagbag.py:508} INFO - Filling up the DagBag from /opt/conda/lib/python3.8/site-packages/airflow/example_dags/example_external_task_marker_dag.py
[2025-02-14 14:25:21,605] {processor.py:651} INFO - DAG(s) dict_keys(['example_external_task_marker_parent', 'example_external_task_marker_child']) retrieved from /opt/conda/lib/python3.8/site-packages/airflow/example_dags/example_external_task_marker_dag.py
[2025-02-14 14:25:21,747] {logging_mixin.py:115} INFO - [2025-02-14 14:25:21,747] {dag.py:2420} INFO - Sync 2 DAGs
[2025-02-14 14:25:21,759] {logging_mixin.py:115} INFO - [2025-02-14 14:25:21,759] {dag.py:2968} INFO - Setting next_dagrun for example_external_task_marker_child to None, run_after=None
[2025-02-14 14:25:21,759] {logging_mixin.py:115} INFO - [2025-02-14 14:25:21,759] {dag.py:2968} INFO - Setting next_dagrun for example_external_task_marker_parent to None, run_after=None
[2025-02-14 14:25:21,777] {processor.py:161} INFO - Processing /opt/conda/lib/python3.8/site-packages/airflow/example_dags/example_external_task_marker_dag.py took 0.181 seconds
[2025-02-14 14:26:05,376] {processor.py:153} INFO - Started process (PID=3723) to work on /opt/conda/lib/python3.8/site-packages/airflow/example_dags/example_external_task_marker_dag.py
[2025-02-14 14:26:05,377] {processor.py:641} INFO - Processing file /opt/conda/lib/python3.8/site-packages/airflow/example_dags/example_external_task_marker_dag.py for tasks to queue
[2025-02-14 14:26:05,378] {logging_mixin.py:115} INFO - [2025-02-14 14:26:05,377] {dagbag.py:508} INFO - Filling up the DagBag from /opt/conda/lib/python3.8/site-packages/airflow/example_dags/example_external_task_marker_dag.py
[2025-02-14 14:26:05,382] {processor.py:651} INFO - DAG(s) dict_keys(['example_external_task_marker_parent', 'example_external_task_marker_child']) retrieved from /opt/conda/lib/python3.8/site-packages/airflow/example_dags/example_external_task_marker_dag.py
[2025-02-14 14:26:05,534] {logging_mixin.py:115} INFO - [2025-02-14 14:26:05,534] {dag.py:2420} INFO - Sync 2 DAGs
[2025-02-14 14:26:05,545] {logging_mixin.py:115} INFO - [2025-02-14 14:26:05,545] {dag.py:2968} INFO - Setting next_dagrun for example_external_task_marker_child to None, run_after=None
[2025-02-14 14:26:05,546] {logging_mixin.py:115} INFO - [2025-02-14 14:26:05,546] {dag.py:2968} INFO - Setting next_dagrun for example_external_task_marker_parent to None, run_after=None
[2025-02-14 14:26:05,566] {processor.py:161} INFO - Processing /opt/conda/lib/python3.8/site-packages/airflow/example_dags/example_external_task_marker_dag.py took 0.194 seconds
[2025-02-14 14:26:48,738] {processor.py:153} INFO - Started process (PID=3777) to work on /opt/conda/lib/python3.8/site-packages/airflow/example_dags/example_external_task_marker_dag.py
[2025-02-14 14:26:48,739] {processor.py:641} INFO - Processing file /opt/conda/lib/python3.8/site-packages/airflow/example_dags/example_external_task_marker_dag.py for tasks to queue
[2025-02-14 14:26:48,740] {logging_mixin.py:115} INFO - [2025-02-14 14:26:48,739] {dagbag.py:508} INFO - Filling up the DagBag from /opt/conda/lib/python3.8/site-packages/airflow/example_dags/example_external_task_marker_dag.py
[2025-02-14 14:26:48,744] {processor.py:651} INFO - DAG(s) dict_keys(['example_external_task_marker_parent', 'example_external_task_marker_child']) retrieved from /opt/conda/lib/python3.8/site-packages/airflow/example_dags/example_external_task_marker_dag.py
[2025-02-14 14:26:48,898] {logging_mixin.py:115} INFO - [2025-02-14 14:26:48,898] {dag.py:2420} INFO - Sync 2 DAGs
[2025-02-14 14:26:48,910] {logging_mixin.py:115} INFO - [2025-02-14 14:26:48,910] {dag.py:2968} INFO - Setting next_dagrun for example_external_task_marker_child to None, run_after=None
[2025-02-14 14:26:48,910] {logging_mixin.py:115} INFO - [2025-02-14 14:26:48,910] {dag.py:2968} INFO - Setting next_dagrun for example_external_task_marker_parent to None, run_after=None
[2025-02-14 14:26:48,935] {processor.py:161} INFO - Processing /opt/conda/lib/python3.8/site-packages/airflow/example_dags/example_external_task_marker_dag.py took 0.200 seconds
[2025-02-14 14:27:31,962] {processor.py:153} INFO - Started process (PID=3830) to work on /opt/conda/lib/python3.8/site-packages/airflow/example_dags/example_external_task_marker_dag.py
[2025-02-14 14:27:32,078] {processor.py:641} INFO - Processing file /opt/conda/lib/python3.8/site-packages/airflow/example_dags/example_external_task_marker_dag.py for tasks to queue
[2025-02-14 14:27:32,078] {logging_mixin.py:115} INFO - [2025-02-14 14:27:32,078] {dagbag.py:508} INFO - Filling up the DagBag from /opt/conda/lib/python3.8/site-packages/airflow/example_dags/example_external_task_marker_dag.py
[2025-02-14 14:27:32,083] {processor.py:651} INFO - DAG(s) dict_keys(['example_external_task_marker_parent', 'example_external_task_marker_child']) retrieved from /opt/conda/lib/python3.8/site-packages/airflow/example_dags/example_external_task_marker_dag.py
[2025-02-14 14:27:32,233] {logging_mixin.py:115} INFO - [2025-02-14 14:27:32,233] {dag.py:2420} INFO - Sync 2 DAGs
[2025-02-14 14:27:32,245] {logging_mixin.py:115} INFO - [2025-02-14 14:27:32,244] {dag.py:2968} INFO - Setting next_dagrun for example_external_task_marker_child to None, run_after=None
[2025-02-14 14:27:32,245] {logging_mixin.py:115} INFO - [2025-02-14 14:27:32,245] {dag.py:2968} INFO - Setting next_dagrun for example_external_task_marker_parent to None, run_after=None
[2025-02-14 14:27:32,269] {processor.py:161} INFO - Processing /opt/conda/lib/python3.8/site-packages/airflow/example_dags/example_external_task_marker_dag.py took 0.310 seconds
[2025-02-14 14:28:20,326] {processor.py:153} INFO - Started process (PID=3902) to work on /opt/conda/lib/python3.8/site-packages/airflow/example_dags/example_external_task_marker_dag.py
[2025-02-14 14:28:20,427] {processor.py:641} INFO - Processing file /opt/conda/lib/python3.8/site-packages/airflow/example_dags/example_external_task_marker_dag.py for tasks to queue
[2025-02-14 14:28:20,428] {logging_mixin.py:115} INFO - [2025-02-14 14:28:20,428] {dagbag.py:508} INFO - Filling up the DagBag from /opt/conda/lib/python3.8/site-packages/airflow/example_dags/example_external_task_marker_dag.py
[2025-02-14 14:28:20,432] {processor.py:651} INFO - DAG(s) dict_keys(['example_external_task_marker_parent', 'example_external_task_marker_child']) retrieved from /opt/conda/lib/python3.8/site-packages/airflow/example_dags/example_external_task_marker_dag.py
[2025-02-14 14:28:20,467] {logging_mixin.py:115} INFO - [2025-02-14 14:28:20,467] {dag.py:2420} INFO - Sync 2 DAGs
[2025-02-14 14:28:20,484] {logging_mixin.py:115} INFO - [2025-02-14 14:28:20,484] {dag.py:2968} INFO - Setting next_dagrun for example_external_task_marker_child to None, run_after=None
[2025-02-14 14:28:20,484] {logging_mixin.py:115} INFO - [2025-02-14 14:28:20,484] {dag.py:2968} INFO - Setting next_dagrun for example_external_task_marker_parent to None, run_after=None
[2025-02-14 14:28:20,504] {processor.py:161} INFO - Processing /opt/conda/lib/python3.8/site-packages/airflow/example_dags/example_external_task_marker_dag.py took 0.182 seconds
[2025-02-14 14:29:02,728] {processor.py:153} INFO - Started process (PID=3956) to work on /opt/conda/lib/python3.8/site-packages/airflow/example_dags/example_external_task_marker_dag.py
[2025-02-14 14:29:02,729] {processor.py:641} INFO - Processing file /opt/conda/lib/python3.8/site-packages/airflow/example_dags/example_external_task_marker_dag.py for tasks to queue
[2025-02-14 14:29:02,730] {logging_mixin.py:115} INFO - [2025-02-14 14:29:02,730] {dagbag.py:508} INFO - Filling up the DagBag from /opt/conda/lib/python3.8/site-packages/airflow/example_dags/example_external_task_marker_dag.py
[2025-02-14 14:29:02,734] {processor.py:651} INFO - DAG(s) dict_keys(['example_external_task_marker_parent', 'example_external_task_marker_child']) retrieved from /opt/conda/lib/python3.8/site-packages/airflow/example_dags/example_external_task_marker_dag.py
[2025-02-14 14:29:02,771] {logging_mixin.py:115} INFO - [2025-02-14 14:29:02,771] {dag.py:2420} INFO - Sync 2 DAGs
[2025-02-14 14:29:02,788] {logging_mixin.py:115} INFO - [2025-02-14 14:29:02,788] {dag.py:2968} INFO - Setting next_dagrun for example_external_task_marker_child to None, run_after=None
[2025-02-14 14:29:02,788] {logging_mixin.py:115} INFO - [2025-02-14 14:29:02,788] {dag.py:2968} INFO - Setting next_dagrun for example_external_task_marker_parent to None, run_after=None
[2025-02-14 14:29:02,810] {processor.py:161} INFO - Processing /opt/conda/lib/python3.8/site-packages/airflow/example_dags/example_external_task_marker_dag.py took 0.086 seconds
[2025-02-14 14:29:44,176] {processor.py:153} INFO - Started process (PID=4012) to work on /opt/conda/lib/python3.8/site-packages/airflow/example_dags/example_external_task_marker_dag.py
[2025-02-14 14:29:44,180] {processor.py:641} INFO - Processing file /opt/conda/lib/python3.8/site-packages/airflow/example_dags/example_external_task_marker_dag.py for tasks to queue
[2025-02-14 14:29:44,180] {logging_mixin.py:115} INFO - [2025-02-14 14:29:44,180] {dagbag.py:508} INFO - Filling up the DagBag from /opt/conda/lib/python3.8/site-packages/airflow/example_dags/example_external_task_marker_dag.py
[2025-02-14 14:29:44,184] {processor.py:651} INFO - DAG(s) dict_keys(['example_external_task_marker_parent', 'example_external_task_marker_child']) retrieved from /opt/conda/lib/python3.8/site-packages/airflow/example_dags/example_external_task_marker_dag.py
[2025-02-14 14:29:44,221] {logging_mixin.py:115} INFO - [2025-02-14 14:29:44,221] {dag.py:2420} INFO - Sync 2 DAGs
[2025-02-14 14:29:44,235] {logging_mixin.py:115} INFO - [2025-02-14 14:29:44,235] {dag.py:2968} INFO - Setting next_dagrun for example_external_task_marker_child to None, run_after=None
[2025-02-14 14:29:44,235] {logging_mixin.py:115} INFO - [2025-02-14 14:29:44,235] {dag.py:2968} INFO - Setting next_dagrun for example_external_task_marker_parent to None, run_after=None
[2025-02-14 14:29:44,256] {processor.py:161} INFO - Processing /opt/conda/lib/python3.8/site-packages/airflow/example_dags/example_external_task_marker_dag.py took 0.083 seconds
[2025-02-14 14:30:26,201] {processor.py:153} INFO - Started process (PID=4076) to work on /opt/conda/lib/python3.8/site-packages/airflow/example_dags/example_external_task_marker_dag.py
[2025-02-14 14:30:26,206] {processor.py:641} INFO - Processing file /opt/conda/lib/python3.8/site-packages/airflow/example_dags/example_external_task_marker_dag.py for tasks to queue
[2025-02-14 14:30:26,206] {logging_mixin.py:115} INFO - [2025-02-14 14:30:26,206] {dagbag.py:508} INFO - Filling up the DagBag from /opt/conda/lib/python3.8/site-packages/airflow/example_dags/example_external_task_marker_dag.py
[2025-02-14 14:30:26,210] {processor.py:651} INFO - DAG(s) dict_keys(['example_external_task_marker_parent', 'example_external_task_marker_child']) retrieved from /opt/conda/lib/python3.8/site-packages/airflow/example_dags/example_external_task_marker_dag.py
[2025-02-14 14:30:26,242] {logging_mixin.py:115} INFO - [2025-02-14 14:30:26,242] {dag.py:2420} INFO - Sync 2 DAGs
[2025-02-14 14:30:26,256] {logging_mixin.py:115} INFO - [2025-02-14 14:30:26,256] {dag.py:2968} INFO - Setting next_dagrun for example_external_task_marker_child to None, run_after=None
[2025-02-14 14:30:26,256] {logging_mixin.py:115} INFO - [2025-02-14 14:30:26,256] {dag.py:2968} INFO - Setting next_dagrun for example_external_task_marker_parent to None, run_after=None
[2025-02-14 14:30:26,276] {processor.py:161} INFO - Processing /opt/conda/lib/python3.8/site-packages/airflow/example_dags/example_external_task_marker_dag.py took 0.078 seconds
[2025-02-14 14:31:07,741] {processor.py:153} INFO - Started process (PID=4133) to work on /opt/conda/lib/python3.8/site-packages/airflow/example_dags/example_external_task_marker_dag.py
[2025-02-14 14:31:07,742] {processor.py:641} INFO - Processing file /opt/conda/lib/python3.8/site-packages/airflow/example_dags/example_external_task_marker_dag.py for tasks to queue
[2025-02-14 14:31:07,743] {logging_mixin.py:115} INFO - [2025-02-14 14:31:07,743] {dagbag.py:508} INFO - Filling up the DagBag from /opt/conda/lib/python3.8/site-packages/airflow/example_dags/example_external_task_marker_dag.py
[2025-02-14 14:31:07,747] {processor.py:651} INFO - DAG(s) dict_keys(['example_external_task_marker_parent', 'example_external_task_marker_child']) retrieved from /opt/conda/lib/python3.8/site-packages/airflow/example_dags/example_external_task_marker_dag.py
[2025-02-14 14:31:07,784] {logging_mixin.py:115} INFO - [2025-02-14 14:31:07,784] {dag.py:2420} INFO - Sync 2 DAGs
[2025-02-14 14:31:07,802] {logging_mixin.py:115} INFO - [2025-02-14 14:31:07,802] {dag.py:2968} INFO - Setting next_dagrun for example_external_task_marker_child to None, run_after=None
[2025-02-14 14:31:07,802] {logging_mixin.py:115} INFO - [2025-02-14 14:31:07,802] {dag.py:2968} INFO - Setting next_dagrun for example_external_task_marker_parent to None, run_after=None
[2025-02-14 14:31:07,826] {processor.py:161} INFO - Processing /opt/conda/lib/python3.8/site-packages/airflow/example_dags/example_external_task_marker_dag.py took 0.088 seconds
[2025-02-14 14:33:02,668] {processor.py:153} INFO - Started process (PID=4320) to work on /opt/conda/lib/python3.8/site-packages/airflow/example_dags/example_external_task_marker_dag.py
[2025-02-14 14:33:02,670] {processor.py:641} INFO - Processing file /opt/conda/lib/python3.8/site-packages/airflow/example_dags/example_external_task_marker_dag.py for tasks to queue
[2025-02-14 14:33:02,671] {logging_mixin.py:115} INFO - [2025-02-14 14:33:02,670] {dagbag.py:508} INFO - Filling up the DagBag from /opt/conda/lib/python3.8/site-packages/airflow/example_dags/example_external_task_marker_dag.py
[2025-02-14 14:33:02,675] {processor.py:651} INFO - DAG(s) dict_keys(['example_external_task_marker_parent', 'example_external_task_marker_child']) retrieved from /opt/conda/lib/python3.8/site-packages/airflow/example_dags/example_external_task_marker_dag.py
[2025-02-14 14:33:02,714] {logging_mixin.py:115} INFO - [2025-02-14 14:33:02,714] {dag.py:2420} INFO - Sync 2 DAGs
[2025-02-14 14:33:02,732] {logging_mixin.py:115} INFO - [2025-02-14 14:33:02,731] {dag.py:2968} INFO - Setting next_dagrun for example_external_task_marker_child to None, run_after=None
[2025-02-14 14:33:02,732] {logging_mixin.py:115} INFO - [2025-02-14 14:33:02,732] {dag.py:2968} INFO - Setting next_dagrun for example_external_task_marker_parent to None, run_after=None
[2025-02-14 14:33:02,753] {processor.py:161} INFO - Processing /opt/conda/lib/python3.8/site-packages/airflow/example_dags/example_external_task_marker_dag.py took 0.088 seconds
[2025-02-14 14:33:50,613] {processor.py:153} INFO - Started process (PID=4394) to work on /opt/conda/lib/python3.8/site-packages/airflow/example_dags/example_external_task_marker_dag.py
[2025-02-14 14:33:50,615] {processor.py:641} INFO - Processing file /opt/conda/lib/python3.8/site-packages/airflow/example_dags/example_external_task_marker_dag.py for tasks to queue
[2025-02-14 14:33:50,615] {logging_mixin.py:115} INFO - [2025-02-14 14:33:50,615] {dagbag.py:508} INFO - Filling up the DagBag from /opt/conda/lib/python3.8/site-packages/airflow/example_dags/example_external_task_marker_dag.py
[2025-02-14 14:33:50,619] {processor.py:651} INFO - DAG(s) dict_keys(['example_external_task_marker_parent', 'example_external_task_marker_child']) retrieved from /opt/conda/lib/python3.8/site-packages/airflow/example_dags/example_external_task_marker_dag.py
[2025-02-14 14:33:50,656] {logging_mixin.py:115} INFO - [2025-02-14 14:33:50,656] {dag.py:2420} INFO - Sync 2 DAGs
[2025-02-14 14:33:50,673] {logging_mixin.py:115} INFO - [2025-02-14 14:33:50,673] {dag.py:2968} INFO - Setting next_dagrun for example_external_task_marker_child to None, run_after=None
[2025-02-14 14:33:50,674] {logging_mixin.py:115} INFO - [2025-02-14 14:33:50,673] {dag.py:2968} INFO - Setting next_dagrun for example_external_task_marker_parent to None, run_after=None
[2025-02-14 14:33:50,694] {processor.py:161} INFO - Processing /opt/conda/lib/python3.8/site-packages/airflow/example_dags/example_external_task_marker_dag.py took 0.084 seconds
[2025-02-14 14:34:34,861] {processor.py:153} INFO - Started process (PID=4452) to work on /opt/conda/lib/python3.8/site-packages/airflow/example_dags/example_external_task_marker_dag.py
[2025-02-14 14:34:34,863] {processor.py:641} INFO - Processing file /opt/conda/lib/python3.8/site-packages/airflow/example_dags/example_external_task_marker_dag.py for tasks to queue
[2025-02-14 14:34:34,863] {logging_mixin.py:115} INFO - [2025-02-14 14:34:34,863] {dagbag.py:508} INFO - Filling up the DagBag from /opt/conda/lib/python3.8/site-packages/airflow/example_dags/example_external_task_marker_dag.py
[2025-02-14 14:34:34,868] {processor.py:651} INFO - DAG(s) dict_keys(['example_external_task_marker_parent', 'example_external_task_marker_child']) retrieved from /opt/conda/lib/python3.8/site-packages/airflow/example_dags/example_external_task_marker_dag.py
[2025-02-14 14:34:34,906] {logging_mixin.py:115} INFO - [2025-02-14 14:34:34,906] {dag.py:2420} INFO - Sync 2 DAGs
[2025-02-14 14:34:34,925] {logging_mixin.py:115} INFO - [2025-02-14 14:34:34,925] {dag.py:2968} INFO - Setting next_dagrun for example_external_task_marker_child to None, run_after=None
[2025-02-14 14:34:34,925] {logging_mixin.py:115} INFO - [2025-02-14 14:34:34,925] {dag.py:2968} INFO - Setting next_dagrun for example_external_task_marker_parent to None, run_after=None
[2025-02-14 14:34:34,946] {processor.py:161} INFO - Processing /opt/conda/lib/python3.8/site-packages/airflow/example_dags/example_external_task_marker_dag.py took 0.088 seconds
[2025-02-14 14:35:15,862] {processor.py:153} INFO - Started process (PID=4508) to work on /opt/conda/lib/python3.8/site-packages/airflow/example_dags/example_external_task_marker_dag.py
[2025-02-14 14:35:15,863] {processor.py:641} INFO - Processing file /opt/conda/lib/python3.8/site-packages/airflow/example_dags/example_external_task_marker_dag.py for tasks to queue
[2025-02-14 14:35:15,863] {logging_mixin.py:115} INFO - [2025-02-14 14:35:15,863] {dagbag.py:508} INFO - Filling up the DagBag from /opt/conda/lib/python3.8/site-packages/airflow/example_dags/example_external_task_marker_dag.py
[2025-02-14 14:35:15,868] {processor.py:651} INFO - DAG(s) dict_keys(['example_external_task_marker_parent', 'example_external_task_marker_child']) retrieved from /opt/conda/lib/python3.8/site-packages/airflow/example_dags/example_external_task_marker_dag.py
[2025-02-14 14:35:15,906] {logging_mixin.py:115} INFO - [2025-02-14 14:35:15,905] {dag.py:2420} INFO - Sync 2 DAGs
[2025-02-14 14:35:15,924] {logging_mixin.py:115} INFO - [2025-02-14 14:35:15,924] {dag.py:2968} INFO - Setting next_dagrun for example_external_task_marker_child to None, run_after=None
[2025-02-14 14:35:15,924] {logging_mixin.py:115} INFO - [2025-02-14 14:35:15,924] {dag.py:2968} INFO - Setting next_dagrun for example_external_task_marker_parent to None, run_after=None
[2025-02-14 14:35:15,946] {processor.py:161} INFO - Processing /opt/conda/lib/python3.8/site-packages/airflow/example_dags/example_external_task_marker_dag.py took 0.088 seconds
[2025-02-14 14:35:56,290] {processor.py:153} INFO - Started process (PID=4562) to work on /opt/conda/lib/python3.8/site-packages/airflow/example_dags/example_external_task_marker_dag.py
[2025-02-14 14:35:56,291] {processor.py:641} INFO - Processing file /opt/conda/lib/python3.8/site-packages/airflow/example_dags/example_external_task_marker_dag.py for tasks to queue
[2025-02-14 14:35:56,292] {logging_mixin.py:115} INFO - [2025-02-14 14:35:56,292] {dagbag.py:508} INFO - Filling up the DagBag from /opt/conda/lib/python3.8/site-packages/airflow/example_dags/example_external_task_marker_dag.py
[2025-02-14 14:35:56,296] {processor.py:651} INFO - DAG(s) dict_keys(['example_external_task_marker_parent', 'example_external_task_marker_child']) retrieved from /opt/conda/lib/python3.8/site-packages/airflow/example_dags/example_external_task_marker_dag.py
[2025-02-14 14:35:56,333] {logging_mixin.py:115} INFO - [2025-02-14 14:35:56,333] {dag.py:2420} INFO - Sync 2 DAGs
[2025-02-14 14:35:56,351] {logging_mixin.py:115} INFO - [2025-02-14 14:35:56,351] {dag.py:2968} INFO - Setting next_dagrun for example_external_task_marker_child to None, run_after=None
[2025-02-14 14:35:56,351] {logging_mixin.py:115} INFO - [2025-02-14 14:35:56,351] {dag.py:2968} INFO - Setting next_dagrun for example_external_task_marker_parent to None, run_after=None
[2025-02-14 14:35:56,386] {processor.py:161} INFO - Processing /opt/conda/lib/python3.8/site-packages/airflow/example_dags/example_external_task_marker_dag.py took 0.099 seconds
[2025-02-14 14:36:37,304] {processor.py:153} INFO - Started process (PID=4614) to work on /opt/conda/lib/python3.8/site-packages/airflow/example_dags/example_external_task_marker_dag.py
[2025-02-14 14:36:37,306] {processor.py:641} INFO - Processing file /opt/conda/lib/python3.8/site-packages/airflow/example_dags/example_external_task_marker_dag.py for tasks to queue
[2025-02-14 14:36:37,306] {logging_mixin.py:115} INFO - [2025-02-14 14:36:37,306] {dagbag.py:508} INFO - Filling up the DagBag from /opt/conda/lib/python3.8/site-packages/airflow/example_dags/example_external_task_marker_dag.py
[2025-02-14 14:36:37,310] {processor.py:651} INFO - DAG(s) dict_keys(['example_external_task_marker_parent', 'example_external_task_marker_child']) retrieved from /opt/conda/lib/python3.8/site-packages/airflow/example_dags/example_external_task_marker_dag.py
[2025-02-14 14:36:37,343] {logging_mixin.py:115} INFO - [2025-02-14 14:36:37,342] {dag.py:2420} INFO - Sync 2 DAGs
[2025-02-14 14:36:37,356] {logging_mixin.py:115} INFO - [2025-02-14 14:36:37,356] {dag.py:2968} INFO - Setting next_dagrun for example_external_task_marker_child to None, run_after=None
[2025-02-14 14:36:37,357] {logging_mixin.py:115} INFO - [2025-02-14 14:36:37,357] {dag.py:2968} INFO - Setting next_dagrun for example_external_task_marker_parent to None, run_after=None
[2025-02-14 14:36:37,377] {processor.py:161} INFO - Processing /opt/conda/lib/python3.8/site-packages/airflow/example_dags/example_external_task_marker_dag.py took 0.076 seconds
[2025-02-14 14:37:21,589] {processor.py:153} INFO - Started process (PID=4672) to work on /opt/conda/lib/python3.8/site-packages/airflow/example_dags/example_external_task_marker_dag.py
[2025-02-14 14:37:21,590] {processor.py:641} INFO - Processing file /opt/conda/lib/python3.8/site-packages/airflow/example_dags/example_external_task_marker_dag.py for tasks to queue
[2025-02-14 14:37:21,591] {logging_mixin.py:115} INFO - [2025-02-14 14:37:21,590] {dagbag.py:508} INFO - Filling up the DagBag from /opt/conda/lib/python3.8/site-packages/airflow/example_dags/example_external_task_marker_dag.py
[2025-02-14 14:37:21,595] {processor.py:651} INFO - DAG(s) dict_keys(['example_external_task_marker_parent', 'example_external_task_marker_child']) retrieved from /opt/conda/lib/python3.8/site-packages/airflow/example_dags/example_external_task_marker_dag.py
[2025-02-14 14:37:21,632] {logging_mixin.py:115} INFO - [2025-02-14 14:37:21,632] {dag.py:2420} INFO - Sync 2 DAGs
[2025-02-14 14:37:21,650] {logging_mixin.py:115} INFO - [2025-02-14 14:37:21,650] {dag.py:2968} INFO - Setting next_dagrun for example_external_task_marker_child to None, run_after=None
[2025-02-14 14:37:21,650] {logging_mixin.py:115} INFO - [2025-02-14 14:37:21,650] {dag.py:2968} INFO - Setting next_dagrun for example_external_task_marker_parent to None, run_after=None
[2025-02-14 14:37:21,671] {processor.py:161} INFO - Processing /opt/conda/lib/python3.8/site-packages/airflow/example_dags/example_external_task_marker_dag.py took 0.086 seconds
[2025-02-14 14:42:25,152] {processor.py:153} INFO - Started process (PID=4777) to work on /opt/conda/lib/python3.8/site-packages/airflow/example_dags/example_external_task_marker_dag.py
[2025-02-14 14:42:25,154] {processor.py:641} INFO - Processing file /opt/conda/lib/python3.8/site-packages/airflow/example_dags/example_external_task_marker_dag.py for tasks to queue
[2025-02-14 14:42:25,154] {logging_mixin.py:115} INFO - [2025-02-14 14:42:25,154] {dagbag.py:508} INFO - Filling up the DagBag from /opt/conda/lib/python3.8/site-packages/airflow/example_dags/example_external_task_marker_dag.py
[2025-02-14 14:42:25,159] {processor.py:651} INFO - DAG(s) dict_keys(['example_external_task_marker_parent', 'example_external_task_marker_child']) retrieved from /opt/conda/lib/python3.8/site-packages/airflow/example_dags/example_external_task_marker_dag.py
[2025-02-14 14:42:25,312] {logging_mixin.py:115} INFO - [2025-02-14 14:42:25,312] {dag.py:2420} INFO - Sync 2 DAGs
[2025-02-14 14:42:25,324] {logging_mixin.py:115} INFO - [2025-02-14 14:42:25,324] {dag.py:2968} INFO - Setting next_dagrun for example_external_task_marker_child to None, run_after=None
[2025-02-14 14:42:25,324] {logging_mixin.py:115} INFO - [2025-02-14 14:42:25,324] {dag.py:2968} INFO - Setting next_dagrun for example_external_task_marker_parent to None, run_after=None
[2025-02-14 14:42:25,345] {processor.py:161} INFO - Processing /opt/conda/lib/python3.8/site-packages/airflow/example_dags/example_external_task_marker_dag.py took 0.196 seconds
