[2025-02-14 13:59:45,097] {processor.py:153} INFO - Started process (PID=1834) to work on /opt/conda/lib/python3.8/site-packages/airflow/example_dags/example_skip_dag.py
[2025-02-14 13:59:45,098] {processor.py:641} INFO - Processing file /opt/conda/lib/python3.8/site-packages/airflow/example_dags/example_skip_dag.py for tasks to queue
[2025-02-14 13:59:45,098] {logging_mixin.py:115} INFO - [2025-02-14 13:59:45,098] {dagbag.py:508} INFO - Filling up the DagBag from /opt/conda/lib/python3.8/site-packages/airflow/example_dags/example_skip_dag.py
[2025-02-14 13:59:45,104] {processor.py:651} INFO - DAG(s) dict_keys(['example_skip_dag']) retrieved from /opt/conda/lib/python3.8/site-packages/airflow/example_dags/example_skip_dag.py
[2025-02-14 13:59:45,528] {logging_mixin.py:115} INFO - [2025-02-14 13:59:45,527] {manager.py:508} INFO - Created Permission View: can read on DAG:example_skip_dag
[2025-02-14 13:59:45,543] {logging_mixin.py:115} INFO - [2025-02-14 13:59:45,543] {manager.py:508} INFO - Created Permission View: can delete on DAG:example_skip_dag
[2025-02-14 13:59:45,558] {logging_mixin.py:115} INFO - [2025-02-14 13:59:45,558] {manager.py:508} INFO - Created Permission View: can edit on DAG:example_skip_dag
[2025-02-14 13:59:45,558] {logging_mixin.py:115} INFO - [2025-02-14 13:59:45,558] {dag.py:2420} INFO - Sync 1 DAGs
[2025-02-14 13:59:45,564] {logging_mixin.py:115} INFO - [2025-02-14 13:59:45,564] {dag.py:2439} INFO - Creating ORM DAG for example_skip_dag
[2025-02-14 13:59:45,572] {logging_mixin.py:115} INFO - [2025-02-14 13:59:45,572] {dag.py:2968} INFO - Setting next_dagrun for example_skip_dag to 2025-02-13T13:59:45.572213+00:00, run_after=2025-02-14T13:59:45.572213+00:00
[2025-02-14 13:59:45,594] {processor.py:161} INFO - Processing /opt/conda/lib/python3.8/site-packages/airflow/example_dags/example_skip_dag.py took 0.500 seconds
[2025-02-14 14:00:31,413] {processor.py:153} INFO - Started process (PID=1871) to work on /opt/conda/lib/python3.8/site-packages/airflow/example_dags/example_skip_dag.py
[2025-02-14 14:00:31,469] {processor.py:641} INFO - Processing file /opt/conda/lib/python3.8/site-packages/airflow/example_dags/example_skip_dag.py for tasks to queue
[2025-02-14 14:00:31,470] {logging_mixin.py:115} INFO - [2025-02-14 14:00:31,470] {dagbag.py:508} INFO - Filling up the DagBag from /opt/conda/lib/python3.8/site-packages/airflow/example_dags/example_skip_dag.py
[2025-02-14 14:00:31,475] {processor.py:651} INFO - DAG(s) dict_keys(['example_skip_dag']) retrieved from /opt/conda/lib/python3.8/site-packages/airflow/example_dags/example_skip_dag.py
[2025-02-14 14:00:31,609] {logging_mixin.py:115} INFO - [2025-02-14 14:00:31,609] {dag.py:2420} INFO - Sync 1 DAGs
[2025-02-14 14:00:31,621] {logging_mixin.py:115} INFO - [2025-02-14 14:00:31,620] {dag.py:2968} INFO - Setting next_dagrun for example_skip_dag to 2025-02-13T14:00:31.620779+00:00, run_after=2025-02-14T14:00:31.620779+00:00
[2025-02-14 14:00:31,640] {processor.py:161} INFO - Processing /opt/conda/lib/python3.8/site-packages/airflow/example_dags/example_skip_dag.py took 0.230 seconds
[2025-02-14 14:01:13,661] {processor.py:153} INFO - Started process (PID=1908) to work on /opt/conda/lib/python3.8/site-packages/airflow/example_dags/example_skip_dag.py
[2025-02-14 14:01:13,662] {processor.py:641} INFO - Processing file /opt/conda/lib/python3.8/site-packages/airflow/example_dags/example_skip_dag.py for tasks to queue
[2025-02-14 14:01:13,663] {logging_mixin.py:115} INFO - [2025-02-14 14:01:13,662] {dagbag.py:508} INFO - Filling up the DagBag from /opt/conda/lib/python3.8/site-packages/airflow/example_dags/example_skip_dag.py
[2025-02-14 14:01:13,668] {processor.py:651} INFO - DAG(s) dict_keys(['example_skip_dag']) retrieved from /opt/conda/lib/python3.8/site-packages/airflow/example_dags/example_skip_dag.py
[2025-02-14 14:01:13,804] {logging_mixin.py:115} INFO - [2025-02-14 14:01:13,804] {dag.py:2420} INFO - Sync 1 DAGs
[2025-02-14 14:01:13,816] {logging_mixin.py:115} INFO - [2025-02-14 14:01:13,816] {dag.py:2968} INFO - Setting next_dagrun for example_skip_dag to 2025-02-13T14:01:13.815929+00:00, run_after=2025-02-14T14:01:13.815929+00:00
[2025-02-14 14:01:13,836] {processor.py:161} INFO - Processing /opt/conda/lib/python3.8/site-packages/airflow/example_dags/example_skip_dag.py took 0.178 seconds
[2025-02-14 14:01:55,782] {processor.py:153} INFO - Started process (PID=1947) to work on /opt/conda/lib/python3.8/site-packages/airflow/example_dags/example_skip_dag.py
[2025-02-14 14:01:55,783] {processor.py:641} INFO - Processing file /opt/conda/lib/python3.8/site-packages/airflow/example_dags/example_skip_dag.py for tasks to queue
[2025-02-14 14:01:55,784] {logging_mixin.py:115} INFO - [2025-02-14 14:01:55,784] {dagbag.py:508} INFO - Filling up the DagBag from /opt/conda/lib/python3.8/site-packages/airflow/example_dags/example_skip_dag.py
[2025-02-14 14:01:55,789] {processor.py:651} INFO - DAG(s) dict_keys(['example_skip_dag']) retrieved from /opt/conda/lib/python3.8/site-packages/airflow/example_dags/example_skip_dag.py
[2025-02-14 14:01:55,928] {logging_mixin.py:115} INFO - [2025-02-14 14:01:55,928] {dag.py:2420} INFO - Sync 1 DAGs
[2025-02-14 14:01:55,940] {logging_mixin.py:115} INFO - [2025-02-14 14:01:55,940] {dag.py:2968} INFO - Setting next_dagrun for example_skip_dag to 2025-02-13T14:01:55.939841+00:00, run_after=2025-02-14T14:01:55.939841+00:00
[2025-02-14 14:01:55,960] {processor.py:161} INFO - Processing /opt/conda/lib/python3.8/site-packages/airflow/example_dags/example_skip_dag.py took 0.181 seconds
[2025-02-14 14:02:37,610] {processor.py:153} INFO - Started process (PID=1984) to work on /opt/conda/lib/python3.8/site-packages/airflow/example_dags/example_skip_dag.py
[2025-02-14 14:02:37,611] {processor.py:641} INFO - Processing file /opt/conda/lib/python3.8/site-packages/airflow/example_dags/example_skip_dag.py for tasks to queue
[2025-02-14 14:02:37,612] {logging_mixin.py:115} INFO - [2025-02-14 14:02:37,612] {dagbag.py:508} INFO - Filling up the DagBag from /opt/conda/lib/python3.8/site-packages/airflow/example_dags/example_skip_dag.py
[2025-02-14 14:02:37,617] {processor.py:651} INFO - DAG(s) dict_keys(['example_skip_dag']) retrieved from /opt/conda/lib/python3.8/site-packages/airflow/example_dags/example_skip_dag.py
[2025-02-14 14:02:37,751] {logging_mixin.py:115} INFO - [2025-02-14 14:02:37,750] {dag.py:2420} INFO - Sync 1 DAGs
[2025-02-14 14:02:37,762] {logging_mixin.py:115} INFO - [2025-02-14 14:02:37,762] {dag.py:2968} INFO - Setting next_dagrun for example_skip_dag to 2025-02-13T14:02:37.762204+00:00, run_after=2025-02-14T14:02:37.762204+00:00
[2025-02-14 14:02:37,782] {processor.py:161} INFO - Processing /opt/conda/lib/python3.8/site-packages/airflow/example_dags/example_skip_dag.py took 0.175 seconds
[2025-02-14 14:03:24,060] {processor.py:153} INFO - Started process (PID=2025) to work on /opt/conda/lib/python3.8/site-packages/airflow/example_dags/example_skip_dag.py
[2025-02-14 14:03:24,062] {processor.py:641} INFO - Processing file /opt/conda/lib/python3.8/site-packages/airflow/example_dags/example_skip_dag.py for tasks to queue
[2025-02-14 14:03:24,062] {logging_mixin.py:115} INFO - [2025-02-14 14:03:24,062] {dagbag.py:508} INFO - Filling up the DagBag from /opt/conda/lib/python3.8/site-packages/airflow/example_dags/example_skip_dag.py
[2025-02-14 14:03:24,068] {processor.py:651} INFO - DAG(s) dict_keys(['example_skip_dag']) retrieved from /opt/conda/lib/python3.8/site-packages/airflow/example_dags/example_skip_dag.py
[2025-02-14 14:03:24,216] {logging_mixin.py:115} INFO - [2025-02-14 14:03:24,216] {dag.py:2420} INFO - Sync 1 DAGs
[2025-02-14 14:03:24,228] {logging_mixin.py:115} INFO - [2025-02-14 14:03:24,228] {dag.py:2968} INFO - Setting next_dagrun for example_skip_dag to 2025-02-13T14:03:24.228235+00:00, run_after=2025-02-14T14:03:24.228235+00:00
[2025-02-14 14:03:24,247] {processor.py:161} INFO - Processing /opt/conda/lib/python3.8/site-packages/airflow/example_dags/example_skip_dag.py took 0.190 seconds
[2025-02-14 14:04:14,445] {processor.py:153} INFO - Started process (PID=2086) to work on /opt/conda/lib/python3.8/site-packages/airflow/example_dags/example_skip_dag.py
[2025-02-14 14:04:14,447] {processor.py:641} INFO - Processing file /opt/conda/lib/python3.8/site-packages/airflow/example_dags/example_skip_dag.py for tasks to queue
[2025-02-14 14:04:14,447] {logging_mixin.py:115} INFO - [2025-02-14 14:04:14,447] {dagbag.py:508} INFO - Filling up the DagBag from /opt/conda/lib/python3.8/site-packages/airflow/example_dags/example_skip_dag.py
[2025-02-14 14:04:14,452] {processor.py:651} INFO - DAG(s) dict_keys(['example_skip_dag']) retrieved from /opt/conda/lib/python3.8/site-packages/airflow/example_dags/example_skip_dag.py
[2025-02-14 14:04:14,591] {logging_mixin.py:115} INFO - [2025-02-14 14:04:14,591] {dag.py:2420} INFO - Sync 1 DAGs
[2025-02-14 14:04:14,602] {logging_mixin.py:115} INFO - [2025-02-14 14:04:14,602] {dag.py:2968} INFO - Setting next_dagrun for example_skip_dag to 2025-02-13T14:04:14.602219+00:00, run_after=2025-02-14T14:04:14.602219+00:00
[2025-02-14 14:04:14,621] {processor.py:161} INFO - Processing /opt/conda/lib/python3.8/site-packages/airflow/example_dags/example_skip_dag.py took 0.179 seconds
[2025-02-14 14:05:28,845] {processor.py:153} INFO - Started process (PID=2178) to work on /opt/conda/lib/python3.8/site-packages/airflow/example_dags/example_skip_dag.py
[2025-02-14 14:05:28,847] {processor.py:641} INFO - Processing file /opt/conda/lib/python3.8/site-packages/airflow/example_dags/example_skip_dag.py for tasks to queue
[2025-02-14 14:05:28,847] {logging_mixin.py:115} INFO - [2025-02-14 14:05:28,847] {dagbag.py:508} INFO - Filling up the DagBag from /opt/conda/lib/python3.8/site-packages/airflow/example_dags/example_skip_dag.py
[2025-02-14 14:05:28,852] {processor.py:651} INFO - DAG(s) dict_keys(['example_skip_dag']) retrieved from /opt/conda/lib/python3.8/site-packages/airflow/example_dags/example_skip_dag.py
[2025-02-14 14:05:28,985] {logging_mixin.py:115} INFO - [2025-02-14 14:05:28,984] {dag.py:2420} INFO - Sync 1 DAGs
[2025-02-14 14:05:28,996] {logging_mixin.py:115} INFO - [2025-02-14 14:05:28,996] {dag.py:2968} INFO - Setting next_dagrun for example_skip_dag to 2025-02-13T14:05:28.996327+00:00, run_after=2025-02-14T14:05:28.996327+00:00
[2025-02-14 14:05:29,016] {processor.py:161} INFO - Processing /opt/conda/lib/python3.8/site-packages/airflow/example_dags/example_skip_dag.py took 0.174 seconds
[2025-02-14 14:06:13,512] {processor.py:153} INFO - Started process (PID=2232) to work on /opt/conda/lib/python3.8/site-packages/airflow/example_dags/example_skip_dag.py
[2025-02-14 14:06:13,513] {processor.py:641} INFO - Processing file /opt/conda/lib/python3.8/site-packages/airflow/example_dags/example_skip_dag.py for tasks to queue
[2025-02-14 14:06:13,514] {logging_mixin.py:115} INFO - [2025-02-14 14:06:13,514] {dagbag.py:508} INFO - Filling up the DagBag from /opt/conda/lib/python3.8/site-packages/airflow/example_dags/example_skip_dag.py
[2025-02-14 14:06:13,520] {processor.py:651} INFO - DAG(s) dict_keys(['example_skip_dag']) retrieved from /opt/conda/lib/python3.8/site-packages/airflow/example_dags/example_skip_dag.py
[2025-02-14 14:06:13,651] {logging_mixin.py:115} INFO - [2025-02-14 14:06:13,651] {dag.py:2420} INFO - Sync 1 DAGs
[2025-02-14 14:06:13,662] {logging_mixin.py:115} INFO - [2025-02-14 14:06:13,662] {dag.py:2968} INFO - Setting next_dagrun for example_skip_dag to 2025-02-13T14:06:13.662536+00:00, run_after=2025-02-14T14:06:13.662536+00:00
[2025-02-14 14:06:13,682] {processor.py:161} INFO - Processing /opt/conda/lib/python3.8/site-packages/airflow/example_dags/example_skip_dag.py took 0.173 seconds
[2025-02-14 14:07:01,850] {processor.py:153} INFO - Started process (PID=2288) to work on /opt/conda/lib/python3.8/site-packages/airflow/example_dags/example_skip_dag.py
[2025-02-14 14:07:01,851] {processor.py:641} INFO - Processing file /opt/conda/lib/python3.8/site-packages/airflow/example_dags/example_skip_dag.py for tasks to queue
[2025-02-14 14:07:01,852] {logging_mixin.py:115} INFO - [2025-02-14 14:07:01,851] {dagbag.py:508} INFO - Filling up the DagBag from /opt/conda/lib/python3.8/site-packages/airflow/example_dags/example_skip_dag.py
[2025-02-14 14:07:01,857] {processor.py:651} INFO - DAG(s) dict_keys(['example_skip_dag']) retrieved from /opt/conda/lib/python3.8/site-packages/airflow/example_dags/example_skip_dag.py
[2025-02-14 14:07:02,001] {logging_mixin.py:115} INFO - [2025-02-14 14:07:02,001] {dag.py:2420} INFO - Sync 1 DAGs
[2025-02-14 14:07:02,012] {logging_mixin.py:115} INFO - [2025-02-14 14:07:02,012] {dag.py:2968} INFO - Setting next_dagrun for example_skip_dag to 2025-02-13T14:07:02.012584+00:00, run_after=2025-02-14T14:07:02.012584+00:00
[2025-02-14 14:07:02,032] {processor.py:161} INFO - Processing /opt/conda/lib/python3.8/site-packages/airflow/example_dags/example_skip_dag.py took 0.185 seconds
[2025-02-14 14:07:50,458] {processor.py:153} INFO - Started process (PID=2329) to work on /opt/conda/lib/python3.8/site-packages/airflow/example_dags/example_skip_dag.py
[2025-02-14 14:07:50,512] {processor.py:641} INFO - Processing file /opt/conda/lib/python3.8/site-packages/airflow/example_dags/example_skip_dag.py for tasks to queue
[2025-02-14 14:07:50,512] {logging_mixin.py:115} INFO - [2025-02-14 14:07:50,512] {dagbag.py:508} INFO - Filling up the DagBag from /opt/conda/lib/python3.8/site-packages/airflow/example_dags/example_skip_dag.py
[2025-02-14 14:07:50,517] {processor.py:651} INFO - DAG(s) dict_keys(['example_skip_dag']) retrieved from /opt/conda/lib/python3.8/site-packages/airflow/example_dags/example_skip_dag.py
[2025-02-14 14:07:50,652] {logging_mixin.py:115} INFO - [2025-02-14 14:07:50,652] {dag.py:2420} INFO - Sync 1 DAGs
[2025-02-14 14:07:50,663] {logging_mixin.py:115} INFO - [2025-02-14 14:07:50,663] {dag.py:2968} INFO - Setting next_dagrun for example_skip_dag to 2025-02-13T14:07:50.663499+00:00, run_after=2025-02-14T14:07:50.663499+00:00
[2025-02-14 14:07:50,683] {processor.py:161} INFO - Processing /opt/conda/lib/python3.8/site-packages/airflow/example_dags/example_skip_dag.py took 0.229 seconds
[2025-02-14 14:09:24,657] {processor.py:153} INFO - Started process (PID=2436) to work on /opt/conda/lib/python3.8/site-packages/airflow/example_dags/example_skip_dag.py
[2025-02-14 14:09:24,658] {processor.py:641} INFO - Processing file /opt/conda/lib/python3.8/site-packages/airflow/example_dags/example_skip_dag.py for tasks to queue
[2025-02-14 14:09:24,659] {logging_mixin.py:115} INFO - [2025-02-14 14:09:24,659] {dagbag.py:508} INFO - Filling up the DagBag from /opt/conda/lib/python3.8/site-packages/airflow/example_dags/example_skip_dag.py
[2025-02-14 14:09:24,664] {processor.py:651} INFO - DAG(s) dict_keys(['example_skip_dag']) retrieved from /opt/conda/lib/python3.8/site-packages/airflow/example_dags/example_skip_dag.py
[2025-02-14 14:09:24,798] {logging_mixin.py:115} INFO - [2025-02-14 14:09:24,798] {dag.py:2420} INFO - Sync 1 DAGs
[2025-02-14 14:09:24,810] {logging_mixin.py:115} INFO - [2025-02-14 14:09:24,810] {dag.py:2968} INFO - Setting next_dagrun for example_skip_dag to 2025-02-13T14:09:24.810104+00:00, run_after=2025-02-14T14:09:24.810104+00:00
[2025-02-14 14:09:24,830] {processor.py:161} INFO - Processing /opt/conda/lib/python3.8/site-packages/airflow/example_dags/example_skip_dag.py took 0.176 seconds
[2025-02-14 14:10:07,689] {processor.py:153} INFO - Started process (PID=2474) to work on /opt/conda/lib/python3.8/site-packages/airflow/example_dags/example_skip_dag.py
[2025-02-14 14:10:07,691] {processor.py:641} INFO - Processing file /opt/conda/lib/python3.8/site-packages/airflow/example_dags/example_skip_dag.py for tasks to queue
[2025-02-14 14:10:07,691] {logging_mixin.py:115} INFO - [2025-02-14 14:10:07,691] {dagbag.py:508} INFO - Filling up the DagBag from /opt/conda/lib/python3.8/site-packages/airflow/example_dags/example_skip_dag.py
[2025-02-14 14:10:07,696] {processor.py:651} INFO - DAG(s) dict_keys(['example_skip_dag']) retrieved from /opt/conda/lib/python3.8/site-packages/airflow/example_dags/example_skip_dag.py
[2025-02-14 14:10:07,830] {logging_mixin.py:115} INFO - [2025-02-14 14:10:07,830] {dag.py:2420} INFO - Sync 1 DAGs
[2025-02-14 14:10:07,841] {logging_mixin.py:115} INFO - [2025-02-14 14:10:07,841] {dag.py:2968} INFO - Setting next_dagrun for example_skip_dag to 2025-02-13T14:10:07.841654+00:00, run_after=2025-02-14T14:10:07.841654+00:00
[2025-02-14 14:10:07,861] {processor.py:161} INFO - Processing /opt/conda/lib/python3.8/site-packages/airflow/example_dags/example_skip_dag.py took 0.175 seconds
[2025-02-14 14:10:55,285] {processor.py:153} INFO - Started process (PID=2516) to work on /opt/conda/lib/python3.8/site-packages/airflow/example_dags/example_skip_dag.py
[2025-02-14 14:10:55,287] {processor.py:641} INFO - Processing file /opt/conda/lib/python3.8/site-packages/airflow/example_dags/example_skip_dag.py for tasks to queue
[2025-02-14 14:10:55,288] {logging_mixin.py:115} INFO - [2025-02-14 14:10:55,288] {dagbag.py:508} INFO - Filling up the DagBag from /opt/conda/lib/python3.8/site-packages/airflow/example_dags/example_skip_dag.py
[2025-02-14 14:10:55,293] {processor.py:651} INFO - DAG(s) dict_keys(['example_skip_dag']) retrieved from /opt/conda/lib/python3.8/site-packages/airflow/example_dags/example_skip_dag.py
[2025-02-14 14:10:55,425] {logging_mixin.py:115} INFO - [2025-02-14 14:10:55,425] {dag.py:2420} INFO - Sync 1 DAGs
[2025-02-14 14:10:55,437] {logging_mixin.py:115} INFO - [2025-02-14 14:10:55,437] {dag.py:2968} INFO - Setting next_dagrun for example_skip_dag to 2025-02-13T14:10:55.437260+00:00, run_after=2025-02-14T14:10:55.437260+00:00
[2025-02-14 14:10:55,456] {processor.py:161} INFO - Processing /opt/conda/lib/python3.8/site-packages/airflow/example_dags/example_skip_dag.py took 0.174 seconds
[2025-02-14 14:11:41,552] {processor.py:153} INFO - Started process (PID=2571) to work on /opt/conda/lib/python3.8/site-packages/airflow/example_dags/example_skip_dag.py
[2025-02-14 14:11:41,553] {processor.py:641} INFO - Processing file /opt/conda/lib/python3.8/site-packages/airflow/example_dags/example_skip_dag.py for tasks to queue
[2025-02-14 14:11:41,554] {logging_mixin.py:115} INFO - [2025-02-14 14:11:41,554] {dagbag.py:508} INFO - Filling up the DagBag from /opt/conda/lib/python3.8/site-packages/airflow/example_dags/example_skip_dag.py
[2025-02-14 14:11:41,559] {processor.py:651} INFO - DAG(s) dict_keys(['example_skip_dag']) retrieved from /opt/conda/lib/python3.8/site-packages/airflow/example_dags/example_skip_dag.py
[2025-02-14 14:11:41,692] {logging_mixin.py:115} INFO - [2025-02-14 14:11:41,692] {dag.py:2420} INFO - Sync 1 DAGs
[2025-02-14 14:11:41,704] {logging_mixin.py:115} INFO - [2025-02-14 14:11:41,704] {dag.py:2968} INFO - Setting next_dagrun for example_skip_dag to 2025-02-13T14:11:41.704073+00:00, run_after=2025-02-14T14:11:41.704073+00:00
[2025-02-14 14:11:41,723] {processor.py:161} INFO - Processing /opt/conda/lib/python3.8/site-packages/airflow/example_dags/example_skip_dag.py took 0.174 seconds
[2025-02-14 14:12:24,954] {processor.py:153} INFO - Started process (PID=2626) to work on /opt/conda/lib/python3.8/site-packages/airflow/example_dags/example_skip_dag.py
[2025-02-14 14:12:24,956] {processor.py:641} INFO - Processing file /opt/conda/lib/python3.8/site-packages/airflow/example_dags/example_skip_dag.py for tasks to queue
[2025-02-14 14:12:24,956] {logging_mixin.py:115} INFO - [2025-02-14 14:12:24,956] {dagbag.py:508} INFO - Filling up the DagBag from /opt/conda/lib/python3.8/site-packages/airflow/example_dags/example_skip_dag.py
[2025-02-14 14:12:24,962] {processor.py:651} INFO - DAG(s) dict_keys(['example_skip_dag']) retrieved from /opt/conda/lib/python3.8/site-packages/airflow/example_dags/example_skip_dag.py
[2025-02-14 14:12:25,113] {logging_mixin.py:115} INFO - [2025-02-14 14:12:25,113] {dag.py:2420} INFO - Sync 1 DAGs
[2025-02-14 14:12:25,124] {logging_mixin.py:115} INFO - [2025-02-14 14:12:25,124] {dag.py:2968} INFO - Setting next_dagrun for example_skip_dag to 2025-02-13T14:12:25.124412+00:00, run_after=2025-02-14T14:12:25.124412+00:00
[2025-02-14 14:12:25,144] {processor.py:161} INFO - Processing /opt/conda/lib/python3.8/site-packages/airflow/example_dags/example_skip_dag.py took 0.193 seconds
[2025-02-14 14:13:07,161] {processor.py:153} INFO - Started process (PID=2680) to work on /opt/conda/lib/python3.8/site-packages/airflow/example_dags/example_skip_dag.py
[2025-02-14 14:13:07,162] {processor.py:641} INFO - Processing file /opt/conda/lib/python3.8/site-packages/airflow/example_dags/example_skip_dag.py for tasks to queue
[2025-02-14 14:13:07,163] {logging_mixin.py:115} INFO - [2025-02-14 14:13:07,163] {dagbag.py:508} INFO - Filling up the DagBag from /opt/conda/lib/python3.8/site-packages/airflow/example_dags/example_skip_dag.py
[2025-02-14 14:13:07,168] {processor.py:651} INFO - DAG(s) dict_keys(['example_skip_dag']) retrieved from /opt/conda/lib/python3.8/site-packages/airflow/example_dags/example_skip_dag.py
[2025-02-14 14:13:07,300] {logging_mixin.py:115} INFO - [2025-02-14 14:13:07,300] {dag.py:2420} INFO - Sync 1 DAGs
[2025-02-14 14:13:07,312] {logging_mixin.py:115} INFO - [2025-02-14 14:13:07,312] {dag.py:2968} INFO - Setting next_dagrun for example_skip_dag to 2025-02-13T14:13:07.312155+00:00, run_after=2025-02-14T14:13:07.312155+00:00
[2025-02-14 14:13:07,331] {processor.py:161} INFO - Processing /opt/conda/lib/python3.8/site-packages/airflow/example_dags/example_skip_dag.py took 0.173 seconds
[2025-02-14 14:13:49,865] {processor.py:153} INFO - Started process (PID=2732) to work on /opt/conda/lib/python3.8/site-packages/airflow/example_dags/example_skip_dag.py
[2025-02-14 14:13:49,867] {processor.py:641} INFO - Processing file /opt/conda/lib/python3.8/site-packages/airflow/example_dags/example_skip_dag.py for tasks to queue
[2025-02-14 14:13:49,867] {logging_mixin.py:115} INFO - [2025-02-14 14:13:49,867] {dagbag.py:508} INFO - Filling up the DagBag from /opt/conda/lib/python3.8/site-packages/airflow/example_dags/example_skip_dag.py
[2025-02-14 14:13:49,873] {processor.py:651} INFO - DAG(s) dict_keys(['example_skip_dag']) retrieved from /opt/conda/lib/python3.8/site-packages/airflow/example_dags/example_skip_dag.py
[2025-02-14 14:13:50,079] {logging_mixin.py:115} INFO - [2025-02-14 14:13:50,079] {dag.py:2420} INFO - Sync 1 DAGs
[2025-02-14 14:13:50,097] {logging_mixin.py:115} INFO - [2025-02-14 14:13:50,097] {dag.py:2968} INFO - Setting next_dagrun for example_skip_dag to 2025-02-13T14:13:50.097383+00:00, run_after=2025-02-14T14:13:50.097383+00:00
[2025-02-14 14:13:50,126] {processor.py:161} INFO - Processing /opt/conda/lib/python3.8/site-packages/airflow/example_dags/example_skip_dag.py took 0.265 seconds
[2025-02-14 14:14:29,632] {processor.py:153} INFO - Started process (PID=2785) to work on /opt/conda/lib/python3.8/site-packages/airflow/example_dags/example_skip_dag.py
[2025-02-14 14:14:29,762] {processor.py:641} INFO - Processing file /opt/conda/lib/python3.8/site-packages/airflow/example_dags/example_skip_dag.py for tasks to queue
[2025-02-14 14:14:29,763] {logging_mixin.py:115} INFO - [2025-02-14 14:14:29,763] {dagbag.py:508} INFO - Filling up the DagBag from /opt/conda/lib/python3.8/site-packages/airflow/example_dags/example_skip_dag.py
[2025-02-14 14:14:29,768] {processor.py:651} INFO - DAG(s) dict_keys(['example_skip_dag']) retrieved from /opt/conda/lib/python3.8/site-packages/airflow/example_dags/example_skip_dag.py
[2025-02-14 14:14:29,785] {logging_mixin.py:115} INFO - [2025-02-14 14:14:29,785] {dag.py:2420} INFO - Sync 1 DAGs
[2025-02-14 14:14:29,803] {logging_mixin.py:115} INFO - [2025-02-14 14:14:29,803] {dag.py:2968} INFO - Setting next_dagrun for example_skip_dag to 2025-02-13T14:14:29.803543+00:00, run_after=2025-02-14T14:14:29.803543+00:00
[2025-02-14 14:14:29,826] {processor.py:161} INFO - Processing /opt/conda/lib/python3.8/site-packages/airflow/example_dags/example_skip_dag.py took 0.197 seconds
[2025-02-14 14:15:11,677] {processor.py:153} INFO - Started process (PID=2848) to work on /opt/conda/lib/python3.8/site-packages/airflow/example_dags/example_skip_dag.py
[2025-02-14 14:15:11,714] {processor.py:641} INFO - Processing file /opt/conda/lib/python3.8/site-packages/airflow/example_dags/example_skip_dag.py for tasks to queue
[2025-02-14 14:15:11,715] {logging_mixin.py:115} INFO - [2025-02-14 14:15:11,715] {dagbag.py:508} INFO - Filling up the DagBag from /opt/conda/lib/python3.8/site-packages/airflow/example_dags/example_skip_dag.py
[2025-02-14 14:15:11,721] {processor.py:651} INFO - DAG(s) dict_keys(['example_skip_dag']) retrieved from /opt/conda/lib/python3.8/site-packages/airflow/example_dags/example_skip_dag.py
[2025-02-14 14:15:11,738] {logging_mixin.py:115} INFO - [2025-02-14 14:15:11,738] {dag.py:2420} INFO - Sync 1 DAGs
[2025-02-14 14:15:11,756] {logging_mixin.py:115} INFO - [2025-02-14 14:15:11,756] {dag.py:2968} INFO - Setting next_dagrun for example_skip_dag to 2025-02-13T14:15:11.755777+00:00, run_after=2025-02-14T14:15:11.755777+00:00
[2025-02-14 14:15:11,845] {processor.py:161} INFO - Processing /opt/conda/lib/python3.8/site-packages/airflow/example_dags/example_skip_dag.py took 0.172 seconds
[2025-02-14 14:15:53,084] {processor.py:153} INFO - Started process (PID=2911) to work on /opt/conda/lib/python3.8/site-packages/airflow/example_dags/example_skip_dag.py
[2025-02-14 14:15:53,085] {processor.py:641} INFO - Processing file /opt/conda/lib/python3.8/site-packages/airflow/example_dags/example_skip_dag.py for tasks to queue
[2025-02-14 14:15:53,086] {logging_mixin.py:115} INFO - [2025-02-14 14:15:53,086] {dagbag.py:508} INFO - Filling up the DagBag from /opt/conda/lib/python3.8/site-packages/airflow/example_dags/example_skip_dag.py
[2025-02-14 14:15:53,091] {processor.py:651} INFO - DAG(s) dict_keys(['example_skip_dag']) retrieved from /opt/conda/lib/python3.8/site-packages/airflow/example_dags/example_skip_dag.py
[2025-02-14 14:15:53,107] {logging_mixin.py:115} INFO - [2025-02-14 14:15:53,107] {dag.py:2420} INFO - Sync 1 DAGs
[2025-02-14 14:15:53,121] {logging_mixin.py:115} INFO - [2025-02-14 14:15:53,121] {dag.py:2968} INFO - Setting next_dagrun for example_skip_dag to 2025-02-13T14:15:53.121278+00:00, run_after=2025-02-14T14:15:53.121278+00:00
[2025-02-14 14:15:53,141] {processor.py:161} INFO - Processing /opt/conda/lib/python3.8/site-packages/airflow/example_dags/example_skip_dag.py took 0.060 seconds
[2025-02-14 14:16:50,926] {processor.py:153} INFO - Started process (PID=3013) to work on /opt/conda/lib/python3.8/site-packages/airflow/example_dags/example_skip_dag.py
[2025-02-14 14:16:50,928] {processor.py:641} INFO - Processing file /opt/conda/lib/python3.8/site-packages/airflow/example_dags/example_skip_dag.py for tasks to queue
[2025-02-14 14:16:50,928] {logging_mixin.py:115} INFO - [2025-02-14 14:16:50,928] {dagbag.py:508} INFO - Filling up the DagBag from /opt/conda/lib/python3.8/site-packages/airflow/example_dags/example_skip_dag.py
[2025-02-14 14:16:50,933] {processor.py:651} INFO - DAG(s) dict_keys(['example_skip_dag']) retrieved from /opt/conda/lib/python3.8/site-packages/airflow/example_dags/example_skip_dag.py
[2025-02-14 14:16:51,065] {logging_mixin.py:115} INFO - [2025-02-14 14:16:51,065] {dag.py:2420} INFO - Sync 1 DAGs
[2025-02-14 14:16:51,077] {logging_mixin.py:115} INFO - [2025-02-14 14:16:51,076] {dag.py:2968} INFO - Setting next_dagrun for example_skip_dag to 2025-02-13T14:16:51.076731+00:00, run_after=2025-02-14T14:16:51.076731+00:00
[2025-02-14 14:16:51,097] {processor.py:161} INFO - Processing /opt/conda/lib/python3.8/site-packages/airflow/example_dags/example_skip_dag.py took 0.174 seconds
[2025-02-14 14:17:37,045] {processor.py:153} INFO - Started process (PID=3067) to work on /opt/conda/lib/python3.8/site-packages/airflow/example_dags/example_skip_dag.py
[2025-02-14 14:17:37,046] {processor.py:641} INFO - Processing file /opt/conda/lib/python3.8/site-packages/airflow/example_dags/example_skip_dag.py for tasks to queue
[2025-02-14 14:17:37,047] {logging_mixin.py:115} INFO - [2025-02-14 14:17:37,046] {dagbag.py:508} INFO - Filling up the DagBag from /opt/conda/lib/python3.8/site-packages/airflow/example_dags/example_skip_dag.py
[2025-02-14 14:17:37,052] {processor.py:651} INFO - DAG(s) dict_keys(['example_skip_dag']) retrieved from /opt/conda/lib/python3.8/site-packages/airflow/example_dags/example_skip_dag.py
[2025-02-14 14:17:37,192] {logging_mixin.py:115} INFO - [2025-02-14 14:17:37,192] {dag.py:2420} INFO - Sync 1 DAGs
[2025-02-14 14:17:37,204] {logging_mixin.py:115} INFO - [2025-02-14 14:17:37,204] {dag.py:2968} INFO - Setting next_dagrun for example_skip_dag to 2025-02-13T14:17:37.204407+00:00, run_after=2025-02-14T14:17:37.204407+00:00
[2025-02-14 14:17:37,259] {processor.py:161} INFO - Processing /opt/conda/lib/python3.8/site-packages/airflow/example_dags/example_skip_dag.py took 0.218 seconds
[2025-02-14 14:20:54,817] {processor.py:153} INFO - Started process (PID=3296) to work on /opt/conda/lib/python3.8/site-packages/airflow/example_dags/example_skip_dag.py
[2025-02-14 14:20:54,818] {processor.py:641} INFO - Processing file /opt/conda/lib/python3.8/site-packages/airflow/example_dags/example_skip_dag.py for tasks to queue
[2025-02-14 14:20:54,819] {logging_mixin.py:115} INFO - [2025-02-14 14:20:54,819] {dagbag.py:508} INFO - Filling up the DagBag from /opt/conda/lib/python3.8/site-packages/airflow/example_dags/example_skip_dag.py
[2025-02-14 14:20:54,824] {processor.py:651} INFO - DAG(s) dict_keys(['example_skip_dag']) retrieved from /opt/conda/lib/python3.8/site-packages/airflow/example_dags/example_skip_dag.py
[2025-02-14 14:20:54,969] {logging_mixin.py:115} INFO - [2025-02-14 14:20:54,969] {dag.py:2420} INFO - Sync 1 DAGs
[2025-02-14 14:20:54,981] {logging_mixin.py:115} INFO - [2025-02-14 14:20:54,980] {dag.py:2968} INFO - Setting next_dagrun for example_skip_dag to 2025-02-13T14:20:54.980777+00:00, run_after=2025-02-14T14:20:54.980777+00:00
[2025-02-14 14:20:55,001] {processor.py:161} INFO - Processing /opt/conda/lib/python3.8/site-packages/airflow/example_dags/example_skip_dag.py took 0.187 seconds
[2025-02-14 14:21:42,249] {processor.py:153} INFO - Started process (PID=3352) to work on /opt/conda/lib/python3.8/site-packages/airflow/example_dags/example_skip_dag.py
[2025-02-14 14:21:42,250] {processor.py:641} INFO - Processing file /opt/conda/lib/python3.8/site-packages/airflow/example_dags/example_skip_dag.py for tasks to queue
[2025-02-14 14:21:42,250] {logging_mixin.py:115} INFO - [2025-02-14 14:21:42,250] {dagbag.py:508} INFO - Filling up the DagBag from /opt/conda/lib/python3.8/site-packages/airflow/example_dags/example_skip_dag.py
[2025-02-14 14:21:42,256] {processor.py:651} INFO - DAG(s) dict_keys(['example_skip_dag']) retrieved from /opt/conda/lib/python3.8/site-packages/airflow/example_dags/example_skip_dag.py
[2025-02-14 14:21:42,407] {logging_mixin.py:115} INFO - [2025-02-14 14:21:42,407] {dag.py:2420} INFO - Sync 1 DAGs
[2025-02-14 14:21:42,420] {logging_mixin.py:115} INFO - [2025-02-14 14:21:42,419] {dag.py:2968} INFO - Setting next_dagrun for example_skip_dag to 2025-02-13T14:21:42.419760+00:00, run_after=2025-02-14T14:21:42.419760+00:00
[2025-02-14 14:21:42,440] {processor.py:161} INFO - Processing /opt/conda/lib/python3.8/site-packages/airflow/example_dags/example_skip_dag.py took 0.194 seconds
[2025-02-14 14:22:27,385] {processor.py:153} INFO - Started process (PID=3415) to work on /opt/conda/lib/python3.8/site-packages/airflow/example_dags/example_skip_dag.py
[2025-02-14 14:22:27,386] {processor.py:641} INFO - Processing file /opt/conda/lib/python3.8/site-packages/airflow/example_dags/example_skip_dag.py for tasks to queue
[2025-02-14 14:22:27,387] {logging_mixin.py:115} INFO - [2025-02-14 14:22:27,387] {dagbag.py:508} INFO - Filling up the DagBag from /opt/conda/lib/python3.8/site-packages/airflow/example_dags/example_skip_dag.py
[2025-02-14 14:22:27,392] {processor.py:651} INFO - DAG(s) dict_keys(['example_skip_dag']) retrieved from /opt/conda/lib/python3.8/site-packages/airflow/example_dags/example_skip_dag.py
[2025-02-14 14:22:27,547] {logging_mixin.py:115} INFO - [2025-02-14 14:22:27,546] {dag.py:2420} INFO - Sync 1 DAGs
[2025-02-14 14:22:27,558] {logging_mixin.py:115} INFO - [2025-02-14 14:22:27,558] {dag.py:2968} INFO - Setting next_dagrun for example_skip_dag to 2025-02-13T14:22:27.558628+00:00, run_after=2025-02-14T14:22:27.558628+00:00
[2025-02-14 14:22:27,577] {processor.py:161} INFO - Processing /opt/conda/lib/python3.8/site-packages/airflow/example_dags/example_skip_dag.py took 0.195 seconds
[2025-02-14 14:23:43,773] {processor.py:153} INFO - Started process (PID=3553) to work on /opt/conda/lib/python3.8/site-packages/airflow/example_dags/example_skip_dag.py
[2025-02-14 14:23:43,774] {processor.py:641} INFO - Processing file /opt/conda/lib/python3.8/site-packages/airflow/example_dags/example_skip_dag.py for tasks to queue
[2025-02-14 14:23:43,774] {logging_mixin.py:115} INFO - [2025-02-14 14:23:43,774] {dagbag.py:508} INFO - Filling up the DagBag from /opt/conda/lib/python3.8/site-packages/airflow/example_dags/example_skip_dag.py
[2025-02-14 14:23:43,780] {processor.py:651} INFO - DAG(s) dict_keys(['example_skip_dag']) retrieved from /opt/conda/lib/python3.8/site-packages/airflow/example_dags/example_skip_dag.py
[2025-02-14 14:23:43,916] {logging_mixin.py:115} INFO - [2025-02-14 14:23:43,916] {dag.py:2420} INFO - Sync 1 DAGs
[2025-02-14 14:23:43,927] {logging_mixin.py:115} INFO - [2025-02-14 14:23:43,927] {dag.py:2968} INFO - Setting next_dagrun for example_skip_dag to 2025-02-13T14:23:43.927413+00:00, run_after=2025-02-14T14:23:43.927413+00:00
[2025-02-14 14:23:43,948] {processor.py:161} INFO - Processing /opt/conda/lib/python3.8/site-packages/airflow/example_dags/example_skip_dag.py took 0.178 seconds
[2025-02-14 14:24:25,997] {processor.py:153} INFO - Started process (PID=3607) to work on /opt/conda/lib/python3.8/site-packages/airflow/example_dags/example_skip_dag.py
[2025-02-14 14:24:25,999] {processor.py:641} INFO - Processing file /opt/conda/lib/python3.8/site-packages/airflow/example_dags/example_skip_dag.py for tasks to queue
[2025-02-14 14:24:25,999] {logging_mixin.py:115} INFO - [2025-02-14 14:24:25,999] {dagbag.py:508} INFO - Filling up the DagBag from /opt/conda/lib/python3.8/site-packages/airflow/example_dags/example_skip_dag.py
[2025-02-14 14:24:26,005] {processor.py:651} INFO - DAG(s) dict_keys(['example_skip_dag']) retrieved from /opt/conda/lib/python3.8/site-packages/airflow/example_dags/example_skip_dag.py
[2025-02-14 14:24:26,142] {logging_mixin.py:115} INFO - [2025-02-14 14:24:26,142] {dag.py:2420} INFO - Sync 1 DAGs
[2025-02-14 14:24:26,153] {logging_mixin.py:115} INFO - [2025-02-14 14:24:26,153] {dag.py:2968} INFO - Setting next_dagrun for example_skip_dag to 2025-02-13T14:24:26.153483+00:00, run_after=2025-02-14T14:24:26.153483+00:00
[2025-02-14 14:24:26,173] {processor.py:161} INFO - Processing /opt/conda/lib/python3.8/site-packages/airflow/example_dags/example_skip_dag.py took 0.179 seconds
[2025-02-14 14:25:11,513] {processor.py:153} INFO - Started process (PID=3661) to work on /opt/conda/lib/python3.8/site-packages/airflow/example_dags/example_skip_dag.py
[2025-02-14 14:25:11,515] {processor.py:641} INFO - Processing file /opt/conda/lib/python3.8/site-packages/airflow/example_dags/example_skip_dag.py for tasks to queue
[2025-02-14 14:25:11,515] {logging_mixin.py:115} INFO - [2025-02-14 14:25:11,515] {dagbag.py:508} INFO - Filling up the DagBag from /opt/conda/lib/python3.8/site-packages/airflow/example_dags/example_skip_dag.py
[2025-02-14 14:25:11,520] {processor.py:651} INFO - DAG(s) dict_keys(['example_skip_dag']) retrieved from /opt/conda/lib/python3.8/site-packages/airflow/example_dags/example_skip_dag.py
[2025-02-14 14:25:11,656] {logging_mixin.py:115} INFO - [2025-02-14 14:25:11,656] {dag.py:2420} INFO - Sync 1 DAGs
[2025-02-14 14:25:11,667] {logging_mixin.py:115} INFO - [2025-02-14 14:25:11,667] {dag.py:2968} INFO - Setting next_dagrun for example_skip_dag to 2025-02-13T14:25:11.667561+00:00, run_after=2025-02-14T14:25:11.667561+00:00
[2025-02-14 14:25:11,698] {processor.py:161} INFO - Processing /opt/conda/lib/python3.8/site-packages/airflow/example_dags/example_skip_dag.py took 0.187 seconds
[2025-02-14 14:25:55,141] {processor.py:153} INFO - Started process (PID=3715) to work on /opt/conda/lib/python3.8/site-packages/airflow/example_dags/example_skip_dag.py
[2025-02-14 14:25:55,142] {processor.py:641} INFO - Processing file /opt/conda/lib/python3.8/site-packages/airflow/example_dags/example_skip_dag.py for tasks to queue
[2025-02-14 14:25:55,143] {logging_mixin.py:115} INFO - [2025-02-14 14:25:55,143] {dagbag.py:508} INFO - Filling up the DagBag from /opt/conda/lib/python3.8/site-packages/airflow/example_dags/example_skip_dag.py
[2025-02-14 14:25:55,148] {processor.py:651} INFO - DAG(s) dict_keys(['example_skip_dag']) retrieved from /opt/conda/lib/python3.8/site-packages/airflow/example_dags/example_skip_dag.py
[2025-02-14 14:25:55,291] {logging_mixin.py:115} INFO - [2025-02-14 14:25:55,291] {dag.py:2420} INFO - Sync 1 DAGs
[2025-02-14 14:25:55,302] {logging_mixin.py:115} INFO - [2025-02-14 14:25:55,302] {dag.py:2968} INFO - Setting next_dagrun for example_skip_dag to 2025-02-13T14:25:55.302698+00:00, run_after=2025-02-14T14:25:55.302698+00:00
[2025-02-14 14:25:55,323] {processor.py:161} INFO - Processing /opt/conda/lib/python3.8/site-packages/airflow/example_dags/example_skip_dag.py took 0.185 seconds
[2025-02-14 14:26:38,048] {processor.py:153} INFO - Started process (PID=3769) to work on /opt/conda/lib/python3.8/site-packages/airflow/example_dags/example_skip_dag.py
[2025-02-14 14:26:38,072] {processor.py:641} INFO - Processing file /opt/conda/lib/python3.8/site-packages/airflow/example_dags/example_skip_dag.py for tasks to queue
[2025-02-14 14:26:38,073] {logging_mixin.py:115} INFO - [2025-02-14 14:26:38,073] {dagbag.py:508} INFO - Filling up the DagBag from /opt/conda/lib/python3.8/site-packages/airflow/example_dags/example_skip_dag.py
[2025-02-14 14:26:38,078] {processor.py:651} INFO - DAG(s) dict_keys(['example_skip_dag']) retrieved from /opt/conda/lib/python3.8/site-packages/airflow/example_dags/example_skip_dag.py
[2025-02-14 14:26:38,218] {logging_mixin.py:115} INFO - [2025-02-14 14:26:38,218] {dag.py:2420} INFO - Sync 1 DAGs
[2025-02-14 14:26:38,230] {logging_mixin.py:115} INFO - [2025-02-14 14:26:38,230] {dag.py:2968} INFO - Setting next_dagrun for example_skip_dag to 2025-02-13T14:26:38.230669+00:00, run_after=2025-02-14T14:26:38.230669+00:00
[2025-02-14 14:26:38,252] {processor.py:161} INFO - Processing /opt/conda/lib/python3.8/site-packages/airflow/example_dags/example_skip_dag.py took 0.207 seconds
[2025-02-14 14:27:22,890] {processor.py:153} INFO - Started process (PID=3822) to work on /opt/conda/lib/python3.8/site-packages/airflow/example_dags/example_skip_dag.py
[2025-02-14 14:27:23,034] {processor.py:641} INFO - Processing file /opt/conda/lib/python3.8/site-packages/airflow/example_dags/example_skip_dag.py for tasks to queue
[2025-02-14 14:27:23,035] {logging_mixin.py:115} INFO - [2025-02-14 14:27:23,035] {dagbag.py:508} INFO - Filling up the DagBag from /opt/conda/lib/python3.8/site-packages/airflow/example_dags/example_skip_dag.py
[2025-02-14 14:27:23,040] {processor.py:651} INFO - DAG(s) dict_keys(['example_skip_dag']) retrieved from /opt/conda/lib/python3.8/site-packages/airflow/example_dags/example_skip_dag.py
[2025-02-14 14:27:23,179] {logging_mixin.py:115} INFO - [2025-02-14 14:27:23,179] {dag.py:2420} INFO - Sync 1 DAGs
[2025-02-14 14:27:23,190] {logging_mixin.py:115} INFO - [2025-02-14 14:27:23,190] {dag.py:2968} INFO - Setting next_dagrun for example_skip_dag to 2025-02-13T14:27:23.190401+00:00, run_after=2025-02-14T14:27:23.190401+00:00
[2025-02-14 14:27:23,209] {processor.py:161} INFO - Processing /opt/conda/lib/python3.8/site-packages/airflow/example_dags/example_skip_dag.py took 0.322 seconds
[2025-02-14 14:28:10,692] {processor.py:153} INFO - Started process (PID=3894) to work on /opt/conda/lib/python3.8/site-packages/airflow/example_dags/example_skip_dag.py
[2025-02-14 14:28:10,831] {processor.py:641} INFO - Processing file /opt/conda/lib/python3.8/site-packages/airflow/example_dags/example_skip_dag.py for tasks to queue
[2025-02-14 14:28:10,832] {logging_mixin.py:115} INFO - [2025-02-14 14:28:10,832] {dagbag.py:508} INFO - Filling up the DagBag from /opt/conda/lib/python3.8/site-packages/airflow/example_dags/example_skip_dag.py
[2025-02-14 14:28:10,837] {processor.py:651} INFO - DAG(s) dict_keys(['example_skip_dag']) retrieved from /opt/conda/lib/python3.8/site-packages/airflow/example_dags/example_skip_dag.py
[2025-02-14 14:28:10,974] {logging_mixin.py:115} INFO - [2025-02-14 14:28:10,974] {dag.py:2420} INFO - Sync 1 DAGs
[2025-02-14 14:28:10,986] {logging_mixin.py:115} INFO - [2025-02-14 14:28:10,986] {dag.py:2968} INFO - Setting next_dagrun for example_skip_dag to 2025-02-13T14:28:10.985982+00:00, run_after=2025-02-14T14:28:10.985982+00:00
[2025-02-14 14:28:11,005] {processor.py:161} INFO - Processing /opt/conda/lib/python3.8/site-packages/airflow/example_dags/example_skip_dag.py took 0.316 seconds
[2025-02-14 14:28:54,745] {processor.py:153} INFO - Started process (PID=3948) to work on /opt/conda/lib/python3.8/site-packages/airflow/example_dags/example_skip_dag.py
[2025-02-14 14:28:54,755] {processor.py:641} INFO - Processing file /opt/conda/lib/python3.8/site-packages/airflow/example_dags/example_skip_dag.py for tasks to queue
[2025-02-14 14:28:54,756] {logging_mixin.py:115} INFO - [2025-02-14 14:28:54,756] {dagbag.py:508} INFO - Filling up the DagBag from /opt/conda/lib/python3.8/site-packages/airflow/example_dags/example_skip_dag.py
[2025-02-14 14:28:54,762] {processor.py:651} INFO - DAG(s) dict_keys(['example_skip_dag']) retrieved from /opt/conda/lib/python3.8/site-packages/airflow/example_dags/example_skip_dag.py
[2025-02-14 14:28:54,778] {logging_mixin.py:115} INFO - [2025-02-14 14:28:54,778] {dag.py:2420} INFO - Sync 1 DAGs
[2025-02-14 14:28:54,796] {logging_mixin.py:115} INFO - [2025-02-14 14:28:54,796] {dag.py:2968} INFO - Setting next_dagrun for example_skip_dag to 2025-02-13T14:28:54.796462+00:00, run_after=2025-02-14T14:28:54.796462+00:00
[2025-02-14 14:28:54,819] {processor.py:161} INFO - Processing /opt/conda/lib/python3.8/site-packages/airflow/example_dags/example_skip_dag.py took 0.078 seconds
[2025-02-14 14:29:29,974] {processor.py:153} INFO - Started process (PID=3999) to work on /opt/conda/lib/python3.8/site-packages/airflow/example_dags/example_skip_dag.py
[2025-02-14 14:29:30,089] {processor.py:641} INFO - Processing file /opt/conda/lib/python3.8/site-packages/airflow/example_dags/example_skip_dag.py for tasks to queue
[2025-02-14 14:29:30,090] {logging_mixin.py:115} INFO - [2025-02-14 14:29:30,090] {dagbag.py:508} INFO - Filling up the DagBag from /opt/conda/lib/python3.8/site-packages/airflow/example_dags/example_skip_dag.py
[2025-02-14 14:29:30,096] {processor.py:651} INFO - DAG(s) dict_keys(['example_skip_dag']) retrieved from /opt/conda/lib/python3.8/site-packages/airflow/example_dags/example_skip_dag.py
[2025-02-14 14:29:30,113] {logging_mixin.py:115} INFO - [2025-02-14 14:29:30,113] {dag.py:2420} INFO - Sync 1 DAGs
[2025-02-14 14:29:30,131] {logging_mixin.py:115} INFO - [2025-02-14 14:29:30,131] {dag.py:2968} INFO - Setting next_dagrun for example_skip_dag to 2025-02-13T14:29:30.131168+00:00, run_after=2025-02-14T14:29:30.131168+00:00
[2025-02-14 14:29:30,153] {processor.py:161} INFO - Processing /opt/conda/lib/python3.8/site-packages/airflow/example_dags/example_skip_dag.py took 0.182 seconds
[2025-02-14 14:30:12,445] {processor.py:153} INFO - Started process (PID=4055) to work on /opt/conda/lib/python3.8/site-packages/airflow/example_dags/example_skip_dag.py
[2025-02-14 14:30:12,535] {processor.py:641} INFO - Processing file /opt/conda/lib/python3.8/site-packages/airflow/example_dags/example_skip_dag.py for tasks to queue
[2025-02-14 14:30:12,536] {logging_mixin.py:115} INFO - [2025-02-14 14:30:12,536] {dagbag.py:508} INFO - Filling up the DagBag from /opt/conda/lib/python3.8/site-packages/airflow/example_dags/example_skip_dag.py
[2025-02-14 14:30:12,542] {processor.py:651} INFO - DAG(s) dict_keys(['example_skip_dag']) retrieved from /opt/conda/lib/python3.8/site-packages/airflow/example_dags/example_skip_dag.py
[2025-02-14 14:30:12,559] {logging_mixin.py:115} INFO - [2025-02-14 14:30:12,559] {dag.py:2420} INFO - Sync 1 DAGs
[2025-02-14 14:30:12,577] {logging_mixin.py:115} INFO - [2025-02-14 14:30:12,577] {dag.py:2968} INFO - Setting next_dagrun for example_skip_dag to 2025-02-13T14:30:12.576820+00:00, run_after=2025-02-14T14:30:12.576820+00:00
[2025-02-14 14:30:12,598] {processor.py:161} INFO - Processing /opt/conda/lib/python3.8/site-packages/airflow/example_dags/example_skip_dag.py took 0.156 seconds
[2025-02-14 14:30:49,236] {processor.py:153} INFO - Started process (PID=4107) to work on /opt/conda/lib/python3.8/site-packages/airflow/example_dags/example_skip_dag.py
[2025-02-14 14:30:49,240] {processor.py:641} INFO - Processing file /opt/conda/lib/python3.8/site-packages/airflow/example_dags/example_skip_dag.py for tasks to queue
[2025-02-14 14:30:49,240] {logging_mixin.py:115} INFO - [2025-02-14 14:30:49,240] {dagbag.py:508} INFO - Filling up the DagBag from /opt/conda/lib/python3.8/site-packages/airflow/example_dags/example_skip_dag.py
[2025-02-14 14:30:49,246] {processor.py:651} INFO - DAG(s) dict_keys(['example_skip_dag']) retrieved from /opt/conda/lib/python3.8/site-packages/airflow/example_dags/example_skip_dag.py
[2025-02-14 14:30:49,262] {logging_mixin.py:115} INFO - [2025-02-14 14:30:49,262] {dag.py:2420} INFO - Sync 1 DAGs
[2025-02-14 14:30:49,280] {logging_mixin.py:115} INFO - [2025-02-14 14:30:49,280] {dag.py:2968} INFO - Setting next_dagrun for example_skip_dag to 2025-02-13T14:30:49.280449+00:00, run_after=2025-02-14T14:30:49.280449+00:00
[2025-02-14 14:30:49,302] {processor.py:161} INFO - Processing /opt/conda/lib/python3.8/site-packages/airflow/example_dags/example_skip_dag.py took 0.068 seconds
[2025-02-14 14:31:27,237] {processor.py:153} INFO - Started process (PID=4161) to work on /opt/conda/lib/python3.8/site-packages/airflow/example_dags/example_skip_dag.py
[2025-02-14 14:31:27,733] {processor.py:641} INFO - Processing file /opt/conda/lib/python3.8/site-packages/airflow/example_dags/example_skip_dag.py for tasks to queue
[2025-02-14 14:31:27,733] {logging_mixin.py:115} INFO - [2025-02-14 14:31:27,733] {dagbag.py:508} INFO - Filling up the DagBag from /opt/conda/lib/python3.8/site-packages/airflow/example_dags/example_skip_dag.py
[2025-02-14 14:31:27,739] {processor.py:651} INFO - DAG(s) dict_keys(['example_skip_dag']) retrieved from /opt/conda/lib/python3.8/site-packages/airflow/example_dags/example_skip_dag.py
[2025-02-14 14:31:27,756] {logging_mixin.py:115} INFO - [2025-02-14 14:31:27,756] {dag.py:2420} INFO - Sync 1 DAGs
[2025-02-14 14:31:27,774] {logging_mixin.py:115} INFO - [2025-02-14 14:31:27,774] {dag.py:2968} INFO - Setting next_dagrun for example_skip_dag to 2025-02-13T14:31:27.773947+00:00, run_after=2025-02-14T14:31:27.773947+00:00
[2025-02-14 14:31:27,797] {processor.py:161} INFO - Processing /opt/conda/lib/python3.8/site-packages/airflow/example_dags/example_skip_dag.py took 0.563 seconds
[2025-02-14 14:33:24,472] {processor.py:153} INFO - Started process (PID=4355) to work on /opt/conda/lib/python3.8/site-packages/airflow/example_dags/example_skip_dag.py
[2025-02-14 14:33:24,473] {processor.py:641} INFO - Processing file /opt/conda/lib/python3.8/site-packages/airflow/example_dags/example_skip_dag.py for tasks to queue
[2025-02-14 14:33:24,474] {logging_mixin.py:115} INFO - [2025-02-14 14:33:24,474] {dagbag.py:508} INFO - Filling up the DagBag from /opt/conda/lib/python3.8/site-packages/airflow/example_dags/example_skip_dag.py
[2025-02-14 14:33:24,479] {processor.py:651} INFO - DAG(s) dict_keys(['example_skip_dag']) retrieved from /opt/conda/lib/python3.8/site-packages/airflow/example_dags/example_skip_dag.py
[2025-02-14 14:33:24,495] {logging_mixin.py:115} INFO - [2025-02-14 14:33:24,494] {dag.py:2420} INFO - Sync 1 DAGs
[2025-02-14 14:33:24,509] {logging_mixin.py:115} INFO - [2025-02-14 14:33:24,509] {dag.py:2968} INFO - Setting next_dagrun for example_skip_dag to 2025-02-13T14:33:24.509560+00:00, run_after=2025-02-14T14:33:24.509560+00:00
[2025-02-14 14:33:24,532] {processor.py:161} INFO - Processing /opt/conda/lib/python3.8/site-packages/airflow/example_dags/example_skip_dag.py took 0.063 seconds
[2025-02-14 14:34:05,669] {processor.py:153} INFO - Started process (PID=4409) to work on /opt/conda/lib/python3.8/site-packages/airflow/example_dags/example_skip_dag.py
[2025-02-14 14:34:05,671] {processor.py:641} INFO - Processing file /opt/conda/lib/python3.8/site-packages/airflow/example_dags/example_skip_dag.py for tasks to queue
[2025-02-14 14:34:05,671] {logging_mixin.py:115} INFO - [2025-02-14 14:34:05,671] {dagbag.py:508} INFO - Filling up the DagBag from /opt/conda/lib/python3.8/site-packages/airflow/example_dags/example_skip_dag.py
[2025-02-14 14:34:05,677] {processor.py:651} INFO - DAG(s) dict_keys(['example_skip_dag']) retrieved from /opt/conda/lib/python3.8/site-packages/airflow/example_dags/example_skip_dag.py
[2025-02-14 14:34:05,693] {logging_mixin.py:115} INFO - [2025-02-14 14:34:05,693] {dag.py:2420} INFO - Sync 1 DAGs
[2025-02-14 14:34:05,712] {logging_mixin.py:115} INFO - [2025-02-14 14:34:05,712] {dag.py:2968} INFO - Setting next_dagrun for example_skip_dag to 2025-02-13T14:34:05.711863+00:00, run_after=2025-02-14T14:34:05.711863+00:00
[2025-02-14 14:34:05,734] {processor.py:161} INFO - Processing /opt/conda/lib/python3.8/site-packages/airflow/example_dags/example_skip_dag.py took 0.067 seconds
[2025-02-14 14:34:51,781] {processor.py:153} INFO - Started process (PID=4468) to work on /opt/conda/lib/python3.8/site-packages/airflow/example_dags/example_skip_dag.py
[2025-02-14 14:34:51,782] {processor.py:641} INFO - Processing file /opt/conda/lib/python3.8/site-packages/airflow/example_dags/example_skip_dag.py for tasks to queue
[2025-02-14 14:34:51,783] {logging_mixin.py:115} INFO - [2025-02-14 14:34:51,783] {dagbag.py:508} INFO - Filling up the DagBag from /opt/conda/lib/python3.8/site-packages/airflow/example_dags/example_skip_dag.py
[2025-02-14 14:34:51,788] {processor.py:651} INFO - DAG(s) dict_keys(['example_skip_dag']) retrieved from /opt/conda/lib/python3.8/site-packages/airflow/example_dags/example_skip_dag.py
[2025-02-14 14:34:51,805] {logging_mixin.py:115} INFO - [2025-02-14 14:34:51,805] {dag.py:2420} INFO - Sync 1 DAGs
[2025-02-14 14:34:51,824] {logging_mixin.py:115} INFO - [2025-02-14 14:34:51,823] {dag.py:2968} INFO - Setting next_dagrun for example_skip_dag to 2025-02-13T14:34:51.823643+00:00, run_after=2025-02-14T14:34:51.823643+00:00
[2025-02-14 14:34:51,846] {processor.py:161} INFO - Processing /opt/conda/lib/python3.8/site-packages/airflow/example_dags/example_skip_dag.py took 0.069 seconds
[2025-02-14 14:35:30,392] {processor.py:153} INFO - Started process (PID=4522) to work on /opt/conda/lib/python3.8/site-packages/airflow/example_dags/example_skip_dag.py
[2025-02-14 14:35:30,393] {processor.py:641} INFO - Processing file /opt/conda/lib/python3.8/site-packages/airflow/example_dags/example_skip_dag.py for tasks to queue
[2025-02-14 14:35:30,394] {logging_mixin.py:115} INFO - [2025-02-14 14:35:30,394] {dagbag.py:508} INFO - Filling up the DagBag from /opt/conda/lib/python3.8/site-packages/airflow/example_dags/example_skip_dag.py
[2025-02-14 14:35:30,399] {processor.py:651} INFO - DAG(s) dict_keys(['example_skip_dag']) retrieved from /opt/conda/lib/python3.8/site-packages/airflow/example_dags/example_skip_dag.py
[2025-02-14 14:35:30,414] {logging_mixin.py:115} INFO - [2025-02-14 14:35:30,414] {dag.py:2420} INFO - Sync 1 DAGs
[2025-02-14 14:35:30,429] {logging_mixin.py:115} INFO - [2025-02-14 14:35:30,429] {dag.py:2968} INFO - Setting next_dagrun for example_skip_dag to 2025-02-13T14:35:30.429652+00:00, run_after=2025-02-14T14:35:30.429652+00:00
[2025-02-14 14:35:30,450] {processor.py:161} INFO - Processing /opt/conda/lib/python3.8/site-packages/airflow/example_dags/example_skip_dag.py took 0.060 seconds
[2025-02-14 14:36:10,249] {processor.py:153} INFO - Started process (PID=4575) to work on /opt/conda/lib/python3.8/site-packages/airflow/example_dags/example_skip_dag.py
[2025-02-14 14:36:10,250] {processor.py:641} INFO - Processing file /opt/conda/lib/python3.8/site-packages/airflow/example_dags/example_skip_dag.py for tasks to queue
[2025-02-14 14:36:10,251] {logging_mixin.py:115} INFO - [2025-02-14 14:36:10,250] {dagbag.py:508} INFO - Filling up the DagBag from /opt/conda/lib/python3.8/site-packages/airflow/example_dags/example_skip_dag.py
[2025-02-14 14:36:10,256] {processor.py:651} INFO - DAG(s) dict_keys(['example_skip_dag']) retrieved from /opt/conda/lib/python3.8/site-packages/airflow/example_dags/example_skip_dag.py
[2025-02-14 14:36:10,273] {logging_mixin.py:115} INFO - [2025-02-14 14:36:10,273] {dag.py:2420} INFO - Sync 1 DAGs
[2025-02-14 14:36:10,291] {logging_mixin.py:115} INFO - [2025-02-14 14:36:10,291] {dag.py:2968} INFO - Setting next_dagrun for example_skip_dag to 2025-02-13T14:36:10.291498+00:00, run_after=2025-02-14T14:36:10.291498+00:00
[2025-02-14 14:36:10,316] {processor.py:161} INFO - Processing /opt/conda/lib/python3.8/site-packages/airflow/example_dags/example_skip_dag.py took 0.071 seconds
[2025-02-14 14:37:01,244] {processor.py:153} INFO - Started process (PID=4653) to work on /opt/conda/lib/python3.8/site-packages/airflow/example_dags/example_skip_dag.py
[2025-02-14 14:37:01,246] {processor.py:641} INFO - Processing file /opt/conda/lib/python3.8/site-packages/airflow/example_dags/example_skip_dag.py for tasks to queue
[2025-02-14 14:37:01,246] {logging_mixin.py:115} INFO - [2025-02-14 14:37:01,246] {dagbag.py:508} INFO - Filling up the DagBag from /opt/conda/lib/python3.8/site-packages/airflow/example_dags/example_skip_dag.py
[2025-02-14 14:37:01,251] {processor.py:651} INFO - DAG(s) dict_keys(['example_skip_dag']) retrieved from /opt/conda/lib/python3.8/site-packages/airflow/example_dags/example_skip_dag.py
[2025-02-14 14:37:01,268] {logging_mixin.py:115} INFO - [2025-02-14 14:37:01,268] {dag.py:2420} INFO - Sync 1 DAGs
[2025-02-14 14:37:01,287] {logging_mixin.py:115} INFO - [2025-02-14 14:37:01,286] {dag.py:2968} INFO - Setting next_dagrun for example_skip_dag to 2025-02-13T14:37:01.286689+00:00, run_after=2025-02-14T14:37:01.286689+00:00
[2025-02-14 14:37:01,309] {processor.py:161} INFO - Processing /opt/conda/lib/python3.8/site-packages/airflow/example_dags/example_skip_dag.py took 0.068 seconds
[2025-02-14 14:42:15,981] {processor.py:153} INFO - Started process (PID=4769) to work on /opt/conda/lib/python3.8/site-packages/airflow/example_dags/example_skip_dag.py
[2025-02-14 14:42:15,982] {processor.py:641} INFO - Processing file /opt/conda/lib/python3.8/site-packages/airflow/example_dags/example_skip_dag.py for tasks to queue
[2025-02-14 14:42:15,983] {logging_mixin.py:115} INFO - [2025-02-14 14:42:15,983] {dagbag.py:508} INFO - Filling up the DagBag from /opt/conda/lib/python3.8/site-packages/airflow/example_dags/example_skip_dag.py
[2025-02-14 14:42:15,988] {processor.py:651} INFO - DAG(s) dict_keys(['example_skip_dag']) retrieved from /opt/conda/lib/python3.8/site-packages/airflow/example_dags/example_skip_dag.py
[2025-02-14 14:42:16,123] {logging_mixin.py:115} INFO - [2025-02-14 14:42:16,123] {dag.py:2420} INFO - Sync 1 DAGs
[2025-02-14 14:42:16,134] {logging_mixin.py:115} INFO - [2025-02-14 14:42:16,134] {dag.py:2968} INFO - Setting next_dagrun for example_skip_dag to 2025-02-13T14:42:16.134512+00:00, run_after=2025-02-14T14:42:16.134512+00:00
[2025-02-14 14:42:16,162] {processor.py:161} INFO - Processing /opt/conda/lib/python3.8/site-packages/airflow/example_dags/example_skip_dag.py took 0.185 seconds
