[2025-02-14 13:59:25,277] {processor.py:153} INFO - Started process (PID=1818) to work on /opt/conda/lib/python3.8/site-packages/airflow/example_dags/example_time_delta_sensor_async.py
[2025-02-14 13:59:25,277] {processor.py:641} INFO - Processing file /opt/conda/lib/python3.8/site-packages/airflow/example_dags/example_time_delta_sensor_async.py for tasks to queue
[2025-02-14 13:59:25,278] {logging_mixin.py:115} INFO - [2025-02-14 13:59:25,278] {dagbag.py:508} INFO - Filling up the DagBag from /opt/conda/lib/python3.8/site-packages/airflow/example_dags/example_time_delta_sensor_async.py
[2025-02-14 13:59:25,284] {processor.py:651} INFO - DAG(s) dict_keys(['example_time_delta_sensor_async']) retrieved from /opt/conda/lib/python3.8/site-packages/airflow/example_dags/example_time_delta_sensor_async.py
[2025-02-14 13:59:25,501] {logging_mixin.py:115} INFO - [2025-02-14 13:59:25,501] {manager.py:508} INFO - Created Permission View: can read on DAG:example_time_delta_sensor_async
[2025-02-14 13:59:25,519] {logging_mixin.py:115} INFO - [2025-02-14 13:59:25,519] {manager.py:508} INFO - Created Permission View: can delete on DAG:example_time_delta_sensor_async
[2025-02-14 13:59:25,535] {logging_mixin.py:115} INFO - [2025-02-14 13:59:25,535] {manager.py:508} INFO - Created Permission View: can edit on DAG:example_time_delta_sensor_async
[2025-02-14 13:59:25,535] {logging_mixin.py:115} INFO - [2025-02-14 13:59:25,535] {dag.py:2420} INFO - Sync 1 DAGs
[2025-02-14 13:59:25,540] {logging_mixin.py:115} INFO - [2025-02-14 13:59:25,540] {dag.py:2439} INFO - Creating ORM DAG for example_time_delta_sensor_async
[2025-02-14 13:59:25,549] {logging_mixin.py:115} INFO - [2025-02-14 13:59:25,549] {dag.py:2968} INFO - Setting next_dagrun for example_time_delta_sensor_async to None, run_after=None
[2025-02-14 13:59:25,574] {processor.py:161} INFO - Processing /opt/conda/lib/python3.8/site-packages/airflow/example_dags/example_time_delta_sensor_async.py took 0.300 seconds
[2025-02-14 14:00:10,408] {processor.py:153} INFO - Started process (PID=1855) to work on /opt/conda/lib/python3.8/site-packages/airflow/example_dags/example_time_delta_sensor_async.py
[2025-02-14 14:00:10,412] {processor.py:641} INFO - Processing file /opt/conda/lib/python3.8/site-packages/airflow/example_dags/example_time_delta_sensor_async.py for tasks to queue
[2025-02-14 14:00:10,412] {logging_mixin.py:115} INFO - [2025-02-14 14:00:10,412] {dagbag.py:508} INFO - Filling up the DagBag from /opt/conda/lib/python3.8/site-packages/airflow/example_dags/example_time_delta_sensor_async.py
[2025-02-14 14:00:10,418] {processor.py:651} INFO - DAG(s) dict_keys(['example_time_delta_sensor_async']) retrieved from /opt/conda/lib/python3.8/site-packages/airflow/example_dags/example_time_delta_sensor_async.py
[2025-02-14 14:00:10,588] {logging_mixin.py:115} INFO - [2025-02-14 14:00:10,588] {dag.py:2420} INFO - Sync 1 DAGs
[2025-02-14 14:00:10,603] {logging_mixin.py:115} INFO - [2025-02-14 14:00:10,603] {dag.py:2968} INFO - Setting next_dagrun for example_time_delta_sensor_async to None, run_after=None
[2025-02-14 14:00:10,623] {processor.py:161} INFO - Processing /opt/conda/lib/python3.8/site-packages/airflow/example_dags/example_time_delta_sensor_async.py took 0.218 seconds
[2025-02-14 14:00:46,157] {processor.py:153} INFO - Started process (PID=1883) to work on /opt/conda/lib/python3.8/site-packages/airflow/example_dags/example_time_delta_sensor_async.py
[2025-02-14 14:00:46,159] {processor.py:641} INFO - Processing file /opt/conda/lib/python3.8/site-packages/airflow/example_dags/example_time_delta_sensor_async.py for tasks to queue
[2025-02-14 14:00:46,160] {logging_mixin.py:115} INFO - [2025-02-14 14:00:46,160] {dagbag.py:508} INFO - Filling up the DagBag from /opt/conda/lib/python3.8/site-packages/airflow/example_dags/example_time_delta_sensor_async.py
[2025-02-14 14:00:46,165] {processor.py:651} INFO - DAG(s) dict_keys(['example_time_delta_sensor_async']) retrieved from /opt/conda/lib/python3.8/site-packages/airflow/example_dags/example_time_delta_sensor_async.py
[2025-02-14 14:00:46,320] {logging_mixin.py:115} INFO - [2025-02-14 14:00:46,320] {dag.py:2420} INFO - Sync 1 DAGs
[2025-02-14 14:00:46,331] {logging_mixin.py:115} INFO - [2025-02-14 14:00:46,331] {dag.py:2968} INFO - Setting next_dagrun for example_time_delta_sensor_async to None, run_after=None
[2025-02-14 14:00:46,350] {processor.py:161} INFO - Processing /opt/conda/lib/python3.8/site-packages/airflow/example_dags/example_time_delta_sensor_async.py took 0.196 seconds
[2025-02-14 14:01:27,553] {processor.py:153} INFO - Started process (PID=1920) to work on /opt/conda/lib/python3.8/site-packages/airflow/example_dags/example_time_delta_sensor_async.py
[2025-02-14 14:01:27,555] {processor.py:641} INFO - Processing file /opt/conda/lib/python3.8/site-packages/airflow/example_dags/example_time_delta_sensor_async.py for tasks to queue
[2025-02-14 14:01:27,555] {logging_mixin.py:115} INFO - [2025-02-14 14:01:27,555] {dagbag.py:508} INFO - Filling up the DagBag from /opt/conda/lib/python3.8/site-packages/airflow/example_dags/example_time_delta_sensor_async.py
[2025-02-14 14:01:27,561] {processor.py:651} INFO - DAG(s) dict_keys(['example_time_delta_sensor_async']) retrieved from /opt/conda/lib/python3.8/site-packages/airflow/example_dags/example_time_delta_sensor_async.py
[2025-02-14 14:01:27,713] {logging_mixin.py:115} INFO - [2025-02-14 14:01:27,712] {dag.py:2420} INFO - Sync 1 DAGs
[2025-02-14 14:01:27,724] {logging_mixin.py:115} INFO - [2025-02-14 14:01:27,724] {dag.py:2968} INFO - Setting next_dagrun for example_time_delta_sensor_async to None, run_after=None
[2025-02-14 14:01:27,744] {processor.py:161} INFO - Processing /opt/conda/lib/python3.8/site-packages/airflow/example_dags/example_time_delta_sensor_async.py took 0.194 seconds
[2025-02-14 14:02:07,946] {processor.py:153} INFO - Started process (PID=1957) to work on /opt/conda/lib/python3.8/site-packages/airflow/example_dags/example_time_delta_sensor_async.py
[2025-02-14 14:02:07,948] {processor.py:641} INFO - Processing file /opt/conda/lib/python3.8/site-packages/airflow/example_dags/example_time_delta_sensor_async.py for tasks to queue
[2025-02-14 14:02:07,948] {logging_mixin.py:115} INFO - [2025-02-14 14:02:07,948] {dagbag.py:508} INFO - Filling up the DagBag from /opt/conda/lib/python3.8/site-packages/airflow/example_dags/example_time_delta_sensor_async.py
[2025-02-14 14:02:07,954] {processor.py:651} INFO - DAG(s) dict_keys(['example_time_delta_sensor_async']) retrieved from /opt/conda/lib/python3.8/site-packages/airflow/example_dags/example_time_delta_sensor_async.py
[2025-02-14 14:02:08,105] {logging_mixin.py:115} INFO - [2025-02-14 14:02:08,105] {dag.py:2420} INFO - Sync 1 DAGs
[2025-02-14 14:02:08,116] {logging_mixin.py:115} INFO - [2025-02-14 14:02:08,116] {dag.py:2968} INFO - Setting next_dagrun for example_time_delta_sensor_async to None, run_after=None
[2025-02-14 14:02:08,138] {processor.py:161} INFO - Processing /opt/conda/lib/python3.8/site-packages/airflow/example_dags/example_time_delta_sensor_async.py took 0.195 seconds
[2025-02-14 14:02:41,610] {processor.py:153} INFO - Started process (PID=1988) to work on /opt/conda/lib/python3.8/site-packages/airflow/example_dags/example_time_delta_sensor_async.py
[2025-02-14 14:02:41,611] {processor.py:641} INFO - Processing file /opt/conda/lib/python3.8/site-packages/airflow/example_dags/example_time_delta_sensor_async.py for tasks to queue
[2025-02-14 14:02:41,612] {logging_mixin.py:115} INFO - [2025-02-14 14:02:41,612] {dagbag.py:508} INFO - Filling up the DagBag from /opt/conda/lib/python3.8/site-packages/airflow/example_dags/example_time_delta_sensor_async.py
[2025-02-14 14:02:41,617] {processor.py:651} INFO - DAG(s) dict_keys(['example_time_delta_sensor_async']) retrieved from /opt/conda/lib/python3.8/site-packages/airflow/example_dags/example_time_delta_sensor_async.py
[2025-02-14 14:02:41,773] {logging_mixin.py:115} INFO - [2025-02-14 14:02:41,773] {dag.py:2420} INFO - Sync 1 DAGs
[2025-02-14 14:02:41,785] {logging_mixin.py:115} INFO - [2025-02-14 14:02:41,785] {dag.py:2968} INFO - Setting next_dagrun for example_time_delta_sensor_async to None, run_after=None
[2025-02-14 14:02:41,803] {processor.py:161} INFO - Processing /opt/conda/lib/python3.8/site-packages/airflow/example_dags/example_time_delta_sensor_async.py took 0.196 seconds
[2025-02-14 14:03:16,421] {processor.py:153} INFO - Started process (PID=2018) to work on /opt/conda/lib/python3.8/site-packages/airflow/example_dags/example_time_delta_sensor_async.py
[2025-02-14 14:03:16,422] {processor.py:641} INFO - Processing file /opt/conda/lib/python3.8/site-packages/airflow/example_dags/example_time_delta_sensor_async.py for tasks to queue
[2025-02-14 14:03:16,423] {logging_mixin.py:115} INFO - [2025-02-14 14:03:16,423] {dagbag.py:508} INFO - Filling up the DagBag from /opt/conda/lib/python3.8/site-packages/airflow/example_dags/example_time_delta_sensor_async.py
[2025-02-14 14:03:16,428] {processor.py:651} INFO - DAG(s) dict_keys(['example_time_delta_sensor_async']) retrieved from /opt/conda/lib/python3.8/site-packages/airflow/example_dags/example_time_delta_sensor_async.py
[2025-02-14 14:03:16,572] {logging_mixin.py:115} INFO - [2025-02-14 14:03:16,572] {dag.py:2420} INFO - Sync 1 DAGs
[2025-02-14 14:03:16,583] {logging_mixin.py:115} INFO - [2025-02-14 14:03:16,583] {dag.py:2968} INFO - Setting next_dagrun for example_time_delta_sensor_async to None, run_after=None
[2025-02-14 14:03:16,602] {processor.py:161} INFO - Processing /opt/conda/lib/python3.8/site-packages/airflow/example_dags/example_time_delta_sensor_async.py took 0.184 seconds
[2025-02-14 14:03:54,992] {processor.py:153} INFO - Started process (PID=2061) to work on /opt/conda/lib/python3.8/site-packages/airflow/example_dags/example_time_delta_sensor_async.py
[2025-02-14 14:03:54,993] {processor.py:641} INFO - Processing file /opt/conda/lib/python3.8/site-packages/airflow/example_dags/example_time_delta_sensor_async.py for tasks to queue
[2025-02-14 14:03:54,994] {logging_mixin.py:115} INFO - [2025-02-14 14:03:54,994] {dagbag.py:508} INFO - Filling up the DagBag from /opt/conda/lib/python3.8/site-packages/airflow/example_dags/example_time_delta_sensor_async.py
[2025-02-14 14:03:54,999] {processor.py:651} INFO - DAG(s) dict_keys(['example_time_delta_sensor_async']) retrieved from /opt/conda/lib/python3.8/site-packages/airflow/example_dags/example_time_delta_sensor_async.py
[2025-02-14 14:03:55,145] {logging_mixin.py:115} INFO - [2025-02-14 14:03:55,145] {dag.py:2420} INFO - Sync 1 DAGs
[2025-02-14 14:03:55,156] {logging_mixin.py:115} INFO - [2025-02-14 14:03:55,156] {dag.py:2968} INFO - Setting next_dagrun for example_time_delta_sensor_async to None, run_after=None
[2025-02-14 14:03:55,174] {processor.py:161} INFO - Processing /opt/conda/lib/python3.8/site-packages/airflow/example_dags/example_time_delta_sensor_async.py took 0.185 seconds
[2025-02-14 14:05:11,621] {processor.py:153} INFO - Started process (PID=2162) to work on /opt/conda/lib/python3.8/site-packages/airflow/example_dags/example_time_delta_sensor_async.py
[2025-02-14 14:05:11,622] {processor.py:641} INFO - Processing file /opt/conda/lib/python3.8/site-packages/airflow/example_dags/example_time_delta_sensor_async.py for tasks to queue
[2025-02-14 14:05:11,622] {logging_mixin.py:115} INFO - [2025-02-14 14:05:11,622] {dagbag.py:508} INFO - Filling up the DagBag from /opt/conda/lib/python3.8/site-packages/airflow/example_dags/example_time_delta_sensor_async.py
[2025-02-14 14:05:11,627] {processor.py:651} INFO - DAG(s) dict_keys(['example_time_delta_sensor_async']) retrieved from /opt/conda/lib/python3.8/site-packages/airflow/example_dags/example_time_delta_sensor_async.py
[2025-02-14 14:05:11,767] {logging_mixin.py:115} INFO - [2025-02-14 14:05:11,767] {dag.py:2420} INFO - Sync 1 DAGs
[2025-02-14 14:05:11,778] {logging_mixin.py:115} INFO - [2025-02-14 14:05:11,778] {dag.py:2968} INFO - Setting next_dagrun for example_time_delta_sensor_async to None, run_after=None
[2025-02-14 14:05:11,798] {processor.py:161} INFO - Processing /opt/conda/lib/python3.8/site-packages/airflow/example_dags/example_time_delta_sensor_async.py took 0.180 seconds
[2025-02-14 14:05:55,135] {processor.py:153} INFO - Started process (PID=2216) to work on /opt/conda/lib/python3.8/site-packages/airflow/example_dags/example_time_delta_sensor_async.py
[2025-02-14 14:05:55,136] {processor.py:641} INFO - Processing file /opt/conda/lib/python3.8/site-packages/airflow/example_dags/example_time_delta_sensor_async.py for tasks to queue
[2025-02-14 14:05:55,137] {logging_mixin.py:115} INFO - [2025-02-14 14:05:55,137] {dagbag.py:508} INFO - Filling up the DagBag from /opt/conda/lib/python3.8/site-packages/airflow/example_dags/example_time_delta_sensor_async.py
[2025-02-14 14:05:55,142] {processor.py:651} INFO - DAG(s) dict_keys(['example_time_delta_sensor_async']) retrieved from /opt/conda/lib/python3.8/site-packages/airflow/example_dags/example_time_delta_sensor_async.py
[2025-02-14 14:05:55,304] {logging_mixin.py:115} INFO - [2025-02-14 14:05:55,304] {dag.py:2420} INFO - Sync 1 DAGs
[2025-02-14 14:05:55,320] {logging_mixin.py:115} INFO - [2025-02-14 14:05:55,319] {dag.py:2968} INFO - Setting next_dagrun for example_time_delta_sensor_async to None, run_after=None
[2025-02-14 14:05:55,343] {processor.py:161} INFO - Processing /opt/conda/lib/python3.8/site-packages/airflow/example_dags/example_time_delta_sensor_async.py took 0.211 seconds
[2025-02-14 14:06:38,945] {processor.py:153} INFO - Started process (PID=2270) to work on /opt/conda/lib/python3.8/site-packages/airflow/example_dags/example_time_delta_sensor_async.py
[2025-02-14 14:06:38,947] {processor.py:641} INFO - Processing file /opt/conda/lib/python3.8/site-packages/airflow/example_dags/example_time_delta_sensor_async.py for tasks to queue
[2025-02-14 14:06:38,947] {logging_mixin.py:115} INFO - [2025-02-14 14:06:38,947] {dagbag.py:508} INFO - Filling up the DagBag from /opt/conda/lib/python3.8/site-packages/airflow/example_dags/example_time_delta_sensor_async.py
[2025-02-14 14:06:38,953] {processor.py:651} INFO - DAG(s) dict_keys(['example_time_delta_sensor_async']) retrieved from /opt/conda/lib/python3.8/site-packages/airflow/example_dags/example_time_delta_sensor_async.py
[2025-02-14 14:06:39,124] {logging_mixin.py:115} INFO - [2025-02-14 14:06:39,124] {dag.py:2420} INFO - Sync 1 DAGs
[2025-02-14 14:06:39,136] {logging_mixin.py:115} INFO - [2025-02-14 14:06:39,136] {dag.py:2968} INFO - Setting next_dagrun for example_time_delta_sensor_async to None, run_after=None
[2025-02-14 14:06:39,155] {processor.py:161} INFO - Processing /opt/conda/lib/python3.8/site-packages/airflow/example_dags/example_time_delta_sensor_async.py took 0.213 seconds
[2025-02-14 14:07:28,789] {processor.py:153} INFO - Started process (PID=2311) to work on /opt/conda/lib/python3.8/site-packages/airflow/example_dags/example_time_delta_sensor_async.py
[2025-02-14 14:07:28,790] {processor.py:641} INFO - Processing file /opt/conda/lib/python3.8/site-packages/airflow/example_dags/example_time_delta_sensor_async.py for tasks to queue
[2025-02-14 14:07:28,791] {logging_mixin.py:115} INFO - [2025-02-14 14:07:28,791] {dagbag.py:508} INFO - Filling up the DagBag from /opt/conda/lib/python3.8/site-packages/airflow/example_dags/example_time_delta_sensor_async.py
[2025-02-14 14:07:28,796] {processor.py:651} INFO - DAG(s) dict_keys(['example_time_delta_sensor_async']) retrieved from /opt/conda/lib/python3.8/site-packages/airflow/example_dags/example_time_delta_sensor_async.py
[2025-02-14 14:07:28,949] {logging_mixin.py:115} INFO - [2025-02-14 14:07:28,949] {dag.py:2420} INFO - Sync 1 DAGs
[2025-02-14 14:07:28,960] {logging_mixin.py:115} INFO - [2025-02-14 14:07:28,960] {dag.py:2968} INFO - Setting next_dagrun for example_time_delta_sensor_async to None, run_after=None
[2025-02-14 14:07:28,979] {processor.py:161} INFO - Processing /opt/conda/lib/python3.8/site-packages/airflow/example_dags/example_time_delta_sensor_async.py took 0.193 seconds
[2025-02-14 14:08:12,137] {processor.py:153} INFO - Started process (PID=2350) to work on /opt/conda/lib/python3.8/site-packages/airflow/example_dags/example_time_delta_sensor_async.py
[2025-02-14 14:08:12,138] {processor.py:641} INFO - Processing file /opt/conda/lib/python3.8/site-packages/airflow/example_dags/example_time_delta_sensor_async.py for tasks to queue
[2025-02-14 14:08:12,139] {logging_mixin.py:115} INFO - [2025-02-14 14:08:12,139] {dagbag.py:508} INFO - Filling up the DagBag from /opt/conda/lib/python3.8/site-packages/airflow/example_dags/example_time_delta_sensor_async.py
[2025-02-14 14:08:12,144] {processor.py:651} INFO - DAG(s) dict_keys(['example_time_delta_sensor_async']) retrieved from /opt/conda/lib/python3.8/site-packages/airflow/example_dags/example_time_delta_sensor_async.py
[2025-02-14 14:08:12,287] {logging_mixin.py:115} INFO - [2025-02-14 14:08:12,287] {dag.py:2420} INFO - Sync 1 DAGs
[2025-02-14 14:08:12,299] {logging_mixin.py:115} INFO - [2025-02-14 14:08:12,298] {dag.py:2968} INFO - Setting next_dagrun for example_time_delta_sensor_async to None, run_after=None
[2025-02-14 14:08:12,319] {processor.py:161} INFO - Processing /opt/conda/lib/python3.8/site-packages/airflow/example_dags/example_time_delta_sensor_async.py took 0.185 seconds
[2025-02-14 14:09:06,037] {processor.py:153} INFO - Started process (PID=2420) to work on /opt/conda/lib/python3.8/site-packages/airflow/example_dags/example_time_delta_sensor_async.py
[2025-02-14 14:09:06,039] {processor.py:641} INFO - Processing file /opt/conda/lib/python3.8/site-packages/airflow/example_dags/example_time_delta_sensor_async.py for tasks to queue
[2025-02-14 14:09:06,039] {logging_mixin.py:115} INFO - [2025-02-14 14:09:06,039] {dagbag.py:508} INFO - Filling up the DagBag from /opt/conda/lib/python3.8/site-packages/airflow/example_dags/example_time_delta_sensor_async.py
[2025-02-14 14:09:06,045] {processor.py:651} INFO - DAG(s) dict_keys(['example_time_delta_sensor_async']) retrieved from /opt/conda/lib/python3.8/site-packages/airflow/example_dags/example_time_delta_sensor_async.py
[2025-02-14 14:09:06,188] {logging_mixin.py:115} INFO - [2025-02-14 14:09:06,188] {dag.py:2420} INFO - Sync 1 DAGs
[2025-02-14 14:09:06,200] {logging_mixin.py:115} INFO - [2025-02-14 14:09:06,200] {dag.py:2968} INFO - Setting next_dagrun for example_time_delta_sensor_async to None, run_after=None
[2025-02-14 14:09:06,219] {processor.py:161} INFO - Processing /opt/conda/lib/python3.8/site-packages/airflow/example_dags/example_time_delta_sensor_async.py took 0.185 seconds
[2025-02-14 14:09:48,353] {processor.py:153} INFO - Started process (PID=2458) to work on /opt/conda/lib/python3.8/site-packages/airflow/example_dags/example_time_delta_sensor_async.py
[2025-02-14 14:09:48,354] {processor.py:641} INFO - Processing file /opt/conda/lib/python3.8/site-packages/airflow/example_dags/example_time_delta_sensor_async.py for tasks to queue
[2025-02-14 14:09:48,355] {logging_mixin.py:115} INFO - [2025-02-14 14:09:48,355] {dagbag.py:508} INFO - Filling up the DagBag from /opt/conda/lib/python3.8/site-packages/airflow/example_dags/example_time_delta_sensor_async.py
[2025-02-14 14:09:48,360] {processor.py:651} INFO - DAG(s) dict_keys(['example_time_delta_sensor_async']) retrieved from /opt/conda/lib/python3.8/site-packages/airflow/example_dags/example_time_delta_sensor_async.py
[2025-02-14 14:09:48,511] {logging_mixin.py:115} INFO - [2025-02-14 14:09:48,511] {dag.py:2420} INFO - Sync 1 DAGs
[2025-02-14 14:09:48,523] {logging_mixin.py:115} INFO - [2025-02-14 14:09:48,523] {dag.py:2968} INFO - Setting next_dagrun for example_time_delta_sensor_async to None, run_after=None
[2025-02-14 14:09:48,543] {processor.py:161} INFO - Processing /opt/conda/lib/python3.8/site-packages/airflow/example_dags/example_time_delta_sensor_async.py took 0.193 seconds
[2025-02-14 14:10:28,621] {processor.py:153} INFO - Started process (PID=2492) to work on /opt/conda/lib/python3.8/site-packages/airflow/example_dags/example_time_delta_sensor_async.py
[2025-02-14 14:10:28,622] {processor.py:641} INFO - Processing file /opt/conda/lib/python3.8/site-packages/airflow/example_dags/example_time_delta_sensor_async.py for tasks to queue
[2025-02-14 14:10:28,623] {logging_mixin.py:115} INFO - [2025-02-14 14:10:28,622] {dagbag.py:508} INFO - Filling up the DagBag from /opt/conda/lib/python3.8/site-packages/airflow/example_dags/example_time_delta_sensor_async.py
[2025-02-14 14:10:28,628] {processor.py:651} INFO - DAG(s) dict_keys(['example_time_delta_sensor_async']) retrieved from /opt/conda/lib/python3.8/site-packages/airflow/example_dags/example_time_delta_sensor_async.py
[2025-02-14 14:10:28,777] {logging_mixin.py:115} INFO - [2025-02-14 14:10:28,777] {dag.py:2420} INFO - Sync 1 DAGs
[2025-02-14 14:10:28,789] {logging_mixin.py:115} INFO - [2025-02-14 14:10:28,789] {dag.py:2968} INFO - Setting next_dagrun for example_time_delta_sensor_async to None, run_after=None
[2025-02-14 14:10:28,808] {processor.py:161} INFO - Processing /opt/conda/lib/python3.8/site-packages/airflow/example_dags/example_time_delta_sensor_async.py took 0.190 seconds
[2025-02-14 14:11:15,285] {processor.py:153} INFO - Started process (PID=2533) to work on /opt/conda/lib/python3.8/site-packages/airflow/example_dags/example_time_delta_sensor_async.py
[2025-02-14 14:11:15,287] {processor.py:641} INFO - Processing file /opt/conda/lib/python3.8/site-packages/airflow/example_dags/example_time_delta_sensor_async.py for tasks to queue
[2025-02-14 14:11:15,287] {logging_mixin.py:115} INFO - [2025-02-14 14:11:15,287] {dagbag.py:508} INFO - Filling up the DagBag from /opt/conda/lib/python3.8/site-packages/airflow/example_dags/example_time_delta_sensor_async.py
[2025-02-14 14:11:15,293] {processor.py:651} INFO - DAG(s) dict_keys(['example_time_delta_sensor_async']) retrieved from /opt/conda/lib/python3.8/site-packages/airflow/example_dags/example_time_delta_sensor_async.py
[2025-02-14 14:11:15,519] {logging_mixin.py:115} INFO - [2025-02-14 14:11:15,518] {dag.py:2420} INFO - Sync 1 DAGs
[2025-02-14 14:11:15,537] {logging_mixin.py:115} INFO - [2025-02-14 14:11:15,537] {dag.py:2968} INFO - Setting next_dagrun for example_time_delta_sensor_async to None, run_after=None
[2025-02-14 14:11:15,560] {processor.py:161} INFO - Processing /opt/conda/lib/python3.8/site-packages/airflow/example_dags/example_time_delta_sensor_async.py took 0.278 seconds
[2025-02-14 14:11:58,864] {processor.py:153} INFO - Started process (PID=2587) to work on /opt/conda/lib/python3.8/site-packages/airflow/example_dags/example_time_delta_sensor_async.py
[2025-02-14 14:11:58,866] {processor.py:641} INFO - Processing file /opt/conda/lib/python3.8/site-packages/airflow/example_dags/example_time_delta_sensor_async.py for tasks to queue
[2025-02-14 14:11:58,866] {logging_mixin.py:115} INFO - [2025-02-14 14:11:58,866] {dagbag.py:508} INFO - Filling up the DagBag from /opt/conda/lib/python3.8/site-packages/airflow/example_dags/example_time_delta_sensor_async.py
[2025-02-14 14:11:58,872] {processor.py:651} INFO - DAG(s) dict_keys(['example_time_delta_sensor_async']) retrieved from /opt/conda/lib/python3.8/site-packages/airflow/example_dags/example_time_delta_sensor_async.py
[2025-02-14 14:11:59,020] {logging_mixin.py:115} INFO - [2025-02-14 14:11:59,020] {dag.py:2420} INFO - Sync 1 DAGs
[2025-02-14 14:11:59,031] {logging_mixin.py:115} INFO - [2025-02-14 14:11:59,031] {dag.py:2968} INFO - Setting next_dagrun for example_time_delta_sensor_async to None, run_after=None
[2025-02-14 14:11:59,051] {processor.py:161} INFO - Processing /opt/conda/lib/python3.8/site-packages/airflow/example_dags/example_time_delta_sensor_async.py took 0.190 seconds
[2025-02-14 14:12:36,829] {processor.py:153} INFO - Started process (PID=2637) to work on /opt/conda/lib/python3.8/site-packages/airflow/example_dags/example_time_delta_sensor_async.py
[2025-02-14 14:12:36,830] {processor.py:641} INFO - Processing file /opt/conda/lib/python3.8/site-packages/airflow/example_dags/example_time_delta_sensor_async.py for tasks to queue
[2025-02-14 14:12:36,831] {logging_mixin.py:115} INFO - [2025-02-14 14:12:36,830] {dagbag.py:508} INFO - Filling up the DagBag from /opt/conda/lib/python3.8/site-packages/airflow/example_dags/example_time_delta_sensor_async.py
[2025-02-14 14:12:36,836] {processor.py:651} INFO - DAG(s) dict_keys(['example_time_delta_sensor_async']) retrieved from /opt/conda/lib/python3.8/site-packages/airflow/example_dags/example_time_delta_sensor_async.py
[2025-02-14 14:12:36,999] {logging_mixin.py:115} INFO - [2025-02-14 14:12:36,999] {dag.py:2420} INFO - Sync 1 DAGs
[2025-02-14 14:12:37,010] {logging_mixin.py:115} INFO - [2025-02-14 14:12:37,010] {dag.py:2968} INFO - Setting next_dagrun for example_time_delta_sensor_async to None, run_after=None
[2025-02-14 14:12:37,028] {processor.py:161} INFO - Processing /opt/conda/lib/python3.8/site-packages/airflow/example_dags/example_time_delta_sensor_async.py took 0.202 seconds
[2025-02-14 14:13:19,672] {processor.py:153} INFO - Started process (PID=2706) to work on /opt/conda/lib/python3.8/site-packages/airflow/example_dags/example_time_delta_sensor_async.py
[2025-02-14 14:13:19,768] {processor.py:641} INFO - Processing file /opt/conda/lib/python3.8/site-packages/airflow/example_dags/example_time_delta_sensor_async.py for tasks to queue
[2025-02-14 14:13:19,768] {logging_mixin.py:115} INFO - [2025-02-14 14:13:19,768] {dagbag.py:508} INFO - Filling up the DagBag from /opt/conda/lib/python3.8/site-packages/airflow/example_dags/example_time_delta_sensor_async.py
[2025-02-14 14:13:19,774] {processor.py:651} INFO - DAG(s) dict_keys(['example_time_delta_sensor_async']) retrieved from /opt/conda/lib/python3.8/site-packages/airflow/example_dags/example_time_delta_sensor_async.py
[2025-02-14 14:13:19,928] {logging_mixin.py:115} INFO - [2025-02-14 14:13:19,928] {dag.py:2420} INFO - Sync 1 DAGs
[2025-02-14 14:13:19,940] {logging_mixin.py:115} INFO - [2025-02-14 14:13:19,940] {dag.py:2968} INFO - Setting next_dagrun for example_time_delta_sensor_async to None, run_after=None
[2025-02-14 14:13:19,958] {processor.py:161} INFO - Processing /opt/conda/lib/python3.8/site-packages/airflow/example_dags/example_time_delta_sensor_async.py took 0.289 seconds
[2025-02-14 14:14:02,348] {processor.py:153} INFO - Started process (PID=2759) to work on /opt/conda/lib/python3.8/site-packages/airflow/example_dags/example_time_delta_sensor_async.py
[2025-02-14 14:14:02,350] {processor.py:641} INFO - Processing file /opt/conda/lib/python3.8/site-packages/airflow/example_dags/example_time_delta_sensor_async.py for tasks to queue
[2025-02-14 14:14:02,351] {logging_mixin.py:115} INFO - [2025-02-14 14:14:02,351] {dagbag.py:508} INFO - Filling up the DagBag from /opt/conda/lib/python3.8/site-packages/airflow/example_dags/example_time_delta_sensor_async.py
[2025-02-14 14:14:02,356] {processor.py:651} INFO - DAG(s) dict_keys(['example_time_delta_sensor_async']) retrieved from /opt/conda/lib/python3.8/site-packages/airflow/example_dags/example_time_delta_sensor_async.py
[2025-02-14 14:14:02,391] {logging_mixin.py:115} INFO - [2025-02-14 14:14:02,391] {dag.py:2420} INFO - Sync 1 DAGs
[2025-02-14 14:14:02,409] {logging_mixin.py:115} INFO - [2025-02-14 14:14:02,409] {dag.py:2968} INFO - Setting next_dagrun for example_time_delta_sensor_async to None, run_after=None
[2025-02-14 14:14:02,431] {processor.py:161} INFO - Processing /opt/conda/lib/python3.8/site-packages/airflow/example_dags/example_time_delta_sensor_async.py took 0.085 seconds
[2025-02-14 14:14:40,965] {processor.py:153} INFO - Started process (PID=2811) to work on /opt/conda/lib/python3.8/site-packages/airflow/example_dags/example_time_delta_sensor_async.py
[2025-02-14 14:14:40,967] {processor.py:641} INFO - Processing file /opt/conda/lib/python3.8/site-packages/airflow/example_dags/example_time_delta_sensor_async.py for tasks to queue
[2025-02-14 14:14:40,968] {logging_mixin.py:115} INFO - [2025-02-14 14:14:40,967] {dagbag.py:508} INFO - Filling up the DagBag from /opt/conda/lib/python3.8/site-packages/airflow/example_dags/example_time_delta_sensor_async.py
[2025-02-14 14:14:40,973] {processor.py:651} INFO - DAG(s) dict_keys(['example_time_delta_sensor_async']) retrieved from /opt/conda/lib/python3.8/site-packages/airflow/example_dags/example_time_delta_sensor_async.py
[2025-02-14 14:14:41,007] {logging_mixin.py:115} INFO - [2025-02-14 14:14:41,007] {dag.py:2420} INFO - Sync 1 DAGs
[2025-02-14 14:14:41,025] {logging_mixin.py:115} INFO - [2025-02-14 14:14:41,025] {dag.py:2968} INFO - Setting next_dagrun for example_time_delta_sensor_async to None, run_after=None
[2025-02-14 14:14:41,046] {processor.py:161} INFO - Processing /opt/conda/lib/python3.8/site-packages/airflow/example_dags/example_time_delta_sensor_async.py took 0.084 seconds
[2025-02-14 14:15:20,681] {processor.py:153} INFO - Started process (PID=2865) to work on /opt/conda/lib/python3.8/site-packages/airflow/example_dags/example_time_delta_sensor_async.py
[2025-02-14 14:15:20,682] {processor.py:641} INFO - Processing file /opt/conda/lib/python3.8/site-packages/airflow/example_dags/example_time_delta_sensor_async.py for tasks to queue
[2025-02-14 14:15:20,683] {logging_mixin.py:115} INFO - [2025-02-14 14:15:20,683] {dagbag.py:508} INFO - Filling up the DagBag from /opt/conda/lib/python3.8/site-packages/airflow/example_dags/example_time_delta_sensor_async.py
[2025-02-14 14:15:20,688] {processor.py:651} INFO - DAG(s) dict_keys(['example_time_delta_sensor_async']) retrieved from /opt/conda/lib/python3.8/site-packages/airflow/example_dags/example_time_delta_sensor_async.py
[2025-02-14 14:15:20,722] {logging_mixin.py:115} INFO - [2025-02-14 14:15:20,722] {dag.py:2420} INFO - Sync 1 DAGs
[2025-02-14 14:15:20,740] {logging_mixin.py:115} INFO - [2025-02-14 14:15:20,740] {dag.py:2968} INFO - Setting next_dagrun for example_time_delta_sensor_async to None, run_after=None
[2025-02-14 14:15:20,762] {processor.py:161} INFO - Processing /opt/conda/lib/python3.8/site-packages/airflow/example_dags/example_time_delta_sensor_async.py took 0.084 seconds
[2025-02-14 14:16:02,734] {processor.py:153} INFO - Started process (PID=2920) to work on /opt/conda/lib/python3.8/site-packages/airflow/example_dags/example_time_delta_sensor_async.py
[2025-02-14 14:16:03,094] {processor.py:641} INFO - Processing file /opt/conda/lib/python3.8/site-packages/airflow/example_dags/example_time_delta_sensor_async.py for tasks to queue
[2025-02-14 14:16:03,095] {logging_mixin.py:115} INFO - [2025-02-14 14:16:03,095] {dagbag.py:508} INFO - Filling up the DagBag from /opt/conda/lib/python3.8/site-packages/airflow/example_dags/example_time_delta_sensor_async.py
[2025-02-14 14:16:03,101] {processor.py:651} INFO - DAG(s) dict_keys(['example_time_delta_sensor_async']) retrieved from /opt/conda/lib/python3.8/site-packages/airflow/example_dags/example_time_delta_sensor_async.py
[2025-02-14 14:16:03,135] {logging_mixin.py:115} INFO - [2025-02-14 14:16:03,135] {dag.py:2420} INFO - Sync 1 DAGs
[2025-02-14 14:16:03,153] {logging_mixin.py:115} INFO - [2025-02-14 14:16:03,153] {dag.py:2968} INFO - Setting next_dagrun for example_time_delta_sensor_async to None, run_after=None
[2025-02-14 14:16:03,175] {processor.py:161} INFO - Processing /opt/conda/lib/python3.8/site-packages/airflow/example_dags/example_time_delta_sensor_async.py took 0.444 seconds
[2025-02-14 14:16:29,728] {processor.py:153} INFO - Started process (PID=2997) to work on /opt/conda/lib/python3.8/site-packages/airflow/example_dags/example_time_delta_sensor_async.py
[2025-02-14 14:16:29,790] {processor.py:641} INFO - Processing file /opt/conda/lib/python3.8/site-packages/airflow/example_dags/example_time_delta_sensor_async.py for tasks to queue
[2025-02-14 14:16:29,791] {logging_mixin.py:115} INFO - [2025-02-14 14:16:29,791] {dagbag.py:508} INFO - Filling up the DagBag from /opt/conda/lib/python3.8/site-packages/airflow/example_dags/example_time_delta_sensor_async.py
[2025-02-14 14:16:29,796] {processor.py:651} INFO - DAG(s) dict_keys(['example_time_delta_sensor_async']) retrieved from /opt/conda/lib/python3.8/site-packages/airflow/example_dags/example_time_delta_sensor_async.py
[2025-02-14 14:16:29,957] {logging_mixin.py:115} INFO - [2025-02-14 14:16:29,957] {dag.py:2420} INFO - Sync 1 DAGs
[2025-02-14 14:16:29,968] {logging_mixin.py:115} INFO - [2025-02-14 14:16:29,968] {dag.py:2968} INFO - Setting next_dagrun for example_time_delta_sensor_async to None, run_after=None
[2025-02-14 14:16:29,989] {processor.py:161} INFO - Processing /opt/conda/lib/python3.8/site-packages/airflow/example_dags/example_time_delta_sensor_async.py took 0.264 seconds
[2025-02-14 14:17:18,369] {processor.py:153} INFO - Started process (PID=3051) to work on /opt/conda/lib/python3.8/site-packages/airflow/example_dags/example_time_delta_sensor_async.py
[2025-02-14 14:17:18,371] {processor.py:641} INFO - Processing file /opt/conda/lib/python3.8/site-packages/airflow/example_dags/example_time_delta_sensor_async.py for tasks to queue
[2025-02-14 14:17:18,371] {logging_mixin.py:115} INFO - [2025-02-14 14:17:18,371] {dagbag.py:508} INFO - Filling up the DagBag from /opt/conda/lib/python3.8/site-packages/airflow/example_dags/example_time_delta_sensor_async.py
[2025-02-14 14:17:18,376] {processor.py:651} INFO - DAG(s) dict_keys(['example_time_delta_sensor_async']) retrieved from /opt/conda/lib/python3.8/site-packages/airflow/example_dags/example_time_delta_sensor_async.py
[2025-02-14 14:17:18,521] {logging_mixin.py:115} INFO - [2025-02-14 14:17:18,521] {dag.py:2420} INFO - Sync 1 DAGs
[2025-02-14 14:17:18,533] {logging_mixin.py:115} INFO - [2025-02-14 14:17:18,532] {dag.py:2968} INFO - Setting next_dagrun for example_time_delta_sensor_async to None, run_after=None
[2025-02-14 14:17:18,551] {processor.py:161} INFO - Processing /opt/conda/lib/python3.8/site-packages/airflow/example_dags/example_time_delta_sensor_async.py took 0.185 seconds
[2025-02-14 14:18:02,357] {processor.py:153} INFO - Started process (PID=3105) to work on /opt/conda/lib/python3.8/site-packages/airflow/example_dags/example_time_delta_sensor_async.py
[2025-02-14 14:18:02,359] {processor.py:641} INFO - Processing file /opt/conda/lib/python3.8/site-packages/airflow/example_dags/example_time_delta_sensor_async.py for tasks to queue
[2025-02-14 14:18:02,359] {logging_mixin.py:115} INFO - [2025-02-14 14:18:02,359] {dagbag.py:508} INFO - Filling up the DagBag from /opt/conda/lib/python3.8/site-packages/airflow/example_dags/example_time_delta_sensor_async.py
[2025-02-14 14:18:02,364] {processor.py:651} INFO - DAG(s) dict_keys(['example_time_delta_sensor_async']) retrieved from /opt/conda/lib/python3.8/site-packages/airflow/example_dags/example_time_delta_sensor_async.py
[2025-02-14 14:18:02,507] {logging_mixin.py:115} INFO - [2025-02-14 14:18:02,507] {dag.py:2420} INFO - Sync 1 DAGs
[2025-02-14 14:18:02,519] {logging_mixin.py:115} INFO - [2025-02-14 14:18:02,519] {dag.py:2968} INFO - Setting next_dagrun for example_time_delta_sensor_async to None, run_after=None
[2025-02-14 14:18:02,537] {processor.py:161} INFO - Processing /opt/conda/lib/python3.8/site-packages/airflow/example_dags/example_time_delta_sensor_async.py took 0.183 seconds
[2025-02-14 14:18:46,873] {processor.py:153} INFO - Started process (PID=3189) to work on /opt/conda/lib/python3.8/site-packages/airflow/example_dags/example_time_delta_sensor_async.py
[2025-02-14 14:18:46,874] {processor.py:641} INFO - Processing file /opt/conda/lib/python3.8/site-packages/airflow/example_dags/example_time_delta_sensor_async.py for tasks to queue
[2025-02-14 14:18:46,875] {logging_mixin.py:115} INFO - [2025-02-14 14:18:46,874] {dagbag.py:508} INFO - Filling up the DagBag from /opt/conda/lib/python3.8/site-packages/airflow/example_dags/example_time_delta_sensor_async.py
[2025-02-14 14:18:46,880] {processor.py:651} INFO - DAG(s) dict_keys(['example_time_delta_sensor_async']) retrieved from /opt/conda/lib/python3.8/site-packages/airflow/example_dags/example_time_delta_sensor_async.py
[2025-02-14 14:18:47,038] {logging_mixin.py:115} INFO - [2025-02-14 14:18:47,038] {dag.py:2420} INFO - Sync 1 DAGs
[2025-02-14 14:18:47,049] {logging_mixin.py:115} INFO - [2025-02-14 14:18:47,049] {dag.py:2968} INFO - Setting next_dagrun for example_time_delta_sensor_async to None, run_after=None
[2025-02-14 14:18:47,068] {processor.py:161} INFO - Processing /opt/conda/lib/python3.8/site-packages/airflow/example_dags/example_time_delta_sensor_async.py took 0.199 seconds
[2025-02-14 14:20:37,564] {processor.py:153} INFO - Started process (PID=3280) to work on /opt/conda/lib/python3.8/site-packages/airflow/example_dags/example_time_delta_sensor_async.py
[2025-02-14 14:20:37,566] {processor.py:641} INFO - Processing file /opt/conda/lib/python3.8/site-packages/airflow/example_dags/example_time_delta_sensor_async.py for tasks to queue
[2025-02-14 14:20:37,567] {logging_mixin.py:115} INFO - [2025-02-14 14:20:37,566] {dagbag.py:508} INFO - Filling up the DagBag from /opt/conda/lib/python3.8/site-packages/airflow/example_dags/example_time_delta_sensor_async.py
[2025-02-14 14:20:37,572] {processor.py:651} INFO - DAG(s) dict_keys(['example_time_delta_sensor_async']) retrieved from /opt/conda/lib/python3.8/site-packages/airflow/example_dags/example_time_delta_sensor_async.py
[2025-02-14 14:20:37,727] {logging_mixin.py:115} INFO - [2025-02-14 14:20:37,727] {dag.py:2420} INFO - Sync 1 DAGs
[2025-02-14 14:20:37,738] {logging_mixin.py:115} INFO - [2025-02-14 14:20:37,738] {dag.py:2968} INFO - Setting next_dagrun for example_time_delta_sensor_async to None, run_after=None
[2025-02-14 14:20:37,757] {processor.py:161} INFO - Processing /opt/conda/lib/python3.8/site-packages/airflow/example_dags/example_time_delta_sensor_async.py took 0.195 seconds
[2025-02-14 14:21:21,285] {processor.py:153} INFO - Started process (PID=3336) to work on /opt/conda/lib/python3.8/site-packages/airflow/example_dags/example_time_delta_sensor_async.py
[2025-02-14 14:21:21,287] {processor.py:641} INFO - Processing file /opt/conda/lib/python3.8/site-packages/airflow/example_dags/example_time_delta_sensor_async.py for tasks to queue
[2025-02-14 14:21:21,287] {logging_mixin.py:115} INFO - [2025-02-14 14:21:21,287] {dagbag.py:508} INFO - Filling up the DagBag from /opt/conda/lib/python3.8/site-packages/airflow/example_dags/example_time_delta_sensor_async.py
[2025-02-14 14:21:21,293] {processor.py:651} INFO - DAG(s) dict_keys(['example_time_delta_sensor_async']) retrieved from /opt/conda/lib/python3.8/site-packages/airflow/example_dags/example_time_delta_sensor_async.py
[2025-02-14 14:21:21,457] {logging_mixin.py:115} INFO - [2025-02-14 14:21:21,457] {dag.py:2420} INFO - Sync 1 DAGs
[2025-02-14 14:21:21,469] {logging_mixin.py:115} INFO - [2025-02-14 14:21:21,469] {dag.py:2968} INFO - Setting next_dagrun for example_time_delta_sensor_async to None, run_after=None
[2025-02-14 14:21:21,489] {processor.py:161} INFO - Processing /opt/conda/lib/python3.8/site-packages/airflow/example_dags/example_time_delta_sensor_async.py took 0.207 seconds
[2025-02-14 14:22:07,568] {processor.py:153} INFO - Started process (PID=3390) to work on /opt/conda/lib/python3.8/site-packages/airflow/example_dags/example_time_delta_sensor_async.py
[2025-02-14 14:22:07,570] {processor.py:641} INFO - Processing file /opt/conda/lib/python3.8/site-packages/airflow/example_dags/example_time_delta_sensor_async.py for tasks to queue
[2025-02-14 14:22:07,571] {logging_mixin.py:115} INFO - [2025-02-14 14:22:07,570] {dagbag.py:508} INFO - Filling up the DagBag from /opt/conda/lib/python3.8/site-packages/airflow/example_dags/example_time_delta_sensor_async.py
[2025-02-14 14:22:07,576] {processor.py:651} INFO - DAG(s) dict_keys(['example_time_delta_sensor_async']) retrieved from /opt/conda/lib/python3.8/site-packages/airflow/example_dags/example_time_delta_sensor_async.py
[2025-02-14 14:22:07,738] {logging_mixin.py:115} INFO - [2025-02-14 14:22:07,738] {dag.py:2420} INFO - Sync 1 DAGs
[2025-02-14 14:22:07,750] {logging_mixin.py:115} INFO - [2025-02-14 14:22:07,750] {dag.py:2968} INFO - Setting next_dagrun for example_time_delta_sensor_async to None, run_after=None
[2025-02-14 14:22:07,793] {processor.py:161} INFO - Processing /opt/conda/lib/python3.8/site-packages/airflow/example_dags/example_time_delta_sensor_async.py took 0.228 seconds
[2025-02-14 14:22:52,257] {processor.py:153} INFO - Started process (PID=3444) to work on /opt/conda/lib/python3.8/site-packages/airflow/example_dags/example_time_delta_sensor_async.py
[2025-02-14 14:22:52,258] {processor.py:641} INFO - Processing file /opt/conda/lib/python3.8/site-packages/airflow/example_dags/example_time_delta_sensor_async.py for tasks to queue
[2025-02-14 14:22:52,259] {logging_mixin.py:115} INFO - [2025-02-14 14:22:52,259] {dagbag.py:508} INFO - Filling up the DagBag from /opt/conda/lib/python3.8/site-packages/airflow/example_dags/example_time_delta_sensor_async.py
[2025-02-14 14:22:52,264] {processor.py:651} INFO - DAG(s) dict_keys(['example_time_delta_sensor_async']) retrieved from /opt/conda/lib/python3.8/site-packages/airflow/example_dags/example_time_delta_sensor_async.py
[2025-02-14 14:22:52,423] {logging_mixin.py:115} INFO - [2025-02-14 14:22:52,422] {dag.py:2420} INFO - Sync 1 DAGs
[2025-02-14 14:22:52,434] {logging_mixin.py:115} INFO - [2025-02-14 14:22:52,434] {dag.py:2968} INFO - Setting next_dagrun for example_time_delta_sensor_async to None, run_after=None
[2025-02-14 14:22:52,454] {processor.py:161} INFO - Processing /opt/conda/lib/python3.8/site-packages/airflow/example_dags/example_time_delta_sensor_async.py took 0.200 seconds
[2025-02-14 14:23:26,436] {processor.py:153} INFO - Started process (PID=3537) to work on /opt/conda/lib/python3.8/site-packages/airflow/example_dags/example_time_delta_sensor_async.py
[2025-02-14 14:23:26,437] {processor.py:641} INFO - Processing file /opt/conda/lib/python3.8/site-packages/airflow/example_dags/example_time_delta_sensor_async.py for tasks to queue
[2025-02-14 14:23:26,437] {logging_mixin.py:115} INFO - [2025-02-14 14:23:26,437] {dagbag.py:508} INFO - Filling up the DagBag from /opt/conda/lib/python3.8/site-packages/airflow/example_dags/example_time_delta_sensor_async.py
[2025-02-14 14:23:26,442] {processor.py:651} INFO - DAG(s) dict_keys(['example_time_delta_sensor_async']) retrieved from /opt/conda/lib/python3.8/site-packages/airflow/example_dags/example_time_delta_sensor_async.py
[2025-02-14 14:23:26,594] {logging_mixin.py:115} INFO - [2025-02-14 14:23:26,594] {dag.py:2420} INFO - Sync 1 DAGs
[2025-02-14 14:23:26,606] {logging_mixin.py:115} INFO - [2025-02-14 14:23:26,606] {dag.py:2968} INFO - Setting next_dagrun for example_time_delta_sensor_async to None, run_after=None
[2025-02-14 14:23:26,625] {processor.py:161} INFO - Processing /opt/conda/lib/python3.8/site-packages/airflow/example_dags/example_time_delta_sensor_async.py took 0.192 seconds
[2025-02-14 14:24:07,677] {processor.py:153} INFO - Started process (PID=3591) to work on /opt/conda/lib/python3.8/site-packages/airflow/example_dags/example_time_delta_sensor_async.py
[2025-02-14 14:24:07,679] {processor.py:641} INFO - Processing file /opt/conda/lib/python3.8/site-packages/airflow/example_dags/example_time_delta_sensor_async.py for tasks to queue
[2025-02-14 14:24:07,679] {logging_mixin.py:115} INFO - [2025-02-14 14:24:07,679] {dagbag.py:508} INFO - Filling up the DagBag from /opt/conda/lib/python3.8/site-packages/airflow/example_dags/example_time_delta_sensor_async.py
[2025-02-14 14:24:07,685] {processor.py:651} INFO - DAG(s) dict_keys(['example_time_delta_sensor_async']) retrieved from /opt/conda/lib/python3.8/site-packages/airflow/example_dags/example_time_delta_sensor_async.py
[2025-02-14 14:24:07,838] {logging_mixin.py:115} INFO - [2025-02-14 14:24:07,838] {dag.py:2420} INFO - Sync 1 DAGs
[2025-02-14 14:24:07,850] {logging_mixin.py:115} INFO - [2025-02-14 14:24:07,850] {dag.py:2968} INFO - Setting next_dagrun for example_time_delta_sensor_async to None, run_after=None
[2025-02-14 14:24:07,869] {processor.py:161} INFO - Processing /opt/conda/lib/python3.8/site-packages/airflow/example_dags/example_time_delta_sensor_async.py took 0.195 seconds
[2025-02-14 14:24:46,948] {processor.py:153} INFO - Started process (PID=3641) to work on /opt/conda/lib/python3.8/site-packages/airflow/example_dags/example_time_delta_sensor_async.py
[2025-02-14 14:24:46,949] {processor.py:641} INFO - Processing file /opt/conda/lib/python3.8/site-packages/airflow/example_dags/example_time_delta_sensor_async.py for tasks to queue
[2025-02-14 14:24:46,950] {logging_mixin.py:115} INFO - [2025-02-14 14:24:46,950] {dagbag.py:508} INFO - Filling up the DagBag from /opt/conda/lib/python3.8/site-packages/airflow/example_dags/example_time_delta_sensor_async.py
[2025-02-14 14:24:46,955] {processor.py:651} INFO - DAG(s) dict_keys(['example_time_delta_sensor_async']) retrieved from /opt/conda/lib/python3.8/site-packages/airflow/example_dags/example_time_delta_sensor_async.py
[2025-02-14 14:24:47,101] {logging_mixin.py:115} INFO - [2025-02-14 14:24:47,101] {dag.py:2420} INFO - Sync 1 DAGs
[2025-02-14 14:24:47,113] {logging_mixin.py:115} INFO - [2025-02-14 14:24:47,113] {dag.py:2968} INFO - Setting next_dagrun for example_time_delta_sensor_async to None, run_after=None
[2025-02-14 14:24:47,132] {processor.py:161} INFO - Processing /opt/conda/lib/python3.8/site-packages/airflow/example_dags/example_time_delta_sensor_async.py took 0.187 seconds
[2025-02-14 14:25:33,130] {processor.py:153} INFO - Started process (PID=3695) to work on /opt/conda/lib/python3.8/site-packages/airflow/example_dags/example_time_delta_sensor_async.py
[2025-02-14 14:25:33,301] {processor.py:641} INFO - Processing file /opt/conda/lib/python3.8/site-packages/airflow/example_dags/example_time_delta_sensor_async.py for tasks to queue
[2025-02-14 14:25:33,302] {logging_mixin.py:115} INFO - [2025-02-14 14:25:33,302] {dagbag.py:508} INFO - Filling up the DagBag from /opt/conda/lib/python3.8/site-packages/airflow/example_dags/example_time_delta_sensor_async.py
[2025-02-14 14:25:33,307] {processor.py:651} INFO - DAG(s) dict_keys(['example_time_delta_sensor_async']) retrieved from /opt/conda/lib/python3.8/site-packages/airflow/example_dags/example_time_delta_sensor_async.py
[2025-02-14 14:25:33,461] {logging_mixin.py:115} INFO - [2025-02-14 14:25:33,461] {dag.py:2420} INFO - Sync 1 DAGs
[2025-02-14 14:25:33,473] {logging_mixin.py:115} INFO - [2025-02-14 14:25:33,473] {dag.py:2968} INFO - Setting next_dagrun for example_time_delta_sensor_async to None, run_after=None
[2025-02-14 14:25:33,491] {processor.py:161} INFO - Processing /opt/conda/lib/python3.8/site-packages/airflow/example_dags/example_time_delta_sensor_async.py took 0.364 seconds
[2025-02-14 14:26:16,809] {processor.py:153} INFO - Started process (PID=3749) to work on /opt/conda/lib/python3.8/site-packages/airflow/example_dags/example_time_delta_sensor_async.py
[2025-02-14 14:26:16,811] {processor.py:641} INFO - Processing file /opt/conda/lib/python3.8/site-packages/airflow/example_dags/example_time_delta_sensor_async.py for tasks to queue
[2025-02-14 14:26:16,812] {logging_mixin.py:115} INFO - [2025-02-14 14:26:16,812] {dagbag.py:508} INFO - Filling up the DagBag from /opt/conda/lib/python3.8/site-packages/airflow/example_dags/example_time_delta_sensor_async.py
[2025-02-14 14:26:16,817] {processor.py:651} INFO - DAG(s) dict_keys(['example_time_delta_sensor_async']) retrieved from /opt/conda/lib/python3.8/site-packages/airflow/example_dags/example_time_delta_sensor_async.py
[2025-02-14 14:26:16,962] {logging_mixin.py:115} INFO - [2025-02-14 14:26:16,962] {dag.py:2420} INFO - Sync 1 DAGs
[2025-02-14 14:26:16,973] {logging_mixin.py:115} INFO - [2025-02-14 14:26:16,973] {dag.py:2968} INFO - Setting next_dagrun for example_time_delta_sensor_async to None, run_after=None
[2025-02-14 14:26:16,993] {processor.py:161} INFO - Processing /opt/conda/lib/python3.8/site-packages/airflow/example_dags/example_time_delta_sensor_async.py took 0.187 seconds
[2025-02-14 14:26:56,689] {processor.py:153} INFO - Started process (PID=3800) to work on /opt/conda/lib/python3.8/site-packages/airflow/example_dags/example_time_delta_sensor_async.py
[2025-02-14 14:26:56,825] {processor.py:641} INFO - Processing file /opt/conda/lib/python3.8/site-packages/airflow/example_dags/example_time_delta_sensor_async.py for tasks to queue
[2025-02-14 14:26:56,826] {logging_mixin.py:115} INFO - [2025-02-14 14:26:56,826] {dagbag.py:508} INFO - Filling up the DagBag from /opt/conda/lib/python3.8/site-packages/airflow/example_dags/example_time_delta_sensor_async.py
[2025-02-14 14:26:56,831] {processor.py:651} INFO - DAG(s) dict_keys(['example_time_delta_sensor_async']) retrieved from /opt/conda/lib/python3.8/site-packages/airflow/example_dags/example_time_delta_sensor_async.py
[2025-02-14 14:26:56,979] {logging_mixin.py:115} INFO - [2025-02-14 14:26:56,979] {dag.py:2420} INFO - Sync 1 DAGs
[2025-02-14 14:26:56,991] {logging_mixin.py:115} INFO - [2025-02-14 14:26:56,990] {dag.py:2968} INFO - Setting next_dagrun for example_time_delta_sensor_async to None, run_after=None
[2025-02-14 14:26:57,010] {processor.py:161} INFO - Processing /opt/conda/lib/python3.8/site-packages/airflow/example_dags/example_time_delta_sensor_async.py took 0.324 seconds
[2025-02-14 14:27:42,613] {processor.py:153} INFO - Started process (PID=3854) to work on /opt/conda/lib/python3.8/site-packages/airflow/example_dags/example_time_delta_sensor_async.py
[2025-02-14 14:27:42,614] {processor.py:641} INFO - Processing file /opt/conda/lib/python3.8/site-packages/airflow/example_dags/example_time_delta_sensor_async.py for tasks to queue
[2025-02-14 14:27:42,615] {logging_mixin.py:115} INFO - [2025-02-14 14:27:42,615] {dagbag.py:508} INFO - Filling up the DagBag from /opt/conda/lib/python3.8/site-packages/airflow/example_dags/example_time_delta_sensor_async.py
[2025-02-14 14:27:42,620] {processor.py:651} INFO - DAG(s) dict_keys(['example_time_delta_sensor_async']) retrieved from /opt/conda/lib/python3.8/site-packages/airflow/example_dags/example_time_delta_sensor_async.py
[2025-02-14 14:27:42,789] {logging_mixin.py:115} INFO - [2025-02-14 14:27:42,789] {dag.py:2420} INFO - Sync 1 DAGs
[2025-02-14 14:27:42,804] {logging_mixin.py:115} INFO - [2025-02-14 14:27:42,804] {dag.py:2968} INFO - Setting next_dagrun for example_time_delta_sensor_async to None, run_after=None
[2025-02-14 14:27:42,823] {processor.py:161} INFO - Processing /opt/conda/lib/python3.8/site-packages/airflow/example_dags/example_time_delta_sensor_async.py took 0.214 seconds
[2025-02-14 14:28:26,230] {processor.py:153} INFO - Started process (PID=3908) to work on /opt/conda/lib/python3.8/site-packages/airflow/example_dags/example_time_delta_sensor_async.py
[2025-02-14 14:28:26,257] {processor.py:641} INFO - Processing file /opt/conda/lib/python3.8/site-packages/airflow/example_dags/example_time_delta_sensor_async.py for tasks to queue
[2025-02-14 14:28:26,257] {logging_mixin.py:115} INFO - [2025-02-14 14:28:26,257] {dagbag.py:508} INFO - Filling up the DagBag from /opt/conda/lib/python3.8/site-packages/airflow/example_dags/example_time_delta_sensor_async.py
[2025-02-14 14:28:26,263] {processor.py:651} INFO - DAG(s) dict_keys(['example_time_delta_sensor_async']) retrieved from /opt/conda/lib/python3.8/site-packages/airflow/example_dags/example_time_delta_sensor_async.py
[2025-02-14 14:28:26,297] {logging_mixin.py:115} INFO - [2025-02-14 14:28:26,296] {dag.py:2420} INFO - Sync 1 DAGs
[2025-02-14 14:28:26,314] {logging_mixin.py:115} INFO - [2025-02-14 14:28:26,314] {dag.py:2968} INFO - Setting next_dagrun for example_time_delta_sensor_async to None, run_after=None
[2025-02-14 14:28:26,337] {processor.py:161} INFO - Processing /opt/conda/lib/python3.8/site-packages/airflow/example_dags/example_time_delta_sensor_async.py took 0.110 seconds
[2025-02-14 14:29:08,468] {processor.py:153} INFO - Started process (PID=3962) to work on /opt/conda/lib/python3.8/site-packages/airflow/example_dags/example_time_delta_sensor_async.py
[2025-02-14 14:29:08,469] {processor.py:641} INFO - Processing file /opt/conda/lib/python3.8/site-packages/airflow/example_dags/example_time_delta_sensor_async.py for tasks to queue
[2025-02-14 14:29:08,470] {logging_mixin.py:115} INFO - [2025-02-14 14:29:08,470] {dagbag.py:508} INFO - Filling up the DagBag from /opt/conda/lib/python3.8/site-packages/airflow/example_dags/example_time_delta_sensor_async.py
[2025-02-14 14:29:08,475] {processor.py:651} INFO - DAG(s) dict_keys(['example_time_delta_sensor_async']) retrieved from /opt/conda/lib/python3.8/site-packages/airflow/example_dags/example_time_delta_sensor_async.py
[2025-02-14 14:29:08,509] {logging_mixin.py:115} INFO - [2025-02-14 14:29:08,509] {dag.py:2420} INFO - Sync 1 DAGs
[2025-02-14 14:29:08,523] {logging_mixin.py:115} INFO - [2025-02-14 14:29:08,523] {dag.py:2968} INFO - Setting next_dagrun for example_time_delta_sensor_async to None, run_after=None
[2025-02-14 14:29:08,543] {processor.py:161} INFO - Processing /opt/conda/lib/python3.8/site-packages/airflow/example_dags/example_time_delta_sensor_async.py took 0.078 seconds
[2025-02-14 14:29:50,324] {processor.py:153} INFO - Started process (PID=4025) to work on /opt/conda/lib/python3.8/site-packages/airflow/example_dags/example_time_delta_sensor_async.py
[2025-02-14 14:29:50,345] {processor.py:641} INFO - Processing file /opt/conda/lib/python3.8/site-packages/airflow/example_dags/example_time_delta_sensor_async.py for tasks to queue
[2025-02-14 14:29:50,345] {logging_mixin.py:115} INFO - [2025-02-14 14:29:50,345] {dagbag.py:508} INFO - Filling up the DagBag from /opt/conda/lib/python3.8/site-packages/airflow/example_dags/example_time_delta_sensor_async.py
[2025-02-14 14:29:50,351] {processor.py:651} INFO - DAG(s) dict_keys(['example_time_delta_sensor_async']) retrieved from /opt/conda/lib/python3.8/site-packages/airflow/example_dags/example_time_delta_sensor_async.py
[2025-02-14 14:29:50,384] {logging_mixin.py:115} INFO - [2025-02-14 14:29:50,384] {dag.py:2420} INFO - Sync 1 DAGs
[2025-02-14 14:29:50,399] {logging_mixin.py:115} INFO - [2025-02-14 14:29:50,399] {dag.py:2968} INFO - Setting next_dagrun for example_time_delta_sensor_async to None, run_after=None
[2025-02-14 14:29:50,420] {processor.py:161} INFO - Processing /opt/conda/lib/python3.8/site-packages/airflow/example_dags/example_time_delta_sensor_async.py took 0.099 seconds
[2025-02-14 14:30:28,782] {processor.py:153} INFO - Started process (PID=4079) to work on /opt/conda/lib/python3.8/site-packages/airflow/example_dags/example_time_delta_sensor_async.py
[2025-02-14 14:30:28,783] {processor.py:641} INFO - Processing file /opt/conda/lib/python3.8/site-packages/airflow/example_dags/example_time_delta_sensor_async.py for tasks to queue
[2025-02-14 14:30:28,784] {logging_mixin.py:115} INFO - [2025-02-14 14:30:28,784] {dagbag.py:508} INFO - Filling up the DagBag from /opt/conda/lib/python3.8/site-packages/airflow/example_dags/example_time_delta_sensor_async.py
[2025-02-14 14:30:28,789] {processor.py:651} INFO - DAG(s) dict_keys(['example_time_delta_sensor_async']) retrieved from /opt/conda/lib/python3.8/site-packages/airflow/example_dags/example_time_delta_sensor_async.py
[2025-02-14 14:30:28,823] {logging_mixin.py:115} INFO - [2025-02-14 14:30:28,823] {dag.py:2420} INFO - Sync 1 DAGs
[2025-02-14 14:30:28,840] {logging_mixin.py:115} INFO - [2025-02-14 14:30:28,840] {dag.py:2968} INFO - Setting next_dagrun for example_time_delta_sensor_async to None, run_after=None
[2025-02-14 14:30:28,863] {processor.py:161} INFO - Processing /opt/conda/lib/python3.8/site-packages/airflow/example_dags/example_time_delta_sensor_async.py took 0.084 seconds
[2025-02-14 14:31:01,354] {processor.py:153} INFO - Started process (PID=4127) to work on /opt/conda/lib/python3.8/site-packages/airflow/example_dags/example_time_delta_sensor_async.py
[2025-02-14 14:31:01,354] {processor.py:641} INFO - Processing file /opt/conda/lib/python3.8/site-packages/airflow/example_dags/example_time_delta_sensor_async.py for tasks to queue
[2025-02-14 14:31:01,355] {logging_mixin.py:115} INFO - [2025-02-14 14:31:01,354] {dagbag.py:508} INFO - Filling up the DagBag from /opt/conda/lib/python3.8/site-packages/airflow/example_dags/example_time_delta_sensor_async.py
[2025-02-14 14:31:01,360] {processor.py:651} INFO - DAG(s) dict_keys(['example_time_delta_sensor_async']) retrieved from /opt/conda/lib/python3.8/site-packages/airflow/example_dags/example_time_delta_sensor_async.py
[2025-02-14 14:31:01,394] {logging_mixin.py:115} INFO - [2025-02-14 14:31:01,394] {dag.py:2420} INFO - Sync 1 DAGs
[2025-02-14 14:31:01,409] {logging_mixin.py:115} INFO - [2025-02-14 14:31:01,409] {dag.py:2968} INFO - Setting next_dagrun for example_time_delta_sensor_async to None, run_after=None
[2025-02-14 14:31:01,430] {processor.py:161} INFO - Processing /opt/conda/lib/python3.8/site-packages/airflow/example_dags/example_time_delta_sensor_async.py took 0.080 seconds
[2025-02-14 14:32:14,985] {processor.py:153} INFO - Started process (PID=4273) to work on /opt/conda/lib/python3.8/site-packages/airflow/example_dags/example_time_delta_sensor_async.py
[2025-02-14 14:32:14,986] {processor.py:641} INFO - Processing file /opt/conda/lib/python3.8/site-packages/airflow/example_dags/example_time_delta_sensor_async.py for tasks to queue
[2025-02-14 14:32:14,987] {logging_mixin.py:115} INFO - [2025-02-14 14:32:14,987] {dagbag.py:508} INFO - Filling up the DagBag from /opt/conda/lib/python3.8/site-packages/airflow/example_dags/example_time_delta_sensor_async.py
[2025-02-14 14:32:14,992] {processor.py:651} INFO - DAG(s) dict_keys(['example_time_delta_sensor_async']) retrieved from /opt/conda/lib/python3.8/site-packages/airflow/example_dags/example_time_delta_sensor_async.py
[2025-02-14 14:32:15,020] {logging_mixin.py:115} INFO - [2025-02-14 14:32:15,019] {dag.py:2420} INFO - Sync 1 DAGs
[2025-02-14 14:32:15,033] {logging_mixin.py:115} INFO - [2025-02-14 14:32:15,033] {dag.py:2968} INFO - Setting next_dagrun for example_time_delta_sensor_async to None, run_after=None
[2025-02-14 14:32:15,054] {processor.py:161} INFO - Processing /opt/conda/lib/python3.8/site-packages/airflow/example_dags/example_time_delta_sensor_async.py took 0.073 seconds
[2025-02-14 14:33:17,733] {processor.py:153} INFO - Started process (PID=4348) to work on /opt/conda/lib/python3.8/site-packages/airflow/example_dags/example_time_delta_sensor_async.py
[2025-02-14 14:33:17,740] {processor.py:641} INFO - Processing file /opt/conda/lib/python3.8/site-packages/airflow/example_dags/example_time_delta_sensor_async.py for tasks to queue
[2025-02-14 14:33:17,741] {logging_mixin.py:115} INFO - [2025-02-14 14:33:17,741] {dagbag.py:508} INFO - Filling up the DagBag from /opt/conda/lib/python3.8/site-packages/airflow/example_dags/example_time_delta_sensor_async.py
[2025-02-14 14:33:17,746] {processor.py:651} INFO - DAG(s) dict_keys(['example_time_delta_sensor_async']) retrieved from /opt/conda/lib/python3.8/site-packages/airflow/example_dags/example_time_delta_sensor_async.py
[2025-02-14 14:33:17,776] {logging_mixin.py:115} INFO - [2025-02-14 14:33:17,776] {dag.py:2420} INFO - Sync 1 DAGs
[2025-02-14 14:33:17,790] {logging_mixin.py:115} INFO - [2025-02-14 14:33:17,789] {dag.py:2968} INFO - Setting next_dagrun for example_time_delta_sensor_async to None, run_after=None
[2025-02-14 14:33:17,809] {processor.py:161} INFO - Processing /opt/conda/lib/python3.8/site-packages/airflow/example_dags/example_time_delta_sensor_async.py took 0.079 seconds
[2025-02-14 14:33:59,082] {processor.py:153} INFO - Started process (PID=4402) to work on /opt/conda/lib/python3.8/site-packages/airflow/example_dags/example_time_delta_sensor_async.py
[2025-02-14 14:33:59,083] {processor.py:641} INFO - Processing file /opt/conda/lib/python3.8/site-packages/airflow/example_dags/example_time_delta_sensor_async.py for tasks to queue
[2025-02-14 14:33:59,084] {logging_mixin.py:115} INFO - [2025-02-14 14:33:59,084] {dagbag.py:508} INFO - Filling up the DagBag from /opt/conda/lib/python3.8/site-packages/airflow/example_dags/example_time_delta_sensor_async.py
[2025-02-14 14:33:59,089] {processor.py:651} INFO - DAG(s) dict_keys(['example_time_delta_sensor_async']) retrieved from /opt/conda/lib/python3.8/site-packages/airflow/example_dags/example_time_delta_sensor_async.py
[2025-02-14 14:33:59,122] {logging_mixin.py:115} INFO - [2025-02-14 14:33:59,122] {dag.py:2420} INFO - Sync 1 DAGs
[2025-02-14 14:33:59,137] {logging_mixin.py:115} INFO - [2025-02-14 14:33:59,136] {dag.py:2968} INFO - Setting next_dagrun for example_time_delta_sensor_async to None, run_after=None
[2025-02-14 14:33:59,157] {processor.py:161} INFO - Processing /opt/conda/lib/python3.8/site-packages/airflow/example_dags/example_time_delta_sensor_async.py took 0.078 seconds
[2025-02-14 14:34:32,569] {processor.py:153} INFO - Started process (PID=4449) to work on /opt/conda/lib/python3.8/site-packages/airflow/example_dags/example_time_delta_sensor_async.py
[2025-02-14 14:34:32,570] {processor.py:641} INFO - Processing file /opt/conda/lib/python3.8/site-packages/airflow/example_dags/example_time_delta_sensor_async.py for tasks to queue
[2025-02-14 14:34:32,570] {logging_mixin.py:115} INFO - [2025-02-14 14:34:32,570] {dagbag.py:508} INFO - Filling up the DagBag from /opt/conda/lib/python3.8/site-packages/airflow/example_dags/example_time_delta_sensor_async.py
[2025-02-14 14:34:32,576] {processor.py:651} INFO - DAG(s) dict_keys(['example_time_delta_sensor_async']) retrieved from /opt/conda/lib/python3.8/site-packages/airflow/example_dags/example_time_delta_sensor_async.py
[2025-02-14 14:34:32,609] {logging_mixin.py:115} INFO - [2025-02-14 14:34:32,609] {dag.py:2420} INFO - Sync 1 DAGs
[2025-02-14 14:34:32,627] {logging_mixin.py:115} INFO - [2025-02-14 14:34:32,627] {dag.py:2968} INFO - Setting next_dagrun for example_time_delta_sensor_async to None, run_after=None
[2025-02-14 14:34:32,649] {processor.py:161} INFO - Processing /opt/conda/lib/python3.8/site-packages/airflow/example_dags/example_time_delta_sensor_async.py took 0.083 seconds
[2025-02-14 14:35:05,481] {processor.py:153} INFO - Started process (PID=4497) to work on /opt/conda/lib/python3.8/site-packages/airflow/example_dags/example_time_delta_sensor_async.py
[2025-02-14 14:35:05,482] {processor.py:641} INFO - Processing file /opt/conda/lib/python3.8/site-packages/airflow/example_dags/example_time_delta_sensor_async.py for tasks to queue
[2025-02-14 14:35:05,483] {logging_mixin.py:115} INFO - [2025-02-14 14:35:05,483] {dagbag.py:508} INFO - Filling up the DagBag from /opt/conda/lib/python3.8/site-packages/airflow/example_dags/example_time_delta_sensor_async.py
[2025-02-14 14:35:05,488] {processor.py:651} INFO - DAG(s) dict_keys(['example_time_delta_sensor_async']) retrieved from /opt/conda/lib/python3.8/site-packages/airflow/example_dags/example_time_delta_sensor_async.py
[2025-02-14 14:35:05,522] {logging_mixin.py:115} INFO - [2025-02-14 14:35:05,522] {dag.py:2420} INFO - Sync 1 DAGs
[2025-02-14 14:35:05,539] {logging_mixin.py:115} INFO - [2025-02-14 14:35:05,539] {dag.py:2968} INFO - Setting next_dagrun for example_time_delta_sensor_async to None, run_after=None
[2025-02-14 14:35:05,561] {processor.py:161} INFO - Processing /opt/conda/lib/python3.8/site-packages/airflow/example_dags/example_time_delta_sensor_async.py took 0.082 seconds
[2025-02-14 14:35:42,552] {processor.py:153} INFO - Started process (PID=4549) to work on /opt/conda/lib/python3.8/site-packages/airflow/example_dags/example_time_delta_sensor_async.py
[2025-02-14 14:35:42,553] {processor.py:641} INFO - Processing file /opt/conda/lib/python3.8/site-packages/airflow/example_dags/example_time_delta_sensor_async.py for tasks to queue
[2025-02-14 14:35:42,553] {logging_mixin.py:115} INFO - [2025-02-14 14:35:42,553] {dagbag.py:508} INFO - Filling up the DagBag from /opt/conda/lib/python3.8/site-packages/airflow/example_dags/example_time_delta_sensor_async.py
[2025-02-14 14:35:42,559] {processor.py:651} INFO - DAG(s) dict_keys(['example_time_delta_sensor_async']) retrieved from /opt/conda/lib/python3.8/site-packages/airflow/example_dags/example_time_delta_sensor_async.py
[2025-02-14 14:35:42,592] {logging_mixin.py:115} INFO - [2025-02-14 14:35:42,592] {dag.py:2420} INFO - Sync 1 DAGs
[2025-02-14 14:35:42,605] {logging_mixin.py:115} INFO - [2025-02-14 14:35:42,605] {dag.py:2968} INFO - Setting next_dagrun for example_time_delta_sensor_async to None, run_after=None
[2025-02-14 14:35:42,624] {processor.py:161} INFO - Processing /opt/conda/lib/python3.8/site-packages/airflow/example_dags/example_time_delta_sensor_async.py took 0.075 seconds
[2025-02-14 14:36:21,021] {processor.py:153} INFO - Started process (PID=4599) to work on /opt/conda/lib/python3.8/site-packages/airflow/example_dags/example_time_delta_sensor_async.py
[2025-02-14 14:36:21,022] {processor.py:641} INFO - Processing file /opt/conda/lib/python3.8/site-packages/airflow/example_dags/example_time_delta_sensor_async.py for tasks to queue
[2025-02-14 14:36:21,022] {logging_mixin.py:115} INFO - [2025-02-14 14:36:21,022] {dagbag.py:508} INFO - Filling up the DagBag from /opt/conda/lib/python3.8/site-packages/airflow/example_dags/example_time_delta_sensor_async.py
[2025-02-14 14:36:21,028] {processor.py:651} INFO - DAG(s) dict_keys(['example_time_delta_sensor_async']) retrieved from /opt/conda/lib/python3.8/site-packages/airflow/example_dags/example_time_delta_sensor_async.py
[2025-02-14 14:36:21,061] {logging_mixin.py:115} INFO - [2025-02-14 14:36:21,061] {dag.py:2420} INFO - Sync 1 DAGs
[2025-02-14 14:36:21,098] {logging_mixin.py:115} INFO - [2025-02-14 14:36:21,097] {dag.py:2968} INFO - Setting next_dagrun for example_time_delta_sensor_async to None, run_after=None
[2025-02-14 14:36:21,118] {processor.py:161} INFO - Processing /opt/conda/lib/python3.8/site-packages/airflow/example_dags/example_time_delta_sensor_async.py took 0.101 seconds
[2025-02-14 14:36:58,381] {processor.py:153} INFO - Started process (PID=4650) to work on /opt/conda/lib/python3.8/site-packages/airflow/example_dags/example_time_delta_sensor_async.py
[2025-02-14 14:36:58,382] {processor.py:641} INFO - Processing file /opt/conda/lib/python3.8/site-packages/airflow/example_dags/example_time_delta_sensor_async.py for tasks to queue
[2025-02-14 14:36:58,383] {logging_mixin.py:115} INFO - [2025-02-14 14:36:58,383] {dagbag.py:508} INFO - Filling up the DagBag from /opt/conda/lib/python3.8/site-packages/airflow/example_dags/example_time_delta_sensor_async.py
[2025-02-14 14:36:58,388] {processor.py:651} INFO - DAG(s) dict_keys(['example_time_delta_sensor_async']) retrieved from /opt/conda/lib/python3.8/site-packages/airflow/example_dags/example_time_delta_sensor_async.py
[2025-02-14 14:36:58,423] {logging_mixin.py:115} INFO - [2025-02-14 14:36:58,423] {dag.py:2420} INFO - Sync 1 DAGs
[2025-02-14 14:36:58,441] {logging_mixin.py:115} INFO - [2025-02-14 14:36:58,441] {dag.py:2968} INFO - Setting next_dagrun for example_time_delta_sensor_async to None, run_after=None
[2025-02-14 14:36:58,464] {processor.py:161} INFO - Processing /opt/conda/lib/python3.8/site-packages/airflow/example_dags/example_time_delta_sensor_async.py took 0.086 seconds
[2025-02-14 14:37:39,272] {processor.py:153} INFO - Started process (PID=4704) to work on /opt/conda/lib/python3.8/site-packages/airflow/example_dags/example_time_delta_sensor_async.py
[2025-02-14 14:37:39,274] {processor.py:641} INFO - Processing file /opt/conda/lib/python3.8/site-packages/airflow/example_dags/example_time_delta_sensor_async.py for tasks to queue
[2025-02-14 14:37:39,274] {logging_mixin.py:115} INFO - [2025-02-14 14:37:39,274] {dagbag.py:508} INFO - Filling up the DagBag from /opt/conda/lib/python3.8/site-packages/airflow/example_dags/example_time_delta_sensor_async.py
[2025-02-14 14:37:39,280] {processor.py:651} INFO - DAG(s) dict_keys(['example_time_delta_sensor_async']) retrieved from /opt/conda/lib/python3.8/site-packages/airflow/example_dags/example_time_delta_sensor_async.py
[2025-02-14 14:37:39,313] {logging_mixin.py:115} INFO - [2025-02-14 14:37:39,313] {dag.py:2420} INFO - Sync 1 DAGs
[2025-02-14 14:37:39,331] {logging_mixin.py:115} INFO - [2025-02-14 14:37:39,331] {dag.py:2968} INFO - Setting next_dagrun for example_time_delta_sensor_async to None, run_after=None
[2025-02-14 14:37:39,354] {processor.py:161} INFO - Processing /opt/conda/lib/python3.8/site-packages/airflow/example_dags/example_time_delta_sensor_async.py took 0.086 seconds
