[2025-02-14 13:59:51,006] {processor.py:153} INFO - Started process (PID=1839) to work on /opt/conda/lib/python3.8/site-packages/airflow/example_dags/example_branch_datetime_operator.py
[2025-02-14 13:59:51,007] {processor.py:641} INFO - Processing file /opt/conda/lib/python3.8/site-packages/airflow/example_dags/example_branch_datetime_operator.py for tasks to queue
[2025-02-14 13:59:51,007] {logging_mixin.py:115} INFO - [2025-02-14 13:59:51,007] {dagbag.py:508} INFO - Filling up the DagBag from /opt/conda/lib/python3.8/site-packages/airflow/example_dags/example_branch_datetime_operator.py
[2025-02-14 13:59:51,016] {processor.py:651} INFO - DAG(s) dict_keys(['example_branch_datetime_operator', 'example_branch_datetime_operator_2']) retrieved from /opt/conda/lib/python3.8/site-packages/airflow/example_dags/example_branch_datetime_operator.py
[2025-02-14 13:59:51,206] {logging_mixin.py:115} INFO - [2025-02-14 13:59:51,206] {manager.py:508} INFO - Created Permission View: can read on DAG:example_branch_datetime_operator
[2025-02-14 13:59:51,222] {logging_mixin.py:115} INFO - [2025-02-14 13:59:51,222] {manager.py:508} INFO - Created Permission View: can delete on DAG:example_branch_datetime_operator
[2025-02-14 13:59:51,240] {logging_mixin.py:115} INFO - [2025-02-14 13:59:51,239] {manager.py:508} INFO - Created Permission View: can edit on DAG:example_branch_datetime_operator
[2025-02-14 13:59:51,269] {logging_mixin.py:115} INFO - [2025-02-14 13:59:51,269] {manager.py:508} INFO - Created Permission View: can read on DAG:example_branch_datetime_operator_2
[2025-02-14 13:59:51,283] {logging_mixin.py:115} INFO - [2025-02-14 13:59:51,283] {manager.py:508} INFO - Created Permission View: can delete on DAG:example_branch_datetime_operator_2
[2025-02-14 13:59:51,400] {logging_mixin.py:115} INFO - [2025-02-14 13:59:51,400] {manager.py:508} INFO - Created Permission View: can edit on DAG:example_branch_datetime_operator_2
[2025-02-14 13:59:51,401] {logging_mixin.py:115} INFO - [2025-02-14 13:59:51,401] {dag.py:2420} INFO - Sync 2 DAGs
[2025-02-14 13:59:51,411] {logging_mixin.py:115} INFO - [2025-02-14 13:59:51,411] {dag.py:2439} INFO - Creating ORM DAG for example_branch_datetime_operator
[2025-02-14 13:59:51,412] {logging_mixin.py:115} INFO - [2025-02-14 13:59:51,412] {dag.py:2439} INFO - Creating ORM DAG for example_branch_datetime_operator_2
[2025-02-14 13:59:51,429] {logging_mixin.py:115} INFO - [2025-02-14 13:59:51,429] {dag.py:2968} INFO - Setting next_dagrun for example_branch_datetime_operator to 2025-02-13T00:00:00+00:00, run_after=2025-02-14T00:00:00+00:00
[2025-02-14 13:59:51,432] {logging_mixin.py:115} INFO - [2025-02-14 13:59:51,432] {dag.py:2968} INFO - Setting next_dagrun for example_branch_datetime_operator_2 to 2025-02-13T00:00:00+00:00, run_after=2025-02-14T00:00:00+00:00
[2025-02-14 13:59:51,462] {processor.py:161} INFO - Processing /opt/conda/lib/python3.8/site-packages/airflow/example_dags/example_branch_datetime_operator.py took 0.459 seconds
[2025-02-14 14:00:37,638] {processor.py:153} INFO - Started process (PID=1876) to work on /opt/conda/lib/python3.8/site-packages/airflow/example_dags/example_branch_datetime_operator.py
[2025-02-14 14:00:38,023] {processor.py:641} INFO - Processing file /opt/conda/lib/python3.8/site-packages/airflow/example_dags/example_branch_datetime_operator.py for tasks to queue
[2025-02-14 14:00:38,024] {logging_mixin.py:115} INFO - [2025-02-14 14:00:38,024] {dagbag.py:508} INFO - Filling up the DagBag from /opt/conda/lib/python3.8/site-packages/airflow/example_dags/example_branch_datetime_operator.py
[2025-02-14 14:00:38,033] {processor.py:651} INFO - DAG(s) dict_keys(['example_branch_datetime_operator', 'example_branch_datetime_operator_2']) retrieved from /opt/conda/lib/python3.8/site-packages/airflow/example_dags/example_branch_datetime_operator.py
[2025-02-14 14:00:38,175] {logging_mixin.py:115} INFO - [2025-02-14 14:00:38,174] {dag.py:2420} INFO - Sync 2 DAGs
[2025-02-14 14:00:38,188] {logging_mixin.py:115} INFO - [2025-02-14 14:00:38,187] {dag.py:2968} INFO - Setting next_dagrun for example_branch_datetime_operator to 2025-02-13T00:00:00+00:00, run_after=2025-02-14T00:00:00+00:00
[2025-02-14 14:00:38,189] {logging_mixin.py:115} INFO - [2025-02-14 14:00:38,189] {dag.py:2968} INFO - Setting next_dagrun for example_branch_datetime_operator_2 to 2025-02-13T00:00:00+00:00, run_after=2025-02-14T00:00:00+00:00
[2025-02-14 14:00:38,207] {processor.py:161} INFO - Processing /opt/conda/lib/python3.8/site-packages/airflow/example_dags/example_branch_datetime_operator.py took 0.572 seconds
[2025-02-14 14:01:19,986] {processor.py:153} INFO - Started process (PID=1913) to work on /opt/conda/lib/python3.8/site-packages/airflow/example_dags/example_branch_datetime_operator.py
[2025-02-14 14:01:19,987] {processor.py:641} INFO - Processing file /opt/conda/lib/python3.8/site-packages/airflow/example_dags/example_branch_datetime_operator.py for tasks to queue
[2025-02-14 14:01:19,988] {logging_mixin.py:115} INFO - [2025-02-14 14:01:19,988] {dagbag.py:508} INFO - Filling up the DagBag from /opt/conda/lib/python3.8/site-packages/airflow/example_dags/example_branch_datetime_operator.py
[2025-02-14 14:01:19,997] {processor.py:651} INFO - DAG(s) dict_keys(['example_branch_datetime_operator', 'example_branch_datetime_operator_2']) retrieved from /opt/conda/lib/python3.8/site-packages/airflow/example_dags/example_branch_datetime_operator.py
[2025-02-14 14:01:20,129] {logging_mixin.py:115} INFO - [2025-02-14 14:01:20,129] {dag.py:2420} INFO - Sync 2 DAGs
[2025-02-14 14:01:20,141] {logging_mixin.py:115} INFO - [2025-02-14 14:01:20,141] {dag.py:2968} INFO - Setting next_dagrun for example_branch_datetime_operator to 2025-02-13T00:00:00+00:00, run_after=2025-02-14T00:00:00+00:00
[2025-02-14 14:01:20,143] {logging_mixin.py:115} INFO - [2025-02-14 14:01:20,143] {dag.py:2968} INFO - Setting next_dagrun for example_branch_datetime_operator_2 to 2025-02-13T00:00:00+00:00, run_after=2025-02-14T00:00:00+00:00
[2025-02-14 14:01:20,163] {processor.py:161} INFO - Processing /opt/conda/lib/python3.8/site-packages/airflow/example_dags/example_branch_datetime_operator.py took 0.180 seconds
[2025-02-14 14:02:02,068] {processor.py:153} INFO - Started process (PID=1952) to work on /opt/conda/lib/python3.8/site-packages/airflow/example_dags/example_branch_datetime_operator.py
[2025-02-14 14:02:02,070] {processor.py:641} INFO - Processing file /opt/conda/lib/python3.8/site-packages/airflow/example_dags/example_branch_datetime_operator.py for tasks to queue
[2025-02-14 14:02:02,070] {logging_mixin.py:115} INFO - [2025-02-14 14:02:02,070] {dagbag.py:508} INFO - Filling up the DagBag from /opt/conda/lib/python3.8/site-packages/airflow/example_dags/example_branch_datetime_operator.py
[2025-02-14 14:02:02,079] {processor.py:651} INFO - DAG(s) dict_keys(['example_branch_datetime_operator', 'example_branch_datetime_operator_2']) retrieved from /opt/conda/lib/python3.8/site-packages/airflow/example_dags/example_branch_datetime_operator.py
[2025-02-14 14:02:02,211] {logging_mixin.py:115} INFO - [2025-02-14 14:02:02,210] {dag.py:2420} INFO - Sync 2 DAGs
[2025-02-14 14:02:02,223] {logging_mixin.py:115} INFO - [2025-02-14 14:02:02,223] {dag.py:2968} INFO - Setting next_dagrun for example_branch_datetime_operator to 2025-02-13T00:00:00+00:00, run_after=2025-02-14T00:00:00+00:00
[2025-02-14 14:02:02,225] {logging_mixin.py:115} INFO - [2025-02-14 14:02:02,225] {dag.py:2968} INFO - Setting next_dagrun for example_branch_datetime_operator_2 to 2025-02-13T00:00:00+00:00, run_after=2025-02-14T00:00:00+00:00
[2025-02-14 14:02:02,242] {processor.py:161} INFO - Processing /opt/conda/lib/python3.8/site-packages/airflow/example_dags/example_branch_datetime_operator.py took 0.177 seconds
[2025-02-14 14:02:46,909] {processor.py:153} INFO - Started process (PID=1993) to work on /opt/conda/lib/python3.8/site-packages/airflow/example_dags/example_branch_datetime_operator.py
[2025-02-14 14:02:46,911] {processor.py:641} INFO - Processing file /opt/conda/lib/python3.8/site-packages/airflow/example_dags/example_branch_datetime_operator.py for tasks to queue
[2025-02-14 14:02:46,911] {logging_mixin.py:115} INFO - [2025-02-14 14:02:46,911] {dagbag.py:508} INFO - Filling up the DagBag from /opt/conda/lib/python3.8/site-packages/airflow/example_dags/example_branch_datetime_operator.py
[2025-02-14 14:02:46,920] {processor.py:651} INFO - DAG(s) dict_keys(['example_branch_datetime_operator', 'example_branch_datetime_operator_2']) retrieved from /opt/conda/lib/python3.8/site-packages/airflow/example_dags/example_branch_datetime_operator.py
[2025-02-14 14:02:47,052] {logging_mixin.py:115} INFO - [2025-02-14 14:02:47,052] {dag.py:2420} INFO - Sync 2 DAGs
[2025-02-14 14:02:47,064] {logging_mixin.py:115} INFO - [2025-02-14 14:02:47,064] {dag.py:2968} INFO - Setting next_dagrun for example_branch_datetime_operator to 2025-02-13T00:00:00+00:00, run_after=2025-02-14T00:00:00+00:00
[2025-02-14 14:02:47,066] {logging_mixin.py:115} INFO - [2025-02-14 14:02:47,066] {dag.py:2968} INFO - Setting next_dagrun for example_branch_datetime_operator_2 to 2025-02-13T00:00:00+00:00, run_after=2025-02-14T00:00:00+00:00
[2025-02-14 14:02:47,086] {processor.py:161} INFO - Processing /opt/conda/lib/python3.8/site-packages/airflow/example_dags/example_branch_datetime_operator.py took 0.179 seconds
[2025-02-14 14:03:38,258] {processor.py:153} INFO - Started process (PID=2037) to work on /opt/conda/lib/python3.8/site-packages/airflow/example_dags/example_branch_datetime_operator.py
[2025-02-14 14:03:38,259] {processor.py:641} INFO - Processing file /opt/conda/lib/python3.8/site-packages/airflow/example_dags/example_branch_datetime_operator.py for tasks to queue
[2025-02-14 14:03:38,260] {logging_mixin.py:115} INFO - [2025-02-14 14:03:38,259] {dagbag.py:508} INFO - Filling up the DagBag from /opt/conda/lib/python3.8/site-packages/airflow/example_dags/example_branch_datetime_operator.py
[2025-02-14 14:03:38,268] {processor.py:651} INFO - DAG(s) dict_keys(['example_branch_datetime_operator', 'example_branch_datetime_operator_2']) retrieved from /opt/conda/lib/python3.8/site-packages/airflow/example_dags/example_branch_datetime_operator.py
[2025-02-14 14:03:38,401] {logging_mixin.py:115} INFO - [2025-02-14 14:03:38,401] {dag.py:2420} INFO - Sync 2 DAGs
[2025-02-14 14:03:38,413] {logging_mixin.py:115} INFO - [2025-02-14 14:03:38,413] {dag.py:2968} INFO - Setting next_dagrun for example_branch_datetime_operator to 2025-02-13T00:00:00+00:00, run_after=2025-02-14T00:00:00+00:00
[2025-02-14 14:03:38,414] {logging_mixin.py:115} INFO - [2025-02-14 14:03:38,414] {dag.py:2968} INFO - Setting next_dagrun for example_branch_datetime_operator_2 to 2025-02-13T00:00:00+00:00, run_after=2025-02-14T00:00:00+00:00
[2025-02-14 14:03:38,436] {processor.py:161} INFO - Processing /opt/conda/lib/python3.8/site-packages/airflow/example_dags/example_branch_datetime_operator.py took 0.182 seconds
[2025-02-14 14:05:35,358] {processor.py:153} INFO - Started process (PID=2183) to work on /opt/conda/lib/python3.8/site-packages/airflow/example_dags/example_branch_datetime_operator.py
[2025-02-14 14:05:35,359] {processor.py:641} INFO - Processing file /opt/conda/lib/python3.8/site-packages/airflow/example_dags/example_branch_datetime_operator.py for tasks to queue
[2025-02-14 14:05:35,360] {logging_mixin.py:115} INFO - [2025-02-14 14:05:35,360] {dagbag.py:508} INFO - Filling up the DagBag from /opt/conda/lib/python3.8/site-packages/airflow/example_dags/example_branch_datetime_operator.py
[2025-02-14 14:05:35,368] {processor.py:651} INFO - DAG(s) dict_keys(['example_branch_datetime_operator', 'example_branch_datetime_operator_2']) retrieved from /opt/conda/lib/python3.8/site-packages/airflow/example_dags/example_branch_datetime_operator.py
[2025-02-14 14:05:35,499] {logging_mixin.py:115} INFO - [2025-02-14 14:05:35,499] {dag.py:2420} INFO - Sync 2 DAGs
[2025-02-14 14:05:35,512] {logging_mixin.py:115} INFO - [2025-02-14 14:05:35,512] {dag.py:2968} INFO - Setting next_dagrun for example_branch_datetime_operator to 2025-02-13T00:00:00+00:00, run_after=2025-02-14T00:00:00+00:00
[2025-02-14 14:05:35,514] {logging_mixin.py:115} INFO - [2025-02-14 14:05:35,514] {dag.py:2968} INFO - Setting next_dagrun for example_branch_datetime_operator_2 to 2025-02-13T00:00:00+00:00, run_after=2025-02-14T00:00:00+00:00
[2025-02-14 14:05:35,533] {processor.py:161} INFO - Processing /opt/conda/lib/python3.8/site-packages/airflow/example_dags/example_branch_datetime_operator.py took 0.178 seconds
[2025-02-14 14:06:18,801] {processor.py:153} INFO - Started process (PID=2237) to work on /opt/conda/lib/python3.8/site-packages/airflow/example_dags/example_branch_datetime_operator.py
[2025-02-14 14:06:18,802] {processor.py:641} INFO - Processing file /opt/conda/lib/python3.8/site-packages/airflow/example_dags/example_branch_datetime_operator.py for tasks to queue
[2025-02-14 14:06:18,803] {logging_mixin.py:115} INFO - [2025-02-14 14:06:18,803] {dagbag.py:508} INFO - Filling up the DagBag from /opt/conda/lib/python3.8/site-packages/airflow/example_dags/example_branch_datetime_operator.py
[2025-02-14 14:06:18,812] {processor.py:651} INFO - DAG(s) dict_keys(['example_branch_datetime_operator', 'example_branch_datetime_operator_2']) retrieved from /opt/conda/lib/python3.8/site-packages/airflow/example_dags/example_branch_datetime_operator.py
[2025-02-14 14:06:18,946] {logging_mixin.py:115} INFO - [2025-02-14 14:06:18,946] {dag.py:2420} INFO - Sync 2 DAGs
[2025-02-14 14:06:18,959] {logging_mixin.py:115} INFO - [2025-02-14 14:06:18,958] {dag.py:2968} INFO - Setting next_dagrun for example_branch_datetime_operator to 2025-02-13T00:00:00+00:00, run_after=2025-02-14T00:00:00+00:00
[2025-02-14 14:06:18,960] {logging_mixin.py:115} INFO - [2025-02-14 14:06:18,960] {dag.py:2968} INFO - Setting next_dagrun for example_branch_datetime_operator_2 to 2025-02-13T00:00:00+00:00, run_after=2025-02-14T00:00:00+00:00
[2025-02-14 14:06:18,980] {processor.py:161} INFO - Processing /opt/conda/lib/python3.8/site-packages/airflow/example_dags/example_branch_datetime_operator.py took 0.182 seconds
[2025-02-14 14:07:10,878] {processor.py:153} INFO - Started process (PID=2295) to work on /opt/conda/lib/python3.8/site-packages/airflow/example_dags/example_branch_datetime_operator.py
[2025-02-14 14:07:10,879] {processor.py:641} INFO - Processing file /opt/conda/lib/python3.8/site-packages/airflow/example_dags/example_branch_datetime_operator.py for tasks to queue
[2025-02-14 14:07:10,880] {logging_mixin.py:115} INFO - [2025-02-14 14:07:10,880] {dagbag.py:508} INFO - Filling up the DagBag from /opt/conda/lib/python3.8/site-packages/airflow/example_dags/example_branch_datetime_operator.py
[2025-02-14 14:07:10,888] {processor.py:651} INFO - DAG(s) dict_keys(['example_branch_datetime_operator', 'example_branch_datetime_operator_2']) retrieved from /opt/conda/lib/python3.8/site-packages/airflow/example_dags/example_branch_datetime_operator.py
[2025-02-14 14:07:11,018] {logging_mixin.py:115} INFO - [2025-02-14 14:07:11,017] {dag.py:2420} INFO - Sync 2 DAGs
[2025-02-14 14:07:11,030] {logging_mixin.py:115} INFO - [2025-02-14 14:07:11,030] {dag.py:2968} INFO - Setting next_dagrun for example_branch_datetime_operator to 2025-02-13T00:00:00+00:00, run_after=2025-02-14T00:00:00+00:00
[2025-02-14 14:07:11,032] {logging_mixin.py:115} INFO - [2025-02-14 14:07:11,032] {dag.py:2968} INFO - Setting next_dagrun for example_branch_datetime_operator_2 to 2025-02-13T00:00:00+00:00, run_after=2025-02-14T00:00:00+00:00
[2025-02-14 14:07:11,051] {processor.py:161} INFO - Processing /opt/conda/lib/python3.8/site-packages/airflow/example_dags/example_branch_datetime_operator.py took 0.176 seconds
[2025-02-14 14:07:56,453] {processor.py:153} INFO - Started process (PID=2334) to work on /opt/conda/lib/python3.8/site-packages/airflow/example_dags/example_branch_datetime_operator.py
[2025-02-14 14:07:56,455] {processor.py:641} INFO - Processing file /opt/conda/lib/python3.8/site-packages/airflow/example_dags/example_branch_datetime_operator.py for tasks to queue
[2025-02-14 14:07:56,455] {logging_mixin.py:115} INFO - [2025-02-14 14:07:56,455] {dagbag.py:508} INFO - Filling up the DagBag from /opt/conda/lib/python3.8/site-packages/airflow/example_dags/example_branch_datetime_operator.py
[2025-02-14 14:07:56,464] {processor.py:651} INFO - DAG(s) dict_keys(['example_branch_datetime_operator', 'example_branch_datetime_operator_2']) retrieved from /opt/conda/lib/python3.8/site-packages/airflow/example_dags/example_branch_datetime_operator.py
[2025-02-14 14:07:56,600] {logging_mixin.py:115} INFO - [2025-02-14 14:07:56,600] {dag.py:2420} INFO - Sync 2 DAGs
[2025-02-14 14:07:56,612] {logging_mixin.py:115} INFO - [2025-02-14 14:07:56,612] {dag.py:2968} INFO - Setting next_dagrun for example_branch_datetime_operator to 2025-02-13T00:00:00+00:00, run_after=2025-02-14T00:00:00+00:00
[2025-02-14 14:07:56,614] {logging_mixin.py:115} INFO - [2025-02-14 14:07:56,614] {dag.py:2968} INFO - Setting next_dagrun for example_branch_datetime_operator_2 to 2025-02-13T00:00:00+00:00, run_after=2025-02-14T00:00:00+00:00
[2025-02-14 14:07:56,633] {processor.py:161} INFO - Processing /opt/conda/lib/python3.8/site-packages/airflow/example_dags/example_branch_datetime_operator.py took 0.183 seconds
[2025-02-14 14:09:30,135] {processor.py:153} INFO - Started process (PID=2441) to work on /opt/conda/lib/python3.8/site-packages/airflow/example_dags/example_branch_datetime_operator.py
[2025-02-14 14:09:30,136] {processor.py:641} INFO - Processing file /opt/conda/lib/python3.8/site-packages/airflow/example_dags/example_branch_datetime_operator.py for tasks to queue
[2025-02-14 14:09:30,136] {logging_mixin.py:115} INFO - [2025-02-14 14:09:30,136] {dagbag.py:508} INFO - Filling up the DagBag from /opt/conda/lib/python3.8/site-packages/airflow/example_dags/example_branch_datetime_operator.py
[2025-02-14 14:09:30,145] {processor.py:651} INFO - DAG(s) dict_keys(['example_branch_datetime_operator', 'example_branch_datetime_operator_2']) retrieved from /opt/conda/lib/python3.8/site-packages/airflow/example_dags/example_branch_datetime_operator.py
[2025-02-14 14:09:30,274] {logging_mixin.py:115} INFO - [2025-02-14 14:09:30,274] {dag.py:2420} INFO - Sync 2 DAGs
[2025-02-14 14:09:30,287] {logging_mixin.py:115} INFO - [2025-02-14 14:09:30,287] {dag.py:2968} INFO - Setting next_dagrun for example_branch_datetime_operator to 2025-02-13T00:00:00+00:00, run_after=2025-02-14T00:00:00+00:00
[2025-02-14 14:09:30,289] {logging_mixin.py:115} INFO - [2025-02-14 14:09:30,289] {dag.py:2968} INFO - Setting next_dagrun for example_branch_datetime_operator_2 to 2025-02-13T00:00:00+00:00, run_after=2025-02-14T00:00:00+00:00
[2025-02-14 14:09:30,307] {processor.py:161} INFO - Processing /opt/conda/lib/python3.8/site-packages/airflow/example_dags/example_branch_datetime_operator.py took 0.176 seconds
[2025-02-14 14:10:14,010] {processor.py:153} INFO - Started process (PID=2479) to work on /opt/conda/lib/python3.8/site-packages/airflow/example_dags/example_branch_datetime_operator.py
[2025-02-14 14:10:14,011] {processor.py:641} INFO - Processing file /opt/conda/lib/python3.8/site-packages/airflow/example_dags/example_branch_datetime_operator.py for tasks to queue
[2025-02-14 14:10:14,011] {logging_mixin.py:115} INFO - [2025-02-14 14:10:14,011] {dagbag.py:508} INFO - Filling up the DagBag from /opt/conda/lib/python3.8/site-packages/airflow/example_dags/example_branch_datetime_operator.py
[2025-02-14 14:10:14,020] {processor.py:651} INFO - DAG(s) dict_keys(['example_branch_datetime_operator', 'example_branch_datetime_operator_2']) retrieved from /opt/conda/lib/python3.8/site-packages/airflow/example_dags/example_branch_datetime_operator.py
[2025-02-14 14:10:14,153] {logging_mixin.py:115} INFO - [2025-02-14 14:10:14,153] {dag.py:2420} INFO - Sync 2 DAGs
[2025-02-14 14:10:14,166] {logging_mixin.py:115} INFO - [2025-02-14 14:10:14,166] {dag.py:2968} INFO - Setting next_dagrun for example_branch_datetime_operator to 2025-02-13T00:00:00+00:00, run_after=2025-02-14T00:00:00+00:00
[2025-02-14 14:10:14,168] {logging_mixin.py:115} INFO - [2025-02-14 14:10:14,168] {dag.py:2968} INFO - Setting next_dagrun for example_branch_datetime_operator_2 to 2025-02-13T00:00:00+00:00, run_after=2025-02-14T00:00:00+00:00
[2025-02-14 14:10:14,186] {processor.py:161} INFO - Processing /opt/conda/lib/python3.8/site-packages/airflow/example_dags/example_branch_datetime_operator.py took 0.180 seconds
[2025-02-14 14:11:01,749] {processor.py:153} INFO - Started process (PID=2521) to work on /opt/conda/lib/python3.8/site-packages/airflow/example_dags/example_branch_datetime_operator.py
[2025-02-14 14:11:01,750] {processor.py:641} INFO - Processing file /opt/conda/lib/python3.8/site-packages/airflow/example_dags/example_branch_datetime_operator.py for tasks to queue
[2025-02-14 14:11:01,751] {logging_mixin.py:115} INFO - [2025-02-14 14:11:01,751] {dagbag.py:508} INFO - Filling up the DagBag from /opt/conda/lib/python3.8/site-packages/airflow/example_dags/example_branch_datetime_operator.py
[2025-02-14 14:11:01,759] {processor.py:651} INFO - DAG(s) dict_keys(['example_branch_datetime_operator', 'example_branch_datetime_operator_2']) retrieved from /opt/conda/lib/python3.8/site-packages/airflow/example_dags/example_branch_datetime_operator.py
[2025-02-14 14:11:01,893] {logging_mixin.py:115} INFO - [2025-02-14 14:11:01,893] {dag.py:2420} INFO - Sync 2 DAGs
[2025-02-14 14:11:01,905] {logging_mixin.py:115} INFO - [2025-02-14 14:11:01,905] {dag.py:2968} INFO - Setting next_dagrun for example_branch_datetime_operator to 2025-02-13T00:00:00+00:00, run_after=2025-02-14T00:00:00+00:00
[2025-02-14 14:11:01,907] {logging_mixin.py:115} INFO - [2025-02-14 14:11:01,907] {dag.py:2968} INFO - Setting next_dagrun for example_branch_datetime_operator_2 to 2025-02-13T00:00:00+00:00, run_after=2025-02-14T00:00:00+00:00
[2025-02-14 14:11:01,924] {processor.py:161} INFO - Processing /opt/conda/lib/python3.8/site-packages/airflow/example_dags/example_branch_datetime_operator.py took 0.178 seconds
[2025-02-14 14:11:47,648] {processor.py:153} INFO - Started process (PID=2577) to work on /opt/conda/lib/python3.8/site-packages/airflow/example_dags/example_branch_datetime_operator.py
[2025-02-14 14:11:47,650] {processor.py:641} INFO - Processing file /opt/conda/lib/python3.8/site-packages/airflow/example_dags/example_branch_datetime_operator.py for tasks to queue
[2025-02-14 14:11:47,650] {logging_mixin.py:115} INFO - [2025-02-14 14:11:47,650] {dagbag.py:508} INFO - Filling up the DagBag from /opt/conda/lib/python3.8/site-packages/airflow/example_dags/example_branch_datetime_operator.py
[2025-02-14 14:11:47,659] {processor.py:651} INFO - DAG(s) dict_keys(['example_branch_datetime_operator', 'example_branch_datetime_operator_2']) retrieved from /opt/conda/lib/python3.8/site-packages/airflow/example_dags/example_branch_datetime_operator.py
[2025-02-14 14:11:47,800] {logging_mixin.py:115} INFO - [2025-02-14 14:11:47,800] {dag.py:2420} INFO - Sync 2 DAGs
[2025-02-14 14:11:47,813] {logging_mixin.py:115} INFO - [2025-02-14 14:11:47,813] {dag.py:2968} INFO - Setting next_dagrun for example_branch_datetime_operator to 2025-02-13T00:00:00+00:00, run_after=2025-02-14T00:00:00+00:00
[2025-02-14 14:11:47,815] {logging_mixin.py:115} INFO - [2025-02-14 14:11:47,815] {dag.py:2968} INFO - Setting next_dagrun for example_branch_datetime_operator_2 to 2025-02-13T00:00:00+00:00, run_after=2025-02-14T00:00:00+00:00
[2025-02-14 14:11:47,834] {processor.py:161} INFO - Processing /opt/conda/lib/python3.8/site-packages/airflow/example_dags/example_branch_datetime_operator.py took 0.189 seconds
[2025-02-14 14:12:31,538] {processor.py:153} INFO - Started process (PID=2631) to work on /opt/conda/lib/python3.8/site-packages/airflow/example_dags/example_branch_datetime_operator.py
[2025-02-14 14:12:31,539] {processor.py:641} INFO - Processing file /opt/conda/lib/python3.8/site-packages/airflow/example_dags/example_branch_datetime_operator.py for tasks to queue
[2025-02-14 14:12:31,540] {logging_mixin.py:115} INFO - [2025-02-14 14:12:31,540] {dagbag.py:508} INFO - Filling up the DagBag from /opt/conda/lib/python3.8/site-packages/airflow/example_dags/example_branch_datetime_operator.py
[2025-02-14 14:12:31,548] {processor.py:651} INFO - DAG(s) dict_keys(['example_branch_datetime_operator', 'example_branch_datetime_operator_2']) retrieved from /opt/conda/lib/python3.8/site-packages/airflow/example_dags/example_branch_datetime_operator.py
[2025-02-14 14:12:31,687] {logging_mixin.py:115} INFO - [2025-02-14 14:12:31,687] {dag.py:2420} INFO - Sync 2 DAGs
[2025-02-14 14:12:31,700] {logging_mixin.py:115} INFO - [2025-02-14 14:12:31,700] {dag.py:2968} INFO - Setting next_dagrun for example_branch_datetime_operator to 2025-02-13T00:00:00+00:00, run_after=2025-02-14T00:00:00+00:00
[2025-02-14 14:12:31,701] {logging_mixin.py:115} INFO - [2025-02-14 14:12:31,701] {dag.py:2968} INFO - Setting next_dagrun for example_branch_datetime_operator_2 to 2025-02-13T00:00:00+00:00, run_after=2025-02-14T00:00:00+00:00
[2025-02-14 14:12:31,717] {processor.py:161} INFO - Processing /opt/conda/lib/python3.8/site-packages/airflow/example_dags/example_branch_datetime_operator.py took 0.182 seconds
[2025-02-14 14:13:13,537] {processor.py:153} INFO - Started process (PID=2685) to work on /opt/conda/lib/python3.8/site-packages/airflow/example_dags/example_branch_datetime_operator.py
[2025-02-14 14:13:13,538] {processor.py:641} INFO - Processing file /opt/conda/lib/python3.8/site-packages/airflow/example_dags/example_branch_datetime_operator.py for tasks to queue
[2025-02-14 14:13:13,539] {logging_mixin.py:115} INFO - [2025-02-14 14:13:13,538] {dagbag.py:508} INFO - Filling up the DagBag from /opt/conda/lib/python3.8/site-packages/airflow/example_dags/example_branch_datetime_operator.py
[2025-02-14 14:13:13,547] {processor.py:651} INFO - DAG(s) dict_keys(['example_branch_datetime_operator', 'example_branch_datetime_operator_2']) retrieved from /opt/conda/lib/python3.8/site-packages/airflow/example_dags/example_branch_datetime_operator.py
[2025-02-14 14:13:13,688] {logging_mixin.py:115} INFO - [2025-02-14 14:13:13,688] {dag.py:2420} INFO - Sync 2 DAGs
[2025-02-14 14:13:13,701] {logging_mixin.py:115} INFO - [2025-02-14 14:13:13,701] {dag.py:2968} INFO - Setting next_dagrun for example_branch_datetime_operator to 2025-02-13T00:00:00+00:00, run_after=2025-02-14T00:00:00+00:00
[2025-02-14 14:13:13,703] {logging_mixin.py:115} INFO - [2025-02-14 14:13:13,703] {dag.py:2968} INFO - Setting next_dagrun for example_branch_datetime_operator_2 to 2025-02-13T00:00:00+00:00, run_after=2025-02-14T00:00:00+00:00
[2025-02-14 14:13:13,721] {processor.py:161} INFO - Processing /opt/conda/lib/python3.8/site-packages/airflow/example_dags/example_branch_datetime_operator.py took 0.188 seconds
[2025-02-14 14:14:09,294] {processor.py:153} INFO - Started process (PID=2765) to work on /opt/conda/lib/python3.8/site-packages/airflow/example_dags/example_branch_datetime_operator.py
[2025-02-14 14:14:09,295] {processor.py:641} INFO - Processing file /opt/conda/lib/python3.8/site-packages/airflow/example_dags/example_branch_datetime_operator.py for tasks to queue
[2025-02-14 14:14:09,296] {logging_mixin.py:115} INFO - [2025-02-14 14:14:09,295] {dagbag.py:508} INFO - Filling up the DagBag from /opt/conda/lib/python3.8/site-packages/airflow/example_dags/example_branch_datetime_operator.py
[2025-02-14 14:14:09,305] {processor.py:651} INFO - DAG(s) dict_keys(['example_branch_datetime_operator', 'example_branch_datetime_operator_2']) retrieved from /opt/conda/lib/python3.8/site-packages/airflow/example_dags/example_branch_datetime_operator.py
[2025-02-14 14:14:09,323] {logging_mixin.py:115} INFO - [2025-02-14 14:14:09,323] {dag.py:2420} INFO - Sync 2 DAGs
[2025-02-14 14:14:09,343] {logging_mixin.py:115} INFO - [2025-02-14 14:14:09,343] {dag.py:2968} INFO - Setting next_dagrun for example_branch_datetime_operator to 2025-02-13T00:00:00+00:00, run_after=2025-02-14T00:00:00+00:00
[2025-02-14 14:14:09,345] {logging_mixin.py:115} INFO - [2025-02-14 14:14:09,345] {dag.py:2968} INFO - Setting next_dagrun for example_branch_datetime_operator_2 to 2025-02-13T00:00:00+00:00, run_after=2025-02-14T00:00:00+00:00
[2025-02-14 14:14:09,367] {processor.py:161} INFO - Processing /opt/conda/lib/python3.8/site-packages/airflow/example_dags/example_branch_datetime_operator.py took 0.077 seconds
[2025-02-14 14:14:54,173] {processor.py:153} INFO - Started process (PID=2824) to work on /opt/conda/lib/python3.8/site-packages/airflow/example_dags/example_branch_datetime_operator.py
[2025-02-14 14:14:54,175] {processor.py:641} INFO - Processing file /opt/conda/lib/python3.8/site-packages/airflow/example_dags/example_branch_datetime_operator.py for tasks to queue
[2025-02-14 14:14:54,175] {logging_mixin.py:115} INFO - [2025-02-14 14:14:54,175] {dagbag.py:508} INFO - Filling up the DagBag from /opt/conda/lib/python3.8/site-packages/airflow/example_dags/example_branch_datetime_operator.py
[2025-02-14 14:14:54,184] {processor.py:651} INFO - DAG(s) dict_keys(['example_branch_datetime_operator', 'example_branch_datetime_operator_2']) retrieved from /opt/conda/lib/python3.8/site-packages/airflow/example_dags/example_branch_datetime_operator.py
[2025-02-14 14:14:54,202] {logging_mixin.py:115} INFO - [2025-02-14 14:14:54,202] {dag.py:2420} INFO - Sync 2 DAGs
[2025-02-14 14:14:54,222] {logging_mixin.py:115} INFO - [2025-02-14 14:14:54,222] {dag.py:2968} INFO - Setting next_dagrun for example_branch_datetime_operator to 2025-02-13T00:00:00+00:00, run_after=2025-02-14T00:00:00+00:00
[2025-02-14 14:14:54,224] {logging_mixin.py:115} INFO - [2025-02-14 14:14:54,224] {dag.py:2968} INFO - Setting next_dagrun for example_branch_datetime_operator_2 to 2025-02-13T00:00:00+00:00, run_after=2025-02-14T00:00:00+00:00
[2025-02-14 14:14:54,246] {processor.py:161} INFO - Processing /opt/conda/lib/python3.8/site-packages/airflow/example_dags/example_branch_datetime_operator.py took 0.076 seconds
[2025-02-14 14:15:34,570] {processor.py:153} INFO - Started process (PID=2879) to work on /opt/conda/lib/python3.8/site-packages/airflow/example_dags/example_branch_datetime_operator.py
[2025-02-14 14:15:34,571] {processor.py:641} INFO - Processing file /opt/conda/lib/python3.8/site-packages/airflow/example_dags/example_branch_datetime_operator.py for tasks to queue
[2025-02-14 14:15:34,572] {logging_mixin.py:115} INFO - [2025-02-14 14:15:34,572] {dagbag.py:508} INFO - Filling up the DagBag from /opt/conda/lib/python3.8/site-packages/airflow/example_dags/example_branch_datetime_operator.py
[2025-02-14 14:15:34,581] {processor.py:651} INFO - DAG(s) dict_keys(['example_branch_datetime_operator', 'example_branch_datetime_operator_2']) retrieved from /opt/conda/lib/python3.8/site-packages/airflow/example_dags/example_branch_datetime_operator.py
[2025-02-14 14:15:34,599] {logging_mixin.py:115} INFO - [2025-02-14 14:15:34,599] {dag.py:2420} INFO - Sync 2 DAGs
[2025-02-14 14:15:34,618] {logging_mixin.py:115} INFO - [2025-02-14 14:15:34,618] {dag.py:2968} INFO - Setting next_dagrun for example_branch_datetime_operator to 2025-02-13T00:00:00+00:00, run_after=2025-02-14T00:00:00+00:00
[2025-02-14 14:15:34,620] {logging_mixin.py:115} INFO - [2025-02-14 14:15:34,619] {dag.py:2968} INFO - Setting next_dagrun for example_branch_datetime_operator_2 to 2025-02-13T00:00:00+00:00, run_after=2025-02-14T00:00:00+00:00
[2025-02-14 14:15:34,639] {processor.py:161} INFO - Processing /opt/conda/lib/python3.8/site-packages/airflow/example_dags/example_branch_datetime_operator.py took 0.072 seconds
[2025-02-14 14:16:56,322] {processor.py:153} INFO - Started process (PID=3018) to work on /opt/conda/lib/python3.8/site-packages/airflow/example_dags/example_branch_datetime_operator.py
[2025-02-14 14:16:56,324] {processor.py:641} INFO - Processing file /opt/conda/lib/python3.8/site-packages/airflow/example_dags/example_branch_datetime_operator.py for tasks to queue
[2025-02-14 14:16:56,325] {logging_mixin.py:115} INFO - [2025-02-14 14:16:56,325] {dagbag.py:508} INFO - Filling up the DagBag from /opt/conda/lib/python3.8/site-packages/airflow/example_dags/example_branch_datetime_operator.py
[2025-02-14 14:16:56,335] {processor.py:651} INFO - DAG(s) dict_keys(['example_branch_datetime_operator', 'example_branch_datetime_operator_2']) retrieved from /opt/conda/lib/python3.8/site-packages/airflow/example_dags/example_branch_datetime_operator.py
[2025-02-14 14:16:56,543] {logging_mixin.py:115} INFO - [2025-02-14 14:16:56,543] {dag.py:2420} INFO - Sync 2 DAGs
[2025-02-14 14:16:56,563] {logging_mixin.py:115} INFO - [2025-02-14 14:16:56,563] {dag.py:2968} INFO - Setting next_dagrun for example_branch_datetime_operator to 2025-02-13T00:00:00+00:00, run_after=2025-02-14T00:00:00+00:00
[2025-02-14 14:16:56,566] {logging_mixin.py:115} INFO - [2025-02-14 14:16:56,565] {dag.py:2968} INFO - Setting next_dagrun for example_branch_datetime_operator_2 to 2025-02-13T00:00:00+00:00, run_after=2025-02-14T00:00:00+00:00
[2025-02-14 14:16:56,589] {processor.py:161} INFO - Processing /opt/conda/lib/python3.8/site-packages/airflow/example_dags/example_branch_datetime_operator.py took 0.270 seconds
[2025-02-14 14:17:42,832] {processor.py:153} INFO - Started process (PID=3072) to work on /opt/conda/lib/python3.8/site-packages/airflow/example_dags/example_branch_datetime_operator.py
[2025-02-14 14:17:42,834] {processor.py:641} INFO - Processing file /opt/conda/lib/python3.8/site-packages/airflow/example_dags/example_branch_datetime_operator.py for tasks to queue
[2025-02-14 14:17:42,834] {logging_mixin.py:115} INFO - [2025-02-14 14:17:42,834] {dagbag.py:508} INFO - Filling up the DagBag from /opt/conda/lib/python3.8/site-packages/airflow/example_dags/example_branch_datetime_operator.py
[2025-02-14 14:17:42,843] {processor.py:651} INFO - DAG(s) dict_keys(['example_branch_datetime_operator', 'example_branch_datetime_operator_2']) retrieved from /opt/conda/lib/python3.8/site-packages/airflow/example_dags/example_branch_datetime_operator.py
[2025-02-14 14:17:42,977] {logging_mixin.py:115} INFO - [2025-02-14 14:17:42,977] {dag.py:2420} INFO - Sync 2 DAGs
[2025-02-14 14:17:42,990] {logging_mixin.py:115} INFO - [2025-02-14 14:17:42,990] {dag.py:2968} INFO - Setting next_dagrun for example_branch_datetime_operator to 2025-02-13T00:00:00+00:00, run_after=2025-02-14T00:00:00+00:00
[2025-02-14 14:17:42,991] {logging_mixin.py:115} INFO - [2025-02-14 14:17:42,991] {dag.py:2968} INFO - Setting next_dagrun for example_branch_datetime_operator_2 to 2025-02-13T00:00:00+00:00, run_after=2025-02-14T00:00:00+00:00
[2025-02-14 14:17:43,094] {processor.py:161} INFO - Processing /opt/conda/lib/python3.8/site-packages/airflow/example_dags/example_branch_datetime_operator.py took 0.265 seconds
[2025-02-14 14:21:01,565] {processor.py:153} INFO - Started process (PID=3301) to work on /opt/conda/lib/python3.8/site-packages/airflow/example_dags/example_branch_datetime_operator.py
[2025-02-14 14:21:01,567] {processor.py:641} INFO - Processing file /opt/conda/lib/python3.8/site-packages/airflow/example_dags/example_branch_datetime_operator.py for tasks to queue
[2025-02-14 14:21:01,567] {logging_mixin.py:115} INFO - [2025-02-14 14:21:01,567] {dagbag.py:508} INFO - Filling up the DagBag from /opt/conda/lib/python3.8/site-packages/airflow/example_dags/example_branch_datetime_operator.py
[2025-02-14 14:21:01,576] {processor.py:651} INFO - DAG(s) dict_keys(['example_branch_datetime_operator', 'example_branch_datetime_operator_2']) retrieved from /opt/conda/lib/python3.8/site-packages/airflow/example_dags/example_branch_datetime_operator.py
[2025-02-14 14:21:01,724] {logging_mixin.py:115} INFO - [2025-02-14 14:21:01,724] {dag.py:2420} INFO - Sync 2 DAGs
[2025-02-14 14:21:01,737] {logging_mixin.py:115} INFO - [2025-02-14 14:21:01,737] {dag.py:2968} INFO - Setting next_dagrun for example_branch_datetime_operator to 2025-02-13T00:00:00+00:00, run_after=2025-02-14T00:00:00+00:00
[2025-02-14 14:21:01,738] {logging_mixin.py:115} INFO - [2025-02-14 14:21:01,738] {dag.py:2968} INFO - Setting next_dagrun for example_branch_datetime_operator_2 to 2025-02-13T00:00:00+00:00, run_after=2025-02-14T00:00:00+00:00
[2025-02-14 14:21:01,757] {processor.py:161} INFO - Processing /opt/conda/lib/python3.8/site-packages/airflow/example_dags/example_branch_datetime_operator.py took 0.195 seconds
[2025-02-14 14:21:49,327] {processor.py:153} INFO - Started process (PID=3366) to work on /opt/conda/lib/python3.8/site-packages/airflow/example_dags/example_branch_datetime_operator.py
[2025-02-14 14:21:49,329] {processor.py:641} INFO - Processing file /opt/conda/lib/python3.8/site-packages/airflow/example_dags/example_branch_datetime_operator.py for tasks to queue
[2025-02-14 14:21:49,329] {logging_mixin.py:115} INFO - [2025-02-14 14:21:49,329] {dagbag.py:508} INFO - Filling up the DagBag from /opt/conda/lib/python3.8/site-packages/airflow/example_dags/example_branch_datetime_operator.py
[2025-02-14 14:21:49,339] {processor.py:651} INFO - DAG(s) dict_keys(['example_branch_datetime_operator', 'example_branch_datetime_operator_2']) retrieved from /opt/conda/lib/python3.8/site-packages/airflow/example_dags/example_branch_datetime_operator.py
[2025-02-14 14:21:49,545] {logging_mixin.py:115} INFO - [2025-02-14 14:21:49,545] {dag.py:2420} INFO - Sync 2 DAGs
[2025-02-14 14:21:49,565] {logging_mixin.py:115} INFO - [2025-02-14 14:21:49,565] {dag.py:2968} INFO - Setting next_dagrun for example_branch_datetime_operator to 2025-02-13T00:00:00+00:00, run_after=2025-02-14T00:00:00+00:00
[2025-02-14 14:21:49,568] {logging_mixin.py:115} INFO - [2025-02-14 14:21:49,567] {dag.py:2968} INFO - Setting next_dagrun for example_branch_datetime_operator_2 to 2025-02-13T00:00:00+00:00, run_after=2025-02-14T00:00:00+00:00
[2025-02-14 14:21:49,592] {processor.py:161} INFO - Processing /opt/conda/lib/python3.8/site-packages/airflow/example_dags/example_branch_datetime_operator.py took 0.269 seconds
[2025-02-14 14:22:33,830] {processor.py:153} INFO - Started process (PID=3420) to work on /opt/conda/lib/python3.8/site-packages/airflow/example_dags/example_branch_datetime_operator.py
[2025-02-14 14:22:33,831] {processor.py:641} INFO - Processing file /opt/conda/lib/python3.8/site-packages/airflow/example_dags/example_branch_datetime_operator.py for tasks to queue
[2025-02-14 14:22:33,832] {logging_mixin.py:115} INFO - [2025-02-14 14:22:33,832] {dagbag.py:508} INFO - Filling up the DagBag from /opt/conda/lib/python3.8/site-packages/airflow/example_dags/example_branch_datetime_operator.py
[2025-02-14 14:22:33,841] {processor.py:651} INFO - DAG(s) dict_keys(['example_branch_datetime_operator', 'example_branch_datetime_operator_2']) retrieved from /opt/conda/lib/python3.8/site-packages/airflow/example_dags/example_branch_datetime_operator.py
[2025-02-14 14:22:33,995] {logging_mixin.py:115} INFO - [2025-02-14 14:22:33,995] {dag.py:2420} INFO - Sync 2 DAGs
[2025-02-14 14:22:34,008] {logging_mixin.py:115} INFO - [2025-02-14 14:22:34,008] {dag.py:2968} INFO - Setting next_dagrun for example_branch_datetime_operator to 2025-02-13T00:00:00+00:00, run_after=2025-02-14T00:00:00+00:00
[2025-02-14 14:22:34,010] {logging_mixin.py:115} INFO - [2025-02-14 14:22:34,010] {dag.py:2968} INFO - Setting next_dagrun for example_branch_datetime_operator_2 to 2025-02-13T00:00:00+00:00, run_after=2025-02-14T00:00:00+00:00
[2025-02-14 14:22:34,029] {processor.py:161} INFO - Processing /opt/conda/lib/python3.8/site-packages/airflow/example_dags/example_branch_datetime_operator.py took 0.202 seconds
[2025-02-14 14:23:50,044] {processor.py:153} INFO - Started process (PID=3558) to work on /opt/conda/lib/python3.8/site-packages/airflow/example_dags/example_branch_datetime_operator.py
[2025-02-14 14:23:50,046] {processor.py:641} INFO - Processing file /opt/conda/lib/python3.8/site-packages/airflow/example_dags/example_branch_datetime_operator.py for tasks to queue
[2025-02-14 14:23:50,046] {logging_mixin.py:115} INFO - [2025-02-14 14:23:50,046] {dagbag.py:508} INFO - Filling up the DagBag from /opt/conda/lib/python3.8/site-packages/airflow/example_dags/example_branch_datetime_operator.py
[2025-02-14 14:23:50,055] {processor.py:651} INFO - DAG(s) dict_keys(['example_branch_datetime_operator', 'example_branch_datetime_operator_2']) retrieved from /opt/conda/lib/python3.8/site-packages/airflow/example_dags/example_branch_datetime_operator.py
[2025-02-14 14:23:50,195] {logging_mixin.py:115} INFO - [2025-02-14 14:23:50,194] {dag.py:2420} INFO - Sync 2 DAGs
[2025-02-14 14:23:50,207] {logging_mixin.py:115} INFO - [2025-02-14 14:23:50,207] {dag.py:2968} INFO - Setting next_dagrun for example_branch_datetime_operator to 2025-02-13T00:00:00+00:00, run_after=2025-02-14T00:00:00+00:00
[2025-02-14 14:23:50,209] {logging_mixin.py:115} INFO - [2025-02-14 14:23:50,209] {dag.py:2968} INFO - Setting next_dagrun for example_branch_datetime_operator_2 to 2025-02-13T00:00:00+00:00, run_after=2025-02-14T00:00:00+00:00
[2025-02-14 14:23:50,228] {processor.py:161} INFO - Processing /opt/conda/lib/python3.8/site-packages/airflow/example_dags/example_branch_datetime_operator.py took 0.187 seconds
[2025-02-14 14:24:31,881] {processor.py:153} INFO - Started process (PID=3612) to work on /opt/conda/lib/python3.8/site-packages/airflow/example_dags/example_branch_datetime_operator.py
[2025-02-14 14:24:32,015] {processor.py:641} INFO - Processing file /opt/conda/lib/python3.8/site-packages/airflow/example_dags/example_branch_datetime_operator.py for tasks to queue
[2025-02-14 14:24:32,015] {logging_mixin.py:115} INFO - [2025-02-14 14:24:32,015] {dagbag.py:508} INFO - Filling up the DagBag from /opt/conda/lib/python3.8/site-packages/airflow/example_dags/example_branch_datetime_operator.py
[2025-02-14 14:24:32,024] {processor.py:651} INFO - DAG(s) dict_keys(['example_branch_datetime_operator', 'example_branch_datetime_operator_2']) retrieved from /opt/conda/lib/python3.8/site-packages/airflow/example_dags/example_branch_datetime_operator.py
[2025-02-14 14:24:32,161] {logging_mixin.py:115} INFO - [2025-02-14 14:24:32,161] {dag.py:2420} INFO - Sync 2 DAGs
[2025-02-14 14:24:32,174] {logging_mixin.py:115} INFO - [2025-02-14 14:24:32,174] {dag.py:2968} INFO - Setting next_dagrun for example_branch_datetime_operator to 2025-02-13T00:00:00+00:00, run_after=2025-02-14T00:00:00+00:00
[2025-02-14 14:24:32,175] {logging_mixin.py:115} INFO - [2025-02-14 14:24:32,175] {dag.py:2968} INFO - Setting next_dagrun for example_branch_datetime_operator_2 to 2025-02-13T00:00:00+00:00, run_after=2025-02-14T00:00:00+00:00
[2025-02-14 14:24:32,193] {processor.py:161} INFO - Processing /opt/conda/lib/python3.8/site-packages/airflow/example_dags/example_branch_datetime_operator.py took 0.315 seconds
[2025-02-14 14:25:18,045] {processor.py:153} INFO - Started process (PID=3666) to work on /opt/conda/lib/python3.8/site-packages/airflow/example_dags/example_branch_datetime_operator.py
[2025-02-14 14:25:18,048] {processor.py:641} INFO - Processing file /opt/conda/lib/python3.8/site-packages/airflow/example_dags/example_branch_datetime_operator.py for tasks to queue
[2025-02-14 14:25:18,049] {logging_mixin.py:115} INFO - [2025-02-14 14:25:18,049] {dagbag.py:508} INFO - Filling up the DagBag from /opt/conda/lib/python3.8/site-packages/airflow/example_dags/example_branch_datetime_operator.py
[2025-02-14 14:25:18,058] {processor.py:651} INFO - DAG(s) dict_keys(['example_branch_datetime_operator', 'example_branch_datetime_operator_2']) retrieved from /opt/conda/lib/python3.8/site-packages/airflow/example_dags/example_branch_datetime_operator.py
[2025-02-14 14:25:18,203] {logging_mixin.py:115} INFO - [2025-02-14 14:25:18,203] {dag.py:2420} INFO - Sync 2 DAGs
[2025-02-14 14:25:18,216] {logging_mixin.py:115} INFO - [2025-02-14 14:25:18,216] {dag.py:2968} INFO - Setting next_dagrun for example_branch_datetime_operator to 2025-02-13T00:00:00+00:00, run_after=2025-02-14T00:00:00+00:00
[2025-02-14 14:25:18,217] {logging_mixin.py:115} INFO - [2025-02-14 14:25:18,217] {dag.py:2968} INFO - Setting next_dagrun for example_branch_datetime_operator_2 to 2025-02-13T00:00:00+00:00, run_after=2025-02-14T00:00:00+00:00
[2025-02-14 14:25:18,239] {processor.py:161} INFO - Processing /opt/conda/lib/python3.8/site-packages/airflow/example_dags/example_branch_datetime_operator.py took 0.197 seconds
[2025-02-14 14:26:01,353] {processor.py:153} INFO - Started process (PID=3720) to work on /opt/conda/lib/python3.8/site-packages/airflow/example_dags/example_branch_datetime_operator.py
[2025-02-14 14:26:01,419] {processor.py:641} INFO - Processing file /opt/conda/lib/python3.8/site-packages/airflow/example_dags/example_branch_datetime_operator.py for tasks to queue
[2025-02-14 14:26:01,420] {logging_mixin.py:115} INFO - [2025-02-14 14:26:01,420] {dagbag.py:508} INFO - Filling up the DagBag from /opt/conda/lib/python3.8/site-packages/airflow/example_dags/example_branch_datetime_operator.py
[2025-02-14 14:26:01,429] {processor.py:651} INFO - DAG(s) dict_keys(['example_branch_datetime_operator', 'example_branch_datetime_operator_2']) retrieved from /opt/conda/lib/python3.8/site-packages/airflow/example_dags/example_branch_datetime_operator.py
[2025-02-14 14:26:01,585] {logging_mixin.py:115} INFO - [2025-02-14 14:26:01,584] {dag.py:2420} INFO - Sync 2 DAGs
[2025-02-14 14:26:01,598] {logging_mixin.py:115} INFO - [2025-02-14 14:26:01,598] {dag.py:2968} INFO - Setting next_dagrun for example_branch_datetime_operator to 2025-02-13T00:00:00+00:00, run_after=2025-02-14T00:00:00+00:00
[2025-02-14 14:26:01,599] {logging_mixin.py:115} INFO - [2025-02-14 14:26:01,599] {dag.py:2968} INFO - Setting next_dagrun for example_branch_datetime_operator_2 to 2025-02-13T00:00:00+00:00, run_after=2025-02-14T00:00:00+00:00
[2025-02-14 14:26:01,619] {processor.py:161} INFO - Processing /opt/conda/lib/python3.8/site-packages/airflow/example_dags/example_branch_datetime_operator.py took 0.269 seconds
[2025-02-14 14:26:44,812] {processor.py:153} INFO - Started process (PID=3774) to work on /opt/conda/lib/python3.8/site-packages/airflow/example_dags/example_branch_datetime_operator.py
[2025-02-14 14:26:44,887] {processor.py:641} INFO - Processing file /opt/conda/lib/python3.8/site-packages/airflow/example_dags/example_branch_datetime_operator.py for tasks to queue
[2025-02-14 14:26:44,887] {logging_mixin.py:115} INFO - [2025-02-14 14:26:44,887] {dagbag.py:508} INFO - Filling up the DagBag from /opt/conda/lib/python3.8/site-packages/airflow/example_dags/example_branch_datetime_operator.py
[2025-02-14 14:26:44,896] {processor.py:651} INFO - DAG(s) dict_keys(['example_branch_datetime_operator', 'example_branch_datetime_operator_2']) retrieved from /opt/conda/lib/python3.8/site-packages/airflow/example_dags/example_branch_datetime_operator.py
[2025-02-14 14:26:45,032] {logging_mixin.py:115} INFO - [2025-02-14 14:26:45,032] {dag.py:2420} INFO - Sync 2 DAGs
[2025-02-14 14:26:45,045] {logging_mixin.py:115} INFO - [2025-02-14 14:26:45,044] {dag.py:2968} INFO - Setting next_dagrun for example_branch_datetime_operator to 2025-02-13T00:00:00+00:00, run_after=2025-02-14T00:00:00+00:00
[2025-02-14 14:26:45,046] {logging_mixin.py:115} INFO - [2025-02-14 14:26:45,046] {dag.py:2968} INFO - Setting next_dagrun for example_branch_datetime_operator_2 to 2025-02-13T00:00:00+00:00, run_after=2025-02-14T00:00:00+00:00
[2025-02-14 14:26:45,066] {processor.py:161} INFO - Processing /opt/conda/lib/python3.8/site-packages/airflow/example_dags/example_branch_datetime_operator.py took 0.257 seconds
[2025-02-14 14:27:28,172] {processor.py:153} INFO - Started process (PID=3827) to work on /opt/conda/lib/python3.8/site-packages/airflow/example_dags/example_branch_datetime_operator.py
[2025-02-14 14:27:28,176] {processor.py:641} INFO - Processing file /opt/conda/lib/python3.8/site-packages/airflow/example_dags/example_branch_datetime_operator.py for tasks to queue
[2025-02-14 14:27:28,176] {logging_mixin.py:115} INFO - [2025-02-14 14:27:28,176] {dagbag.py:508} INFO - Filling up the DagBag from /opt/conda/lib/python3.8/site-packages/airflow/example_dags/example_branch_datetime_operator.py
[2025-02-14 14:27:28,185] {processor.py:651} INFO - DAG(s) dict_keys(['example_branch_datetime_operator', 'example_branch_datetime_operator_2']) retrieved from /opt/conda/lib/python3.8/site-packages/airflow/example_dags/example_branch_datetime_operator.py
[2025-02-14 14:27:28,316] {logging_mixin.py:115} INFO - [2025-02-14 14:27:28,316] {dag.py:2420} INFO - Sync 2 DAGs
[2025-02-14 14:27:28,329] {logging_mixin.py:115} INFO - [2025-02-14 14:27:28,329] {dag.py:2968} INFO - Setting next_dagrun for example_branch_datetime_operator to 2025-02-13T00:00:00+00:00, run_after=2025-02-14T00:00:00+00:00
[2025-02-14 14:27:28,330] {logging_mixin.py:115} INFO - [2025-02-14 14:27:28,330] {dag.py:2968} INFO - Setting next_dagrun for example_branch_datetime_operator_2 to 2025-02-13T00:00:00+00:00, run_after=2025-02-14T00:00:00+00:00
[2025-02-14 14:27:28,351] {processor.py:161} INFO - Processing /opt/conda/lib/python3.8/site-packages/airflow/example_dags/example_branch_datetime_operator.py took 0.183 seconds
[2025-02-14 14:28:17,244] {processor.py:153} INFO - Started process (PID=3899) to work on /opt/conda/lib/python3.8/site-packages/airflow/example_dags/example_branch_datetime_operator.py
[2025-02-14 14:28:17,245] {processor.py:641} INFO - Processing file /opt/conda/lib/python3.8/site-packages/airflow/example_dags/example_branch_datetime_operator.py for tasks to queue
[2025-02-14 14:28:17,246] {logging_mixin.py:115} INFO - [2025-02-14 14:28:17,246] {dagbag.py:508} INFO - Filling up the DagBag from /opt/conda/lib/python3.8/site-packages/airflow/example_dags/example_branch_datetime_operator.py
[2025-02-14 14:28:17,254] {processor.py:651} INFO - DAG(s) dict_keys(['example_branch_datetime_operator', 'example_branch_datetime_operator_2']) retrieved from /opt/conda/lib/python3.8/site-packages/airflow/example_dags/example_branch_datetime_operator.py
[2025-02-14 14:28:17,398] {logging_mixin.py:115} INFO - [2025-02-14 14:28:17,398] {dag.py:2420} INFO - Sync 2 DAGs
[2025-02-14 14:28:17,411] {logging_mixin.py:115} INFO - [2025-02-14 14:28:17,411] {dag.py:2968} INFO - Setting next_dagrun for example_branch_datetime_operator to 2025-02-13T00:00:00+00:00, run_after=2025-02-14T00:00:00+00:00
[2025-02-14 14:28:17,412] {logging_mixin.py:115} INFO - [2025-02-14 14:28:17,412] {dag.py:2968} INFO - Setting next_dagrun for example_branch_datetime_operator_2 to 2025-02-13T00:00:00+00:00, run_after=2025-02-14T00:00:00+00:00
[2025-02-14 14:28:17,431] {processor.py:161} INFO - Processing /opt/conda/lib/python3.8/site-packages/airflow/example_dags/example_branch_datetime_operator.py took 0.190 seconds
[2025-02-14 14:28:59,469] {processor.py:153} INFO - Started process (PID=3953) to work on /opt/conda/lib/python3.8/site-packages/airflow/example_dags/example_branch_datetime_operator.py
[2025-02-14 14:28:59,470] {processor.py:641} INFO - Processing file /opt/conda/lib/python3.8/site-packages/airflow/example_dags/example_branch_datetime_operator.py for tasks to queue
[2025-02-14 14:28:59,470] {logging_mixin.py:115} INFO - [2025-02-14 14:28:59,470] {dagbag.py:508} INFO - Filling up the DagBag from /opt/conda/lib/python3.8/site-packages/airflow/example_dags/example_branch_datetime_operator.py
[2025-02-14 14:28:59,480] {processor.py:651} INFO - DAG(s) dict_keys(['example_branch_datetime_operator', 'example_branch_datetime_operator_2']) retrieved from /opt/conda/lib/python3.8/site-packages/airflow/example_dags/example_branch_datetime_operator.py
[2025-02-14 14:28:59,498] {logging_mixin.py:115} INFO - [2025-02-14 14:28:59,498] {dag.py:2420} INFO - Sync 2 DAGs
[2025-02-14 14:28:59,517] {logging_mixin.py:115} INFO - [2025-02-14 14:28:59,517] {dag.py:2968} INFO - Setting next_dagrun for example_branch_datetime_operator to 2025-02-13T00:00:00+00:00, run_after=2025-02-14T00:00:00+00:00
[2025-02-14 14:28:59,519] {logging_mixin.py:115} INFO - [2025-02-14 14:28:59,519] {dag.py:2968} INFO - Setting next_dagrun for example_branch_datetime_operator_2 to 2025-02-13T00:00:00+00:00, run_after=2025-02-14T00:00:00+00:00
[2025-02-14 14:28:59,542] {processor.py:161} INFO - Processing /opt/conda/lib/python3.8/site-packages/airflow/example_dags/example_branch_datetime_operator.py took 0.077 seconds
[2025-02-14 14:29:40,674] {processor.py:153} INFO - Started process (PID=4009) to work on /opt/conda/lib/python3.8/site-packages/airflow/example_dags/example_branch_datetime_operator.py
[2025-02-14 14:29:40,675] {processor.py:641} INFO - Processing file /opt/conda/lib/python3.8/site-packages/airflow/example_dags/example_branch_datetime_operator.py for tasks to queue
[2025-02-14 14:29:40,676] {logging_mixin.py:115} INFO - [2025-02-14 14:29:40,676] {dagbag.py:508} INFO - Filling up the DagBag from /opt/conda/lib/python3.8/site-packages/airflow/example_dags/example_branch_datetime_operator.py
[2025-02-14 14:29:40,685] {processor.py:651} INFO - DAG(s) dict_keys(['example_branch_datetime_operator', 'example_branch_datetime_operator_2']) retrieved from /opt/conda/lib/python3.8/site-packages/airflow/example_dags/example_branch_datetime_operator.py
[2025-02-14 14:29:40,701] {logging_mixin.py:115} INFO - [2025-02-14 14:29:40,701] {dag.py:2420} INFO - Sync 2 DAGs
[2025-02-14 14:29:40,716] {logging_mixin.py:115} INFO - [2025-02-14 14:29:40,716] {dag.py:2968} INFO - Setting next_dagrun for example_branch_datetime_operator to 2025-02-13T00:00:00+00:00, run_after=2025-02-14T00:00:00+00:00
[2025-02-14 14:29:40,717] {logging_mixin.py:115} INFO - [2025-02-14 14:29:40,717] {dag.py:2968} INFO - Setting next_dagrun for example_branch_datetime_operator_2 to 2025-02-13T00:00:00+00:00, run_after=2025-02-14T00:00:00+00:00
[2025-02-14 14:29:40,738] {processor.py:161} INFO - Processing /opt/conda/lib/python3.8/site-packages/airflow/example_dags/example_branch_datetime_operator.py took 0.067 seconds
[2025-02-14 14:30:23,429] {processor.py:153} INFO - Started process (PID=4073) to work on /opt/conda/lib/python3.8/site-packages/airflow/example_dags/example_branch_datetime_operator.py
[2025-02-14 14:30:23,431] {processor.py:641} INFO - Processing file /opt/conda/lib/python3.8/site-packages/airflow/example_dags/example_branch_datetime_operator.py for tasks to queue
[2025-02-14 14:30:23,432] {logging_mixin.py:115} INFO - [2025-02-14 14:30:23,431] {dagbag.py:508} INFO - Filling up the DagBag from /opt/conda/lib/python3.8/site-packages/airflow/example_dags/example_branch_datetime_operator.py
[2025-02-14 14:30:23,441] {processor.py:651} INFO - DAG(s) dict_keys(['example_branch_datetime_operator', 'example_branch_datetime_operator_2']) retrieved from /opt/conda/lib/python3.8/site-packages/airflow/example_dags/example_branch_datetime_operator.py
[2025-02-14 14:30:23,459] {logging_mixin.py:115} INFO - [2025-02-14 14:30:23,459] {dag.py:2420} INFO - Sync 2 DAGs
[2025-02-14 14:30:23,478] {logging_mixin.py:115} INFO - [2025-02-14 14:30:23,478] {dag.py:2968} INFO - Setting next_dagrun for example_branch_datetime_operator to 2025-02-13T00:00:00+00:00, run_after=2025-02-14T00:00:00+00:00
[2025-02-14 14:30:23,480] {logging_mixin.py:115} INFO - [2025-02-14 14:30:23,480] {dag.py:2968} INFO - Setting next_dagrun for example_branch_datetime_operator_2 to 2025-02-13T00:00:00+00:00, run_after=2025-02-14T00:00:00+00:00
[2025-02-14 14:30:23,502] {processor.py:161} INFO - Processing /opt/conda/lib/python3.8/site-packages/airflow/example_dags/example_branch_datetime_operator.py took 0.075 seconds
[2025-02-14 14:31:04,877] {processor.py:153} INFO - Started process (PID=4130) to work on /opt/conda/lib/python3.8/site-packages/airflow/example_dags/example_branch_datetime_operator.py
[2025-02-14 14:31:04,879] {processor.py:641} INFO - Processing file /opt/conda/lib/python3.8/site-packages/airflow/example_dags/example_branch_datetime_operator.py for tasks to queue
[2025-02-14 14:31:04,879] {logging_mixin.py:115} INFO - [2025-02-14 14:31:04,879] {dagbag.py:508} INFO - Filling up the DagBag from /opt/conda/lib/python3.8/site-packages/airflow/example_dags/example_branch_datetime_operator.py
[2025-02-14 14:31:04,888] {processor.py:651} INFO - DAG(s) dict_keys(['example_branch_datetime_operator', 'example_branch_datetime_operator_2']) retrieved from /opt/conda/lib/python3.8/site-packages/airflow/example_dags/example_branch_datetime_operator.py
[2025-02-14 14:31:04,907] {logging_mixin.py:115} INFO - [2025-02-14 14:31:04,907] {dag.py:2420} INFO - Sync 2 DAGs
[2025-02-14 14:31:04,926] {logging_mixin.py:115} INFO - [2025-02-14 14:31:04,926] {dag.py:2968} INFO - Setting next_dagrun for example_branch_datetime_operator to 2025-02-13T00:00:00+00:00, run_after=2025-02-14T00:00:00+00:00
[2025-02-14 14:31:04,928] {logging_mixin.py:115} INFO - [2025-02-14 14:31:04,928] {dag.py:2968} INFO - Setting next_dagrun for example_branch_datetime_operator_2 to 2025-02-13T00:00:00+00:00, run_after=2025-02-14T00:00:00+00:00
[2025-02-14 14:31:04,950] {processor.py:161} INFO - Processing /opt/conda/lib/python3.8/site-packages/airflow/example_dags/example_branch_datetime_operator.py took 0.076 seconds
[2025-02-14 14:32:59,124] {processor.py:153} INFO - Started process (PID=4317) to work on /opt/conda/lib/python3.8/site-packages/airflow/example_dags/example_branch_datetime_operator.py
[2025-02-14 14:32:59,125] {processor.py:641} INFO - Processing file /opt/conda/lib/python3.8/site-packages/airflow/example_dags/example_branch_datetime_operator.py for tasks to queue
[2025-02-14 14:32:59,126] {logging_mixin.py:115} INFO - [2025-02-14 14:32:59,126] {dagbag.py:508} INFO - Filling up the DagBag from /opt/conda/lib/python3.8/site-packages/airflow/example_dags/example_branch_datetime_operator.py
[2025-02-14 14:32:59,135] {processor.py:651} INFO - DAG(s) dict_keys(['example_branch_datetime_operator', 'example_branch_datetime_operator_2']) retrieved from /opt/conda/lib/python3.8/site-packages/airflow/example_dags/example_branch_datetime_operator.py
[2025-02-14 14:32:59,173] {logging_mixin.py:115} INFO - [2025-02-14 14:32:59,173] {dag.py:2420} INFO - Sync 2 DAGs
[2025-02-14 14:32:59,201] {logging_mixin.py:115} INFO - [2025-02-14 14:32:59,201] {dag.py:2968} INFO - Setting next_dagrun for example_branch_datetime_operator to 2025-02-13T00:00:00+00:00, run_after=2025-02-14T00:00:00+00:00
[2025-02-14 14:32:59,203] {logging_mixin.py:115} INFO - [2025-02-14 14:32:59,203] {dag.py:2968} INFO - Setting next_dagrun for example_branch_datetime_operator_2 to 2025-02-13T00:00:00+00:00, run_after=2025-02-14T00:00:00+00:00
[2025-02-14 14:32:59,225] {processor.py:161} INFO - Processing /opt/conda/lib/python3.8/site-packages/airflow/example_dags/example_branch_datetime_operator.py took 0.103 seconds
[2025-02-14 14:33:42,069] {processor.py:153} INFO - Started process (PID=4371) to work on /opt/conda/lib/python3.8/site-packages/airflow/example_dags/example_branch_datetime_operator.py
[2025-02-14 14:33:42,071] {processor.py:641} INFO - Processing file /opt/conda/lib/python3.8/site-packages/airflow/example_dags/example_branch_datetime_operator.py for tasks to queue
[2025-02-14 14:33:42,071] {logging_mixin.py:115} INFO - [2025-02-14 14:33:42,071] {dagbag.py:508} INFO - Filling up the DagBag from /opt/conda/lib/python3.8/site-packages/airflow/example_dags/example_branch_datetime_operator.py
[2025-02-14 14:33:42,080] {processor.py:651} INFO - DAG(s) dict_keys(['example_branch_datetime_operator', 'example_branch_datetime_operator_2']) retrieved from /opt/conda/lib/python3.8/site-packages/airflow/example_dags/example_branch_datetime_operator.py
[2025-02-14 14:33:42,099] {logging_mixin.py:115} INFO - [2025-02-14 14:33:42,099] {dag.py:2420} INFO - Sync 2 DAGs
[2025-02-14 14:33:42,118] {logging_mixin.py:115} INFO - [2025-02-14 14:33:42,118] {dag.py:2968} INFO - Setting next_dagrun for example_branch_datetime_operator to 2025-02-13T00:00:00+00:00, run_after=2025-02-14T00:00:00+00:00
[2025-02-14 14:33:42,120] {logging_mixin.py:115} INFO - [2025-02-14 14:33:42,120] {dag.py:2968} INFO - Setting next_dagrun for example_branch_datetime_operator_2 to 2025-02-13T00:00:00+00:00, run_after=2025-02-14T00:00:00+00:00
[2025-02-14 14:33:42,143] {processor.py:161} INFO - Processing /opt/conda/lib/python3.8/site-packages/airflow/example_dags/example_branch_datetime_operator.py took 0.077 seconds
[2025-02-14 14:34:28,078] {processor.py:153} INFO - Started process (PID=4445) to work on /opt/conda/lib/python3.8/site-packages/airflow/example_dags/example_branch_datetime_operator.py
[2025-02-14 14:34:28,079] {processor.py:641} INFO - Processing file /opt/conda/lib/python3.8/site-packages/airflow/example_dags/example_branch_datetime_operator.py for tasks to queue
[2025-02-14 14:34:28,080] {logging_mixin.py:115} INFO - [2025-02-14 14:34:28,080] {dagbag.py:508} INFO - Filling up the DagBag from /opt/conda/lib/python3.8/site-packages/airflow/example_dags/example_branch_datetime_operator.py
[2025-02-14 14:34:28,088] {processor.py:651} INFO - DAG(s) dict_keys(['example_branch_datetime_operator', 'example_branch_datetime_operator_2']) retrieved from /opt/conda/lib/python3.8/site-packages/airflow/example_dags/example_branch_datetime_operator.py
[2025-02-14 14:34:28,108] {logging_mixin.py:115} INFO - [2025-02-14 14:34:28,108] {dag.py:2420} INFO - Sync 2 DAGs
[2025-02-14 14:34:28,128] {logging_mixin.py:115} INFO - [2025-02-14 14:34:28,128] {dag.py:2968} INFO - Setting next_dagrun for example_branch_datetime_operator to 2025-02-13T00:00:00+00:00, run_after=2025-02-14T00:00:00+00:00
[2025-02-14 14:34:28,130] {logging_mixin.py:115} INFO - [2025-02-14 14:34:28,129] {dag.py:2968} INFO - Setting next_dagrun for example_branch_datetime_operator_2 to 2025-02-13T00:00:00+00:00, run_after=2025-02-14T00:00:00+00:00
[2025-02-14 14:34:28,156] {processor.py:161} INFO - Processing /opt/conda/lib/python3.8/site-packages/airflow/example_dags/example_branch_datetime_operator.py took 0.082 seconds
[2025-02-14 14:35:10,924] {processor.py:153} INFO - Started process (PID=4503) to work on /opt/conda/lib/python3.8/site-packages/airflow/example_dags/example_branch_datetime_operator.py
[2025-02-14 14:35:10,926] {processor.py:641} INFO - Processing file /opt/conda/lib/python3.8/site-packages/airflow/example_dags/example_branch_datetime_operator.py for tasks to queue
[2025-02-14 14:35:10,926] {logging_mixin.py:115} INFO - [2025-02-14 14:35:10,926] {dagbag.py:508} INFO - Filling up the DagBag from /opt/conda/lib/python3.8/site-packages/airflow/example_dags/example_branch_datetime_operator.py
[2025-02-14 14:35:10,935] {processor.py:651} INFO - DAG(s) dict_keys(['example_branch_datetime_operator', 'example_branch_datetime_operator_2']) retrieved from /opt/conda/lib/python3.8/site-packages/airflow/example_dags/example_branch_datetime_operator.py
[2025-02-14 14:35:10,951] {logging_mixin.py:115} INFO - [2025-02-14 14:35:10,951] {dag.py:2420} INFO - Sync 2 DAGs
[2025-02-14 14:35:10,966] {logging_mixin.py:115} INFO - [2025-02-14 14:35:10,966] {dag.py:2968} INFO - Setting next_dagrun for example_branch_datetime_operator to 2025-02-13T00:00:00+00:00, run_after=2025-02-14T00:00:00+00:00
[2025-02-14 14:35:10,968] {logging_mixin.py:115} INFO - [2025-02-14 14:35:10,968] {dag.py:2968} INFO - Setting next_dagrun for example_branch_datetime_operator_2 to 2025-02-13T00:00:00+00:00, run_after=2025-02-14T00:00:00+00:00
[2025-02-14 14:35:10,989] {processor.py:161} INFO - Processing /opt/conda/lib/python3.8/site-packages/airflow/example_dags/example_branch_datetime_operator.py took 0.068 seconds
[2025-02-14 14:35:49,269] {processor.py:153} INFO - Started process (PID=4555) to work on /opt/conda/lib/python3.8/site-packages/airflow/example_dags/example_branch_datetime_operator.py
[2025-02-14 14:35:49,270] {processor.py:641} INFO - Processing file /opt/conda/lib/python3.8/site-packages/airflow/example_dags/example_branch_datetime_operator.py for tasks to queue
[2025-02-14 14:35:49,271] {logging_mixin.py:115} INFO - [2025-02-14 14:35:49,271] {dagbag.py:508} INFO - Filling up the DagBag from /opt/conda/lib/python3.8/site-packages/airflow/example_dags/example_branch_datetime_operator.py
[2025-02-14 14:35:49,279] {processor.py:651} INFO - DAG(s) dict_keys(['example_branch_datetime_operator', 'example_branch_datetime_operator_2']) retrieved from /opt/conda/lib/python3.8/site-packages/airflow/example_dags/example_branch_datetime_operator.py
[2025-02-14 14:35:49,296] {logging_mixin.py:115} INFO - [2025-02-14 14:35:49,296] {dag.py:2420} INFO - Sync 2 DAGs
[2025-02-14 14:35:49,311] {logging_mixin.py:115} INFO - [2025-02-14 14:35:49,311] {dag.py:2968} INFO - Setting next_dagrun for example_branch_datetime_operator to 2025-02-13T00:00:00+00:00, run_after=2025-02-14T00:00:00+00:00
[2025-02-14 14:35:49,313] {logging_mixin.py:115} INFO - [2025-02-14 14:35:49,312] {dag.py:2968} INFO - Setting next_dagrun for example_branch_datetime_operator_2 to 2025-02-13T00:00:00+00:00, run_after=2025-02-14T00:00:00+00:00
[2025-02-14 14:35:49,362] {processor.py:161} INFO - Processing /opt/conda/lib/python3.8/site-packages/airflow/example_dags/example_branch_datetime_operator.py took 0.096 seconds
[2025-02-14 14:36:33,824] {processor.py:153} INFO - Started process (PID=4611) to work on /opt/conda/lib/python3.8/site-packages/airflow/example_dags/example_branch_datetime_operator.py
[2025-02-14 14:36:33,826] {processor.py:641} INFO - Processing file /opt/conda/lib/python3.8/site-packages/airflow/example_dags/example_branch_datetime_operator.py for tasks to queue
[2025-02-14 14:36:33,826] {logging_mixin.py:115} INFO - [2025-02-14 14:36:33,826] {dagbag.py:508} INFO - Filling up the DagBag from /opt/conda/lib/python3.8/site-packages/airflow/example_dags/example_branch_datetime_operator.py
[2025-02-14 14:36:33,837] {processor.py:651} INFO - DAG(s) dict_keys(['example_branch_datetime_operator', 'example_branch_datetime_operator_2']) retrieved from /opt/conda/lib/python3.8/site-packages/airflow/example_dags/example_branch_datetime_operator.py
[2025-02-14 14:36:33,920] {logging_mixin.py:115} INFO - [2025-02-14 14:36:33,920] {dag.py:2420} INFO - Sync 2 DAGs
[2025-02-14 14:36:34,066] {logging_mixin.py:115} INFO - [2025-02-14 14:36:34,066] {dag.py:2968} INFO - Setting next_dagrun for example_branch_datetime_operator to 2025-02-13T00:00:00+00:00, run_after=2025-02-14T00:00:00+00:00
[2025-02-14 14:36:34,069] {logging_mixin.py:115} INFO - [2025-02-14 14:36:34,069] {dag.py:2968} INFO - Setting next_dagrun for example_branch_datetime_operator_2 to 2025-02-13T00:00:00+00:00, run_after=2025-02-14T00:00:00+00:00
[2025-02-14 14:36:34,233] {processor.py:161} INFO - Processing /opt/conda/lib/python3.8/site-packages/airflow/example_dags/example_branch_datetime_operator.py took 0.413 seconds
[2025-02-14 14:37:19,021] {processor.py:153} INFO - Started process (PID=4669) to work on /opt/conda/lib/python3.8/site-packages/airflow/example_dags/example_branch_datetime_operator.py
[2025-02-14 14:37:19,023] {processor.py:641} INFO - Processing file /opt/conda/lib/python3.8/site-packages/airflow/example_dags/example_branch_datetime_operator.py for tasks to queue
[2025-02-14 14:37:19,024] {logging_mixin.py:115} INFO - [2025-02-14 14:37:19,023] {dagbag.py:508} INFO - Filling up the DagBag from /opt/conda/lib/python3.8/site-packages/airflow/example_dags/example_branch_datetime_operator.py
[2025-02-14 14:37:19,032] {processor.py:651} INFO - DAG(s) dict_keys(['example_branch_datetime_operator', 'example_branch_datetime_operator_2']) retrieved from /opt/conda/lib/python3.8/site-packages/airflow/example_dags/example_branch_datetime_operator.py
[2025-02-14 14:37:19,050] {logging_mixin.py:115} INFO - [2025-02-14 14:37:19,050] {dag.py:2420} INFO - Sync 2 DAGs
[2025-02-14 14:37:19,066] {logging_mixin.py:115} INFO - [2025-02-14 14:37:19,066] {dag.py:2968} INFO - Setting next_dagrun for example_branch_datetime_operator to 2025-02-13T00:00:00+00:00, run_after=2025-02-14T00:00:00+00:00
[2025-02-14 14:37:19,067] {logging_mixin.py:115} INFO - [2025-02-14 14:37:19,067] {dag.py:2968} INFO - Setting next_dagrun for example_branch_datetime_operator_2 to 2025-02-13T00:00:00+00:00, run_after=2025-02-14T00:00:00+00:00
[2025-02-14 14:37:19,088] {processor.py:161} INFO - Processing /opt/conda/lib/python3.8/site-packages/airflow/example_dags/example_branch_datetime_operator.py took 0.070 seconds
