[2025-02-14 14:00:02,765] {processor.py:153} INFO - Started process (PID=1848) to work on /opt/conda/lib/python3.8/site-packages/airflow/example_dags/example_branch_operator.py
[2025-02-14 14:00:02,766] {processor.py:641} INFO - Processing file /opt/conda/lib/python3.8/site-packages/airflow/example_dags/example_branch_operator.py for tasks to queue
[2025-02-14 14:00:02,766] {logging_mixin.py:115} INFO - [2025-02-14 14:00:02,766] {dagbag.py:508} INFO - Filling up the DagBag from /opt/conda/lib/python3.8/site-packages/airflow/example_dags/example_branch_operator.py
[2025-02-14 14:00:02,894] {processor.py:651} INFO - DAG(s) dict_keys(['example_branch_operator']) retrieved from /opt/conda/lib/python3.8/site-packages/airflow/example_dags/example_branch_operator.py
[2025-02-14 14:00:02,961] {logging_mixin.py:115} INFO - [2025-02-14 14:00:02,961] {manager.py:508} INFO - Created Permission View: can read on DAG:example_branch_operator
[2025-02-14 14:00:02,977] {logging_mixin.py:115} INFO - [2025-02-14 14:00:02,977] {manager.py:508} INFO - Created Permission View: can delete on DAG:example_branch_operator
[2025-02-14 14:00:02,991] {logging_mixin.py:115} INFO - [2025-02-14 14:00:02,991] {manager.py:508} INFO - Created Permission View: can edit on DAG:example_branch_operator
[2025-02-14 14:00:02,991] {logging_mixin.py:115} INFO - [2025-02-14 14:00:02,991] {dag.py:2420} INFO - Sync 1 DAGs
[2025-02-14 14:00:02,997] {logging_mixin.py:115} INFO - [2025-02-14 14:00:02,997] {dag.py:2439} INFO - Creating ORM DAG for example_branch_operator
[2025-02-14 14:00:03,006] {logging_mixin.py:115} INFO - [2025-02-14 14:00:03,006] {dag.py:2968} INFO - Setting next_dagrun for example_branch_operator to 2025-02-13T00:00:00+00:00, run_after=2025-02-14T00:00:00+00:00
[2025-02-14 14:00:03,040] {processor.py:161} INFO - Processing /opt/conda/lib/python3.8/site-packages/airflow/example_dags/example_branch_operator.py took 0.279 seconds
[2025-02-14 14:00:55,881] {processor.py:153} INFO - Started process (PID=1891) to work on /opt/conda/lib/python3.8/site-packages/airflow/example_dags/example_branch_operator.py
[2025-02-14 14:00:55,882] {processor.py:641} INFO - Processing file /opt/conda/lib/python3.8/site-packages/airflow/example_dags/example_branch_operator.py for tasks to queue
[2025-02-14 14:00:55,883] {logging_mixin.py:115} INFO - [2025-02-14 14:00:55,883] {dagbag.py:508} INFO - Filling up the DagBag from /opt/conda/lib/python3.8/site-packages/airflow/example_dags/example_branch_operator.py
[2025-02-14 14:00:56,015] {processor.py:651} INFO - DAG(s) dict_keys(['example_branch_operator']) retrieved from /opt/conda/lib/python3.8/site-packages/airflow/example_dags/example_branch_operator.py
[2025-02-14 14:00:56,026] {logging_mixin.py:115} INFO - [2025-02-14 14:00:56,026] {dag.py:2420} INFO - Sync 1 DAGs
[2025-02-14 14:00:56,038] {logging_mixin.py:115} INFO - [2025-02-14 14:00:56,038] {dag.py:2968} INFO - Setting next_dagrun for example_branch_operator to 2025-02-13T00:00:00+00:00, run_after=2025-02-14T00:00:00+00:00
[2025-02-14 14:00:56,058] {processor.py:161} INFO - Processing /opt/conda/lib/python3.8/site-packages/airflow/example_dags/example_branch_operator.py took 0.180 seconds
[2025-02-14 14:01:41,017] {processor.py:153} INFO - Started process (PID=1932) to work on /opt/conda/lib/python3.8/site-packages/airflow/example_dags/example_branch_operator.py
[2025-02-14 14:01:41,018] {processor.py:641} INFO - Processing file /opt/conda/lib/python3.8/site-packages/airflow/example_dags/example_branch_operator.py for tasks to queue
[2025-02-14 14:01:41,019] {logging_mixin.py:115} INFO - [2025-02-14 14:01:41,019] {dagbag.py:508} INFO - Filling up the DagBag from /opt/conda/lib/python3.8/site-packages/airflow/example_dags/example_branch_operator.py
[2025-02-14 14:01:41,158] {processor.py:651} INFO - DAG(s) dict_keys(['example_branch_operator']) retrieved from /opt/conda/lib/python3.8/site-packages/airflow/example_dags/example_branch_operator.py
[2025-02-14 14:01:41,168] {logging_mixin.py:115} INFO - [2025-02-14 14:01:41,168] {dag.py:2420} INFO - Sync 1 DAGs
[2025-02-14 14:01:41,181] {logging_mixin.py:115} INFO - [2025-02-14 14:01:41,181] {dag.py:2968} INFO - Setting next_dagrun for example_branch_operator to 2025-02-13T00:00:00+00:00, run_after=2025-02-14T00:00:00+00:00
[2025-02-14 14:01:41,200] {processor.py:161} INFO - Processing /opt/conda/lib/python3.8/site-packages/airflow/example_dags/example_branch_operator.py took 0.186 seconds
[2025-02-14 14:02:25,220] {processor.py:153} INFO - Started process (PID=1972) to work on /opt/conda/lib/python3.8/site-packages/airflow/example_dags/example_branch_operator.py
[2025-02-14 14:02:25,222] {processor.py:641} INFO - Processing file /opt/conda/lib/python3.8/site-packages/airflow/example_dags/example_branch_operator.py for tasks to queue
[2025-02-14 14:02:25,222] {logging_mixin.py:115} INFO - [2025-02-14 14:02:25,222] {dagbag.py:508} INFO - Filling up the DagBag from /opt/conda/lib/python3.8/site-packages/airflow/example_dags/example_branch_operator.py
[2025-02-14 14:02:25,355] {processor.py:651} INFO - DAG(s) dict_keys(['example_branch_operator']) retrieved from /opt/conda/lib/python3.8/site-packages/airflow/example_dags/example_branch_operator.py
[2025-02-14 14:02:25,365] {logging_mixin.py:115} INFO - [2025-02-14 14:02:25,365] {dag.py:2420} INFO - Sync 1 DAGs
[2025-02-14 14:02:25,378] {logging_mixin.py:115} INFO - [2025-02-14 14:02:25,378] {dag.py:2968} INFO - Setting next_dagrun for example_branch_operator to 2025-02-13T00:00:00+00:00, run_after=2025-02-14T00:00:00+00:00
[2025-02-14 14:02:25,396] {processor.py:161} INFO - Processing /opt/conda/lib/python3.8/site-packages/airflow/example_dags/example_branch_operator.py took 0.179 seconds
[2025-02-14 14:03:11,325] {processor.py:153} INFO - Started process (PID=2013) to work on /opt/conda/lib/python3.8/site-packages/airflow/example_dags/example_branch_operator.py
[2025-02-14 14:03:11,327] {processor.py:641} INFO - Processing file /opt/conda/lib/python3.8/site-packages/airflow/example_dags/example_branch_operator.py for tasks to queue
[2025-02-14 14:03:11,327] {logging_mixin.py:115} INFO - [2025-02-14 14:03:11,327] {dagbag.py:508} INFO - Filling up the DagBag from /opt/conda/lib/python3.8/site-packages/airflow/example_dags/example_branch_operator.py
[2025-02-14 14:03:11,466] {processor.py:651} INFO - DAG(s) dict_keys(['example_branch_operator']) retrieved from /opt/conda/lib/python3.8/site-packages/airflow/example_dags/example_branch_operator.py
[2025-02-14 14:03:11,476] {logging_mixin.py:115} INFO - [2025-02-14 14:03:11,476] {dag.py:2420} INFO - Sync 1 DAGs
[2025-02-14 14:03:11,489] {logging_mixin.py:115} INFO - [2025-02-14 14:03:11,489] {dag.py:2968} INFO - Setting next_dagrun for example_branch_operator to 2025-02-13T00:00:00+00:00, run_after=2025-02-14T00:00:00+00:00
[2025-02-14 14:03:11,518] {processor.py:161} INFO - Processing /opt/conda/lib/python3.8/site-packages/airflow/example_dags/example_branch_operator.py took 0.196 seconds
[2025-02-14 14:04:03,941] {processor.py:153} INFO - Started process (PID=2068) to work on /opt/conda/lib/python3.8/site-packages/airflow/example_dags/example_branch_operator.py
[2025-02-14 14:04:03,942] {processor.py:641} INFO - Processing file /opt/conda/lib/python3.8/site-packages/airflow/example_dags/example_branch_operator.py for tasks to queue
[2025-02-14 14:04:03,943] {logging_mixin.py:115} INFO - [2025-02-14 14:04:03,943] {dagbag.py:508} INFO - Filling up the DagBag from /opt/conda/lib/python3.8/site-packages/airflow/example_dags/example_branch_operator.py
[2025-02-14 14:04:04,075] {processor.py:651} INFO - DAG(s) dict_keys(['example_branch_operator']) retrieved from /opt/conda/lib/python3.8/site-packages/airflow/example_dags/example_branch_operator.py
[2025-02-14 14:04:04,085] {logging_mixin.py:115} INFO - [2025-02-14 14:04:04,085] {dag.py:2420} INFO - Sync 1 DAGs
[2025-02-14 14:04:04,098] {logging_mixin.py:115} INFO - [2025-02-14 14:04:04,097] {dag.py:2968} INFO - Setting next_dagrun for example_branch_operator to 2025-02-13T00:00:00+00:00, run_after=2025-02-14T00:00:00+00:00
[2025-02-14 14:04:04,118] {processor.py:161} INFO - Processing /opt/conda/lib/python3.8/site-packages/airflow/example_dags/example_branch_operator.py took 0.180 seconds
[2025-02-14 14:05:46,216] {processor.py:153} INFO - Started process (PID=2192) to work on /opt/conda/lib/python3.8/site-packages/airflow/example_dags/example_branch_operator.py
[2025-02-14 14:05:46,218] {processor.py:641} INFO - Processing file /opt/conda/lib/python3.8/site-packages/airflow/example_dags/example_branch_operator.py for tasks to queue
[2025-02-14 14:05:46,219] {logging_mixin.py:115} INFO - [2025-02-14 14:05:46,218] {dagbag.py:508} INFO - Filling up the DagBag from /opt/conda/lib/python3.8/site-packages/airflow/example_dags/example_branch_operator.py
[2025-02-14 14:05:46,349] {processor.py:651} INFO - DAG(s) dict_keys(['example_branch_operator']) retrieved from /opt/conda/lib/python3.8/site-packages/airflow/example_dags/example_branch_operator.py
[2025-02-14 14:05:46,359] {logging_mixin.py:115} INFO - [2025-02-14 14:05:46,359] {dag.py:2420} INFO - Sync 1 DAGs
[2025-02-14 14:05:46,372] {logging_mixin.py:115} INFO - [2025-02-14 14:05:46,372] {dag.py:2968} INFO - Setting next_dagrun for example_branch_operator to 2025-02-13T00:00:00+00:00, run_after=2025-02-14T00:00:00+00:00
[2025-02-14 14:05:46,391] {processor.py:161} INFO - Processing /opt/conda/lib/python3.8/site-packages/airflow/example_dags/example_branch_operator.py took 0.178 seconds
[2025-02-14 14:06:29,289] {processor.py:153} INFO - Started process (PID=2246) to work on /opt/conda/lib/python3.8/site-packages/airflow/example_dags/example_branch_operator.py
[2025-02-14 14:06:29,290] {processor.py:641} INFO - Processing file /opt/conda/lib/python3.8/site-packages/airflow/example_dags/example_branch_operator.py for tasks to queue
[2025-02-14 14:06:29,291] {logging_mixin.py:115} INFO - [2025-02-14 14:06:29,291] {dagbag.py:508} INFO - Filling up the DagBag from /opt/conda/lib/python3.8/site-packages/airflow/example_dags/example_branch_operator.py
[2025-02-14 14:06:29,420] {processor.py:651} INFO - DAG(s) dict_keys(['example_branch_operator']) retrieved from /opt/conda/lib/python3.8/site-packages/airflow/example_dags/example_branch_operator.py
[2025-02-14 14:06:29,431] {logging_mixin.py:115} INFO - [2025-02-14 14:06:29,430] {dag.py:2420} INFO - Sync 1 DAGs
[2025-02-14 14:06:29,443] {logging_mixin.py:115} INFO - [2025-02-14 14:06:29,443] {dag.py:2968} INFO - Setting next_dagrun for example_branch_operator to 2025-02-13T00:00:00+00:00, run_after=2025-02-14T00:00:00+00:00
[2025-02-14 14:06:29,462] {processor.py:161} INFO - Processing /opt/conda/lib/python3.8/site-packages/airflow/example_dags/example_branch_operator.py took 0.176 seconds
[2025-02-14 14:07:22,145] {processor.py:153} INFO - Started process (PID=2305) to work on /opt/conda/lib/python3.8/site-packages/airflow/example_dags/example_branch_operator.py
[2025-02-14 14:07:22,146] {processor.py:641} INFO - Processing file /opt/conda/lib/python3.8/site-packages/airflow/example_dags/example_branch_operator.py for tasks to queue
[2025-02-14 14:07:22,147] {logging_mixin.py:115} INFO - [2025-02-14 14:07:22,147] {dagbag.py:508} INFO - Filling up the DagBag from /opt/conda/lib/python3.8/site-packages/airflow/example_dags/example_branch_operator.py
[2025-02-14 14:07:22,287] {processor.py:651} INFO - DAG(s) dict_keys(['example_branch_operator']) retrieved from /opt/conda/lib/python3.8/site-packages/airflow/example_dags/example_branch_operator.py
[2025-02-14 14:07:22,297] {logging_mixin.py:115} INFO - [2025-02-14 14:07:22,297] {dag.py:2420} INFO - Sync 1 DAGs
[2025-02-14 14:07:22,310] {logging_mixin.py:115} INFO - [2025-02-14 14:07:22,310] {dag.py:2968} INFO - Setting next_dagrun for example_branch_operator to 2025-02-13T00:00:00+00:00, run_after=2025-02-14T00:00:00+00:00
[2025-02-14 14:07:22,328] {processor.py:161} INFO - Processing /opt/conda/lib/python3.8/site-packages/airflow/example_dags/example_branch_operator.py took 0.187 seconds
[2025-02-14 14:08:07,949] {processor.py:153} INFO - Started process (PID=2346) to work on /opt/conda/lib/python3.8/site-packages/airflow/example_dags/example_branch_operator.py
[2025-02-14 14:08:07,950] {processor.py:641} INFO - Processing file /opt/conda/lib/python3.8/site-packages/airflow/example_dags/example_branch_operator.py for tasks to queue
[2025-02-14 14:08:07,951] {logging_mixin.py:115} INFO - [2025-02-14 14:08:07,951] {dagbag.py:508} INFO - Filling up the DagBag from /opt/conda/lib/python3.8/site-packages/airflow/example_dags/example_branch_operator.py
[2025-02-14 14:08:08,087] {processor.py:651} INFO - DAG(s) dict_keys(['example_branch_operator']) retrieved from /opt/conda/lib/python3.8/site-packages/airflow/example_dags/example_branch_operator.py
[2025-02-14 14:08:08,097] {logging_mixin.py:115} INFO - [2025-02-14 14:08:08,097] {dag.py:2420} INFO - Sync 1 DAGs
[2025-02-14 14:08:08,110] {logging_mixin.py:115} INFO - [2025-02-14 14:08:08,110] {dag.py:2968} INFO - Setting next_dagrun for example_branch_operator to 2025-02-13T00:00:00+00:00, run_after=2025-02-14T00:00:00+00:00
[2025-02-14 14:08:08,129] {processor.py:161} INFO - Processing /opt/conda/lib/python3.8/site-packages/airflow/example_dags/example_branch_operator.py took 0.183 seconds
[2025-02-14 14:09:40,496] {processor.py:153} INFO - Started process (PID=2450) to work on /opt/conda/lib/python3.8/site-packages/airflow/example_dags/example_branch_operator.py
[2025-02-14 14:09:40,498] {processor.py:641} INFO - Processing file /opt/conda/lib/python3.8/site-packages/airflow/example_dags/example_branch_operator.py for tasks to queue
[2025-02-14 14:09:40,498] {logging_mixin.py:115} INFO - [2025-02-14 14:09:40,498] {dagbag.py:508} INFO - Filling up the DagBag from /opt/conda/lib/python3.8/site-packages/airflow/example_dags/example_branch_operator.py
[2025-02-14 14:09:40,626] {processor.py:651} INFO - DAG(s) dict_keys(['example_branch_operator']) retrieved from /opt/conda/lib/python3.8/site-packages/airflow/example_dags/example_branch_operator.py
[2025-02-14 14:09:40,636] {logging_mixin.py:115} INFO - [2025-02-14 14:09:40,636] {dag.py:2420} INFO - Sync 1 DAGs
[2025-02-14 14:09:40,649] {logging_mixin.py:115} INFO - [2025-02-14 14:09:40,649] {dag.py:2968} INFO - Setting next_dagrun for example_branch_operator to 2025-02-13T00:00:00+00:00, run_after=2025-02-14T00:00:00+00:00
[2025-02-14 14:09:40,670] {processor.py:161} INFO - Processing /opt/conda/lib/python3.8/site-packages/airflow/example_dags/example_branch_operator.py took 0.177 seconds
[2025-02-14 14:10:33,916] {processor.py:153} INFO - Started process (PID=2497) to work on /opt/conda/lib/python3.8/site-packages/airflow/example_dags/example_branch_operator.py
[2025-02-14 14:10:33,918] {processor.py:641} INFO - Processing file /opt/conda/lib/python3.8/site-packages/airflow/example_dags/example_branch_operator.py for tasks to queue
[2025-02-14 14:10:33,918] {logging_mixin.py:115} INFO - [2025-02-14 14:10:33,918] {dagbag.py:508} INFO - Filling up the DagBag from /opt/conda/lib/python3.8/site-packages/airflow/example_dags/example_branch_operator.py
[2025-02-14 14:10:34,121] {processor.py:651} INFO - DAG(s) dict_keys(['example_branch_operator']) retrieved from /opt/conda/lib/python3.8/site-packages/airflow/example_dags/example_branch_operator.py
[2025-02-14 14:10:34,137] {logging_mixin.py:115} INFO - [2025-02-14 14:10:34,137] {dag.py:2420} INFO - Sync 1 DAGs
[2025-02-14 14:10:34,157] {logging_mixin.py:115} INFO - [2025-02-14 14:10:34,157] {dag.py:2968} INFO - Setting next_dagrun for example_branch_operator to 2025-02-13T00:00:00+00:00, run_after=2025-02-14T00:00:00+00:00
[2025-02-14 14:10:34,182] {processor.py:161} INFO - Processing /opt/conda/lib/python3.8/site-packages/airflow/example_dags/example_branch_operator.py took 0.269 seconds
[2025-02-14 14:11:23,020] {processor.py:153} INFO - Started process (PID=2540) to work on /opt/conda/lib/python3.8/site-packages/airflow/example_dags/example_branch_operator.py
[2025-02-14 14:11:23,021] {processor.py:641} INFO - Processing file /opt/conda/lib/python3.8/site-packages/airflow/example_dags/example_branch_operator.py for tasks to queue
[2025-02-14 14:11:23,022] {logging_mixin.py:115} INFO - [2025-02-14 14:11:23,022] {dagbag.py:508} INFO - Filling up the DagBag from /opt/conda/lib/python3.8/site-packages/airflow/example_dags/example_branch_operator.py
[2025-02-14 14:11:23,222] {processor.py:651} INFO - DAG(s) dict_keys(['example_branch_operator']) retrieved from /opt/conda/lib/python3.8/site-packages/airflow/example_dags/example_branch_operator.py
[2025-02-14 14:11:23,238] {logging_mixin.py:115} INFO - [2025-02-14 14:11:23,238] {dag.py:2420} INFO - Sync 1 DAGs
[2025-02-14 14:11:23,258] {logging_mixin.py:115} INFO - [2025-02-14 14:11:23,257] {dag.py:2968} INFO - Setting next_dagrun for example_branch_operator to 2025-02-13T00:00:00+00:00, run_after=2025-02-14T00:00:00+00:00
[2025-02-14 14:11:23,291] {processor.py:161} INFO - Processing /opt/conda/lib/python3.8/site-packages/airflow/example_dags/example_branch_operator.py took 0.274 seconds
[2025-02-14 14:12:07,041] {processor.py:153} INFO - Started process (PID=2594) to work on /opt/conda/lib/python3.8/site-packages/airflow/example_dags/example_branch_operator.py
[2025-02-14 14:12:07,043] {processor.py:641} INFO - Processing file /opt/conda/lib/python3.8/site-packages/airflow/example_dags/example_branch_operator.py for tasks to queue
[2025-02-14 14:12:07,044] {logging_mixin.py:115} INFO - [2025-02-14 14:12:07,044] {dagbag.py:508} INFO - Filling up the DagBag from /opt/conda/lib/python3.8/site-packages/airflow/example_dags/example_branch_operator.py
[2025-02-14 14:12:07,174] {processor.py:651} INFO - DAG(s) dict_keys(['example_branch_operator']) retrieved from /opt/conda/lib/python3.8/site-packages/airflow/example_dags/example_branch_operator.py
[2025-02-14 14:12:07,184] {logging_mixin.py:115} INFO - [2025-02-14 14:12:07,184] {dag.py:2420} INFO - Sync 1 DAGs
[2025-02-14 14:12:07,197] {logging_mixin.py:115} INFO - [2025-02-14 14:12:07,197] {dag.py:2968} INFO - Setting next_dagrun for example_branch_operator to 2025-02-13T00:00:00+00:00, run_after=2025-02-14T00:00:00+00:00
[2025-02-14 14:12:07,215] {processor.py:161} INFO - Processing /opt/conda/lib/python3.8/site-packages/airflow/example_dags/example_branch_operator.py took 0.177 seconds
[2025-02-14 14:12:59,229] {processor.py:153} INFO - Started process (PID=2672) to work on /opt/conda/lib/python3.8/site-packages/airflow/example_dags/example_branch_operator.py
[2025-02-14 14:12:59,230] {processor.py:641} INFO - Processing file /opt/conda/lib/python3.8/site-packages/airflow/example_dags/example_branch_operator.py for tasks to queue
[2025-02-14 14:12:59,231] {logging_mixin.py:115} INFO - [2025-02-14 14:12:59,231] {dagbag.py:508} INFO - Filling up the DagBag from /opt/conda/lib/python3.8/site-packages/airflow/example_dags/example_branch_operator.py
[2025-02-14 14:12:59,366] {processor.py:651} INFO - DAG(s) dict_keys(['example_branch_operator']) retrieved from /opt/conda/lib/python3.8/site-packages/airflow/example_dags/example_branch_operator.py
[2025-02-14 14:12:59,376] {logging_mixin.py:115} INFO - [2025-02-14 14:12:59,376] {dag.py:2420} INFO - Sync 1 DAGs
[2025-02-14 14:12:59,389] {logging_mixin.py:115} INFO - [2025-02-14 14:12:59,389] {dag.py:2968} INFO - Setting next_dagrun for example_branch_operator to 2025-02-13T00:00:00+00:00, run_after=2025-02-14T00:00:00+00:00
[2025-02-14 14:12:59,407] {processor.py:161} INFO - Processing /opt/conda/lib/python3.8/site-packages/airflow/example_dags/example_branch_operator.py took 0.181 seconds
[2025-02-14 14:13:42,361] {processor.py:153} INFO - Started process (PID=2726) to work on /opt/conda/lib/python3.8/site-packages/airflow/example_dags/example_branch_operator.py
[2025-02-14 14:13:42,363] {processor.py:641} INFO - Processing file /opt/conda/lib/python3.8/site-packages/airflow/example_dags/example_branch_operator.py for tasks to queue
[2025-02-14 14:13:42,363] {logging_mixin.py:115} INFO - [2025-02-14 14:13:42,363] {dagbag.py:508} INFO - Filling up the DagBag from /opt/conda/lib/python3.8/site-packages/airflow/example_dags/example_branch_operator.py
[2025-02-14 14:13:42,503] {processor.py:651} INFO - DAG(s) dict_keys(['example_branch_operator']) retrieved from /opt/conda/lib/python3.8/site-packages/airflow/example_dags/example_branch_operator.py
[2025-02-14 14:13:42,513] {logging_mixin.py:115} INFO - [2025-02-14 14:13:42,513] {dag.py:2420} INFO - Sync 1 DAGs
[2025-02-14 14:13:42,526] {logging_mixin.py:115} INFO - [2025-02-14 14:13:42,526] {dag.py:2968} INFO - Setting next_dagrun for example_branch_operator to 2025-02-13T00:00:00+00:00, run_after=2025-02-14T00:00:00+00:00
[2025-02-14 14:13:42,544] {processor.py:161} INFO - Processing /opt/conda/lib/python3.8/site-packages/airflow/example_dags/example_branch_operator.py took 0.186 seconds
[2025-02-14 14:14:35,498] {processor.py:153} INFO - Started process (PID=2790) to work on /opt/conda/lib/python3.8/site-packages/airflow/example_dags/example_branch_operator.py
[2025-02-14 14:14:35,499] {processor.py:641} INFO - Processing file /opt/conda/lib/python3.8/site-packages/airflow/example_dags/example_branch_operator.py for tasks to queue
[2025-02-14 14:14:35,499] {logging_mixin.py:115} INFO - [2025-02-14 14:14:35,499] {dagbag.py:508} INFO - Filling up the DagBag from /opt/conda/lib/python3.8/site-packages/airflow/example_dags/example_branch_operator.py
[2025-02-14 14:14:35,510] {processor.py:651} INFO - DAG(s) dict_keys(['example_branch_operator']) retrieved from /opt/conda/lib/python3.8/site-packages/airflow/example_dags/example_branch_operator.py
[2025-02-14 14:14:35,528] {logging_mixin.py:115} INFO - [2025-02-14 14:14:35,528] {dag.py:2420} INFO - Sync 1 DAGs
[2025-02-14 14:14:35,548] {logging_mixin.py:115} INFO - [2025-02-14 14:14:35,547] {dag.py:2968} INFO - Setting next_dagrun for example_branch_operator to 2025-02-13T00:00:00+00:00, run_after=2025-02-14T00:00:00+00:00
[2025-02-14 14:14:35,569] {processor.py:161} INFO - Processing /opt/conda/lib/python3.8/site-packages/airflow/example_dags/example_branch_operator.py took 0.075 seconds
[2025-02-14 14:15:17,056] {processor.py:153} INFO - Started process (PID=2853) to work on /opt/conda/lib/python3.8/site-packages/airflow/example_dags/example_branch_operator.py
[2025-02-14 14:15:17,057] {processor.py:641} INFO - Processing file /opt/conda/lib/python3.8/site-packages/airflow/example_dags/example_branch_operator.py for tasks to queue
[2025-02-14 14:15:17,058] {logging_mixin.py:115} INFO - [2025-02-14 14:15:17,058] {dagbag.py:508} INFO - Filling up the DagBag from /opt/conda/lib/python3.8/site-packages/airflow/example_dags/example_branch_operator.py
[2025-02-14 14:15:17,069] {processor.py:651} INFO - DAG(s) dict_keys(['example_branch_operator']) retrieved from /opt/conda/lib/python3.8/site-packages/airflow/example_dags/example_branch_operator.py
[2025-02-14 14:15:17,086] {logging_mixin.py:115} INFO - [2025-02-14 14:15:17,086] {dag.py:2420} INFO - Sync 1 DAGs
[2025-02-14 14:15:17,105] {logging_mixin.py:115} INFO - [2025-02-14 14:15:17,105] {dag.py:2968} INFO - Setting next_dagrun for example_branch_operator to 2025-02-13T00:00:00+00:00, run_after=2025-02-14T00:00:00+00:00
[2025-02-14 14:15:17,127] {processor.py:161} INFO - Processing /opt/conda/lib/python3.8/site-packages/airflow/example_dags/example_branch_operator.py took 0.074 seconds
[2025-02-14 14:15:58,804] {processor.py:153} INFO - Started process (PID=2916) to work on /opt/conda/lib/python3.8/site-packages/airflow/example_dags/example_branch_operator.py
[2025-02-14 14:15:58,812] {processor.py:641} INFO - Processing file /opt/conda/lib/python3.8/site-packages/airflow/example_dags/example_branch_operator.py for tasks to queue
[2025-02-14 14:15:58,812] {logging_mixin.py:115} INFO - [2025-02-14 14:15:58,812] {dagbag.py:508} INFO - Filling up the DagBag from /opt/conda/lib/python3.8/site-packages/airflow/example_dags/example_branch_operator.py
[2025-02-14 14:15:58,823] {processor.py:651} INFO - DAG(s) dict_keys(['example_branch_operator']) retrieved from /opt/conda/lib/python3.8/site-packages/airflow/example_dags/example_branch_operator.py
[2025-02-14 14:15:58,840] {logging_mixin.py:115} INFO - [2025-02-14 14:15:58,840] {dag.py:2420} INFO - Sync 1 DAGs
[2025-02-14 14:15:58,860] {logging_mixin.py:115} INFO - [2025-02-14 14:15:58,860] {dag.py:2968} INFO - Setting next_dagrun for example_branch_operator to 2025-02-13T00:00:00+00:00, run_after=2025-02-14T00:00:00+00:00
[2025-02-14 14:15:58,882] {processor.py:161} INFO - Processing /opt/conda/lib/python3.8/site-packages/airflow/example_dags/example_branch_operator.py took 0.080 seconds
[2025-02-14 14:17:08,244] {processor.py:153} INFO - Started process (PID=3027) to work on /opt/conda/lib/python3.8/site-packages/airflow/example_dags/example_branch_operator.py
[2025-02-14 14:17:08,315] {processor.py:641} INFO - Processing file /opt/conda/lib/python3.8/site-packages/airflow/example_dags/example_branch_operator.py for tasks to queue
[2025-02-14 14:17:08,315] {logging_mixin.py:115} INFO - [2025-02-14 14:17:08,315] {dagbag.py:508} INFO - Filling up the DagBag from /opt/conda/lib/python3.8/site-packages/airflow/example_dags/example_branch_operator.py
[2025-02-14 14:17:08,462] {processor.py:651} INFO - DAG(s) dict_keys(['example_branch_operator']) retrieved from /opt/conda/lib/python3.8/site-packages/airflow/example_dags/example_branch_operator.py
[2025-02-14 14:17:08,475] {logging_mixin.py:115} INFO - [2025-02-14 14:17:08,474] {dag.py:2420} INFO - Sync 1 DAGs
[2025-02-14 14:17:08,491] {logging_mixin.py:115} INFO - [2025-02-14 14:17:08,491] {dag.py:2968} INFO - Setting next_dagrun for example_branch_operator to 2025-02-13T00:00:00+00:00, run_after=2025-02-14T00:00:00+00:00
[2025-02-14 14:17:08,513] {processor.py:161} INFO - Processing /opt/conda/lib/python3.8/site-packages/airflow/example_dags/example_branch_operator.py took 0.271 seconds
[2025-02-14 14:17:56,072] {processor.py:153} INFO - Started process (PID=3099) to work on /opt/conda/lib/python3.8/site-packages/airflow/example_dags/example_branch_operator.py
[2025-02-14 14:17:56,074] {processor.py:641} INFO - Processing file /opt/conda/lib/python3.8/site-packages/airflow/example_dags/example_branch_operator.py for tasks to queue
[2025-02-14 14:17:56,074] {logging_mixin.py:115} INFO - [2025-02-14 14:17:56,074] {dagbag.py:508} INFO - Filling up the DagBag from /opt/conda/lib/python3.8/site-packages/airflow/example_dags/example_branch_operator.py
[2025-02-14 14:17:56,214] {processor.py:651} INFO - DAG(s) dict_keys(['example_branch_operator']) retrieved from /opt/conda/lib/python3.8/site-packages/airflow/example_dags/example_branch_operator.py
[2025-02-14 14:17:56,224] {logging_mixin.py:115} INFO - [2025-02-14 14:17:56,224] {dag.py:2420} INFO - Sync 1 DAGs
[2025-02-14 14:17:56,236] {logging_mixin.py:115} INFO - [2025-02-14 14:17:56,236] {dag.py:2968} INFO - Setting next_dagrun for example_branch_operator to 2025-02-13T00:00:00+00:00, run_after=2025-02-14T00:00:00+00:00
[2025-02-14 14:17:56,255] {processor.py:161} INFO - Processing /opt/conda/lib/python3.8/site-packages/airflow/example_dags/example_branch_operator.py took 0.186 seconds
[2025-02-14 14:21:12,117] {processor.py:153} INFO - Started process (PID=3311) to work on /opt/conda/lib/python3.8/site-packages/airflow/example_dags/example_branch_operator.py
[2025-02-14 14:21:12,118] {processor.py:641} INFO - Processing file /opt/conda/lib/python3.8/site-packages/airflow/example_dags/example_branch_operator.py for tasks to queue
[2025-02-14 14:21:12,119] {logging_mixin.py:115} INFO - [2025-02-14 14:21:12,118] {dagbag.py:508} INFO - Filling up the DagBag from /opt/conda/lib/python3.8/site-packages/airflow/example_dags/example_branch_operator.py
[2025-02-14 14:21:12,265] {processor.py:651} INFO - DAG(s) dict_keys(['example_branch_operator']) retrieved from /opt/conda/lib/python3.8/site-packages/airflow/example_dags/example_branch_operator.py
[2025-02-14 14:21:12,276] {logging_mixin.py:115} INFO - [2025-02-14 14:21:12,276] {dag.py:2420} INFO - Sync 1 DAGs
[2025-02-14 14:21:12,289] {logging_mixin.py:115} INFO - [2025-02-14 14:21:12,289] {dag.py:2968} INFO - Setting next_dagrun for example_branch_operator to 2025-02-13T00:00:00+00:00, run_after=2025-02-14T00:00:00+00:00
[2025-02-14 14:21:12,308] {processor.py:161} INFO - Processing /opt/conda/lib/python3.8/site-packages/airflow/example_dags/example_branch_operator.py took 0.194 seconds
[2025-02-14 14:21:59,806] {processor.py:153} INFO - Started process (PID=3375) to work on /opt/conda/lib/python3.8/site-packages/airflow/example_dags/example_branch_operator.py
[2025-02-14 14:21:59,807] {processor.py:641} INFO - Processing file /opt/conda/lib/python3.8/site-packages/airflow/example_dags/example_branch_operator.py for tasks to queue
[2025-02-14 14:21:59,808] {logging_mixin.py:115} INFO - [2025-02-14 14:21:59,808] {dagbag.py:508} INFO - Filling up the DagBag from /opt/conda/lib/python3.8/site-packages/airflow/example_dags/example_branch_operator.py
[2025-02-14 14:21:59,957] {processor.py:651} INFO - DAG(s) dict_keys(['example_branch_operator']) retrieved from /opt/conda/lib/python3.8/site-packages/airflow/example_dags/example_branch_operator.py
[2025-02-14 14:21:59,967] {logging_mixin.py:115} INFO - [2025-02-14 14:21:59,967] {dag.py:2420} INFO - Sync 1 DAGs
[2025-02-14 14:21:59,980] {logging_mixin.py:115} INFO - [2025-02-14 14:21:59,980] {dag.py:2968} INFO - Setting next_dagrun for example_branch_operator to 2025-02-13T00:00:00+00:00, run_after=2025-02-14T00:00:00+00:00
[2025-02-14 14:22:00,000] {processor.py:161} INFO - Processing /opt/conda/lib/python3.8/site-packages/airflow/example_dags/example_branch_operator.py took 0.197 seconds
[2025-02-14 14:22:46,565] {processor.py:153} INFO - Started process (PID=3439) to work on /opt/conda/lib/python3.8/site-packages/airflow/example_dags/example_branch_operator.py
[2025-02-14 14:22:46,567] {processor.py:641} INFO - Processing file /opt/conda/lib/python3.8/site-packages/airflow/example_dags/example_branch_operator.py for tasks to queue
[2025-02-14 14:22:46,567] {logging_mixin.py:115} INFO - [2025-02-14 14:22:46,567] {dagbag.py:508} INFO - Filling up the DagBag from /opt/conda/lib/python3.8/site-packages/airflow/example_dags/example_branch_operator.py
[2025-02-14 14:22:46,716] {processor.py:651} INFO - DAG(s) dict_keys(['example_branch_operator']) retrieved from /opt/conda/lib/python3.8/site-packages/airflow/example_dags/example_branch_operator.py
[2025-02-14 14:22:46,726] {logging_mixin.py:115} INFO - [2025-02-14 14:22:46,726] {dag.py:2420} INFO - Sync 1 DAGs
[2025-02-14 14:22:46,740] {logging_mixin.py:115} INFO - [2025-02-14 14:22:46,740] {dag.py:2968} INFO - Setting next_dagrun for example_branch_operator to 2025-02-13T00:00:00+00:00, run_after=2025-02-14T00:00:00+00:00
[2025-02-14 14:22:46,757] {processor.py:161} INFO - Processing /opt/conda/lib/python3.8/site-packages/airflow/example_dags/example_branch_operator.py took 0.195 seconds
[2025-02-14 14:23:59,468] {processor.py:153} INFO - Started process (PID=3567) to work on /opt/conda/lib/python3.8/site-packages/airflow/example_dags/example_branch_operator.py
[2025-02-14 14:23:59,469] {processor.py:641} INFO - Processing file /opt/conda/lib/python3.8/site-packages/airflow/example_dags/example_branch_operator.py for tasks to queue
[2025-02-14 14:23:59,470] {logging_mixin.py:115} INFO - [2025-02-14 14:23:59,470] {dagbag.py:508} INFO - Filling up the DagBag from /opt/conda/lib/python3.8/site-packages/airflow/example_dags/example_branch_operator.py
[2025-02-14 14:23:59,600] {processor.py:651} INFO - DAG(s) dict_keys(['example_branch_operator']) retrieved from /opt/conda/lib/python3.8/site-packages/airflow/example_dags/example_branch_operator.py
[2025-02-14 14:23:59,610] {logging_mixin.py:115} INFO - [2025-02-14 14:23:59,610] {dag.py:2420} INFO - Sync 1 DAGs
[2025-02-14 14:23:59,623] {logging_mixin.py:115} INFO - [2025-02-14 14:23:59,623] {dag.py:2968} INFO - Setting next_dagrun for example_branch_operator to 2025-02-13T00:00:00+00:00, run_after=2025-02-14T00:00:00+00:00
[2025-02-14 14:23:59,644] {processor.py:161} INFO - Processing /opt/conda/lib/python3.8/site-packages/airflow/example_dags/example_branch_operator.py took 0.179 seconds
[2025-02-14 14:24:50,765] {processor.py:153} INFO - Started process (PID=3644) to work on /opt/conda/lib/python3.8/site-packages/airflow/example_dags/example_branch_operator.py
[2025-02-14 14:24:50,766] {processor.py:641} INFO - Processing file /opt/conda/lib/python3.8/site-packages/airflow/example_dags/example_branch_operator.py for tasks to queue
[2025-02-14 14:24:50,767] {logging_mixin.py:115} INFO - [2025-02-14 14:24:50,767] {dagbag.py:508} INFO - Filling up the DagBag from /opt/conda/lib/python3.8/site-packages/airflow/example_dags/example_branch_operator.py
[2025-02-14 14:24:50,895] {processor.py:651} INFO - DAG(s) dict_keys(['example_branch_operator']) retrieved from /opt/conda/lib/python3.8/site-packages/airflow/example_dags/example_branch_operator.py
[2025-02-14 14:24:50,905] {logging_mixin.py:115} INFO - [2025-02-14 14:24:50,905] {dag.py:2420} INFO - Sync 1 DAGs
[2025-02-14 14:24:50,918] {logging_mixin.py:115} INFO - [2025-02-14 14:24:50,917] {dag.py:2968} INFO - Setting next_dagrun for example_branch_operator to 2025-02-13T00:00:00+00:00, run_after=2025-02-14T00:00:00+00:00
[2025-02-14 14:24:50,937] {processor.py:161} INFO - Processing /opt/conda/lib/python3.8/site-packages/airflow/example_dags/example_branch_operator.py took 0.175 seconds
[2025-02-14 14:25:39,388] {processor.py:153} INFO - Started process (PID=3701) to work on /opt/conda/lib/python3.8/site-packages/airflow/example_dags/example_branch_operator.py
[2025-02-14 14:25:39,451] {processor.py:641} INFO - Processing file /opt/conda/lib/python3.8/site-packages/airflow/example_dags/example_branch_operator.py for tasks to queue
[2025-02-14 14:25:39,452] {logging_mixin.py:115} INFO - [2025-02-14 14:25:39,452] {dagbag.py:508} INFO - Filling up the DagBag from /opt/conda/lib/python3.8/site-packages/airflow/example_dags/example_branch_operator.py
[2025-02-14 14:25:39,588] {processor.py:651} INFO - DAG(s) dict_keys(['example_branch_operator']) retrieved from /opt/conda/lib/python3.8/site-packages/airflow/example_dags/example_branch_operator.py
[2025-02-14 14:25:39,599] {logging_mixin.py:115} INFO - [2025-02-14 14:25:39,598] {dag.py:2420} INFO - Sync 1 DAGs
[2025-02-14 14:25:39,611] {logging_mixin.py:115} INFO - [2025-02-14 14:25:39,611] {dag.py:2968} INFO - Setting next_dagrun for example_branch_operator to 2025-02-13T00:00:00+00:00, run_after=2025-02-14T00:00:00+00:00
[2025-02-14 14:25:39,631] {processor.py:161} INFO - Processing /opt/conda/lib/python3.8/site-packages/airflow/example_dags/example_branch_operator.py took 0.246 seconds
[2025-02-14 14:26:22,676] {processor.py:153} INFO - Started process (PID=3755) to work on /opt/conda/lib/python3.8/site-packages/airflow/example_dags/example_branch_operator.py
[2025-02-14 14:26:22,785] {processor.py:641} INFO - Processing file /opt/conda/lib/python3.8/site-packages/airflow/example_dags/example_branch_operator.py for tasks to queue
[2025-02-14 14:26:22,786] {logging_mixin.py:115} INFO - [2025-02-14 14:26:22,786] {dagbag.py:508} INFO - Filling up the DagBag from /opt/conda/lib/python3.8/site-packages/airflow/example_dags/example_branch_operator.py
[2025-02-14 14:26:22,922] {processor.py:651} INFO - DAG(s) dict_keys(['example_branch_operator']) retrieved from /opt/conda/lib/python3.8/site-packages/airflow/example_dags/example_branch_operator.py
[2025-02-14 14:26:22,932] {logging_mixin.py:115} INFO - [2025-02-14 14:26:22,932] {dag.py:2420} INFO - Sync 1 DAGs
[2025-02-14 14:26:22,945] {logging_mixin.py:115} INFO - [2025-02-14 14:26:22,945] {dag.py:2968} INFO - Setting next_dagrun for example_branch_operator to 2025-02-13T00:00:00+00:00, run_after=2025-02-14T00:00:00+00:00
[2025-02-14 14:26:22,964] {processor.py:161} INFO - Processing /opt/conda/lib/python3.8/site-packages/airflow/example_dags/example_branch_operator.py took 0.291 seconds
[2025-02-14 14:27:19,156] {processor.py:153} INFO - Started process (PID=3819) to work on /opt/conda/lib/python3.8/site-packages/airflow/example_dags/example_branch_operator.py
[2025-02-14 14:27:19,158] {processor.py:641} INFO - Processing file /opt/conda/lib/python3.8/site-packages/airflow/example_dags/example_branch_operator.py for tasks to queue
[2025-02-14 14:27:19,159] {logging_mixin.py:115} INFO - [2025-02-14 14:27:19,159] {dagbag.py:508} INFO - Filling up the DagBag from /opt/conda/lib/python3.8/site-packages/airflow/example_dags/example_branch_operator.py
[2025-02-14 14:27:19,289] {processor.py:651} INFO - DAG(s) dict_keys(['example_branch_operator']) retrieved from /opt/conda/lib/python3.8/site-packages/airflow/example_dags/example_branch_operator.py
[2025-02-14 14:27:19,299] {logging_mixin.py:115} INFO - [2025-02-14 14:27:19,299] {dag.py:2420} INFO - Sync 1 DAGs
[2025-02-14 14:27:19,311] {logging_mixin.py:115} INFO - [2025-02-14 14:27:19,311] {dag.py:2968} INFO - Setting next_dagrun for example_branch_operator to 2025-02-13T00:00:00+00:00, run_after=2025-02-14T00:00:00+00:00
[2025-02-14 14:27:19,329] {processor.py:161} INFO - Processing /opt/conda/lib/python3.8/site-packages/airflow/example_dags/example_branch_operator.py took 0.176 seconds
[2025-02-14 14:28:06,357] {processor.py:153} INFO - Started process (PID=3874) to work on /opt/conda/lib/python3.8/site-packages/airflow/example_dags/example_branch_operator.py
[2025-02-14 14:28:06,359] {processor.py:641} INFO - Processing file /opt/conda/lib/python3.8/site-packages/airflow/example_dags/example_branch_operator.py for tasks to queue
[2025-02-14 14:28:06,359] {logging_mixin.py:115} INFO - [2025-02-14 14:28:06,359] {dagbag.py:508} INFO - Filling up the DagBag from /opt/conda/lib/python3.8/site-packages/airflow/example_dags/example_branch_operator.py
[2025-02-14 14:28:06,500] {processor.py:651} INFO - DAG(s) dict_keys(['example_branch_operator']) retrieved from /opt/conda/lib/python3.8/site-packages/airflow/example_dags/example_branch_operator.py
[2025-02-14 14:28:06,510] {logging_mixin.py:115} INFO - [2025-02-14 14:28:06,510] {dag.py:2420} INFO - Sync 1 DAGs
[2025-02-14 14:28:06,523] {logging_mixin.py:115} INFO - [2025-02-14 14:28:06,523] {dag.py:2968} INFO - Setting next_dagrun for example_branch_operator to 2025-02-13T00:00:00+00:00, run_after=2025-02-14T00:00:00+00:00
[2025-02-14 14:28:06,542] {processor.py:161} INFO - Processing /opt/conda/lib/python3.8/site-packages/airflow/example_dags/example_branch_operator.py took 0.188 seconds
[2025-02-14 14:28:50,984] {processor.py:153} INFO - Started process (PID=3937) to work on /opt/conda/lib/python3.8/site-packages/airflow/example_dags/example_branch_operator.py
[2025-02-14 14:28:50,985] {processor.py:641} INFO - Processing file /opt/conda/lib/python3.8/site-packages/airflow/example_dags/example_branch_operator.py for tasks to queue
[2025-02-14 14:28:50,986] {logging_mixin.py:115} INFO - [2025-02-14 14:28:50,986] {dagbag.py:508} INFO - Filling up the DagBag from /opt/conda/lib/python3.8/site-packages/airflow/example_dags/example_branch_operator.py
[2025-02-14 14:28:50,996] {processor.py:651} INFO - DAG(s) dict_keys(['example_branch_operator']) retrieved from /opt/conda/lib/python3.8/site-packages/airflow/example_dags/example_branch_operator.py
[2025-02-14 14:28:51,011] {logging_mixin.py:115} INFO - [2025-02-14 14:28:51,011] {dag.py:2420} INFO - Sync 1 DAGs
[2025-02-14 14:28:51,027] {logging_mixin.py:115} INFO - [2025-02-14 14:28:51,026] {dag.py:2968} INFO - Setting next_dagrun for example_branch_operator to 2025-02-13T00:00:00+00:00, run_after=2025-02-14T00:00:00+00:00
[2025-02-14 14:28:51,048] {processor.py:161} INFO - Processing /opt/conda/lib/python3.8/site-packages/airflow/example_dags/example_branch_operator.py took 0.067 seconds
[2025-02-14 14:29:34,953] {processor.py:153} INFO - Started process (PID=4003) to work on /opt/conda/lib/python3.8/site-packages/airflow/example_dags/example_branch_operator.py
[2025-02-14 14:29:35,058] {processor.py:641} INFO - Processing file /opt/conda/lib/python3.8/site-packages/airflow/example_dags/example_branch_operator.py for tasks to queue
[2025-02-14 14:29:35,058] {logging_mixin.py:115} INFO - [2025-02-14 14:29:35,058] {dagbag.py:508} INFO - Filling up the DagBag from /opt/conda/lib/python3.8/site-packages/airflow/example_dags/example_branch_operator.py
[2025-02-14 14:29:35,069] {processor.py:651} INFO - DAG(s) dict_keys(['example_branch_operator']) retrieved from /opt/conda/lib/python3.8/site-packages/airflow/example_dags/example_branch_operator.py
[2025-02-14 14:29:35,086] {logging_mixin.py:115} INFO - [2025-02-14 14:29:35,086] {dag.py:2420} INFO - Sync 1 DAGs
[2025-02-14 14:29:35,104] {logging_mixin.py:115} INFO - [2025-02-14 14:29:35,104] {dag.py:2968} INFO - Setting next_dagrun for example_branch_operator to 2025-02-13T00:00:00+00:00, run_after=2025-02-14T00:00:00+00:00
[2025-02-14 14:29:35,210] {processor.py:161} INFO - Processing /opt/conda/lib/python3.8/site-packages/airflow/example_dags/example_branch_operator.py took 0.261 seconds
[2025-02-14 14:30:17,861] {processor.py:153} INFO - Started process (PID=4060) to work on /opt/conda/lib/python3.8/site-packages/airflow/example_dags/example_branch_operator.py
[2025-02-14 14:30:17,885] {processor.py:641} INFO - Processing file /opt/conda/lib/python3.8/site-packages/airflow/example_dags/example_branch_operator.py for tasks to queue
[2025-02-14 14:30:17,886] {logging_mixin.py:115} INFO - [2025-02-14 14:30:17,886] {dagbag.py:508} INFO - Filling up the DagBag from /opt/conda/lib/python3.8/site-packages/airflow/example_dags/example_branch_operator.py
[2025-02-14 14:30:17,896] {processor.py:651} INFO - DAG(s) dict_keys(['example_branch_operator']) retrieved from /opt/conda/lib/python3.8/site-packages/airflow/example_dags/example_branch_operator.py
[2025-02-14 14:30:17,913] {logging_mixin.py:115} INFO - [2025-02-14 14:30:17,913] {dag.py:2420} INFO - Sync 1 DAGs
[2025-02-14 14:30:17,930] {logging_mixin.py:115} INFO - [2025-02-14 14:30:17,930] {dag.py:2968} INFO - Setting next_dagrun for example_branch_operator to 2025-02-13T00:00:00+00:00, run_after=2025-02-14T00:00:00+00:00
[2025-02-14 14:30:17,950] {processor.py:161} INFO - Processing /opt/conda/lib/python3.8/site-packages/airflow/example_dags/example_branch_operator.py took 0.092 seconds
[2025-02-14 14:31:00,277] {processor.py:153} INFO - Started process (PID=4125) to work on /opt/conda/lib/python3.8/site-packages/airflow/example_dags/example_branch_operator.py
[2025-02-14 14:31:00,279] {processor.py:641} INFO - Processing file /opt/conda/lib/python3.8/site-packages/airflow/example_dags/example_branch_operator.py for tasks to queue
[2025-02-14 14:31:00,279] {logging_mixin.py:115} INFO - [2025-02-14 14:31:00,279] {dagbag.py:508} INFO - Filling up the DagBag from /opt/conda/lib/python3.8/site-packages/airflow/example_dags/example_branch_operator.py
[2025-02-14 14:31:00,290] {processor.py:651} INFO - DAG(s) dict_keys(['example_branch_operator']) retrieved from /opt/conda/lib/python3.8/site-packages/airflow/example_dags/example_branch_operator.py
[2025-02-14 14:31:00,307] {logging_mixin.py:115} INFO - [2025-02-14 14:31:00,307] {dag.py:2420} INFO - Sync 1 DAGs
[2025-02-14 14:31:00,327] {logging_mixin.py:115} INFO - [2025-02-14 14:31:00,327] {dag.py:2968} INFO - Setting next_dagrun for example_branch_operator to 2025-02-13T00:00:00+00:00, run_after=2025-02-14T00:00:00+00:00
[2025-02-14 14:31:00,351] {processor.py:161} INFO - Processing /opt/conda/lib/python3.8/site-packages/airflow/example_dags/example_branch_operator.py took 0.077 seconds
[2025-02-14 14:33:06,944] {processor.py:153} INFO - Started process (PID=4324) to work on /opt/conda/lib/python3.8/site-packages/airflow/example_dags/example_branch_operator.py
[2025-02-14 14:33:06,946] {processor.py:641} INFO - Processing file /opt/conda/lib/python3.8/site-packages/airflow/example_dags/example_branch_operator.py for tasks to queue
[2025-02-14 14:33:06,946] {logging_mixin.py:115} INFO - [2025-02-14 14:33:06,946] {dagbag.py:508} INFO - Filling up the DagBag from /opt/conda/lib/python3.8/site-packages/airflow/example_dags/example_branch_operator.py
[2025-02-14 14:33:06,957] {processor.py:651} INFO - DAG(s) dict_keys(['example_branch_operator']) retrieved from /opt/conda/lib/python3.8/site-packages/airflow/example_dags/example_branch_operator.py
[2025-02-14 14:33:06,974] {logging_mixin.py:115} INFO - [2025-02-14 14:33:06,974] {dag.py:2420} INFO - Sync 1 DAGs
[2025-02-14 14:33:06,994] {logging_mixin.py:115} INFO - [2025-02-14 14:33:06,994] {dag.py:2968} INFO - Setting next_dagrun for example_branch_operator to 2025-02-13T00:00:00+00:00, run_after=2025-02-14T00:00:00+00:00
[2025-02-14 14:33:07,016] {processor.py:161} INFO - Processing /opt/conda/lib/python3.8/site-packages/airflow/example_dags/example_branch_operator.py took 0.075 seconds
[2025-02-14 14:33:54,937] {processor.py:153} INFO - Started process (PID=4398) to work on /opt/conda/lib/python3.8/site-packages/airflow/example_dags/example_branch_operator.py
[2025-02-14 14:33:54,938] {processor.py:641} INFO - Processing file /opt/conda/lib/python3.8/site-packages/airflow/example_dags/example_branch_operator.py for tasks to queue
[2025-02-14 14:33:54,939] {logging_mixin.py:115} INFO - [2025-02-14 14:33:54,938] {dagbag.py:508} INFO - Filling up the DagBag from /opt/conda/lib/python3.8/site-packages/airflow/example_dags/example_branch_operator.py
[2025-02-14 14:33:54,950] {processor.py:651} INFO - DAG(s) dict_keys(['example_branch_operator']) retrieved from /opt/conda/lib/python3.8/site-packages/airflow/example_dags/example_branch_operator.py
[2025-02-14 14:33:54,966] {logging_mixin.py:115} INFO - [2025-02-14 14:33:54,966] {dag.py:2420} INFO - Sync 1 DAGs
[2025-02-14 14:33:54,986] {logging_mixin.py:115} INFO - [2025-02-14 14:33:54,986] {dag.py:2968} INFO - Setting next_dagrun for example_branch_operator to 2025-02-13T00:00:00+00:00, run_after=2025-02-14T00:00:00+00:00
[2025-02-14 14:33:55,008] {processor.py:161} INFO - Processing /opt/conda/lib/python3.8/site-packages/airflow/example_dags/example_branch_operator.py took 0.075 seconds
[2025-02-14 14:34:39,460] {processor.py:153} INFO - Started process (PID=4456) to work on /opt/conda/lib/python3.8/site-packages/airflow/example_dags/example_branch_operator.py
[2025-02-14 14:34:39,462] {processor.py:641} INFO - Processing file /opt/conda/lib/python3.8/site-packages/airflow/example_dags/example_branch_operator.py for tasks to queue
[2025-02-14 14:34:39,463] {logging_mixin.py:115} INFO - [2025-02-14 14:34:39,463] {dagbag.py:508} INFO - Filling up the DagBag from /opt/conda/lib/python3.8/site-packages/airflow/example_dags/example_branch_operator.py
[2025-02-14 14:34:39,473] {processor.py:651} INFO - DAG(s) dict_keys(['example_branch_operator']) retrieved from /opt/conda/lib/python3.8/site-packages/airflow/example_dags/example_branch_operator.py
[2025-02-14 14:34:39,488] {logging_mixin.py:115} INFO - [2025-02-14 14:34:39,488] {dag.py:2420} INFO - Sync 1 DAGs
[2025-02-14 14:34:39,504] {logging_mixin.py:115} INFO - [2025-02-14 14:34:39,503] {dag.py:2968} INFO - Setting next_dagrun for example_branch_operator to 2025-02-13T00:00:00+00:00, run_after=2025-02-14T00:00:00+00:00
[2025-02-14 14:34:39,524] {processor.py:161} INFO - Processing /opt/conda/lib/python3.8/site-packages/airflow/example_dags/example_branch_operator.py took 0.066 seconds
[2025-02-14 14:35:19,861] {processor.py:153} INFO - Started process (PID=4512) to work on /opt/conda/lib/python3.8/site-packages/airflow/example_dags/example_branch_operator.py
[2025-02-14 14:35:19,862] {processor.py:641} INFO - Processing file /opt/conda/lib/python3.8/site-packages/airflow/example_dags/example_branch_operator.py for tasks to queue
[2025-02-14 14:35:19,863] {logging_mixin.py:115} INFO - [2025-02-14 14:35:19,863] {dagbag.py:508} INFO - Filling up the DagBag from /opt/conda/lib/python3.8/site-packages/airflow/example_dags/example_branch_operator.py
[2025-02-14 14:35:19,874] {processor.py:651} INFO - DAG(s) dict_keys(['example_branch_operator']) retrieved from /opt/conda/lib/python3.8/site-packages/airflow/example_dags/example_branch_operator.py
[2025-02-14 14:35:19,889] {logging_mixin.py:115} INFO - [2025-02-14 14:35:19,889] {dag.py:2420} INFO - Sync 1 DAGs
[2025-02-14 14:35:19,904] {logging_mixin.py:115} INFO - [2025-02-14 14:35:19,904] {dag.py:2968} INFO - Setting next_dagrun for example_branch_operator to 2025-02-13T00:00:00+00:00, run_after=2025-02-14T00:00:00+00:00
[2025-02-14 14:35:19,925] {processor.py:161} INFO - Processing /opt/conda/lib/python3.8/site-packages/airflow/example_dags/example_branch_operator.py took 0.067 seconds
[2025-02-14 14:36:01,052] {processor.py:153} INFO - Started process (PID=4566) to work on /opt/conda/lib/python3.8/site-packages/airflow/example_dags/example_branch_operator.py
[2025-02-14 14:36:01,053] {processor.py:641} INFO - Processing file /opt/conda/lib/python3.8/site-packages/airflow/example_dags/example_branch_operator.py for tasks to queue
[2025-02-14 14:36:01,054] {logging_mixin.py:115} INFO - [2025-02-14 14:36:01,054] {dagbag.py:508} INFO - Filling up the DagBag from /opt/conda/lib/python3.8/site-packages/airflow/example_dags/example_branch_operator.py
[2025-02-14 14:36:01,065] {processor.py:651} INFO - DAG(s) dict_keys(['example_branch_operator']) retrieved from /opt/conda/lib/python3.8/site-packages/airflow/example_dags/example_branch_operator.py
[2025-02-14 14:36:01,079] {logging_mixin.py:115} INFO - [2025-02-14 14:36:01,079] {dag.py:2420} INFO - Sync 1 DAGs
[2025-02-14 14:36:01,095] {logging_mixin.py:115} INFO - [2025-02-14 14:36:01,094] {dag.py:2968} INFO - Setting next_dagrun for example_branch_operator to 2025-02-13T00:00:00+00:00, run_after=2025-02-14T00:00:00+00:00
[2025-02-14 14:36:01,116] {processor.py:161} INFO - Processing /opt/conda/lib/python3.8/site-packages/airflow/example_dags/example_branch_operator.py took 0.067 seconds
[2025-02-14 14:36:50,164] {processor.py:153} INFO - Started process (PID=4627) to work on /opt/conda/lib/python3.8/site-packages/airflow/example_dags/example_branch_operator.py
[2025-02-14 14:36:50,166] {processor.py:641} INFO - Processing file /opt/conda/lib/python3.8/site-packages/airflow/example_dags/example_branch_operator.py for tasks to queue
[2025-02-14 14:36:50,166] {logging_mixin.py:115} INFO - [2025-02-14 14:36:50,166] {dagbag.py:508} INFO - Filling up the DagBag from /opt/conda/lib/python3.8/site-packages/airflow/example_dags/example_branch_operator.py
[2025-02-14 14:36:50,180] {processor.py:651} INFO - DAG(s) dict_keys(['example_branch_operator']) retrieved from /opt/conda/lib/python3.8/site-packages/airflow/example_dags/example_branch_operator.py
[2025-02-14 14:36:50,200] {logging_mixin.py:115} INFO - [2025-02-14 14:36:50,200] {dag.py:2420} INFO - Sync 1 DAGs
[2025-02-14 14:36:50,223] {logging_mixin.py:115} INFO - [2025-02-14 14:36:50,223] {dag.py:2968} INFO - Setting next_dagrun for example_branch_operator to 2025-02-13T00:00:00+00:00, run_after=2025-02-14T00:00:00+00:00
[2025-02-14 14:36:50,247] {processor.py:161} INFO - Processing /opt/conda/lib/python3.8/site-packages/airflow/example_dags/example_branch_operator.py took 0.086 seconds
[2025-02-14 14:37:34,657] {processor.py:153} INFO - Started process (PID=4699) to work on /opt/conda/lib/python3.8/site-packages/airflow/example_dags/example_branch_operator.py
[2025-02-14 14:37:34,658] {processor.py:641} INFO - Processing file /opt/conda/lib/python3.8/site-packages/airflow/example_dags/example_branch_operator.py for tasks to queue
[2025-02-14 14:37:34,659] {logging_mixin.py:115} INFO - [2025-02-14 14:37:34,659] {dagbag.py:508} INFO - Filling up the DagBag from /opt/conda/lib/python3.8/site-packages/airflow/example_dags/example_branch_operator.py
[2025-02-14 14:37:34,669] {processor.py:651} INFO - DAG(s) dict_keys(['example_branch_operator']) retrieved from /opt/conda/lib/python3.8/site-packages/airflow/example_dags/example_branch_operator.py
[2025-02-14 14:37:34,684] {logging_mixin.py:115} INFO - [2025-02-14 14:37:34,684] {dag.py:2420} INFO - Sync 1 DAGs
[2025-02-14 14:37:34,699] {logging_mixin.py:115} INFO - [2025-02-14 14:37:34,699] {dag.py:2968} INFO - Setting next_dagrun for example_branch_operator to 2025-02-13T00:00:00+00:00, run_after=2025-02-14T00:00:00+00:00
[2025-02-14 14:37:34,721] {processor.py:161} INFO - Processing /opt/conda/lib/python3.8/site-packages/airflow/example_dags/example_branch_operator.py took 0.067 seconds
[2025-02-14 14:42:31,816] {processor.py:153} INFO - Started process (PID=4783) to work on /opt/conda/lib/python3.8/site-packages/airflow/example_dags/example_branch_operator.py
[2025-02-14 14:42:31,923] {processor.py:641} INFO - Processing file /opt/conda/lib/python3.8/site-packages/airflow/example_dags/example_branch_operator.py for tasks to queue
[2025-02-14 14:42:31,924] {logging_mixin.py:115} INFO - [2025-02-14 14:42:31,923] {dagbag.py:508} INFO - Filling up the DagBag from /opt/conda/lib/python3.8/site-packages/airflow/example_dags/example_branch_operator.py
[2025-02-14 14:42:32,063] {processor.py:651} INFO - DAG(s) dict_keys(['example_branch_operator']) retrieved from /opt/conda/lib/python3.8/site-packages/airflow/example_dags/example_branch_operator.py
[2025-02-14 14:42:32,073] {logging_mixin.py:115} INFO - [2025-02-14 14:42:32,073] {dag.py:2420} INFO - Sync 1 DAGs
[2025-02-14 14:42:32,086] {logging_mixin.py:115} INFO - [2025-02-14 14:42:32,086] {dag.py:2968} INFO - Setting next_dagrun for example_branch_operator to 2025-02-13T00:00:00+00:00, run_after=2025-02-14T00:00:00+00:00
[2025-02-14 14:42:32,116] {processor.py:161} INFO - Processing /opt/conda/lib/python3.8/site-packages/airflow/example_dags/example_branch_operator.py took 0.303 seconds
[2025-02-14 17:09:54,555] {processor.py:153} INFO - Started process (PID=6374) to work on /opt/conda/lib/python3.8/site-packages/airflow/example_dags/example_branch_operator.py
[2025-02-14 17:09:54,557] {processor.py:641} INFO - Processing file /opt/conda/lib/python3.8/site-packages/airflow/example_dags/example_branch_operator.py for tasks to queue
[2025-02-14 17:09:54,557] {logging_mixin.py:115} INFO - [2025-02-14 17:09:54,557] {dagbag.py:508} INFO - Filling up the DagBag from /opt/conda/lib/python3.8/site-packages/airflow/example_dags/example_branch_operator.py
[2025-02-14 17:09:54,760] {processor.py:651} INFO - DAG(s) dict_keys(['example_branch_operator']) retrieved from /opt/conda/lib/python3.8/site-packages/airflow/example_dags/example_branch_operator.py
[2025-02-14 17:09:54,776] {logging_mixin.py:115} INFO - [2025-02-14 17:09:54,776] {dag.py:2420} INFO - Sync 1 DAGs
[2025-02-14 17:09:54,796] {logging_mixin.py:115} INFO - [2025-02-14 17:09:54,796] {dag.py:2968} INFO - Setting next_dagrun for example_branch_operator to 2025-02-13T00:00:00+00:00, run_after=2025-02-14T00:00:00+00:00
[2025-02-14 17:09:54,820] {processor.py:161} INFO - Processing /opt/conda/lib/python3.8/site-packages/airflow/example_dags/example_branch_operator.py took 0.268 seconds
[2025-02-14 17:11:16,385] {processor.py:153} INFO - Started process (PID=6520) to work on /opt/conda/lib/python3.8/site-packages/airflow/example_dags/example_branch_operator.py
[2025-02-14 17:11:16,386] {processor.py:641} INFO - Processing file /opt/conda/lib/python3.8/site-packages/airflow/example_dags/example_branch_operator.py for tasks to queue
[2025-02-14 17:11:16,387] {logging_mixin.py:115} INFO - [2025-02-14 17:11:16,387] {dagbag.py:508} INFO - Filling up the DagBag from /opt/conda/lib/python3.8/site-packages/airflow/example_dags/example_branch_operator.py
[2025-02-14 17:11:16,587] {processor.py:651} INFO - DAG(s) dict_keys(['example_branch_operator']) retrieved from /opt/conda/lib/python3.8/site-packages/airflow/example_dags/example_branch_operator.py
[2025-02-14 17:11:16,602] {logging_mixin.py:115} INFO - [2025-02-14 17:11:16,602] {dag.py:2420} INFO - Sync 1 DAGs
[2025-02-14 17:11:16,622] {logging_mixin.py:115} INFO - [2025-02-14 17:11:16,622] {dag.py:2968} INFO - Setting next_dagrun for example_branch_operator to 2025-02-13T00:00:00+00:00, run_after=2025-02-14T00:00:00+00:00
[2025-02-14 17:11:16,643] {processor.py:161} INFO - Processing /opt/conda/lib/python3.8/site-packages/airflow/example_dags/example_branch_operator.py took 0.262 seconds
[2025-02-14 17:12:30,515] {processor.py:153} INFO - Started process (PID=6637) to work on /opt/conda/lib/python3.8/site-packages/airflow/example_dags/example_branch_operator.py
[2025-02-14 17:12:30,517] {processor.py:641} INFO - Processing file /opt/conda/lib/python3.8/site-packages/airflow/example_dags/example_branch_operator.py for tasks to queue
[2025-02-14 17:12:30,517] {logging_mixin.py:115} INFO - [2025-02-14 17:12:30,517] {dagbag.py:508} INFO - Filling up the DagBag from /opt/conda/lib/python3.8/site-packages/airflow/example_dags/example_branch_operator.py
[2025-02-14 17:12:30,716] {processor.py:651} INFO - DAG(s) dict_keys(['example_branch_operator']) retrieved from /opt/conda/lib/python3.8/site-packages/airflow/example_dags/example_branch_operator.py
[2025-02-14 17:12:30,732] {logging_mixin.py:115} INFO - [2025-02-14 17:12:30,731] {dag.py:2420} INFO - Sync 1 DAGs
[2025-02-14 17:12:30,752] {logging_mixin.py:115} INFO - [2025-02-14 17:12:30,752] {dag.py:2968} INFO - Setting next_dagrun for example_branch_operator to 2025-02-13T00:00:00+00:00, run_after=2025-02-14T00:00:00+00:00
[2025-02-14 17:12:30,827] {processor.py:161} INFO - Processing /opt/conda/lib/python3.8/site-packages/airflow/example_dags/example_branch_operator.py took 0.316 seconds
[2025-02-14 17:13:48,945] {processor.py:153} INFO - Started process (PID=6729) to work on /opt/conda/lib/python3.8/site-packages/airflow/example_dags/example_branch_operator.py
[2025-02-14 17:13:48,947] {processor.py:641} INFO - Processing file /opt/conda/lib/python3.8/site-packages/airflow/example_dags/example_branch_operator.py for tasks to queue
[2025-02-14 17:13:48,947] {logging_mixin.py:115} INFO - [2025-02-14 17:13:48,947] {dagbag.py:508} INFO - Filling up the DagBag from /opt/conda/lib/python3.8/site-packages/airflow/example_dags/example_branch_operator.py
[2025-02-14 17:13:49,145] {processor.py:651} INFO - DAG(s) dict_keys(['example_branch_operator']) retrieved from /opt/conda/lib/python3.8/site-packages/airflow/example_dags/example_branch_operator.py
[2025-02-14 17:13:49,160] {logging_mixin.py:115} INFO - [2025-02-14 17:13:49,160] {dag.py:2420} INFO - Sync 1 DAGs
[2025-02-14 17:13:49,180] {logging_mixin.py:115} INFO - [2025-02-14 17:13:49,180] {dag.py:2968} INFO - Setting next_dagrun for example_branch_operator to 2025-02-13T00:00:00+00:00, run_after=2025-02-14T00:00:00+00:00
[2025-02-14 17:13:49,202] {processor.py:161} INFO - Processing /opt/conda/lib/python3.8/site-packages/airflow/example_dags/example_branch_operator.py took 0.261 seconds
[2025-02-14 17:14:51,351] {processor.py:153} INFO - Started process (PID=6840) to work on /opt/conda/lib/python3.8/site-packages/airflow/example_dags/example_branch_operator.py
[2025-02-14 17:14:51,353] {processor.py:641} INFO - Processing file /opt/conda/lib/python3.8/site-packages/airflow/example_dags/example_branch_operator.py for tasks to queue
[2025-02-14 17:14:51,354] {logging_mixin.py:115} INFO - [2025-02-14 17:14:51,354] {dagbag.py:508} INFO - Filling up the DagBag from /opt/conda/lib/python3.8/site-packages/airflow/example_dags/example_branch_operator.py
[2025-02-14 17:14:51,366] {processor.py:651} INFO - DAG(s) dict_keys(['example_branch_operator']) retrieved from /opt/conda/lib/python3.8/site-packages/airflow/example_dags/example_branch_operator.py
[2025-02-14 17:14:51,387] {logging_mixin.py:115} INFO - [2025-02-14 17:14:51,387] {dag.py:2420} INFO - Sync 1 DAGs
[2025-02-14 17:14:51,410] {logging_mixin.py:115} INFO - [2025-02-14 17:14:51,410] {dag.py:2968} INFO - Setting next_dagrun for example_branch_operator to 2025-02-13T00:00:00+00:00, run_after=2025-02-14T00:00:00+00:00
[2025-02-14 17:14:51,443] {processor.py:161} INFO - Processing /opt/conda/lib/python3.8/site-packages/airflow/example_dags/example_branch_operator.py took 0.095 seconds
[2025-02-14 17:15:40,616] {processor.py:153} INFO - Started process (PID=6916) to work on /opt/conda/lib/python3.8/site-packages/airflow/example_dags/example_branch_operator.py
[2025-02-14 17:15:40,618] {processor.py:641} INFO - Processing file /opt/conda/lib/python3.8/site-packages/airflow/example_dags/example_branch_operator.py for tasks to queue
[2025-02-14 17:15:40,619] {logging_mixin.py:115} INFO - [2025-02-14 17:15:40,619] {dagbag.py:508} INFO - Filling up the DagBag from /opt/conda/lib/python3.8/site-packages/airflow/example_dags/example_branch_operator.py
[2025-02-14 17:15:40,631] {processor.py:651} INFO - DAG(s) dict_keys(['example_branch_operator']) retrieved from /opt/conda/lib/python3.8/site-packages/airflow/example_dags/example_branch_operator.py
[2025-02-14 17:15:40,651] {logging_mixin.py:115} INFO - [2025-02-14 17:15:40,651] {dag.py:2420} INFO - Sync 1 DAGs
[2025-02-14 17:15:40,674] {logging_mixin.py:115} INFO - [2025-02-14 17:15:40,674] {dag.py:2968} INFO - Setting next_dagrun for example_branch_operator to 2025-02-13T00:00:00+00:00, run_after=2025-02-14T00:00:00+00:00
[2025-02-14 17:15:40,698] {processor.py:161} INFO - Processing /opt/conda/lib/python3.8/site-packages/airflow/example_dags/example_branch_operator.py took 0.085 seconds
[2025-02-14 17:16:25,956] {processor.py:153} INFO - Started process (PID=7158) to work on /opt/conda/lib/python3.8/site-packages/airflow/example_dags/example_branch_operator.py
[2025-02-14 17:16:25,958] {processor.py:641} INFO - Processing file /opt/conda/lib/python3.8/site-packages/airflow/example_dags/example_branch_operator.py for tasks to queue
[2025-02-14 17:16:25,958] {logging_mixin.py:115} INFO - [2025-02-14 17:16:25,958] {dagbag.py:508} INFO - Filling up the DagBag from /opt/conda/lib/python3.8/site-packages/airflow/example_dags/example_branch_operator.py
[2025-02-14 17:16:25,971] {processor.py:651} INFO - DAG(s) dict_keys(['example_branch_operator']) retrieved from /opt/conda/lib/python3.8/site-packages/airflow/example_dags/example_branch_operator.py
[2025-02-14 17:16:25,991] {logging_mixin.py:115} INFO - [2025-02-14 17:16:25,991] {dag.py:2420} INFO - Sync 1 DAGs
[2025-02-14 17:16:26,014] {logging_mixin.py:115} INFO - [2025-02-14 17:16:26,013] {dag.py:2968} INFO - Setting next_dagrun for example_branch_operator to 2025-02-13T00:00:00+00:00, run_after=2025-02-14T00:00:00+00:00
[2025-02-14 17:16:26,050] {processor.py:161} INFO - Processing /opt/conda/lib/python3.8/site-packages/airflow/example_dags/example_branch_operator.py took 0.097 seconds
