[2025-02-14 13:59:55,893] {processor.py:153} INFO - Started process (PID=1843) to work on /opt/conda/lib/python3.8/site-packages/airflow/example_dags/example_sla_dag.py
[2025-02-14 13:59:55,894] {processor.py:641} INFO - Processing file /opt/conda/lib/python3.8/site-packages/airflow/example_dags/example_sla_dag.py for tasks to queue
[2025-02-14 13:59:55,894] {logging_mixin.py:115} INFO - [2025-02-14 13:59:55,894] {dagbag.py:508} INFO - Filling up the DagBag from /opt/conda/lib/python3.8/site-packages/airflow/example_dags/example_sla_dag.py
[2025-02-14 13:59:56,027] {processor.py:651} INFO - DAG(s) dict_keys(['example_sla_dag']) retrieved from /opt/conda/lib/python3.8/site-packages/airflow/example_dags/example_sla_dag.py
[2025-02-14 13:59:56,090] {logging_mixin.py:115} INFO - [2025-02-14 13:59:56,090] {manager.py:508} INFO - Created Permission View: can read on DAG:example_sla_dag
[2025-02-14 13:59:56,106] {logging_mixin.py:115} INFO - [2025-02-14 13:59:56,106] {manager.py:508} INFO - Created Permission View: can delete on DAG:example_sla_dag
[2025-02-14 13:59:56,119] {logging_mixin.py:115} INFO - [2025-02-14 13:59:56,119] {manager.py:508} INFO - Created Permission View: can edit on DAG:example_sla_dag
[2025-02-14 13:59:56,119] {logging_mixin.py:115} INFO - [2025-02-14 13:59:56,119] {dag.py:2420} INFO - Sync 1 DAGs
[2025-02-14 13:59:56,126] {logging_mixin.py:115} INFO - [2025-02-14 13:59:56,126] {dag.py:2439} INFO - Creating ORM DAG for example_sla_dag
[2025-02-14 13:59:56,135] {logging_mixin.py:115} INFO - [2025-02-14 13:59:56,135] {dag.py:2968} INFO - Setting next_dagrun for example_sla_dag to 2025-02-14T13:56:00+00:00, run_after=2025-02-14T13:58:00+00:00
[2025-02-14 13:59:56,156] {processor.py:161} INFO - Processing /opt/conda/lib/python3.8/site-packages/airflow/example_dags/example_sla_dag.py took 0.266 seconds
[2025-02-14 14:00:50,078] {processor.py:153} INFO - Started process (PID=1886) to work on /opt/conda/lib/python3.8/site-packages/airflow/example_dags/example_sla_dag.py
[2025-02-14 14:00:50,160] {processor.py:641} INFO - Processing file /opt/conda/lib/python3.8/site-packages/airflow/example_dags/example_sla_dag.py for tasks to queue
[2025-02-14 14:00:50,161] {logging_mixin.py:115} INFO - [2025-02-14 14:00:50,161] {dagbag.py:508} INFO - Filling up the DagBag from /opt/conda/lib/python3.8/site-packages/airflow/example_dags/example_sla_dag.py
[2025-02-14 14:00:50,308] {processor.py:651} INFO - DAG(s) dict_keys(['example_sla_dag']) retrieved from /opt/conda/lib/python3.8/site-packages/airflow/example_dags/example_sla_dag.py
[2025-02-14 14:00:50,317] {logging_mixin.py:115} INFO - [2025-02-14 14:00:50,317] {dag.py:2420} INFO - Sync 1 DAGs
[2025-02-14 14:00:50,331] {logging_mixin.py:115} INFO - [2025-02-14 14:00:50,331] {dag.py:2968} INFO - Setting next_dagrun for example_sla_dag to 2025-02-14T13:58:00+00:00, run_after=2025-02-14T14:00:00+00:00
[2025-02-14 14:00:50,351] {processor.py:161} INFO - Processing /opt/conda/lib/python3.8/site-packages/airflow/example_dags/example_sla_dag.py took 0.276 seconds
[2025-02-14 14:01:30,469] {processor.py:153} INFO - Started process (PID=1923) to work on /opt/conda/lib/python3.8/site-packages/airflow/example_dags/example_sla_dag.py
[2025-02-14 14:01:30,471] {processor.py:641} INFO - Processing file /opt/conda/lib/python3.8/site-packages/airflow/example_dags/example_sla_dag.py for tasks to queue
[2025-02-14 14:01:30,471] {logging_mixin.py:115} INFO - [2025-02-14 14:01:30,471] {dagbag.py:508} INFO - Filling up the DagBag from /opt/conda/lib/python3.8/site-packages/airflow/example_dags/example_sla_dag.py
[2025-02-14 14:01:30,613] {processor.py:651} INFO - DAG(s) dict_keys(['example_sla_dag']) retrieved from /opt/conda/lib/python3.8/site-packages/airflow/example_dags/example_sla_dag.py
[2025-02-14 14:01:30,622] {logging_mixin.py:115} INFO - [2025-02-14 14:01:30,622] {dag.py:2420} INFO - Sync 1 DAGs
[2025-02-14 14:01:30,636] {logging_mixin.py:115} INFO - [2025-02-14 14:01:30,636] {dag.py:2968} INFO - Setting next_dagrun for example_sla_dag to 2025-02-14T13:58:00+00:00, run_after=2025-02-14T14:00:00+00:00
[2025-02-14 14:01:30,654] {processor.py:161} INFO - Processing /opt/conda/lib/python3.8/site-packages/airflow/example_dags/example_sla_dag.py took 0.188 seconds
[2025-02-14 14:02:14,982] {processor.py:153} INFO - Started process (PID=1963) to work on /opt/conda/lib/python3.8/site-packages/airflow/example_dags/example_sla_dag.py
[2025-02-14 14:02:14,983] {processor.py:641} INFO - Processing file /opt/conda/lib/python3.8/site-packages/airflow/example_dags/example_sla_dag.py for tasks to queue
[2025-02-14 14:02:14,984] {logging_mixin.py:115} INFO - [2025-02-14 14:02:14,984] {dagbag.py:508} INFO - Filling up the DagBag from /opt/conda/lib/python3.8/site-packages/airflow/example_dags/example_sla_dag.py
[2025-02-14 14:02:15,125] {processor.py:651} INFO - DAG(s) dict_keys(['example_sla_dag']) retrieved from /opt/conda/lib/python3.8/site-packages/airflow/example_dags/example_sla_dag.py
[2025-02-14 14:02:15,134] {logging_mixin.py:115} INFO - [2025-02-14 14:02:15,134] {dag.py:2420} INFO - Sync 1 DAGs
[2025-02-14 14:02:15,148] {logging_mixin.py:115} INFO - [2025-02-14 14:02:15,148] {dag.py:2968} INFO - Setting next_dagrun for example_sla_dag to 2025-02-14T14:00:00+00:00, run_after=2025-02-14T14:02:00+00:00
[2025-02-14 14:02:15,166] {processor.py:161} INFO - Processing /opt/conda/lib/python3.8/site-packages/airflow/example_dags/example_sla_dag.py took 0.188 seconds
[2025-02-14 14:02:59,909] {processor.py:153} INFO - Started process (PID=2004) to work on /opt/conda/lib/python3.8/site-packages/airflow/example_dags/example_sla_dag.py
[2025-02-14 14:02:59,910] {processor.py:641} INFO - Processing file /opt/conda/lib/python3.8/site-packages/airflow/example_dags/example_sla_dag.py for tasks to queue
[2025-02-14 14:02:59,911] {logging_mixin.py:115} INFO - [2025-02-14 14:02:59,911] {dagbag.py:508} INFO - Filling up the DagBag from /opt/conda/lib/python3.8/site-packages/airflow/example_dags/example_sla_dag.py
[2025-02-14 14:03:00,046] {processor.py:651} INFO - DAG(s) dict_keys(['example_sla_dag']) retrieved from /opt/conda/lib/python3.8/site-packages/airflow/example_dags/example_sla_dag.py
[2025-02-14 14:03:00,055] {logging_mixin.py:115} INFO - [2025-02-14 14:03:00,055] {dag.py:2420} INFO - Sync 1 DAGs
[2025-02-14 14:03:00,069] {logging_mixin.py:115} INFO - [2025-02-14 14:03:00,069] {dag.py:2968} INFO - Setting next_dagrun for example_sla_dag to 2025-02-14T14:00:00+00:00, run_after=2025-02-14T14:02:00+00:00
[2025-02-14 14:03:00,091] {processor.py:161} INFO - Processing /opt/conda/lib/python3.8/site-packages/airflow/example_dags/example_sla_dag.py took 0.185 seconds
[2025-02-14 14:03:47,257] {processor.py:153} INFO - Started process (PID=2046) to work on /opt/conda/lib/python3.8/site-packages/airflow/example_dags/example_sla_dag.py
[2025-02-14 14:03:47,259] {processor.py:641} INFO - Processing file /opt/conda/lib/python3.8/site-packages/airflow/example_dags/example_sla_dag.py for tasks to queue
[2025-02-14 14:03:47,259] {logging_mixin.py:115} INFO - [2025-02-14 14:03:47,259] {dagbag.py:508} INFO - Filling up the DagBag from /opt/conda/lib/python3.8/site-packages/airflow/example_dags/example_sla_dag.py
[2025-02-14 14:03:47,392] {processor.py:651} INFO - DAG(s) dict_keys(['example_sla_dag']) retrieved from /opt/conda/lib/python3.8/site-packages/airflow/example_dags/example_sla_dag.py
[2025-02-14 14:03:47,400] {logging_mixin.py:115} INFO - [2025-02-14 14:03:47,400] {dag.py:2420} INFO - Sync 1 DAGs
[2025-02-14 14:03:47,415] {logging_mixin.py:115} INFO - [2025-02-14 14:03:47,414] {dag.py:2968} INFO - Setting next_dagrun for example_sla_dag to 2025-02-14T14:00:00+00:00, run_after=2025-02-14T14:02:00+00:00
[2025-02-14 14:03:47,433] {processor.py:161} INFO - Processing /opt/conda/lib/python3.8/site-packages/airflow/example_dags/example_sla_dag.py took 0.179 seconds
[2025-02-14 14:05:39,620] {processor.py:153} INFO - Started process (PID=2187) to work on /opt/conda/lib/python3.8/site-packages/airflow/example_dags/example_sla_dag.py
[2025-02-14 14:05:39,622] {processor.py:641} INFO - Processing file /opt/conda/lib/python3.8/site-packages/airflow/example_dags/example_sla_dag.py for tasks to queue
[2025-02-14 14:05:39,622] {logging_mixin.py:115} INFO - [2025-02-14 14:05:39,622] {dagbag.py:508} INFO - Filling up the DagBag from /opt/conda/lib/python3.8/site-packages/airflow/example_dags/example_sla_dag.py
[2025-02-14 14:05:39,778] {processor.py:651} INFO - DAG(s) dict_keys(['example_sla_dag']) retrieved from /opt/conda/lib/python3.8/site-packages/airflow/example_dags/example_sla_dag.py
[2025-02-14 14:05:39,787] {logging_mixin.py:115} INFO - [2025-02-14 14:05:39,787] {dag.py:2420} INFO - Sync 1 DAGs
[2025-02-14 14:05:39,802] {logging_mixin.py:115} INFO - [2025-02-14 14:05:39,802] {dag.py:2968} INFO - Setting next_dagrun for example_sla_dag to 2025-02-14T14:02:00+00:00, run_after=2025-02-14T14:04:00+00:00
[2025-02-14 14:05:39,931] {processor.py:161} INFO - Processing /opt/conda/lib/python3.8/site-packages/airflow/example_dags/example_sla_dag.py took 0.314 seconds
[2025-02-14 14:06:24,000] {processor.py:153} INFO - Started process (PID=2241) to work on /opt/conda/lib/python3.8/site-packages/airflow/example_dags/example_sla_dag.py
[2025-02-14 14:06:24,001] {processor.py:641} INFO - Processing file /opt/conda/lib/python3.8/site-packages/airflow/example_dags/example_sla_dag.py for tasks to queue
[2025-02-14 14:06:24,002] {logging_mixin.py:115} INFO - [2025-02-14 14:06:24,002] {dagbag.py:508} INFO - Filling up the DagBag from /opt/conda/lib/python3.8/site-packages/airflow/example_dags/example_sla_dag.py
[2025-02-14 14:06:24,137] {processor.py:651} INFO - DAG(s) dict_keys(['example_sla_dag']) retrieved from /opt/conda/lib/python3.8/site-packages/airflow/example_dags/example_sla_dag.py
[2025-02-14 14:06:24,146] {logging_mixin.py:115} INFO - [2025-02-14 14:06:24,146] {dag.py:2420} INFO - Sync 1 DAGs
[2025-02-14 14:06:24,160] {logging_mixin.py:115} INFO - [2025-02-14 14:06:24,160] {dag.py:2968} INFO - Setting next_dagrun for example_sla_dag to 2025-02-14T14:04:00+00:00, run_after=2025-02-14T14:06:00+00:00
[2025-02-14 14:06:24,179] {processor.py:161} INFO - Processing /opt/conda/lib/python3.8/site-packages/airflow/example_dags/example_sla_dag.py took 0.182 seconds
[2025-02-14 14:07:15,936] {processor.py:153} INFO - Started process (PID=2299) to work on /opt/conda/lib/python3.8/site-packages/airflow/example_dags/example_sla_dag.py
[2025-02-14 14:07:15,938] {processor.py:641} INFO - Processing file /opt/conda/lib/python3.8/site-packages/airflow/example_dags/example_sla_dag.py for tasks to queue
[2025-02-14 14:07:15,939] {logging_mixin.py:115} INFO - [2025-02-14 14:07:15,939] {dagbag.py:508} INFO - Filling up the DagBag from /opt/conda/lib/python3.8/site-packages/airflow/example_dags/example_sla_dag.py
[2025-02-14 14:07:16,075] {processor.py:651} INFO - DAG(s) dict_keys(['example_sla_dag']) retrieved from /opt/conda/lib/python3.8/site-packages/airflow/example_dags/example_sla_dag.py
[2025-02-14 14:07:16,084] {logging_mixin.py:115} INFO - [2025-02-14 14:07:16,084] {dag.py:2420} INFO - Sync 1 DAGs
[2025-02-14 14:07:16,098] {logging_mixin.py:115} INFO - [2025-02-14 14:07:16,098] {dag.py:2968} INFO - Setting next_dagrun for example_sla_dag to 2025-02-14T14:04:00+00:00, run_after=2025-02-14T14:06:00+00:00
[2025-02-14 14:07:16,118] {processor.py:161} INFO - Processing /opt/conda/lib/python3.8/site-packages/airflow/example_dags/example_sla_dag.py took 0.184 seconds
[2025-02-14 14:08:02,312] {processor.py:153} INFO - Started process (PID=2340) to work on /opt/conda/lib/python3.8/site-packages/airflow/example_dags/example_sla_dag.py
[2025-02-14 14:08:02,314] {processor.py:641} INFO - Processing file /opt/conda/lib/python3.8/site-packages/airflow/example_dags/example_sla_dag.py for tasks to queue
[2025-02-14 14:08:02,314] {logging_mixin.py:115} INFO - [2025-02-14 14:08:02,314] {dagbag.py:508} INFO - Filling up the DagBag from /opt/conda/lib/python3.8/site-packages/airflow/example_dags/example_sla_dag.py
[2025-02-14 14:08:02,449] {processor.py:651} INFO - DAG(s) dict_keys(['example_sla_dag']) retrieved from /opt/conda/lib/python3.8/site-packages/airflow/example_dags/example_sla_dag.py
[2025-02-14 14:08:02,458] {logging_mixin.py:115} INFO - [2025-02-14 14:08:02,458] {dag.py:2420} INFO - Sync 1 DAGs
[2025-02-14 14:08:02,472] {logging_mixin.py:115} INFO - [2025-02-14 14:08:02,472] {dag.py:2968} INFO - Setting next_dagrun for example_sla_dag to 2025-02-14T14:06:00+00:00, run_after=2025-02-14T14:08:00+00:00
[2025-02-14 14:08:02,492] {processor.py:161} INFO - Processing /opt/conda/lib/python3.8/site-packages/airflow/example_dags/example_sla_dag.py took 0.183 seconds
[2025-02-14 14:09:33,837] {processor.py:153} INFO - Started process (PID=2445) to work on /opt/conda/lib/python3.8/site-packages/airflow/example_dags/example_sla_dag.py
[2025-02-14 14:09:33,838] {processor.py:641} INFO - Processing file /opt/conda/lib/python3.8/site-packages/airflow/example_dags/example_sla_dag.py for tasks to queue
[2025-02-14 14:09:33,839] {logging_mixin.py:115} INFO - [2025-02-14 14:09:33,839] {dagbag.py:508} INFO - Filling up the DagBag from /opt/conda/lib/python3.8/site-packages/airflow/example_dags/example_sla_dag.py
[2025-02-14 14:09:33,980] {processor.py:651} INFO - DAG(s) dict_keys(['example_sla_dag']) retrieved from /opt/conda/lib/python3.8/site-packages/airflow/example_dags/example_sla_dag.py
[2025-02-14 14:09:33,988] {logging_mixin.py:115} INFO - [2025-02-14 14:09:33,988] {dag.py:2420} INFO - Sync 1 DAGs
[2025-02-14 14:09:34,003] {logging_mixin.py:115} INFO - [2025-02-14 14:09:34,002] {dag.py:2968} INFO - Setting next_dagrun for example_sla_dag to 2025-02-14T14:06:00+00:00, run_after=2025-02-14T14:08:00+00:00
[2025-02-14 14:09:34,023] {processor.py:161} INFO - Processing /opt/conda/lib/python3.8/site-packages/airflow/example_dags/example_sla_dag.py took 0.189 seconds
[2025-02-14 14:10:18,010] {processor.py:153} INFO - Started process (PID=2483) to work on /opt/conda/lib/python3.8/site-packages/airflow/example_dags/example_sla_dag.py
[2025-02-14 14:10:18,011] {processor.py:641} INFO - Processing file /opt/conda/lib/python3.8/site-packages/airflow/example_dags/example_sla_dag.py for tasks to queue
[2025-02-14 14:10:18,011] {logging_mixin.py:115} INFO - [2025-02-14 14:10:18,011] {dagbag.py:508} INFO - Filling up the DagBag from /opt/conda/lib/python3.8/site-packages/airflow/example_dags/example_sla_dag.py
[2025-02-14 14:10:18,156] {processor.py:651} INFO - DAG(s) dict_keys(['example_sla_dag']) retrieved from /opt/conda/lib/python3.8/site-packages/airflow/example_dags/example_sla_dag.py
[2025-02-14 14:10:18,165] {logging_mixin.py:115} INFO - [2025-02-14 14:10:18,165] {dag.py:2420} INFO - Sync 1 DAGs
[2025-02-14 14:10:18,179] {logging_mixin.py:115} INFO - [2025-02-14 14:10:18,179] {dag.py:2968} INFO - Setting next_dagrun for example_sla_dag to 2025-02-14T14:08:00+00:00, run_after=2025-02-14T14:10:00+00:00
[2025-02-14 14:10:18,199] {processor.py:161} INFO - Processing /opt/conda/lib/python3.8/site-packages/airflow/example_dags/example_sla_dag.py took 0.192 seconds
[2025-02-14 14:11:05,869] {processor.py:153} INFO - Started process (PID=2525) to work on /opt/conda/lib/python3.8/site-packages/airflow/example_dags/example_sla_dag.py
[2025-02-14 14:11:05,870] {processor.py:641} INFO - Processing file /opt/conda/lib/python3.8/site-packages/airflow/example_dags/example_sla_dag.py for tasks to queue
[2025-02-14 14:11:05,871] {logging_mixin.py:115} INFO - [2025-02-14 14:11:05,871] {dagbag.py:508} INFO - Filling up the DagBag from /opt/conda/lib/python3.8/site-packages/airflow/example_dags/example_sla_dag.py
[2025-02-14 14:11:06,015] {processor.py:651} INFO - DAG(s) dict_keys(['example_sla_dag']) retrieved from /opt/conda/lib/python3.8/site-packages/airflow/example_dags/example_sla_dag.py
[2025-02-14 14:11:06,024] {logging_mixin.py:115} INFO - [2025-02-14 14:11:06,023] {dag.py:2420} INFO - Sync 1 DAGs
[2025-02-14 14:11:06,038] {logging_mixin.py:115} INFO - [2025-02-14 14:11:06,038] {dag.py:2968} INFO - Setting next_dagrun for example_sla_dag to 2025-02-14T14:08:00+00:00, run_after=2025-02-14T14:10:00+00:00
[2025-02-14 14:11:06,056] {processor.py:161} INFO - Processing /opt/conda/lib/python3.8/site-packages/airflow/example_dags/example_sla_dag.py took 0.190 seconds
[2025-02-14 14:11:52,304] {processor.py:153} INFO - Started process (PID=2581) to work on /opt/conda/lib/python3.8/site-packages/airflow/example_dags/example_sla_dag.py
[2025-02-14 14:11:52,305] {processor.py:641} INFO - Processing file /opt/conda/lib/python3.8/site-packages/airflow/example_dags/example_sla_dag.py for tasks to queue
[2025-02-14 14:11:52,306] {logging_mixin.py:115} INFO - [2025-02-14 14:11:52,306] {dagbag.py:508} INFO - Filling up the DagBag from /opt/conda/lib/python3.8/site-packages/airflow/example_dags/example_sla_dag.py
[2025-02-14 14:11:52,444] {processor.py:651} INFO - DAG(s) dict_keys(['example_sla_dag']) retrieved from /opt/conda/lib/python3.8/site-packages/airflow/example_dags/example_sla_dag.py
[2025-02-14 14:11:52,452] {logging_mixin.py:115} INFO - [2025-02-14 14:11:52,452] {dag.py:2420} INFO - Sync 1 DAGs
[2025-02-14 14:11:52,467] {logging_mixin.py:115} INFO - [2025-02-14 14:11:52,467] {dag.py:2968} INFO - Setting next_dagrun for example_sla_dag to 2025-02-14T14:08:00+00:00, run_after=2025-02-14T14:10:00+00:00
[2025-02-14 14:11:52,489] {processor.py:161} INFO - Processing /opt/conda/lib/python3.8/site-packages/airflow/example_dags/example_sla_dag.py took 0.188 seconds
[2025-02-14 14:12:44,524] {processor.py:153} INFO - Started process (PID=2643) to work on /opt/conda/lib/python3.8/site-packages/airflow/example_dags/example_sla_dag.py
[2025-02-14 14:12:44,526] {processor.py:641} INFO - Processing file /opt/conda/lib/python3.8/site-packages/airflow/example_dags/example_sla_dag.py for tasks to queue
[2025-02-14 14:12:44,526] {logging_mixin.py:115} INFO - [2025-02-14 14:12:44,526] {dagbag.py:508} INFO - Filling up the DagBag from /opt/conda/lib/python3.8/site-packages/airflow/example_dags/example_sla_dag.py
[2025-02-14 14:12:44,661] {processor.py:651} INFO - DAG(s) dict_keys(['example_sla_dag']) retrieved from /opt/conda/lib/python3.8/site-packages/airflow/example_dags/example_sla_dag.py
[2025-02-14 14:12:44,669] {logging_mixin.py:115} INFO - [2025-02-14 14:12:44,669] {dag.py:2420} INFO - Sync 1 DAGs
[2025-02-14 14:12:44,683] {logging_mixin.py:115} INFO - [2025-02-14 14:12:44,683] {dag.py:2968} INFO - Setting next_dagrun for example_sla_dag to 2025-02-14T14:10:00+00:00, run_after=2025-02-14T14:12:00+00:00
[2025-02-14 14:12:44,701] {processor.py:161} INFO - Processing /opt/conda/lib/python3.8/site-packages/airflow/example_dags/example_sla_dag.py took 0.180 seconds
[2025-02-14 14:13:29,314] {processor.py:153} INFO - Started process (PID=2715) to work on /opt/conda/lib/python3.8/site-packages/airflow/example_dags/example_sla_dag.py
[2025-02-14 14:13:29,315] {processor.py:641} INFO - Processing file /opt/conda/lib/python3.8/site-packages/airflow/example_dags/example_sla_dag.py for tasks to queue
[2025-02-14 14:13:29,315] {logging_mixin.py:115} INFO - [2025-02-14 14:13:29,315] {dagbag.py:508} INFO - Filling up the DagBag from /opt/conda/lib/python3.8/site-packages/airflow/example_dags/example_sla_dag.py
[2025-02-14 14:13:29,456] {processor.py:651} INFO - DAG(s) dict_keys(['example_sla_dag']) retrieved from /opt/conda/lib/python3.8/site-packages/airflow/example_dags/example_sla_dag.py
[2025-02-14 14:13:29,465] {logging_mixin.py:115} INFO - [2025-02-14 14:13:29,465] {dag.py:2420} INFO - Sync 1 DAGs
[2025-02-14 14:13:29,479] {logging_mixin.py:115} INFO - [2025-02-14 14:13:29,479] {dag.py:2968} INFO - Setting next_dagrun for example_sla_dag to 2025-02-14T14:10:00+00:00, run_after=2025-02-14T14:12:00+00:00
[2025-02-14 14:13:29,496] {processor.py:161} INFO - Processing /opt/conda/lib/python3.8/site-packages/airflow/example_dags/example_sla_dag.py took 0.186 seconds
[2025-02-14 14:14:19,464] {processor.py:153} INFO - Started process (PID=2775) to work on /opt/conda/lib/python3.8/site-packages/airflow/example_dags/example_sla_dag.py
[2025-02-14 14:14:19,466] {processor.py:641} INFO - Processing file /opt/conda/lib/python3.8/site-packages/airflow/example_dags/example_sla_dag.py for tasks to queue
[2025-02-14 14:14:19,467] {logging_mixin.py:115} INFO - [2025-02-14 14:14:19,467] {dagbag.py:508} INFO - Filling up the DagBag from /opt/conda/lib/python3.8/site-packages/airflow/example_dags/example_sla_dag.py
[2025-02-14 14:14:19,486] {processor.py:651} INFO - DAG(s) dict_keys(['example_sla_dag']) retrieved from /opt/conda/lib/python3.8/site-packages/airflow/example_dags/example_sla_dag.py
[2025-02-14 14:14:19,501] {logging_mixin.py:115} INFO - [2025-02-14 14:14:19,501] {dag.py:2420} INFO - Sync 1 DAGs
[2025-02-14 14:14:19,521] {logging_mixin.py:115} INFO - [2025-02-14 14:14:19,521] {dag.py:2968} INFO - Setting next_dagrun for example_sla_dag to 2025-02-14T14:12:00+00:00, run_after=2025-02-14T14:14:00+00:00
[2025-02-14 14:14:19,540] {processor.py:161} INFO - Processing /opt/conda/lib/python3.8/site-packages/airflow/example_dags/example_sla_dag.py took 0.079 seconds
[2025-02-14 14:15:01,405] {processor.py:153} INFO - Started process (PID=2831) to work on /opt/conda/lib/python3.8/site-packages/airflow/example_dags/example_sla_dag.py
[2025-02-14 14:15:01,407] {processor.py:641} INFO - Processing file /opt/conda/lib/python3.8/site-packages/airflow/example_dags/example_sla_dag.py for tasks to queue
[2025-02-14 14:15:01,407] {logging_mixin.py:115} INFO - [2025-02-14 14:15:01,407] {dagbag.py:508} INFO - Filling up the DagBag from /opt/conda/lib/python3.8/site-packages/airflow/example_dags/example_sla_dag.py
[2025-02-14 14:15:01,426] {processor.py:651} INFO - DAG(s) dict_keys(['example_sla_dag']) retrieved from /opt/conda/lib/python3.8/site-packages/airflow/example_dags/example_sla_dag.py
[2025-02-14 14:15:01,442] {logging_mixin.py:115} INFO - [2025-02-14 14:15:01,442] {dag.py:2420} INFO - Sync 1 DAGs
[2025-02-14 14:15:01,463] {logging_mixin.py:115} INFO - [2025-02-14 14:15:01,463] {dag.py:2968} INFO - Setting next_dagrun for example_sla_dag to 2025-02-14T14:12:00+00:00, run_after=2025-02-14T14:14:00+00:00
[2025-02-14 14:15:01,484] {processor.py:161} INFO - Processing /opt/conda/lib/python3.8/site-packages/airflow/example_dags/example_sla_dag.py took 0.082 seconds
[2025-02-14 14:15:42,194] {processor.py:153} INFO - Started process (PID=2894) to work on /opt/conda/lib/python3.8/site-packages/airflow/example_dags/example_sla_dag.py
[2025-02-14 14:15:42,245] {processor.py:641} INFO - Processing file /opt/conda/lib/python3.8/site-packages/airflow/example_dags/example_sla_dag.py for tasks to queue
[2025-02-14 14:15:42,245] {logging_mixin.py:115} INFO - [2025-02-14 14:15:42,245] {dagbag.py:508} INFO - Filling up the DagBag from /opt/conda/lib/python3.8/site-packages/airflow/example_dags/example_sla_dag.py
[2025-02-14 14:15:42,264] {processor.py:651} INFO - DAG(s) dict_keys(['example_sla_dag']) retrieved from /opt/conda/lib/python3.8/site-packages/airflow/example_dags/example_sla_dag.py
[2025-02-14 14:15:42,280] {logging_mixin.py:115} INFO - [2025-02-14 14:15:42,280] {dag.py:2420} INFO - Sync 1 DAGs
[2025-02-14 14:15:42,301] {logging_mixin.py:115} INFO - [2025-02-14 14:15:42,301] {dag.py:2968} INFO - Setting next_dagrun for example_sla_dag to 2025-02-14T14:12:00+00:00, run_after=2025-02-14T14:14:00+00:00
[2025-02-14 14:15:42,322] {processor.py:161} INFO - Processing /opt/conda/lib/python3.8/site-packages/airflow/example_dags/example_sla_dag.py took 0.131 seconds
[2025-02-14 14:17:01,713] {processor.py:153} INFO - Started process (PID=3022) to work on /opt/conda/lib/python3.8/site-packages/airflow/example_dags/example_sla_dag.py
[2025-02-14 14:17:01,715] {processor.py:641} INFO - Processing file /opt/conda/lib/python3.8/site-packages/airflow/example_dags/example_sla_dag.py for tasks to queue
[2025-02-14 14:17:01,716] {logging_mixin.py:115} INFO - [2025-02-14 14:17:01,716] {dagbag.py:508} INFO - Filling up the DagBag from /opt/conda/lib/python3.8/site-packages/airflow/example_dags/example_sla_dag.py
[2025-02-14 14:17:01,867] {processor.py:651} INFO - DAG(s) dict_keys(['example_sla_dag']) retrieved from /opt/conda/lib/python3.8/site-packages/airflow/example_dags/example_sla_dag.py
[2025-02-14 14:17:01,876] {logging_mixin.py:115} INFO - [2025-02-14 14:17:01,876] {dag.py:2420} INFO - Sync 1 DAGs
[2025-02-14 14:17:01,891] {logging_mixin.py:115} INFO - [2025-02-14 14:17:01,890] {dag.py:2968} INFO - Setting next_dagrun for example_sla_dag to 2025-02-14T14:14:00+00:00, run_after=2025-02-14T14:16:00+00:00
[2025-02-14 14:17:01,946] {processor.py:161} INFO - Processing /opt/conda/lib/python3.8/site-packages/airflow/example_dags/example_sla_dag.py took 0.235 seconds
[2025-02-14 14:17:50,993] {processor.py:153} INFO - Started process (PID=3094) to work on /opt/conda/lib/python3.8/site-packages/airflow/example_dags/example_sla_dag.py
[2025-02-14 14:17:50,994] {processor.py:641} INFO - Processing file /opt/conda/lib/python3.8/site-packages/airflow/example_dags/example_sla_dag.py for tasks to queue
[2025-02-14 14:17:50,995] {logging_mixin.py:115} INFO - [2025-02-14 14:17:50,995] {dagbag.py:508} INFO - Filling up the DagBag from /opt/conda/lib/python3.8/site-packages/airflow/example_dags/example_sla_dag.py
[2025-02-14 14:17:51,132] {processor.py:651} INFO - DAG(s) dict_keys(['example_sla_dag']) retrieved from /opt/conda/lib/python3.8/site-packages/airflow/example_dags/example_sla_dag.py
[2025-02-14 14:17:51,141] {logging_mixin.py:115} INFO - [2025-02-14 14:17:51,141] {dag.py:2420} INFO - Sync 1 DAGs
[2025-02-14 14:17:51,155] {logging_mixin.py:115} INFO - [2025-02-14 14:17:51,155] {dag.py:2968} INFO - Setting next_dagrun for example_sla_dag to 2025-02-14T14:14:00+00:00, run_after=2025-02-14T14:16:00+00:00
[2025-02-14 14:17:51,174] {processor.py:161} INFO - Processing /opt/conda/lib/python3.8/site-packages/airflow/example_dags/example_sla_dag.py took 0.184 seconds
[2025-02-14 14:21:05,590] {processor.py:153} INFO - Started process (PID=3305) to work on /opt/conda/lib/python3.8/site-packages/airflow/example_dags/example_sla_dag.py
[2025-02-14 14:21:05,592] {processor.py:641} INFO - Processing file /opt/conda/lib/python3.8/site-packages/airflow/example_dags/example_sla_dag.py for tasks to queue
[2025-02-14 14:21:05,592] {logging_mixin.py:115} INFO - [2025-02-14 14:21:05,592] {dagbag.py:508} INFO - Filling up the DagBag from /opt/conda/lib/python3.8/site-packages/airflow/example_dags/example_sla_dag.py
[2025-02-14 14:21:05,752] {processor.py:651} INFO - DAG(s) dict_keys(['example_sla_dag']) retrieved from /opt/conda/lib/python3.8/site-packages/airflow/example_dags/example_sla_dag.py
[2025-02-14 14:21:05,761] {logging_mixin.py:115} INFO - [2025-02-14 14:21:05,761] {dag.py:2420} INFO - Sync 1 DAGs
[2025-02-14 14:21:05,775] {logging_mixin.py:115} INFO - [2025-02-14 14:21:05,775] {dag.py:2968} INFO - Setting next_dagrun for example_sla_dag to 2025-02-14T14:18:00+00:00, run_after=2025-02-14T14:20:00+00:00
[2025-02-14 14:21:05,794] {processor.py:161} INFO - Processing /opt/conda/lib/python3.8/site-packages/airflow/example_dags/example_sla_dag.py took 0.208 seconds
[2025-02-14 14:21:53,457] {processor.py:153} INFO - Started process (PID=3370) to work on /opt/conda/lib/python3.8/site-packages/airflow/example_dags/example_sla_dag.py
[2025-02-14 14:21:53,459] {processor.py:641} INFO - Processing file /opt/conda/lib/python3.8/site-packages/airflow/example_dags/example_sla_dag.py for tasks to queue
[2025-02-14 14:21:53,459] {logging_mixin.py:115} INFO - [2025-02-14 14:21:53,459] {dagbag.py:508} INFO - Filling up the DagBag from /opt/conda/lib/python3.8/site-packages/airflow/example_dags/example_sla_dag.py
[2025-02-14 14:21:53,615] {processor.py:651} INFO - DAG(s) dict_keys(['example_sla_dag']) retrieved from /opt/conda/lib/python3.8/site-packages/airflow/example_dags/example_sla_dag.py
[2025-02-14 14:21:53,625] {logging_mixin.py:115} INFO - [2025-02-14 14:21:53,624] {dag.py:2420} INFO - Sync 1 DAGs
[2025-02-14 14:21:53,639] {logging_mixin.py:115} INFO - [2025-02-14 14:21:53,639] {dag.py:2968} INFO - Setting next_dagrun for example_sla_dag to 2025-02-14T14:18:00+00:00, run_after=2025-02-14T14:20:00+00:00
[2025-02-14 14:21:53,862] {processor.py:161} INFO - Processing /opt/conda/lib/python3.8/site-packages/airflow/example_dags/example_sla_dag.py took 0.408 seconds
[2025-02-14 14:22:40,592] {processor.py:153} INFO - Started process (PID=3434) to work on /opt/conda/lib/python3.8/site-packages/airflow/example_dags/example_sla_dag.py
[2025-02-14 14:22:40,594] {processor.py:641} INFO - Processing file /opt/conda/lib/python3.8/site-packages/airflow/example_dags/example_sla_dag.py for tasks to queue
[2025-02-14 14:22:40,594] {logging_mixin.py:115} INFO - [2025-02-14 14:22:40,594] {dagbag.py:508} INFO - Filling up the DagBag from /opt/conda/lib/python3.8/site-packages/airflow/example_dags/example_sla_dag.py
[2025-02-14 14:22:40,753] {processor.py:651} INFO - DAG(s) dict_keys(['example_sla_dag']) retrieved from /opt/conda/lib/python3.8/site-packages/airflow/example_dags/example_sla_dag.py
[2025-02-14 14:22:40,762] {logging_mixin.py:115} INFO - [2025-02-14 14:22:40,762] {dag.py:2420} INFO - Sync 1 DAGs
[2025-02-14 14:22:40,777] {logging_mixin.py:115} INFO - [2025-02-14 14:22:40,777] {dag.py:2968} INFO - Setting next_dagrun for example_sla_dag to 2025-02-14T14:20:00+00:00, run_after=2025-02-14T14:22:00+00:00
[2025-02-14 14:22:40,796] {processor.py:161} INFO - Processing /opt/conda/lib/python3.8/site-packages/airflow/example_dags/example_sla_dag.py took 0.207 seconds
[2025-02-14 14:23:52,929] {processor.py:153} INFO - Started process (PID=3562) to work on /opt/conda/lib/python3.8/site-packages/airflow/example_dags/example_sla_dag.py
[2025-02-14 14:23:52,931] {processor.py:641} INFO - Processing file /opt/conda/lib/python3.8/site-packages/airflow/example_dags/example_sla_dag.py for tasks to queue
[2025-02-14 14:23:52,932] {logging_mixin.py:115} INFO - [2025-02-14 14:23:52,931] {dagbag.py:508} INFO - Filling up the DagBag from /opt/conda/lib/python3.8/site-packages/airflow/example_dags/example_sla_dag.py
[2025-02-14 14:23:53,074] {processor.py:651} INFO - DAG(s) dict_keys(['example_sla_dag']) retrieved from /opt/conda/lib/python3.8/site-packages/airflow/example_dags/example_sla_dag.py
[2025-02-14 14:23:53,082] {logging_mixin.py:115} INFO - [2025-02-14 14:23:53,082] {dag.py:2420} INFO - Sync 1 DAGs
[2025-02-14 14:23:53,096] {logging_mixin.py:115} INFO - [2025-02-14 14:23:53,096] {dag.py:2968} INFO - Setting next_dagrun for example_sla_dag to 2025-02-14T14:20:00+00:00, run_after=2025-02-14T14:22:00+00:00
[2025-02-14 14:23:53,118] {processor.py:161} INFO - Processing /opt/conda/lib/python3.8/site-packages/airflow/example_dags/example_sla_dag.py took 0.192 seconds
[2025-02-14 14:24:36,109] {processor.py:153} INFO - Started process (PID=3616) to work on /opt/conda/lib/python3.8/site-packages/airflow/example_dags/example_sla_dag.py
[2025-02-14 14:24:36,111] {processor.py:641} INFO - Processing file /opt/conda/lib/python3.8/site-packages/airflow/example_dags/example_sla_dag.py for tasks to queue
[2025-02-14 14:24:36,111] {logging_mixin.py:115} INFO - [2025-02-14 14:24:36,111] {dagbag.py:508} INFO - Filling up the DagBag from /opt/conda/lib/python3.8/site-packages/airflow/example_dags/example_sla_dag.py
[2025-02-14 14:24:36,246] {processor.py:651} INFO - DAG(s) dict_keys(['example_sla_dag']) retrieved from /opt/conda/lib/python3.8/site-packages/airflow/example_dags/example_sla_dag.py
[2025-02-14 14:24:36,255] {logging_mixin.py:115} INFO - [2025-02-14 14:24:36,255] {dag.py:2420} INFO - Sync 1 DAGs
[2025-02-14 14:24:36,269] {logging_mixin.py:115} INFO - [2025-02-14 14:24:36,269] {dag.py:2968} INFO - Setting next_dagrun for example_sla_dag to 2025-02-14T14:22:00+00:00, run_after=2025-02-14T14:24:00+00:00
[2025-02-14 14:24:36,291] {processor.py:161} INFO - Processing /opt/conda/lib/python3.8/site-packages/airflow/example_dags/example_sla_dag.py took 0.184 seconds
[2025-02-14 14:25:22,856] {processor.py:153} INFO - Started process (PID=3670) to work on /opt/conda/lib/python3.8/site-packages/airflow/example_dags/example_sla_dag.py
[2025-02-14 14:25:22,857] {processor.py:641} INFO - Processing file /opt/conda/lib/python3.8/site-packages/airflow/example_dags/example_sla_dag.py for tasks to queue
[2025-02-14 14:25:22,858] {logging_mixin.py:115} INFO - [2025-02-14 14:25:22,858] {dagbag.py:508} INFO - Filling up the DagBag from /opt/conda/lib/python3.8/site-packages/airflow/example_dags/example_sla_dag.py
[2025-02-14 14:25:23,006] {processor.py:651} INFO - DAG(s) dict_keys(['example_sla_dag']) retrieved from /opt/conda/lib/python3.8/site-packages/airflow/example_dags/example_sla_dag.py
[2025-02-14 14:25:23,015] {logging_mixin.py:115} INFO - [2025-02-14 14:25:23,015] {dag.py:2420} INFO - Sync 1 DAGs
[2025-02-14 14:25:23,029] {logging_mixin.py:115} INFO - [2025-02-14 14:25:23,029] {dag.py:2968} INFO - Setting next_dagrun for example_sla_dag to 2025-02-14T14:22:00+00:00, run_after=2025-02-14T14:24:00+00:00
[2025-02-14 14:25:23,047] {processor.py:161} INFO - Processing /opt/conda/lib/python3.8/site-packages/airflow/example_dags/example_sla_dag.py took 0.194 seconds
[2025-02-14 14:26:06,645] {processor.py:153} INFO - Started process (PID=3724) to work on /opt/conda/lib/python3.8/site-packages/airflow/example_dags/example_sla_dag.py
[2025-02-14 14:26:06,646] {processor.py:641} INFO - Processing file /opt/conda/lib/python3.8/site-packages/airflow/example_dags/example_sla_dag.py for tasks to queue
[2025-02-14 14:26:06,647] {logging_mixin.py:115} INFO - [2025-02-14 14:26:06,646] {dagbag.py:508} INFO - Filling up the DagBag from /opt/conda/lib/python3.8/site-packages/airflow/example_dags/example_sla_dag.py
[2025-02-14 14:26:06,788] {processor.py:651} INFO - DAG(s) dict_keys(['example_sla_dag']) retrieved from /opt/conda/lib/python3.8/site-packages/airflow/example_dags/example_sla_dag.py
[2025-02-14 14:26:06,797] {logging_mixin.py:115} INFO - [2025-02-14 14:26:06,797] {dag.py:2420} INFO - Sync 1 DAGs
[2025-02-14 14:26:06,811] {logging_mixin.py:115} INFO - [2025-02-14 14:26:06,811] {dag.py:2968} INFO - Setting next_dagrun for example_sla_dag to 2025-02-14T14:24:00+00:00, run_after=2025-02-14T14:26:00+00:00
[2025-02-14 14:26:06,831] {processor.py:161} INFO - Processing /opt/conda/lib/python3.8/site-packages/airflow/example_dags/example_sla_dag.py took 0.189 seconds
[2025-02-14 14:26:50,104] {processor.py:153} INFO - Started process (PID=3778) to work on /opt/conda/lib/python3.8/site-packages/airflow/example_dags/example_sla_dag.py
[2025-02-14 14:26:50,106] {processor.py:641} INFO - Processing file /opt/conda/lib/python3.8/site-packages/airflow/example_dags/example_sla_dag.py for tasks to queue
[2025-02-14 14:26:50,106] {logging_mixin.py:115} INFO - [2025-02-14 14:26:50,106] {dagbag.py:508} INFO - Filling up the DagBag from /opt/conda/lib/python3.8/site-packages/airflow/example_dags/example_sla_dag.py
[2025-02-14 14:26:50,239] {processor.py:651} INFO - DAG(s) dict_keys(['example_sla_dag']) retrieved from /opt/conda/lib/python3.8/site-packages/airflow/example_dags/example_sla_dag.py
[2025-02-14 14:26:50,248] {logging_mixin.py:115} INFO - [2025-02-14 14:26:50,248] {dag.py:2420} INFO - Sync 1 DAGs
[2025-02-14 14:26:50,263] {logging_mixin.py:115} INFO - [2025-02-14 14:26:50,263] {dag.py:2968} INFO - Setting next_dagrun for example_sla_dag to 2025-02-14T14:24:00+00:00, run_after=2025-02-14T14:26:00+00:00
[2025-02-14 14:26:50,282] {processor.py:161} INFO - Processing /opt/conda/lib/python3.8/site-packages/airflow/example_dags/example_sla_dag.py took 0.180 seconds
[2025-02-14 14:27:33,456] {processor.py:153} INFO - Started process (PID=3831) to work on /opt/conda/lib/python3.8/site-packages/airflow/example_dags/example_sla_dag.py
[2025-02-14 14:27:33,527] {processor.py:641} INFO - Processing file /opt/conda/lib/python3.8/site-packages/airflow/example_dags/example_sla_dag.py for tasks to queue
[2025-02-14 14:27:33,528] {logging_mixin.py:115} INFO - [2025-02-14 14:27:33,527] {dagbag.py:508} INFO - Filling up the DagBag from /opt/conda/lib/python3.8/site-packages/airflow/example_dags/example_sla_dag.py
[2025-02-14 14:27:33,670] {processor.py:651} INFO - DAG(s) dict_keys(['example_sla_dag']) retrieved from /opt/conda/lib/python3.8/site-packages/airflow/example_dags/example_sla_dag.py
[2025-02-14 14:27:33,679] {logging_mixin.py:115} INFO - [2025-02-14 14:27:33,678] {dag.py:2420} INFO - Sync 1 DAGs
[2025-02-14 14:27:33,693] {logging_mixin.py:115} INFO - [2025-02-14 14:27:33,693] {dag.py:2968} INFO - Setting next_dagrun for example_sla_dag to 2025-02-14T14:24:00+00:00, run_after=2025-02-14T14:26:00+00:00
[2025-02-14 14:27:33,711] {processor.py:161} INFO - Processing /opt/conda/lib/python3.8/site-packages/airflow/example_dags/example_sla_dag.py took 0.258 seconds
[2025-02-14 14:28:21,593] {processor.py:153} INFO - Started process (PID=3903) to work on /opt/conda/lib/python3.8/site-packages/airflow/example_dags/example_sla_dag.py
[2025-02-14 14:28:21,595] {processor.py:641} INFO - Processing file /opt/conda/lib/python3.8/site-packages/airflow/example_dags/example_sla_dag.py for tasks to queue
[2025-02-14 14:28:21,595] {logging_mixin.py:115} INFO - [2025-02-14 14:28:21,595] {dagbag.py:508} INFO - Filling up the DagBag from /opt/conda/lib/python3.8/site-packages/airflow/example_dags/example_sla_dag.py
[2025-02-14 14:28:21,614] {processor.py:651} INFO - DAG(s) dict_keys(['example_sla_dag']) retrieved from /opt/conda/lib/python3.8/site-packages/airflow/example_dags/example_sla_dag.py
[2025-02-14 14:28:21,629] {logging_mixin.py:115} INFO - [2025-02-14 14:28:21,629] {dag.py:2420} INFO - Sync 1 DAGs
[2025-02-14 14:28:21,649] {logging_mixin.py:115} INFO - [2025-02-14 14:28:21,649] {dag.py:2968} INFO - Setting next_dagrun for example_sla_dag to 2025-02-14T14:26:00+00:00, run_after=2025-02-14T14:28:00+00:00
[2025-02-14 14:28:21,668] {processor.py:161} INFO - Processing /opt/conda/lib/python3.8/site-packages/airflow/example_dags/example_sla_dag.py took 0.078 seconds
[2025-02-14 14:29:03,865] {processor.py:153} INFO - Started process (PID=3957) to work on /opt/conda/lib/python3.8/site-packages/airflow/example_dags/example_sla_dag.py
[2025-02-14 14:29:03,867] {processor.py:641} INFO - Processing file /opt/conda/lib/python3.8/site-packages/airflow/example_dags/example_sla_dag.py for tasks to queue
[2025-02-14 14:29:03,867] {logging_mixin.py:115} INFO - [2025-02-14 14:29:03,867] {dagbag.py:508} INFO - Filling up the DagBag from /opt/conda/lib/python3.8/site-packages/airflow/example_dags/example_sla_dag.py
[2025-02-14 14:29:03,886] {processor.py:651} INFO - DAG(s) dict_keys(['example_sla_dag']) retrieved from /opt/conda/lib/python3.8/site-packages/airflow/example_dags/example_sla_dag.py
[2025-02-14 14:29:03,902] {logging_mixin.py:115} INFO - [2025-02-14 14:29:03,902] {dag.py:2420} INFO - Sync 1 DAGs
[2025-02-14 14:29:03,923] {logging_mixin.py:115} INFO - [2025-02-14 14:29:03,923] {dag.py:2968} INFO - Setting next_dagrun for example_sla_dag to 2025-02-14T14:26:00+00:00, run_after=2025-02-14T14:28:00+00:00
[2025-02-14 14:29:03,946] {processor.py:161} INFO - Processing /opt/conda/lib/python3.8/site-packages/airflow/example_dags/example_sla_dag.py took 0.083 seconds
[2025-02-14 14:29:45,340] {processor.py:153} INFO - Started process (PID=4013) to work on /opt/conda/lib/python3.8/site-packages/airflow/example_dags/example_sla_dag.py
[2025-02-14 14:29:45,532] {processor.py:641} INFO - Processing file /opt/conda/lib/python3.8/site-packages/airflow/example_dags/example_sla_dag.py for tasks to queue
[2025-02-14 14:29:45,532] {logging_mixin.py:115} INFO - [2025-02-14 14:29:45,532] {dagbag.py:508} INFO - Filling up the DagBag from /opt/conda/lib/python3.8/site-packages/airflow/example_dags/example_sla_dag.py
[2025-02-14 14:29:45,551] {processor.py:651} INFO - DAG(s) dict_keys(['example_sla_dag']) retrieved from /opt/conda/lib/python3.8/site-packages/airflow/example_dags/example_sla_dag.py
[2025-02-14 14:29:45,566] {logging_mixin.py:115} INFO - [2025-02-14 14:29:45,566] {dag.py:2420} INFO - Sync 1 DAGs
[2025-02-14 14:29:45,586] {logging_mixin.py:115} INFO - [2025-02-14 14:29:45,586] {dag.py:2968} INFO - Setting next_dagrun for example_sla_dag to 2025-02-14T14:26:00+00:00, run_after=2025-02-14T14:28:00+00:00
[2025-02-14 14:29:45,609] {processor.py:161} INFO - Processing /opt/conda/lib/python3.8/site-packages/airflow/example_dags/example_sla_dag.py took 0.272 seconds
[2025-02-14 14:30:26,442] {processor.py:153} INFO - Started process (PID=4077) to work on /opt/conda/lib/python3.8/site-packages/airflow/example_dags/example_sla_dag.py
[2025-02-14 14:30:26,443] {processor.py:641} INFO - Processing file /opt/conda/lib/python3.8/site-packages/airflow/example_dags/example_sla_dag.py for tasks to queue
[2025-02-14 14:30:26,444] {logging_mixin.py:115} INFO - [2025-02-14 14:30:26,444] {dagbag.py:508} INFO - Filling up the DagBag from /opt/conda/lib/python3.8/site-packages/airflow/example_dags/example_sla_dag.py
[2025-02-14 14:30:26,460] {processor.py:651} INFO - DAG(s) dict_keys(['example_sla_dag']) retrieved from /opt/conda/lib/python3.8/site-packages/airflow/example_dags/example_sla_dag.py
[2025-02-14 14:30:26,473] {logging_mixin.py:115} INFO - [2025-02-14 14:30:26,473] {dag.py:2420} INFO - Sync 1 DAGs
[2025-02-14 14:30:26,489] {logging_mixin.py:115} INFO - [2025-02-14 14:30:26,488] {dag.py:2968} INFO - Setting next_dagrun for example_sla_dag to 2025-02-14T14:28:00+00:00, run_after=2025-02-14T14:30:00+00:00
[2025-02-14 14:30:26,508] {processor.py:161} INFO - Processing /opt/conda/lib/python3.8/site-packages/airflow/example_dags/example_sla_dag.py took 0.069 seconds
[2025-02-14 14:31:08,882] {processor.py:153} INFO - Started process (PID=4134) to work on /opt/conda/lib/python3.8/site-packages/airflow/example_dags/example_sla_dag.py
[2025-02-14 14:31:08,883] {processor.py:641} INFO - Processing file /opt/conda/lib/python3.8/site-packages/airflow/example_dags/example_sla_dag.py for tasks to queue
[2025-02-14 14:31:08,883] {logging_mixin.py:115} INFO - [2025-02-14 14:31:08,883] {dagbag.py:508} INFO - Filling up the DagBag from /opt/conda/lib/python3.8/site-packages/airflow/example_dags/example_sla_dag.py
[2025-02-14 14:31:08,901] {processor.py:651} INFO - DAG(s) dict_keys(['example_sla_dag']) retrieved from /opt/conda/lib/python3.8/site-packages/airflow/example_dags/example_sla_dag.py
[2025-02-14 14:31:08,914] {logging_mixin.py:115} INFO - [2025-02-14 14:31:08,914] {dag.py:2420} INFO - Sync 1 DAGs
[2025-02-14 14:31:08,930] {logging_mixin.py:115} INFO - [2025-02-14 14:31:08,930] {dag.py:2968} INFO - Setting next_dagrun for example_sla_dag to 2025-02-14T14:28:00+00:00, run_after=2025-02-14T14:30:00+00:00
[2025-02-14 14:31:08,950] {processor.py:161} INFO - Processing /opt/conda/lib/python3.8/site-packages/airflow/example_dags/example_sla_dag.py took 0.072 seconds
[2025-02-14 14:33:03,122] {processor.py:153} INFO - Started process (PID=4321) to work on /opt/conda/lib/python3.8/site-packages/airflow/example_dags/example_sla_dag.py
[2025-02-14 14:33:03,219] {processor.py:641} INFO - Processing file /opt/conda/lib/python3.8/site-packages/airflow/example_dags/example_sla_dag.py for tasks to queue
[2025-02-14 14:33:03,219] {logging_mixin.py:115} INFO - [2025-02-14 14:33:03,219] {dagbag.py:508} INFO - Filling up the DagBag from /opt/conda/lib/python3.8/site-packages/airflow/example_dags/example_sla_dag.py
[2025-02-14 14:33:03,238] {processor.py:651} INFO - DAG(s) dict_keys(['example_sla_dag']) retrieved from /opt/conda/lib/python3.8/site-packages/airflow/example_dags/example_sla_dag.py
[2025-02-14 14:33:03,253] {logging_mixin.py:115} INFO - [2025-02-14 14:33:03,253] {dag.py:2420} INFO - Sync 1 DAGs
[2025-02-14 14:33:03,274] {logging_mixin.py:115} INFO - [2025-02-14 14:33:03,273] {dag.py:2968} INFO - Setting next_dagrun for example_sla_dag to 2025-02-14T14:30:00+00:00, run_after=2025-02-14T14:32:00+00:00
[2025-02-14 14:33:03,329] {processor.py:161} INFO - Processing /opt/conda/lib/python3.8/site-packages/airflow/example_dags/example_sla_dag.py took 0.210 seconds
[2025-02-14 14:33:51,369] {processor.py:153} INFO - Started process (PID=4395) to work on /opt/conda/lib/python3.8/site-packages/airflow/example_dags/example_sla_dag.py
[2025-02-14 14:33:51,371] {processor.py:641} INFO - Processing file /opt/conda/lib/python3.8/site-packages/airflow/example_dags/example_sla_dag.py for tasks to queue
[2025-02-14 14:33:51,371] {logging_mixin.py:115} INFO - [2025-02-14 14:33:51,371] {dagbag.py:508} INFO - Filling up the DagBag from /opt/conda/lib/python3.8/site-packages/airflow/example_dags/example_sla_dag.py
[2025-02-14 14:33:51,389] {processor.py:651} INFO - DAG(s) dict_keys(['example_sla_dag']) retrieved from /opt/conda/lib/python3.8/site-packages/airflow/example_dags/example_sla_dag.py
[2025-02-14 14:33:51,402] {logging_mixin.py:115} INFO - [2025-02-14 14:33:51,402] {dag.py:2420} INFO - Sync 1 DAGs
[2025-02-14 14:33:51,418] {logging_mixin.py:115} INFO - [2025-02-14 14:33:51,418] {dag.py:2968} INFO - Setting next_dagrun for example_sla_dag to 2025-02-14T14:30:00+00:00, run_after=2025-02-14T14:32:00+00:00
[2025-02-14 14:33:51,437] {processor.py:161} INFO - Processing /opt/conda/lib/python3.8/site-packages/airflow/example_dags/example_sla_dag.py took 0.071 seconds
[2025-02-14 14:34:36,000] {processor.py:153} INFO - Started process (PID=4453) to work on /opt/conda/lib/python3.8/site-packages/airflow/example_dags/example_sla_dag.py
[2025-02-14 14:34:36,002] {processor.py:641} INFO - Processing file /opt/conda/lib/python3.8/site-packages/airflow/example_dags/example_sla_dag.py for tasks to queue
[2025-02-14 14:34:36,002] {logging_mixin.py:115} INFO - [2025-02-14 14:34:36,002] {dagbag.py:508} INFO - Filling up the DagBag from /opt/conda/lib/python3.8/site-packages/airflow/example_dags/example_sla_dag.py
[2025-02-14 14:34:36,022] {processor.py:651} INFO - DAG(s) dict_keys(['example_sla_dag']) retrieved from /opt/conda/lib/python3.8/site-packages/airflow/example_dags/example_sla_dag.py
[2025-02-14 14:34:36,037] {logging_mixin.py:115} INFO - [2025-02-14 14:34:36,037] {dag.py:2420} INFO - Sync 1 DAGs
[2025-02-14 14:34:36,054] {logging_mixin.py:115} INFO - [2025-02-14 14:34:36,054] {dag.py:2968} INFO - Setting next_dagrun for example_sla_dag to 2025-02-14T14:32:00+00:00, run_after=2025-02-14T14:34:00+00:00
[2025-02-14 14:34:36,073] {processor.py:161} INFO - Processing /opt/conda/lib/python3.8/site-packages/airflow/example_dags/example_sla_dag.py took 0.076 seconds
[2025-02-14 14:35:17,026] {processor.py:153} INFO - Started process (PID=4509) to work on /opt/conda/lib/python3.8/site-packages/airflow/example_dags/example_sla_dag.py
[2025-02-14 14:35:17,027] {processor.py:641} INFO - Processing file /opt/conda/lib/python3.8/site-packages/airflow/example_dags/example_sla_dag.py for tasks to queue
[2025-02-14 14:35:17,027] {logging_mixin.py:115} INFO - [2025-02-14 14:35:17,027] {dagbag.py:508} INFO - Filling up the DagBag from /opt/conda/lib/python3.8/site-packages/airflow/example_dags/example_sla_dag.py
[2025-02-14 14:35:17,046] {processor.py:651} INFO - DAG(s) dict_keys(['example_sla_dag']) retrieved from /opt/conda/lib/python3.8/site-packages/airflow/example_dags/example_sla_dag.py
[2025-02-14 14:35:17,061] {logging_mixin.py:115} INFO - [2025-02-14 14:35:17,061] {dag.py:2420} INFO - Sync 1 DAGs
[2025-02-14 14:35:17,080] {logging_mixin.py:115} INFO - [2025-02-14 14:35:17,080] {dag.py:2968} INFO - Setting next_dagrun for example_sla_dag to 2025-02-14T14:32:00+00:00, run_after=2025-02-14T14:34:00+00:00
[2025-02-14 14:35:17,100] {processor.py:161} INFO - Processing /opt/conda/lib/python3.8/site-packages/airflow/example_dags/example_sla_dag.py took 0.078 seconds
[2025-02-14 14:35:57,585] {processor.py:153} INFO - Started process (PID=4563) to work on /opt/conda/lib/python3.8/site-packages/airflow/example_dags/example_sla_dag.py
[2025-02-14 14:35:57,587] {processor.py:641} INFO - Processing file /opt/conda/lib/python3.8/site-packages/airflow/example_dags/example_sla_dag.py for tasks to queue
[2025-02-14 14:35:57,587] {logging_mixin.py:115} INFO - [2025-02-14 14:35:57,587] {dagbag.py:508} INFO - Filling up the DagBag from /opt/conda/lib/python3.8/site-packages/airflow/example_dags/example_sla_dag.py
[2025-02-14 14:35:57,606] {processor.py:651} INFO - DAG(s) dict_keys(['example_sla_dag']) retrieved from /opt/conda/lib/python3.8/site-packages/airflow/example_dags/example_sla_dag.py
[2025-02-14 14:35:57,622] {logging_mixin.py:115} INFO - [2025-02-14 14:35:57,621] {dag.py:2420} INFO - Sync 1 DAGs
[2025-02-14 14:35:57,643] {logging_mixin.py:115} INFO - [2025-02-14 14:35:57,643] {dag.py:2968} INFO - Setting next_dagrun for example_sla_dag to 2025-02-14T14:32:00+00:00, run_after=2025-02-14T14:34:00+00:00
[2025-02-14 14:35:57,665] {processor.py:161} INFO - Processing /opt/conda/lib/python3.8/site-packages/airflow/example_dags/example_sla_dag.py took 0.083 seconds
[2025-02-14 14:36:47,737] {processor.py:153} INFO - Started process (PID=4624) to work on /opt/conda/lib/python3.8/site-packages/airflow/example_dags/example_sla_dag.py
[2025-02-14 14:36:47,738] {processor.py:641} INFO - Processing file /opt/conda/lib/python3.8/site-packages/airflow/example_dags/example_sla_dag.py for tasks to queue
[2025-02-14 14:36:47,739] {logging_mixin.py:115} INFO - [2025-02-14 14:36:47,739] {dagbag.py:508} INFO - Filling up the DagBag from /opt/conda/lib/python3.8/site-packages/airflow/example_dags/example_sla_dag.py
[2025-02-14 14:36:47,756] {processor.py:651} INFO - DAG(s) dict_keys(['example_sla_dag']) retrieved from /opt/conda/lib/python3.8/site-packages/airflow/example_dags/example_sla_dag.py
[2025-02-14 14:36:47,769] {logging_mixin.py:115} INFO - [2025-02-14 14:36:47,769] {dag.py:2420} INFO - Sync 1 DAGs
[2025-02-14 14:36:47,785] {logging_mixin.py:115} INFO - [2025-02-14 14:36:47,785] {dag.py:2968} INFO - Setting next_dagrun for example_sla_dag to 2025-02-14T14:34:00+00:00, run_after=2025-02-14T14:36:00+00:00
[2025-02-14 14:36:47,806] {processor.py:161} INFO - Processing /opt/conda/lib/python3.8/site-packages/airflow/example_dags/example_sla_dag.py took 0.072 seconds
[2025-02-14 14:37:31,212] {processor.py:153} INFO - Started process (PID=4696) to work on /opt/conda/lib/python3.8/site-packages/airflow/example_dags/example_sla_dag.py
[2025-02-14 14:37:31,213] {processor.py:641} INFO - Processing file /opt/conda/lib/python3.8/site-packages/airflow/example_dags/example_sla_dag.py for tasks to queue
[2025-02-14 14:37:31,214] {logging_mixin.py:115} INFO - [2025-02-14 14:37:31,214] {dagbag.py:508} INFO - Filling up the DagBag from /opt/conda/lib/python3.8/site-packages/airflow/example_dags/example_sla_dag.py
[2025-02-14 14:37:31,233] {processor.py:651} INFO - DAG(s) dict_keys(['example_sla_dag']) retrieved from /opt/conda/lib/python3.8/site-packages/airflow/example_dags/example_sla_dag.py
[2025-02-14 14:37:31,248] {logging_mixin.py:115} INFO - [2025-02-14 14:37:31,248] {dag.py:2420} INFO - Sync 1 DAGs
[2025-02-14 14:37:31,269] {logging_mixin.py:115} INFO - [2025-02-14 14:37:31,269] {dag.py:2968} INFO - Setting next_dagrun for example_sla_dag to 2025-02-14T14:34:00+00:00, run_after=2025-02-14T14:36:00+00:00
[2025-02-14 14:37:31,290] {processor.py:161} INFO - Processing /opt/conda/lib/python3.8/site-packages/airflow/example_dags/example_sla_dag.py took 0.081 seconds
[2025-02-14 14:42:26,418] {processor.py:153} INFO - Started process (PID=4778) to work on /opt/conda/lib/python3.8/site-packages/airflow/example_dags/example_sla_dag.py
[2025-02-14 14:42:26,475] {processor.py:641} INFO - Processing file /opt/conda/lib/python3.8/site-packages/airflow/example_dags/example_sla_dag.py for tasks to queue
[2025-02-14 14:42:26,475] {logging_mixin.py:115} INFO - [2025-02-14 14:42:26,475] {dagbag.py:508} INFO - Filling up the DagBag from /opt/conda/lib/python3.8/site-packages/airflow/example_dags/example_sla_dag.py
[2025-02-14 14:42:26,616] {processor.py:651} INFO - DAG(s) dict_keys(['example_sla_dag']) retrieved from /opt/conda/lib/python3.8/site-packages/airflow/example_dags/example_sla_dag.py
[2025-02-14 14:42:26,625] {logging_mixin.py:115} INFO - [2025-02-14 14:42:26,625] {dag.py:2420} INFO - Sync 1 DAGs
[2025-02-14 14:42:26,639] {logging_mixin.py:115} INFO - [2025-02-14 14:42:26,639] {dag.py:2968} INFO - Setting next_dagrun for example_sla_dag to 2025-02-14T14:40:00+00:00, run_after=2025-02-14T14:42:00+00:00
[2025-02-14 14:42:26,661] {processor.py:161} INFO - Processing /opt/conda/lib/python3.8/site-packages/airflow/example_dags/example_sla_dag.py took 0.246 seconds
[2025-02-14 17:09:49,056] {processor.py:153} INFO - Started process (PID=6369) to work on /opt/conda/lib/python3.8/site-packages/airflow/example_dags/example_sla_dag.py
[2025-02-14 17:09:49,057] {processor.py:641} INFO - Processing file /opt/conda/lib/python3.8/site-packages/airflow/example_dags/example_sla_dag.py for tasks to queue
[2025-02-14 17:09:49,058] {logging_mixin.py:115} INFO - [2025-02-14 17:09:49,058] {dagbag.py:508} INFO - Filling up the DagBag from /opt/conda/lib/python3.8/site-packages/airflow/example_dags/example_sla_dag.py
[2025-02-14 17:09:49,269] {processor.py:651} INFO - DAG(s) dict_keys(['example_sla_dag']) retrieved from /opt/conda/lib/python3.8/site-packages/airflow/example_dags/example_sla_dag.py
[2025-02-14 17:09:49,283] {logging_mixin.py:115} INFO - [2025-02-14 17:09:49,283] {dag.py:2420} INFO - Sync 1 DAGs
[2025-02-14 17:09:49,306] {logging_mixin.py:115} INFO - [2025-02-14 17:09:49,306] {dag.py:2968} INFO - Setting next_dagrun for example_sla_dag to 2025-02-14T17:06:00+00:00, run_after=2025-02-14T17:08:00+00:00
[2025-02-14 17:09:49,330] {processor.py:161} INFO - Processing /opt/conda/lib/python3.8/site-packages/airflow/example_dags/example_sla_dag.py took 0.277 seconds
[2025-02-14 17:11:10,922] {processor.py:153} INFO - Started process (PID=6515) to work on /opt/conda/lib/python3.8/site-packages/airflow/example_dags/example_sla_dag.py
[2025-02-14 17:11:10,923] {processor.py:641} INFO - Processing file /opt/conda/lib/python3.8/site-packages/airflow/example_dags/example_sla_dag.py for tasks to queue
[2025-02-14 17:11:10,924] {logging_mixin.py:115} INFO - [2025-02-14 17:11:10,924] {dagbag.py:508} INFO - Filling up the DagBag from /opt/conda/lib/python3.8/site-packages/airflow/example_dags/example_sla_dag.py
[2025-02-14 17:11:11,132] {processor.py:651} INFO - DAG(s) dict_keys(['example_sla_dag']) retrieved from /opt/conda/lib/python3.8/site-packages/airflow/example_dags/example_sla_dag.py
[2025-02-14 17:11:11,146] {logging_mixin.py:115} INFO - [2025-02-14 17:11:11,146] {dag.py:2420} INFO - Sync 1 DAGs
[2025-02-14 17:11:11,169] {logging_mixin.py:115} INFO - [2025-02-14 17:11:11,169] {dag.py:2968} INFO - Setting next_dagrun for example_sla_dag to 2025-02-14T17:08:00+00:00, run_after=2025-02-14T17:10:00+00:00
[2025-02-14 17:11:11,194] {processor.py:161} INFO - Processing /opt/conda/lib/python3.8/site-packages/airflow/example_dags/example_sla_dag.py took 0.276 seconds
[2025-02-14 17:12:05,257] {processor.py:153} INFO - Started process (PID=6588) to work on /opt/conda/lib/python3.8/site-packages/airflow/example_dags/example_sla_dag.py
[2025-02-14 17:12:05,259] {processor.py:641} INFO - Processing file /opt/conda/lib/python3.8/site-packages/airflow/example_dags/example_sla_dag.py for tasks to queue
[2025-02-14 17:12:05,259] {logging_mixin.py:115} INFO - [2025-02-14 17:12:05,259] {dagbag.py:508} INFO - Filling up the DagBag from /opt/conda/lib/python3.8/site-packages/airflow/example_dags/example_sla_dag.py
[2025-02-14 17:12:05,465] {processor.py:651} INFO - DAG(s) dict_keys(['example_sla_dag']) retrieved from /opt/conda/lib/python3.8/site-packages/airflow/example_dags/example_sla_dag.py
[2025-02-14 17:12:05,478] {logging_mixin.py:115} INFO - [2025-02-14 17:12:05,478] {dag.py:2420} INFO - Sync 1 DAGs
[2025-02-14 17:12:05,500] {logging_mixin.py:115} INFO - [2025-02-14 17:12:05,500] {dag.py:2968} INFO - Setting next_dagrun for example_sla_dag to 2025-02-14T17:10:00+00:00, run_after=2025-02-14T17:12:00+00:00
[2025-02-14 17:12:05,524] {processor.py:161} INFO - Processing /opt/conda/lib/python3.8/site-packages/airflow/example_dags/example_sla_dag.py took 0.271 seconds
[2025-02-14 17:13:20,789] {processor.py:153} INFO - Started process (PID=6705) to work on /opt/conda/lib/python3.8/site-packages/airflow/example_dags/example_sla_dag.py
[2025-02-14 17:13:20,791] {processor.py:641} INFO - Processing file /opt/conda/lib/python3.8/site-packages/airflow/example_dags/example_sla_dag.py for tasks to queue
[2025-02-14 17:13:20,791] {logging_mixin.py:115} INFO - [2025-02-14 17:13:20,791] {dagbag.py:508} INFO - Filling up the DagBag from /opt/conda/lib/python3.8/site-packages/airflow/example_dags/example_sla_dag.py
[2025-02-14 17:13:20,996] {processor.py:651} INFO - DAG(s) dict_keys(['example_sla_dag']) retrieved from /opt/conda/lib/python3.8/site-packages/airflow/example_dags/example_sla_dag.py
[2025-02-14 17:13:21,009] {logging_mixin.py:115} INFO - [2025-02-14 17:13:21,009] {dag.py:2420} INFO - Sync 1 DAGs
[2025-02-14 17:13:21,032] {logging_mixin.py:115} INFO - [2025-02-14 17:13:21,031] {dag.py:2968} INFO - Setting next_dagrun for example_sla_dag to 2025-02-14T17:10:00+00:00, run_after=2025-02-14T17:12:00+00:00
[2025-02-14 17:13:21,053] {processor.py:161} INFO - Processing /opt/conda/lib/python3.8/site-packages/airflow/example_dags/example_sla_dag.py took 0.268 seconds
[2025-02-14 17:14:14,813] {processor.py:153} INFO - Started process (PID=6778) to work on /opt/conda/lib/python3.8/site-packages/airflow/example_dags/example_sla_dag.py
[2025-02-14 17:14:14,815] {processor.py:641} INFO - Processing file /opt/conda/lib/python3.8/site-packages/airflow/example_dags/example_sla_dag.py for tasks to queue
[2025-02-14 17:14:14,815] {logging_mixin.py:115} INFO - [2025-02-14 17:14:14,815] {dagbag.py:508} INFO - Filling up the DagBag from /opt/conda/lib/python3.8/site-packages/airflow/example_dags/example_sla_dag.py
[2025-02-14 17:14:14,836] {processor.py:651} INFO - DAG(s) dict_keys(['example_sla_dag']) retrieved from /opt/conda/lib/python3.8/site-packages/airflow/example_dags/example_sla_dag.py
[2025-02-14 17:14:14,854] {logging_mixin.py:115} INFO - [2025-02-14 17:14:14,854] {dag.py:2420} INFO - Sync 1 DAGs
[2025-02-14 17:14:14,879] {logging_mixin.py:115} INFO - [2025-02-14 17:14:14,879] {dag.py:2968} INFO - Setting next_dagrun for example_sla_dag to 2025-02-14T17:12:00+00:00, run_after=2025-02-14T17:14:00+00:00
[2025-02-14 17:14:14,901] {processor.py:161} INFO - Processing /opt/conda/lib/python3.8/site-packages/airflow/example_dags/example_sla_dag.py took 0.092 seconds
[2025-02-14 17:15:10,469] {processor.py:153} INFO - Started process (PID=6859) to work on /opt/conda/lib/python3.8/site-packages/airflow/example_dags/example_sla_dag.py
[2025-02-14 17:15:10,471] {processor.py:641} INFO - Processing file /opt/conda/lib/python3.8/site-packages/airflow/example_dags/example_sla_dag.py for tasks to queue
[2025-02-14 17:15:10,472] {logging_mixin.py:115} INFO - [2025-02-14 17:15:10,472] {dagbag.py:508} INFO - Filling up the DagBag from /opt/conda/lib/python3.8/site-packages/airflow/example_dags/example_sla_dag.py
[2025-02-14 17:15:10,493] {processor.py:651} INFO - DAG(s) dict_keys(['example_sla_dag']) retrieved from /opt/conda/lib/python3.8/site-packages/airflow/example_dags/example_sla_dag.py
[2025-02-14 17:15:10,511] {logging_mixin.py:115} INFO - [2025-02-14 17:15:10,511] {dag.py:2420} INFO - Sync 1 DAGs
[2025-02-14 17:15:10,536] {logging_mixin.py:115} INFO - [2025-02-14 17:15:10,535] {dag.py:2968} INFO - Setting next_dagrun for example_sla_dag to 2025-02-14T17:12:00+00:00, run_after=2025-02-14T17:14:00+00:00
[2025-02-14 17:15:10,561] {processor.py:161} INFO - Processing /opt/conda/lib/python3.8/site-packages/airflow/example_dags/example_sla_dag.py took 0.095 seconds
[2025-02-14 17:15:55,514] {processor.py:153} INFO - Started process (PID=7097) to work on /opt/conda/lib/python3.8/site-packages/airflow/example_dags/example_sla_dag.py
[2025-02-14 17:15:55,515] {processor.py:641} INFO - Processing file /opt/conda/lib/python3.8/site-packages/airflow/example_dags/example_sla_dag.py for tasks to queue
[2025-02-14 17:15:55,516] {logging_mixin.py:115} INFO - [2025-02-14 17:15:55,516] {dagbag.py:508} INFO - Filling up the DagBag from /opt/conda/lib/python3.8/site-packages/airflow/example_dags/example_sla_dag.py
[2025-02-14 17:15:55,537] {processor.py:651} INFO - DAG(s) dict_keys(['example_sla_dag']) retrieved from /opt/conda/lib/python3.8/site-packages/airflow/example_dags/example_sla_dag.py
[2025-02-14 17:15:55,555] {logging_mixin.py:115} INFO - [2025-02-14 17:15:55,555] {dag.py:2420} INFO - Sync 1 DAGs
[2025-02-14 17:15:55,581] {logging_mixin.py:115} INFO - [2025-02-14 17:15:55,581] {dag.py:2968} INFO - Setting next_dagrun for example_sla_dag to 2025-02-14T17:12:00+00:00, run_after=2025-02-14T17:14:00+00:00
[2025-02-14 17:15:55,604] {processor.py:161} INFO - Processing /opt/conda/lib/python3.8/site-packages/airflow/example_dags/example_sla_dag.py took 0.094 seconds
[2025-02-14 17:16:40,706] {processor.py:153} INFO - Started process (PID=7173) to work on /opt/conda/lib/python3.8/site-packages/airflow/example_dags/example_sla_dag.py
[2025-02-14 17:16:40,708] {processor.py:641} INFO - Processing file /opt/conda/lib/python3.8/site-packages/airflow/example_dags/example_sla_dag.py for tasks to queue
[2025-02-14 17:16:40,708] {logging_mixin.py:115} INFO - [2025-02-14 17:16:40,708] {dagbag.py:508} INFO - Filling up the DagBag from /opt/conda/lib/python3.8/site-packages/airflow/example_dags/example_sla_dag.py
[2025-02-14 17:16:40,726] {processor.py:651} INFO - DAG(s) dict_keys(['example_sla_dag']) retrieved from /opt/conda/lib/python3.8/site-packages/airflow/example_dags/example_sla_dag.py
[2025-02-14 17:16:40,740] {logging_mixin.py:115} INFO - [2025-02-14 17:16:40,740] {dag.py:2420} INFO - Sync 1 DAGs
[2025-02-14 17:16:40,757] {logging_mixin.py:115} INFO - [2025-02-14 17:16:40,757] {dag.py:2968} INFO - Setting next_dagrun for example_sla_dag to 2025-02-14T17:14:00+00:00, run_after=2025-02-14T17:16:00+00:00
[2025-02-14 17:16:40,776] {processor.py:161} INFO - Processing /opt/conda/lib/python3.8/site-packages/airflow/example_dags/example_sla_dag.py took 0.073 seconds
[2025-02-14 18:18:19,993] {processor.py:153} INFO - Started process (PID=7910) to work on /opt/conda/lib/python3.8/site-packages/airflow/example_dags/example_sla_dag.py
[2025-02-14 18:18:19,995] {processor.py:641} INFO - Processing file /opt/conda/lib/python3.8/site-packages/airflow/example_dags/example_sla_dag.py for tasks to queue
[2025-02-14 18:18:19,995] {logging_mixin.py:115} INFO - [2025-02-14 18:18:19,995] {dagbag.py:508} INFO - Filling up the DagBag from /opt/conda/lib/python3.8/site-packages/airflow/example_dags/example_sla_dag.py
[2025-02-14 18:18:20,151] {processor.py:651} INFO - DAG(s) dict_keys(['example_sla_dag']) retrieved from /opt/conda/lib/python3.8/site-packages/airflow/example_dags/example_sla_dag.py
[2025-02-14 18:18:20,160] {logging_mixin.py:115} INFO - [2025-02-14 18:18:20,160] {dag.py:2420} INFO - Sync 1 DAGs
[2025-02-14 18:18:20,174] {logging_mixin.py:115} INFO - [2025-02-14 18:18:20,174] {dag.py:2968} INFO - Setting next_dagrun for example_sla_dag to 2025-02-14T18:16:00+00:00, run_after=2025-02-14T18:18:00+00:00
[2025-02-14 18:18:20,193] {processor.py:161} INFO - Processing /opt/conda/lib/python3.8/site-packages/airflow/example_dags/example_sla_dag.py took 0.204 seconds
[2025-02-14 18:19:36,394] {processor.py:153} INFO - Started process (PID=8050) to work on /opt/conda/lib/python3.8/site-packages/airflow/example_dags/example_sla_dag.py
[2025-02-14 18:19:36,395] {processor.py:641} INFO - Processing file /opt/conda/lib/python3.8/site-packages/airflow/example_dags/example_sla_dag.py for tasks to queue
[2025-02-14 18:19:36,396] {logging_mixin.py:115} INFO - [2025-02-14 18:19:36,396] {dagbag.py:508} INFO - Filling up the DagBag from /opt/conda/lib/python3.8/site-packages/airflow/example_dags/example_sla_dag.py
[2025-02-14 18:19:36,592] {processor.py:651} INFO - DAG(s) dict_keys(['example_sla_dag']) retrieved from /opt/conda/lib/python3.8/site-packages/airflow/example_dags/example_sla_dag.py
[2025-02-14 18:19:36,606] {logging_mixin.py:115} INFO - [2025-02-14 18:19:36,606] {dag.py:2420} INFO - Sync 1 DAGs
[2025-02-14 18:19:36,628] {logging_mixin.py:115} INFO - [2025-02-14 18:19:36,628] {dag.py:2968} INFO - Setting next_dagrun for example_sla_dag to 2025-02-14T18:16:00+00:00, run_after=2025-02-14T18:18:00+00:00
[2025-02-14 18:19:36,652] {processor.py:161} INFO - Processing /opt/conda/lib/python3.8/site-packages/airflow/example_dags/example_sla_dag.py took 0.262 seconds
[2025-02-14 18:20:50,317] {processor.py:153} INFO - Started process (PID=8172) to work on /opt/conda/lib/python3.8/site-packages/airflow/example_dags/example_sla_dag.py
[2025-02-14 18:20:50,319] {processor.py:641} INFO - Processing file /opt/conda/lib/python3.8/site-packages/airflow/example_dags/example_sla_dag.py for tasks to queue
[2025-02-14 18:20:50,319] {logging_mixin.py:115} INFO - [2025-02-14 18:20:50,319] {dagbag.py:508} INFO - Filling up the DagBag from /opt/conda/lib/python3.8/site-packages/airflow/example_dags/example_sla_dag.py
[2025-02-14 18:20:50,516] {processor.py:651} INFO - DAG(s) dict_keys(['example_sla_dag']) retrieved from /opt/conda/lib/python3.8/site-packages/airflow/example_dags/example_sla_dag.py
[2025-02-14 18:20:50,529] {logging_mixin.py:115} INFO - [2025-02-14 18:20:50,529] {dag.py:2420} INFO - Sync 1 DAGs
[2025-02-14 18:20:50,552] {logging_mixin.py:115} INFO - [2025-02-14 18:20:50,552] {dag.py:2968} INFO - Setting next_dagrun for example_sla_dag to 2025-02-14T18:18:00+00:00, run_after=2025-02-14T18:20:00+00:00
[2025-02-14 18:20:50,576] {processor.py:161} INFO - Processing /opt/conda/lib/python3.8/site-packages/airflow/example_dags/example_sla_dag.py took 0.262 seconds
[2025-02-14 18:22:01,885] {processor.py:153} INFO - Started process (PID=8307) to work on /opt/conda/lib/python3.8/site-packages/airflow/example_dags/example_sla_dag.py
[2025-02-14 18:22:01,887] {processor.py:641} INFO - Processing file /opt/conda/lib/python3.8/site-packages/airflow/example_dags/example_sla_dag.py for tasks to queue
[2025-02-14 18:22:01,888] {logging_mixin.py:115} INFO - [2025-02-14 18:22:01,888] {dagbag.py:508} INFO - Filling up the DagBag from /opt/conda/lib/python3.8/site-packages/airflow/example_dags/example_sla_dag.py
[2025-02-14 18:22:01,909] {processor.py:651} INFO - DAG(s) dict_keys(['example_sla_dag']) retrieved from /opt/conda/lib/python3.8/site-packages/airflow/example_dags/example_sla_dag.py
[2025-02-14 18:22:01,928] {logging_mixin.py:115} INFO - [2025-02-14 18:22:01,928] {dag.py:2420} INFO - Sync 1 DAGs
[2025-02-14 18:22:01,953] {logging_mixin.py:115} INFO - [2025-02-14 18:22:01,953] {dag.py:2968} INFO - Setting next_dagrun for example_sla_dag to 2025-02-14T18:20:00+00:00, run_after=2025-02-14T18:22:00+00:00
[2025-02-14 18:22:01,978] {processor.py:161} INFO - Processing /opt/conda/lib/python3.8/site-packages/airflow/example_dags/example_sla_dag.py took 0.097 seconds
[2025-02-14 18:23:04,357] {processor.py:153} INFO - Started process (PID=8424) to work on /opt/conda/lib/python3.8/site-packages/airflow/example_dags/example_sla_dag.py
[2025-02-14 18:23:04,359] {processor.py:641} INFO - Processing file /opt/conda/lib/python3.8/site-packages/airflow/example_dags/example_sla_dag.py for tasks to queue
[2025-02-14 18:23:04,359] {logging_mixin.py:115} INFO - [2025-02-14 18:23:04,359] {dagbag.py:508} INFO - Filling up the DagBag from /opt/conda/lib/python3.8/site-packages/airflow/example_dags/example_sla_dag.py
[2025-02-14 18:23:04,381] {processor.py:651} INFO - DAG(s) dict_keys(['example_sla_dag']) retrieved from /opt/conda/lib/python3.8/site-packages/airflow/example_dags/example_sla_dag.py
[2025-02-14 18:23:04,399] {logging_mixin.py:115} INFO - [2025-02-14 18:23:04,399] {dag.py:2420} INFO - Sync 1 DAGs
[2025-02-14 18:23:04,424] {logging_mixin.py:115} INFO - [2025-02-14 18:23:04,424] {dag.py:2968} INFO - Setting next_dagrun for example_sla_dag to 2025-02-14T18:20:00+00:00, run_after=2025-02-14T18:22:00+00:00
[2025-02-14 18:23:04,450] {processor.py:161} INFO - Processing /opt/conda/lib/python3.8/site-packages/airflow/example_dags/example_sla_dag.py took 0.097 seconds
[2025-02-14 18:24:08,312] {processor.py:153} INFO - Started process (PID=8556) to work on /opt/conda/lib/python3.8/site-packages/airflow/example_dags/example_sla_dag.py
[2025-02-14 18:24:08,314] {processor.py:641} INFO - Processing file /opt/conda/lib/python3.8/site-packages/airflow/example_dags/example_sla_dag.py for tasks to queue
[2025-02-14 18:24:08,315] {logging_mixin.py:115} INFO - [2025-02-14 18:24:08,315] {dagbag.py:508} INFO - Filling up the DagBag from /opt/conda/lib/python3.8/site-packages/airflow/example_dags/example_sla_dag.py
[2025-02-14 18:24:08,333] {processor.py:651} INFO - DAG(s) dict_keys(['example_sla_dag']) retrieved from /opt/conda/lib/python3.8/site-packages/airflow/example_dags/example_sla_dag.py
[2025-02-14 18:24:08,349] {logging_mixin.py:115} INFO - [2025-02-14 18:24:08,349] {dag.py:2420} INFO - Sync 1 DAGs
[2025-02-14 18:24:08,365] {logging_mixin.py:115} INFO - [2025-02-14 18:24:08,365] {dag.py:2968} INFO - Setting next_dagrun for example_sla_dag to 2025-02-14T18:22:00+00:00, run_after=2025-02-14T18:24:00+00:00
[2025-02-14 18:24:08,384] {processor.py:161} INFO - Processing /opt/conda/lib/python3.8/site-packages/airflow/example_dags/example_sla_dag.py took 0.075 seconds
[2025-02-14 18:30:54,168] {processor.py:153} INFO - Started process (PID=8909) to work on /opt/conda/lib/python3.8/site-packages/airflow/example_dags/example_sla_dag.py
[2025-02-14 18:30:54,170] {processor.py:641} INFO - Processing file /opt/conda/lib/python3.8/site-packages/airflow/example_dags/example_sla_dag.py for tasks to queue
[2025-02-14 18:30:54,170] {logging_mixin.py:115} INFO - [2025-02-14 18:30:54,170] {dagbag.py:508} INFO - Filling up the DagBag from /opt/conda/lib/python3.8/site-packages/airflow/example_dags/example_sla_dag.py
[2025-02-14 18:30:54,316] {processor.py:651} INFO - DAG(s) dict_keys(['example_sla_dag']) retrieved from /opt/conda/lib/python3.8/site-packages/airflow/example_dags/example_sla_dag.py
[2025-02-14 18:30:54,324] {logging_mixin.py:115} INFO - [2025-02-14 18:30:54,324] {dag.py:2420} INFO - Sync 1 DAGs
[2025-02-14 18:30:54,338] {logging_mixin.py:115} INFO - [2025-02-14 18:30:54,338] {dag.py:2968} INFO - Setting next_dagrun for example_sla_dag to 2025-02-14T18:28:00+00:00, run_after=2025-02-14T18:30:00+00:00
[2025-02-14 18:30:54,358] {processor.py:161} INFO - Processing /opt/conda/lib/python3.8/site-packages/airflow/example_dags/example_sla_dag.py took 0.193 seconds
[2025-02-14 18:32:57,524] {processor.py:153} INFO - Started process (PID=9283) to work on /opt/conda/lib/python3.8/site-packages/airflow/example_dags/example_sla_dag.py
[2025-02-14 18:32:57,526] {processor.py:641} INFO - Processing file /opt/conda/lib/python3.8/site-packages/airflow/example_dags/example_sla_dag.py for tasks to queue
[2025-02-14 18:32:57,526] {logging_mixin.py:115} INFO - [2025-02-14 18:32:57,526] {dagbag.py:508} INFO - Filling up the DagBag from /opt/conda/lib/python3.8/site-packages/airflow/example_dags/example_sla_dag.py
[2025-02-14 18:32:57,654] {processor.py:651} INFO - DAG(s) dict_keys(['example_sla_dag']) retrieved from /opt/conda/lib/python3.8/site-packages/airflow/example_dags/example_sla_dag.py
[2025-02-14 18:32:57,662] {logging_mixin.py:115} INFO - [2025-02-14 18:32:57,662] {dag.py:2420} INFO - Sync 1 DAGs
[2025-02-14 18:32:57,675] {logging_mixin.py:115} INFO - [2025-02-14 18:32:57,675] {dag.py:2968} INFO - Setting next_dagrun for example_sla_dag to 2025-02-14T18:30:00+00:00, run_after=2025-02-14T18:32:00+00:00
[2025-02-14 18:32:57,726] {processor.py:161} INFO - Processing /opt/conda/lib/python3.8/site-packages/airflow/example_dags/example_sla_dag.py took 0.204 seconds
[2025-02-14 18:34:18,964] {processor.py:153} INFO - Started process (PID=9474) to work on /opt/conda/lib/python3.8/site-packages/airflow/example_dags/example_sla_dag.py
[2025-02-14 18:34:18,966] {processor.py:641} INFO - Processing file /opt/conda/lib/python3.8/site-packages/airflow/example_dags/example_sla_dag.py for tasks to queue
[2025-02-14 18:34:18,966] {logging_mixin.py:115} INFO - [2025-02-14 18:34:18,966] {dagbag.py:508} INFO - Filling up the DagBag from /opt/conda/lib/python3.8/site-packages/airflow/example_dags/example_sla_dag.py
[2025-02-14 18:34:19,093] {processor.py:651} INFO - DAG(s) dict_keys(['example_sla_dag']) retrieved from /opt/conda/lib/python3.8/site-packages/airflow/example_dags/example_sla_dag.py
[2025-02-14 18:34:19,101] {logging_mixin.py:115} INFO - [2025-02-14 18:34:19,101] {dag.py:2420} INFO - Sync 1 DAGs
[2025-02-14 18:34:19,115] {logging_mixin.py:115} INFO - [2025-02-14 18:34:19,115] {dag.py:2968} INFO - Setting next_dagrun for example_sla_dag to 2025-02-14T18:32:00+00:00, run_after=2025-02-14T18:34:00+00:00
[2025-02-14 18:34:19,135] {processor.py:161} INFO - Processing /opt/conda/lib/python3.8/site-packages/airflow/example_dags/example_sla_dag.py took 0.173 seconds
[2025-02-14 18:35:18,432] {processor.py:153} INFO - Started process (PID=9605) to work on /opt/conda/lib/python3.8/site-packages/airflow/example_dags/example_sla_dag.py
[2025-02-14 18:35:18,435] {processor.py:641} INFO - Processing file /opt/conda/lib/python3.8/site-packages/airflow/example_dags/example_sla_dag.py for tasks to queue
[2025-02-14 18:35:18,435] {logging_mixin.py:115} INFO - [2025-02-14 18:35:18,435] {dagbag.py:508} INFO - Filling up the DagBag from /opt/conda/lib/python3.8/site-packages/airflow/example_dags/example_sla_dag.py
[2025-02-14 18:35:18,454] {processor.py:651} INFO - DAG(s) dict_keys(['example_sla_dag']) retrieved from /opt/conda/lib/python3.8/site-packages/airflow/example_dags/example_sla_dag.py
[2025-02-14 18:35:18,469] {logging_mixin.py:115} INFO - [2025-02-14 18:35:18,469] {dag.py:2420} INFO - Sync 1 DAGs
[2025-02-14 18:35:18,491] {logging_mixin.py:115} INFO - [2025-02-14 18:35:18,491] {dag.py:2968} INFO - Setting next_dagrun for example_sla_dag to 2025-02-14T18:32:00+00:00, run_after=2025-02-14T18:34:00+00:00
[2025-02-14 18:35:18,569] {processor.py:161} INFO - Processing /opt/conda/lib/python3.8/site-packages/airflow/example_dags/example_sla_dag.py took 0.140 seconds
[2025-02-14 18:36:17,533] {processor.py:153} INFO - Started process (PID=9884) to work on /opt/conda/lib/python3.8/site-packages/airflow/example_dags/example_sla_dag.py
[2025-02-14 18:36:17,535] {processor.py:641} INFO - Processing file /opt/conda/lib/python3.8/site-packages/airflow/example_dags/example_sla_dag.py for tasks to queue
[2025-02-14 18:36:17,535] {logging_mixin.py:115} INFO - [2025-02-14 18:36:17,535] {dagbag.py:508} INFO - Filling up the DagBag from /opt/conda/lib/python3.8/site-packages/airflow/example_dags/example_sla_dag.py
[2025-02-14 18:36:17,553] {processor.py:651} INFO - DAG(s) dict_keys(['example_sla_dag']) retrieved from /opt/conda/lib/python3.8/site-packages/airflow/example_dags/example_sla_dag.py
[2025-02-14 18:36:17,568] {logging_mixin.py:115} INFO - [2025-02-14 18:36:17,568] {dag.py:2420} INFO - Sync 1 DAGs
[2025-02-14 18:36:17,587] {logging_mixin.py:115} INFO - [2025-02-14 18:36:17,587] {dag.py:2968} INFO - Setting next_dagrun for example_sla_dag to 2025-02-14T18:34:00+00:00, run_after=2025-02-14T18:36:00+00:00
[2025-02-14 18:36:17,629] {processor.py:161} INFO - Processing /opt/conda/lib/python3.8/site-packages/airflow/example_dags/example_sla_dag.py took 0.099 seconds
[2025-02-14 18:40:30,521] {processor.py:153} INFO - Started process (PID=996) to work on /opt/conda/lib/python3.8/site-packages/airflow/example_dags/example_sla_dag.py
[2025-02-14 18:40:30,523] {processor.py:641} INFO - Processing file /opt/conda/lib/python3.8/site-packages/airflow/example_dags/example_sla_dag.py for tasks to queue
[2025-02-14 18:40:30,523] {logging_mixin.py:115} INFO - [2025-02-14 18:40:30,523] {dagbag.py:508} INFO - Filling up the DagBag from /opt/conda/lib/python3.8/site-packages/airflow/example_dags/example_sla_dag.py
[2025-02-14 18:40:30,663] {processor.py:651} INFO - DAG(s) dict_keys(['example_sla_dag']) retrieved from /opt/conda/lib/python3.8/site-packages/airflow/example_dags/example_sla_dag.py
[2025-02-14 18:40:30,672] {logging_mixin.py:115} INFO - [2025-02-14 18:40:30,671] {dag.py:2420} INFO - Sync 1 DAGs
[2025-02-14 18:40:30,685] {logging_mixin.py:115} INFO - [2025-02-14 18:40:30,685] {dag.py:2968} INFO - Setting next_dagrun for example_sla_dag to 2025-02-14T18:38:00+00:00, run_after=2025-02-14T18:40:00+00:00
[2025-02-14 18:40:30,706] {processor.py:161} INFO - Processing /opt/conda/lib/python3.8/site-packages/airflow/example_dags/example_sla_dag.py took 0.188 seconds
[2025-02-14 18:41:32,149] {processor.py:153} INFO - Started process (PID=1108) to work on /opt/conda/lib/python3.8/site-packages/airflow/example_dags/example_sla_dag.py
[2025-02-14 18:41:32,151] {processor.py:641} INFO - Processing file /opt/conda/lib/python3.8/site-packages/airflow/example_dags/example_sla_dag.py for tasks to queue
[2025-02-14 18:41:32,151] {logging_mixin.py:115} INFO - [2025-02-14 18:41:32,151] {dagbag.py:508} INFO - Filling up the DagBag from /opt/conda/lib/python3.8/site-packages/airflow/example_dags/example_sla_dag.py
[2025-02-14 18:41:32,286] {processor.py:651} INFO - DAG(s) dict_keys(['example_sla_dag']) retrieved from /opt/conda/lib/python3.8/site-packages/airflow/example_dags/example_sla_dag.py
[2025-02-14 18:41:32,294] {logging_mixin.py:115} INFO - [2025-02-14 18:41:32,294] {dag.py:2420} INFO - Sync 1 DAGs
[2025-02-14 18:41:32,308] {logging_mixin.py:115} INFO - [2025-02-14 18:41:32,308] {dag.py:2968} INFO - Setting next_dagrun for example_sla_dag to 2025-02-14T18:38:00+00:00, run_after=2025-02-14T18:40:00+00:00
[2025-02-14 18:41:32,331] {processor.py:161} INFO - Processing /opt/conda/lib/python3.8/site-packages/airflow/example_dags/example_sla_dag.py took 0.186 seconds
[2025-02-14 18:42:35,977] {processor.py:153} INFO - Started process (PID=1220) to work on /opt/conda/lib/python3.8/site-packages/airflow/example_dags/example_sla_dag.py
[2025-02-14 18:42:35,979] {processor.py:641} INFO - Processing file /opt/conda/lib/python3.8/site-packages/airflow/example_dags/example_sla_dag.py for tasks to queue
[2025-02-14 18:42:35,979] {logging_mixin.py:115} INFO - [2025-02-14 18:42:35,979] {dagbag.py:508} INFO - Filling up the DagBag from /opt/conda/lib/python3.8/site-packages/airflow/example_dags/example_sla_dag.py
[2025-02-14 18:42:36,122] {processor.py:651} INFO - DAG(s) dict_keys(['example_sla_dag']) retrieved from /opt/conda/lib/python3.8/site-packages/airflow/example_dags/example_sla_dag.py
[2025-02-14 18:42:36,131] {logging_mixin.py:115} INFO - [2025-02-14 18:42:36,131] {dag.py:2420} INFO - Sync 1 DAGs
[2025-02-14 18:42:36,145] {logging_mixin.py:115} INFO - [2025-02-14 18:42:36,145] {dag.py:2968} INFO - Setting next_dagrun for example_sla_dag to 2025-02-14T18:40:00+00:00, run_after=2025-02-14T18:42:00+00:00
[2025-02-14 18:42:36,172] {processor.py:161} INFO - Processing /opt/conda/lib/python3.8/site-packages/airflow/example_dags/example_sla_dag.py took 0.198 seconds
[2025-02-14 18:43:46,333] {processor.py:153} INFO - Started process (PID=1354) to work on /opt/conda/lib/python3.8/site-packages/airflow/example_dags/example_sla_dag.py
[2025-02-14 18:43:46,335] {processor.py:641} INFO - Processing file /opt/conda/lib/python3.8/site-packages/airflow/example_dags/example_sla_dag.py for tasks to queue
[2025-02-14 18:43:46,335] {logging_mixin.py:115} INFO - [2025-02-14 18:43:46,335] {dagbag.py:508} INFO - Filling up the DagBag from /opt/conda/lib/python3.8/site-packages/airflow/example_dags/example_sla_dag.py
[2025-02-14 18:43:46,485] {processor.py:651} INFO - DAG(s) dict_keys(['example_sla_dag']) retrieved from /opt/conda/lib/python3.8/site-packages/airflow/example_dags/example_sla_dag.py
[2025-02-14 18:43:46,494] {logging_mixin.py:115} INFO - [2025-02-14 18:43:46,493] {dag.py:2420} INFO - Sync 1 DAGs
[2025-02-14 18:43:46,507] {logging_mixin.py:115} INFO - [2025-02-14 18:43:46,507] {dag.py:2968} INFO - Setting next_dagrun for example_sla_dag to 2025-02-14T18:40:00+00:00, run_after=2025-02-14T18:42:00+00:00
[2025-02-14 18:43:46,527] {processor.py:161} INFO - Processing /opt/conda/lib/python3.8/site-packages/airflow/example_dags/example_sla_dag.py took 0.197 seconds
[2025-02-14 18:44:44,645] {processor.py:153} INFO - Started process (PID=1465) to work on /opt/conda/lib/python3.8/site-packages/airflow/example_dags/example_sla_dag.py
[2025-02-14 18:44:44,646] {processor.py:641} INFO - Processing file /opt/conda/lib/python3.8/site-packages/airflow/example_dags/example_sla_dag.py for tasks to queue
[2025-02-14 18:44:44,647] {logging_mixin.py:115} INFO - [2025-02-14 18:44:44,647] {dagbag.py:508} INFO - Filling up the DagBag from /opt/conda/lib/python3.8/site-packages/airflow/example_dags/example_sla_dag.py
[2025-02-14 18:44:44,665] {processor.py:651} INFO - DAG(s) dict_keys(['example_sla_dag']) retrieved from /opt/conda/lib/python3.8/site-packages/airflow/example_dags/example_sla_dag.py
[2025-02-14 18:44:44,678] {logging_mixin.py:115} INFO - [2025-02-14 18:44:44,678] {dag.py:2420} INFO - Sync 1 DAGs
[2025-02-14 18:44:44,694] {logging_mixin.py:115} INFO - [2025-02-14 18:44:44,694] {dag.py:2968} INFO - Setting next_dagrun for example_sla_dag to 2025-02-14T18:42:00+00:00, run_after=2025-02-14T18:44:00+00:00
[2025-02-14 18:44:44,715] {processor.py:161} INFO - Processing /opt/conda/lib/python3.8/site-packages/airflow/example_dags/example_sla_dag.py took 0.074 seconds
[2025-02-14 18:45:40,769] {processor.py:153} INFO - Started process (PID=1576) to work on /opt/conda/lib/python3.8/site-packages/airflow/example_dags/example_sla_dag.py
[2025-02-14 18:45:40,771] {processor.py:641} INFO - Processing file /opt/conda/lib/python3.8/site-packages/airflow/example_dags/example_sla_dag.py for tasks to queue
[2025-02-14 18:45:40,771] {logging_mixin.py:115} INFO - [2025-02-14 18:45:40,771] {dagbag.py:508} INFO - Filling up the DagBag from /opt/conda/lib/python3.8/site-packages/airflow/example_dags/example_sla_dag.py
[2025-02-14 18:45:40,790] {processor.py:651} INFO - DAG(s) dict_keys(['example_sla_dag']) retrieved from /opt/conda/lib/python3.8/site-packages/airflow/example_dags/example_sla_dag.py
[2025-02-14 18:45:40,805] {logging_mixin.py:115} INFO - [2025-02-14 18:45:40,805] {dag.py:2420} INFO - Sync 1 DAGs
[2025-02-14 18:45:40,825] {logging_mixin.py:115} INFO - [2025-02-14 18:45:40,825] {dag.py:2968} INFO - Setting next_dagrun for example_sla_dag to 2025-02-14T18:42:00+00:00, run_after=2025-02-14T18:44:00+00:00
[2025-02-14 18:45:40,871] {processor.py:161} INFO - Processing /opt/conda/lib/python3.8/site-packages/airflow/example_dags/example_sla_dag.py took 0.105 seconds
[2025-02-14 18:46:36,229] {processor.py:153} INFO - Started process (PID=1687) to work on /opt/conda/lib/python3.8/site-packages/airflow/example_dags/example_sla_dag.py
[2025-02-14 18:46:36,230] {processor.py:641} INFO - Processing file /opt/conda/lib/python3.8/site-packages/airflow/example_dags/example_sla_dag.py for tasks to queue
[2025-02-14 18:46:36,231] {logging_mixin.py:115} INFO - [2025-02-14 18:46:36,231] {dagbag.py:508} INFO - Filling up the DagBag from /opt/conda/lib/python3.8/site-packages/airflow/example_dags/example_sla_dag.py
[2025-02-14 18:46:36,248] {processor.py:651} INFO - DAG(s) dict_keys(['example_sla_dag']) retrieved from /opt/conda/lib/python3.8/site-packages/airflow/example_dags/example_sla_dag.py
[2025-02-14 18:46:36,262] {logging_mixin.py:115} INFO - [2025-02-14 18:46:36,261] {dag.py:2420} INFO - Sync 1 DAGs
[2025-02-14 18:46:36,278] {logging_mixin.py:115} INFO - [2025-02-14 18:46:36,278] {dag.py:2968} INFO - Setting next_dagrun for example_sla_dag to 2025-02-14T18:44:00+00:00, run_after=2025-02-14T18:46:00+00:00
[2025-02-14 18:46:36,346] {processor.py:161} INFO - Processing /opt/conda/lib/python3.8/site-packages/airflow/example_dags/example_sla_dag.py took 0.121 seconds
[2025-02-14 18:54:56,468] {processor.py:153} INFO - Started process (PID=2244) to work on /opt/conda/lib/python3.8/site-packages/airflow/example_dags/example_sla_dag.py
[2025-02-14 18:54:56,470] {processor.py:641} INFO - Processing file /opt/conda/lib/python3.8/site-packages/airflow/example_dags/example_sla_dag.py for tasks to queue
[2025-02-14 18:54:56,470] {logging_mixin.py:115} INFO - [2025-02-14 18:54:56,470] {dagbag.py:508} INFO - Filling up the DagBag from /opt/conda/lib/python3.8/site-packages/airflow/example_dags/example_sla_dag.py
[2025-02-14 18:54:56,487] {processor.py:651} INFO - DAG(s) dict_keys(['example_sla_dag']) retrieved from /opt/conda/lib/python3.8/site-packages/airflow/example_dags/example_sla_dag.py
[2025-02-14 18:54:56,499] {logging_mixin.py:115} INFO - [2025-02-14 18:54:56,499] {dag.py:2420} INFO - Sync 1 DAGs
[2025-02-14 18:54:56,513] {logging_mixin.py:115} INFO - [2025-02-14 18:54:56,513] {dag.py:2968} INFO - Setting next_dagrun for example_sla_dag to 2025-02-14T18:52:00+00:00, run_after=2025-02-14T18:54:00+00:00
[2025-02-14 18:54:56,534] {processor.py:161} INFO - Processing /opt/conda/lib/python3.8/site-packages/airflow/example_dags/example_sla_dag.py took 0.068 seconds
[2025-02-14 19:03:27,885] {processor.py:153} INFO - Started process (PID=2720) to work on /opt/conda/lib/python3.8/site-packages/airflow/example_dags/example_sla_dag.py
[2025-02-14 19:03:27,887] {processor.py:641} INFO - Processing file /opt/conda/lib/python3.8/site-packages/airflow/example_dags/example_sla_dag.py for tasks to queue
[2025-02-14 19:03:27,888] {logging_mixin.py:115} INFO - [2025-02-14 19:03:27,887] {dagbag.py:508} INFO - Filling up the DagBag from /opt/conda/lib/python3.8/site-packages/airflow/example_dags/example_sla_dag.py
[2025-02-14 19:03:28,023] {processor.py:651} INFO - DAG(s) dict_keys(['example_sla_dag']) retrieved from /opt/conda/lib/python3.8/site-packages/airflow/example_dags/example_sla_dag.py
[2025-02-14 19:03:28,031] {logging_mixin.py:115} INFO - [2025-02-14 19:03:28,031] {dag.py:2420} INFO - Sync 1 DAGs
[2025-02-14 19:03:28,045] {logging_mixin.py:115} INFO - [2025-02-14 19:03:28,045] {dag.py:2968} INFO - Setting next_dagrun for example_sla_dag to 2025-02-14T19:00:00+00:00, run_after=2025-02-14T19:02:00+00:00
[2025-02-14 19:03:28,065] {processor.py:161} INFO - Processing /opt/conda/lib/python3.8/site-packages/airflow/example_dags/example_sla_dag.py took 0.182 seconds
[2025-02-14 19:04:31,550] {processor.py:153} INFO - Started process (PID=2834) to work on /opt/conda/lib/python3.8/site-packages/airflow/example_dags/example_sla_dag.py
[2025-02-14 19:04:31,551] {processor.py:641} INFO - Processing file /opt/conda/lib/python3.8/site-packages/airflow/example_dags/example_sla_dag.py for tasks to queue
[2025-02-14 19:04:31,552] {logging_mixin.py:115} INFO - [2025-02-14 19:04:31,552] {dagbag.py:508} INFO - Filling up the DagBag from /opt/conda/lib/python3.8/site-packages/airflow/example_dags/example_sla_dag.py
[2025-02-14 19:04:31,687] {processor.py:651} INFO - DAG(s) dict_keys(['example_sla_dag']) retrieved from /opt/conda/lib/python3.8/site-packages/airflow/example_dags/example_sla_dag.py
[2025-02-14 19:04:31,696] {logging_mixin.py:115} INFO - [2025-02-14 19:04:31,695] {dag.py:2420} INFO - Sync 1 DAGs
[2025-02-14 19:04:31,709] {logging_mixin.py:115} INFO - [2025-02-14 19:04:31,709] {dag.py:2968} INFO - Setting next_dagrun for example_sla_dag to 2025-02-14T19:02:00+00:00, run_after=2025-02-14T19:04:00+00:00
[2025-02-14 19:04:31,734] {processor.py:161} INFO - Processing /opt/conda/lib/python3.8/site-packages/airflow/example_dags/example_sla_dag.py took 0.187 seconds
[2025-02-14 19:05:36,150] {processor.py:153} INFO - Started process (PID=2947) to work on /opt/conda/lib/python3.8/site-packages/airflow/example_dags/example_sla_dag.py
[2025-02-14 19:05:36,152] {processor.py:641} INFO - Processing file /opt/conda/lib/python3.8/site-packages/airflow/example_dags/example_sla_dag.py for tasks to queue
[2025-02-14 19:05:36,152] {logging_mixin.py:115} INFO - [2025-02-14 19:05:36,152] {dagbag.py:508} INFO - Filling up the DagBag from /opt/conda/lib/python3.8/site-packages/airflow/example_dags/example_sla_dag.py
[2025-02-14 19:05:36,287] {processor.py:651} INFO - DAG(s) dict_keys(['example_sla_dag']) retrieved from /opt/conda/lib/python3.8/site-packages/airflow/example_dags/example_sla_dag.py
[2025-02-14 19:05:36,295] {logging_mixin.py:115} INFO - [2025-02-14 19:05:36,295] {dag.py:2420} INFO - Sync 1 DAGs
[2025-02-14 19:05:36,309] {logging_mixin.py:115} INFO - [2025-02-14 19:05:36,309] {dag.py:2968} INFO - Setting next_dagrun for example_sla_dag to 2025-02-14T19:02:00+00:00, run_after=2025-02-14T19:04:00+00:00
[2025-02-14 19:05:36,328] {processor.py:161} INFO - Processing /opt/conda/lib/python3.8/site-packages/airflow/example_dags/example_sla_dag.py took 0.180 seconds
[2025-02-14 19:06:40,638] {processor.py:153} INFO - Started process (PID=3061) to work on /opt/conda/lib/python3.8/site-packages/airflow/example_dags/example_sla_dag.py
[2025-02-14 19:06:40,640] {processor.py:641} INFO - Processing file /opt/conda/lib/python3.8/site-packages/airflow/example_dags/example_sla_dag.py for tasks to queue
[2025-02-14 19:06:40,640] {logging_mixin.py:115} INFO - [2025-02-14 19:06:40,640] {dagbag.py:508} INFO - Filling up the DagBag from /opt/conda/lib/python3.8/site-packages/airflow/example_dags/example_sla_dag.py
[2025-02-14 19:06:40,785] {processor.py:651} INFO - DAG(s) dict_keys(['example_sla_dag']) retrieved from /opt/conda/lib/python3.8/site-packages/airflow/example_dags/example_sla_dag.py
[2025-02-14 19:06:40,794] {logging_mixin.py:115} INFO - [2025-02-14 19:06:40,794] {dag.py:2420} INFO - Sync 1 DAGs
[2025-02-14 19:06:40,807] {logging_mixin.py:115} INFO - [2025-02-14 19:06:40,807] {dag.py:2968} INFO - Setting next_dagrun for example_sla_dag to 2025-02-14T19:04:00+00:00, run_after=2025-02-14T19:06:00+00:00
[2025-02-14 19:06:40,828] {processor.py:161} INFO - Processing /opt/conda/lib/python3.8/site-packages/airflow/example_dags/example_sla_dag.py took 0.193 seconds
[2025-02-14 19:07:44,956] {processor.py:153} INFO - Started process (PID=3184) to work on /opt/conda/lib/python3.8/site-packages/airflow/example_dags/example_sla_dag.py
[2025-02-14 19:07:44,958] {processor.py:641} INFO - Processing file /opt/conda/lib/python3.8/site-packages/airflow/example_dags/example_sla_dag.py for tasks to queue
[2025-02-14 19:07:44,959] {logging_mixin.py:115} INFO - [2025-02-14 19:07:44,958] {dagbag.py:508} INFO - Filling up the DagBag from /opt/conda/lib/python3.8/site-packages/airflow/example_dags/example_sla_dag.py
[2025-02-14 19:07:44,976] {processor.py:651} INFO - DAG(s) dict_keys(['example_sla_dag']) retrieved from /opt/conda/lib/python3.8/site-packages/airflow/example_dags/example_sla_dag.py
[2025-02-14 19:07:44,989] {logging_mixin.py:115} INFO - [2025-02-14 19:07:44,989] {dag.py:2420} INFO - Sync 1 DAGs
[2025-02-14 19:07:45,005] {logging_mixin.py:115} INFO - [2025-02-14 19:07:45,005] {dag.py:2968} INFO - Setting next_dagrun for example_sla_dag to 2025-02-14T19:04:00+00:00, run_after=2025-02-14T19:06:00+00:00
[2025-02-14 19:07:45,025] {processor.py:161} INFO - Processing /opt/conda/lib/python3.8/site-packages/airflow/example_dags/example_sla_dag.py took 0.072 seconds
[2025-02-14 19:08:42,834] {processor.py:153} INFO - Started process (PID=3296) to work on /opt/conda/lib/python3.8/site-packages/airflow/example_dags/example_sla_dag.py
[2025-02-14 19:08:42,836] {processor.py:641} INFO - Processing file /opt/conda/lib/python3.8/site-packages/airflow/example_dags/example_sla_dag.py for tasks to queue
[2025-02-14 19:08:42,836] {logging_mixin.py:115} INFO - [2025-02-14 19:08:42,836] {dagbag.py:508} INFO - Filling up the DagBag from /opt/conda/lib/python3.8/site-packages/airflow/example_dags/example_sla_dag.py
[2025-02-14 19:08:42,855] {processor.py:651} INFO - DAG(s) dict_keys(['example_sla_dag']) retrieved from /opt/conda/lib/python3.8/site-packages/airflow/example_dags/example_sla_dag.py
[2025-02-14 19:08:42,871] {logging_mixin.py:115} INFO - [2025-02-14 19:08:42,871] {dag.py:2420} INFO - Sync 1 DAGs
[2025-02-14 19:08:42,892] {logging_mixin.py:115} INFO - [2025-02-14 19:08:42,892] {dag.py:2968} INFO - Setting next_dagrun for example_sla_dag to 2025-02-14T19:06:00+00:00, run_after=2025-02-14T19:08:00+00:00
[2025-02-14 19:08:43,120] {processor.py:161} INFO - Processing /opt/conda/lib/python3.8/site-packages/airflow/example_dags/example_sla_dag.py took 0.290 seconds
[2025-02-14 19:09:41,112] {processor.py:153} INFO - Started process (PID=3408) to work on /opt/conda/lib/python3.8/site-packages/airflow/example_dags/example_sla_dag.py
[2025-02-14 19:09:41,114] {processor.py:641} INFO - Processing file /opt/conda/lib/python3.8/site-packages/airflow/example_dags/example_sla_dag.py for tasks to queue
[2025-02-14 19:09:41,114] {logging_mixin.py:115} INFO - [2025-02-14 19:09:41,114] {dagbag.py:508} INFO - Filling up the DagBag from /opt/conda/lib/python3.8/site-packages/airflow/example_dags/example_sla_dag.py
[2025-02-14 19:09:41,133] {processor.py:651} INFO - DAG(s) dict_keys(['example_sla_dag']) retrieved from /opt/conda/lib/python3.8/site-packages/airflow/example_dags/example_sla_dag.py
[2025-02-14 19:09:41,149] {logging_mixin.py:115} INFO - [2025-02-14 19:09:41,149] {dag.py:2420} INFO - Sync 1 DAGs
[2025-02-14 19:09:41,170] {logging_mixin.py:115} INFO - [2025-02-14 19:09:41,170] {dag.py:2968} INFO - Setting next_dagrun for example_sla_dag to 2025-02-14T19:06:00+00:00, run_after=2025-02-14T19:08:00+00:00
[2025-02-14 19:09:41,192] {processor.py:161} INFO - Processing /opt/conda/lib/python3.8/site-packages/airflow/example_dags/example_sla_dag.py took 0.083 seconds
