[2025-02-14 14:00:01,393] {processor.py:153} INFO - Started process (PID=1847) to work on /opt/conda/lib/python3.8/site-packages/airflow/example_dags/tutorial_taskflow_api_etl.py
[2025-02-14 14:00:01,394] {processor.py:641} INFO - Processing file /opt/conda/lib/python3.8/site-packages/airflow/example_dags/tutorial_taskflow_api_etl.py for tasks to queue
[2025-02-14 14:00:01,394] {logging_mixin.py:115} INFO - [2025-02-14 14:00:01,394] {dagbag.py:508} INFO - Filling up the DagBag from /opt/conda/lib/python3.8/site-packages/airflow/example_dags/tutorial_taskflow_api_etl.py
[2025-02-14 14:00:01,529] {processor.py:651} INFO - DAG(s) dict_keys(['tutorial_taskflow_api_etl']) retrieved from /opt/conda/lib/python3.8/site-packages/airflow/example_dags/tutorial_taskflow_api_etl.py
[2025-02-14 14:00:01,595] {logging_mixin.py:115} INFO - [2025-02-14 14:00:01,594] {manager.py:508} INFO - Created Permission View: can read on DAG:tutorial_taskflow_api_etl
[2025-02-14 14:00:01,610] {logging_mixin.py:115} INFO - [2025-02-14 14:00:01,610] {manager.py:508} INFO - Created Permission View: can delete on DAG:tutorial_taskflow_api_etl
[2025-02-14 14:00:01,624] {logging_mixin.py:115} INFO - [2025-02-14 14:00:01,624] {manager.py:508} INFO - Created Permission View: can edit on DAG:tutorial_taskflow_api_etl
[2025-02-14 14:00:01,624] {logging_mixin.py:115} INFO - [2025-02-14 14:00:01,624] {dag.py:2420} INFO - Sync 1 DAGs
[2025-02-14 14:00:01,631] {logging_mixin.py:115} INFO - [2025-02-14 14:00:01,631] {dag.py:2439} INFO - Creating ORM DAG for tutorial_taskflow_api_etl
[2025-02-14 14:00:01,638] {logging_mixin.py:115} INFO - [2025-02-14 14:00:01,638] {dag.py:2968} INFO - Setting next_dagrun for tutorial_taskflow_api_etl to None, run_after=None
[2025-02-14 14:00:01,661] {processor.py:161} INFO - Processing /opt/conda/lib/python3.8/site-packages/airflow/example_dags/tutorial_taskflow_api_etl.py took 0.272 seconds
[2025-02-14 14:00:54,621] {processor.py:153} INFO - Started process (PID=1890) to work on /opt/conda/lib/python3.8/site-packages/airflow/example_dags/tutorial_taskflow_api_etl.py
[2025-02-14 14:00:54,622] {processor.py:641} INFO - Processing file /opt/conda/lib/python3.8/site-packages/airflow/example_dags/tutorial_taskflow_api_etl.py for tasks to queue
[2025-02-14 14:00:54,623] {logging_mixin.py:115} INFO - [2025-02-14 14:00:54,623] {dagbag.py:508} INFO - Filling up the DagBag from /opt/conda/lib/python3.8/site-packages/airflow/example_dags/tutorial_taskflow_api_etl.py
[2025-02-14 14:00:54,762] {processor.py:651} INFO - DAG(s) dict_keys(['tutorial_taskflow_api_etl']) retrieved from /opt/conda/lib/python3.8/site-packages/airflow/example_dags/tutorial_taskflow_api_etl.py
[2025-02-14 14:00:54,771] {logging_mixin.py:115} INFO - [2025-02-14 14:00:54,771] {dag.py:2420} INFO - Sync 1 DAGs
[2025-02-14 14:00:54,782] {logging_mixin.py:115} INFO - [2025-02-14 14:00:54,782] {dag.py:2968} INFO - Setting next_dagrun for tutorial_taskflow_api_etl to None, run_after=None
[2025-02-14 14:00:54,801] {processor.py:161} INFO - Processing /opt/conda/lib/python3.8/site-packages/airflow/example_dags/tutorial_taskflow_api_etl.py took 0.184 seconds
[2025-02-14 14:01:39,654] {processor.py:153} INFO - Started process (PID=1931) to work on /opt/conda/lib/python3.8/site-packages/airflow/example_dags/tutorial_taskflow_api_etl.py
[2025-02-14 14:01:39,655] {processor.py:641} INFO - Processing file /opt/conda/lib/python3.8/site-packages/airflow/example_dags/tutorial_taskflow_api_etl.py for tasks to queue
[2025-02-14 14:01:39,656] {logging_mixin.py:115} INFO - [2025-02-14 14:01:39,656] {dagbag.py:508} INFO - Filling up the DagBag from /opt/conda/lib/python3.8/site-packages/airflow/example_dags/tutorial_taskflow_api_etl.py
[2025-02-14 14:01:39,809] {processor.py:651} INFO - DAG(s) dict_keys(['tutorial_taskflow_api_etl']) retrieved from /opt/conda/lib/python3.8/site-packages/airflow/example_dags/tutorial_taskflow_api_etl.py
[2025-02-14 14:01:39,818] {logging_mixin.py:115} INFO - [2025-02-14 14:01:39,818] {dag.py:2420} INFO - Sync 1 DAGs
[2025-02-14 14:01:39,829] {logging_mixin.py:115} INFO - [2025-02-14 14:01:39,829] {dag.py:2968} INFO - Setting next_dagrun for tutorial_taskflow_api_etl to None, run_after=None
[2025-02-14 14:01:39,848] {processor.py:161} INFO - Processing /opt/conda/lib/python3.8/site-packages/airflow/example_dags/tutorial_taskflow_api_etl.py took 0.198 seconds
[2025-02-14 14:02:24,372] {processor.py:153} INFO - Started process (PID=1971) to work on /opt/conda/lib/python3.8/site-packages/airflow/example_dags/tutorial_taskflow_api_etl.py
[2025-02-14 14:02:24,374] {processor.py:641} INFO - Processing file /opt/conda/lib/python3.8/site-packages/airflow/example_dags/tutorial_taskflow_api_etl.py for tasks to queue
[2025-02-14 14:02:24,374] {logging_mixin.py:115} INFO - [2025-02-14 14:02:24,374] {dagbag.py:508} INFO - Filling up the DagBag from /opt/conda/lib/python3.8/site-packages/airflow/example_dags/tutorial_taskflow_api_etl.py
[2025-02-14 14:02:24,510] {processor.py:651} INFO - DAG(s) dict_keys(['tutorial_taskflow_api_etl']) retrieved from /opt/conda/lib/python3.8/site-packages/airflow/example_dags/tutorial_taskflow_api_etl.py
[2025-02-14 14:02:24,519] {logging_mixin.py:115} INFO - [2025-02-14 14:02:24,519] {dag.py:2420} INFO - Sync 1 DAGs
[2025-02-14 14:02:24,530] {logging_mixin.py:115} INFO - [2025-02-14 14:02:24,530] {dag.py:2968} INFO - Setting next_dagrun for tutorial_taskflow_api_etl to None, run_after=None
[2025-02-14 14:02:24,549] {processor.py:161} INFO - Processing /opt/conda/lib/python3.8/site-packages/airflow/example_dags/tutorial_taskflow_api_etl.py took 0.180 seconds
[2025-02-14 14:03:10,060] {processor.py:153} INFO - Started process (PID=2012) to work on /opt/conda/lib/python3.8/site-packages/airflow/example_dags/tutorial_taskflow_api_etl.py
[2025-02-14 14:03:10,062] {processor.py:641} INFO - Processing file /opt/conda/lib/python3.8/site-packages/airflow/example_dags/tutorial_taskflow_api_etl.py for tasks to queue
[2025-02-14 14:03:10,063] {logging_mixin.py:115} INFO - [2025-02-14 14:03:10,062] {dagbag.py:508} INFO - Filling up the DagBag from /opt/conda/lib/python3.8/site-packages/airflow/example_dags/tutorial_taskflow_api_etl.py
[2025-02-14 14:03:10,205] {processor.py:651} INFO - DAG(s) dict_keys(['tutorial_taskflow_api_etl']) retrieved from /opt/conda/lib/python3.8/site-packages/airflow/example_dags/tutorial_taskflow_api_etl.py
[2025-02-14 14:03:10,214] {logging_mixin.py:115} INFO - [2025-02-14 14:03:10,214] {dag.py:2420} INFO - Sync 1 DAGs
[2025-02-14 14:03:10,225] {logging_mixin.py:115} INFO - [2025-02-14 14:03:10,225] {dag.py:2968} INFO - Setting next_dagrun for tutorial_taskflow_api_etl to None, run_after=None
[2025-02-14 14:03:10,243] {processor.py:161} INFO - Processing /opt/conda/lib/python3.8/site-packages/airflow/example_dags/tutorial_taskflow_api_etl.py took 0.186 seconds
[2025-02-14 14:03:52,266] {processor.py:153} INFO - Started process (PID=2050) to work on /opt/conda/lib/python3.8/site-packages/airflow/example_dags/tutorial_taskflow_api_etl.py
[2025-02-14 14:03:52,267] {processor.py:641} INFO - Processing file /opt/conda/lib/python3.8/site-packages/airflow/example_dags/tutorial_taskflow_api_etl.py for tasks to queue
[2025-02-14 14:03:52,268] {logging_mixin.py:115} INFO - [2025-02-14 14:03:52,268] {dagbag.py:508} INFO - Filling up the DagBag from /opt/conda/lib/python3.8/site-packages/airflow/example_dags/tutorial_taskflow_api_etl.py
[2025-02-14 14:03:52,402] {processor.py:651} INFO - DAG(s) dict_keys(['tutorial_taskflow_api_etl']) retrieved from /opt/conda/lib/python3.8/site-packages/airflow/example_dags/tutorial_taskflow_api_etl.py
[2025-02-14 14:03:52,411] {logging_mixin.py:115} INFO - [2025-02-14 14:03:52,411] {dag.py:2420} INFO - Sync 1 DAGs
[2025-02-14 14:03:52,422] {logging_mixin.py:115} INFO - [2025-02-14 14:03:52,422] {dag.py:2968} INFO - Setting next_dagrun for tutorial_taskflow_api_etl to None, run_after=None
[2025-02-14 14:03:52,441] {processor.py:161} INFO - Processing /opt/conda/lib/python3.8/site-packages/airflow/example_dags/tutorial_taskflow_api_etl.py took 0.178 seconds
[2025-02-14 14:05:45,017] {processor.py:153} INFO - Started process (PID=2191) to work on /opt/conda/lib/python3.8/site-packages/airflow/example_dags/tutorial_taskflow_api_etl.py
[2025-02-14 14:05:45,019] {processor.py:641} INFO - Processing file /opt/conda/lib/python3.8/site-packages/airflow/example_dags/tutorial_taskflow_api_etl.py for tasks to queue
[2025-02-14 14:05:45,019] {logging_mixin.py:115} INFO - [2025-02-14 14:05:45,019] {dagbag.py:508} INFO - Filling up the DagBag from /opt/conda/lib/python3.8/site-packages/airflow/example_dags/tutorial_taskflow_api_etl.py
[2025-02-14 14:05:45,161] {processor.py:651} INFO - DAG(s) dict_keys(['tutorial_taskflow_api_etl']) retrieved from /opt/conda/lib/python3.8/site-packages/airflow/example_dags/tutorial_taskflow_api_etl.py
[2025-02-14 14:05:45,190] {logging_mixin.py:115} INFO - [2025-02-14 14:05:45,190] {dag.py:2420} INFO - Sync 1 DAGs
[2025-02-14 14:05:45,200] {logging_mixin.py:115} INFO - [2025-02-14 14:05:45,200] {dag.py:2968} INFO - Setting next_dagrun for tutorial_taskflow_api_etl to None, run_after=None
[2025-02-14 14:05:45,230] {processor.py:161} INFO - Processing /opt/conda/lib/python3.8/site-packages/airflow/example_dags/tutorial_taskflow_api_etl.py took 0.215 seconds
[2025-02-14 14:06:28,573] {processor.py:153} INFO - Started process (PID=2245) to work on /opt/conda/lib/python3.8/site-packages/airflow/example_dags/tutorial_taskflow_api_etl.py
[2025-02-14 14:06:28,574] {processor.py:641} INFO - Processing file /opt/conda/lib/python3.8/site-packages/airflow/example_dags/tutorial_taskflow_api_etl.py for tasks to queue
[2025-02-14 14:06:28,575] {logging_mixin.py:115} INFO - [2025-02-14 14:06:28,575] {dagbag.py:508} INFO - Filling up the DagBag from /opt/conda/lib/python3.8/site-packages/airflow/example_dags/tutorial_taskflow_api_etl.py
[2025-02-14 14:06:28,708] {processor.py:651} INFO - DAG(s) dict_keys(['tutorial_taskflow_api_etl']) retrieved from /opt/conda/lib/python3.8/site-packages/airflow/example_dags/tutorial_taskflow_api_etl.py
[2025-02-14 14:06:28,717] {logging_mixin.py:115} INFO - [2025-02-14 14:06:28,717] {dag.py:2420} INFO - Sync 1 DAGs
[2025-02-14 14:06:28,728] {logging_mixin.py:115} INFO - [2025-02-14 14:06:28,728] {dag.py:2968} INFO - Setting next_dagrun for tutorial_taskflow_api_etl to None, run_after=None
[2025-02-14 14:06:28,747] {processor.py:161} INFO - Processing /opt/conda/lib/python3.8/site-packages/airflow/example_dags/tutorial_taskflow_api_etl.py took 0.178 seconds
[2025-02-14 14:07:21,054] {processor.py:153} INFO - Started process (PID=2304) to work on /opt/conda/lib/python3.8/site-packages/airflow/example_dags/tutorial_taskflow_api_etl.py
[2025-02-14 14:07:21,055] {processor.py:641} INFO - Processing file /opt/conda/lib/python3.8/site-packages/airflow/example_dags/tutorial_taskflow_api_etl.py for tasks to queue
[2025-02-14 14:07:21,056] {logging_mixin.py:115} INFO - [2025-02-14 14:07:21,056] {dagbag.py:508} INFO - Filling up the DagBag from /opt/conda/lib/python3.8/site-packages/airflow/example_dags/tutorial_taskflow_api_etl.py
[2025-02-14 14:07:21,189] {processor.py:651} INFO - DAG(s) dict_keys(['tutorial_taskflow_api_etl']) retrieved from /opt/conda/lib/python3.8/site-packages/airflow/example_dags/tutorial_taskflow_api_etl.py
[2025-02-14 14:07:21,198] {logging_mixin.py:115} INFO - [2025-02-14 14:07:21,198] {dag.py:2420} INFO - Sync 1 DAGs
[2025-02-14 14:07:21,209] {logging_mixin.py:115} INFO - [2025-02-14 14:07:21,209] {dag.py:2968} INFO - Setting next_dagrun for tutorial_taskflow_api_etl to None, run_after=None
[2025-02-14 14:07:21,228] {processor.py:161} INFO - Processing /opt/conda/lib/python3.8/site-packages/airflow/example_dags/tutorial_taskflow_api_etl.py took 0.178 seconds
[2025-02-14 14:08:07,514] {processor.py:153} INFO - Started process (PID=2345) to work on /opt/conda/lib/python3.8/site-packages/airflow/example_dags/tutorial_taskflow_api_etl.py
[2025-02-14 14:08:07,515] {processor.py:641} INFO - Processing file /opt/conda/lib/python3.8/site-packages/airflow/example_dags/tutorial_taskflow_api_etl.py for tasks to queue
[2025-02-14 14:08:07,516] {logging_mixin.py:115} INFO - [2025-02-14 14:08:07,516] {dagbag.py:508} INFO - Filling up the DagBag from /opt/conda/lib/python3.8/site-packages/airflow/example_dags/tutorial_taskflow_api_etl.py
[2025-02-14 14:08:07,664] {processor.py:651} INFO - DAG(s) dict_keys(['tutorial_taskflow_api_etl']) retrieved from /opt/conda/lib/python3.8/site-packages/airflow/example_dags/tutorial_taskflow_api_etl.py
[2025-02-14 14:08:07,672] {logging_mixin.py:115} INFO - [2025-02-14 14:08:07,672] {dag.py:2420} INFO - Sync 1 DAGs
[2025-02-14 14:08:07,683] {logging_mixin.py:115} INFO - [2025-02-14 14:08:07,683] {dag.py:2968} INFO - Setting next_dagrun for tutorial_taskflow_api_etl to None, run_after=None
[2025-02-14 14:08:07,702] {processor.py:161} INFO - Processing /opt/conda/lib/python3.8/site-packages/airflow/example_dags/tutorial_taskflow_api_etl.py took 0.191 seconds
[2025-02-14 14:09:39,130] {processor.py:153} INFO - Started process (PID=2449) to work on /opt/conda/lib/python3.8/site-packages/airflow/example_dags/tutorial_taskflow_api_etl.py
[2025-02-14 14:09:39,131] {processor.py:641} INFO - Processing file /opt/conda/lib/python3.8/site-packages/airflow/example_dags/tutorial_taskflow_api_etl.py for tasks to queue
[2025-02-14 14:09:39,132] {logging_mixin.py:115} INFO - [2025-02-14 14:09:39,131] {dagbag.py:508} INFO - Filling up the DagBag from /opt/conda/lib/python3.8/site-packages/airflow/example_dags/tutorial_taskflow_api_etl.py
[2025-02-14 14:09:39,268] {processor.py:651} INFO - DAG(s) dict_keys(['tutorial_taskflow_api_etl']) retrieved from /opt/conda/lib/python3.8/site-packages/airflow/example_dags/tutorial_taskflow_api_etl.py
[2025-02-14 14:09:39,297] {logging_mixin.py:115} INFO - [2025-02-14 14:09:39,297] {dag.py:2420} INFO - Sync 1 DAGs
[2025-02-14 14:09:39,307] {logging_mixin.py:115} INFO - [2025-02-14 14:09:39,307] {dag.py:2968} INFO - Setting next_dagrun for tutorial_taskflow_api_etl to None, run_after=None
[2025-02-14 14:09:39,330] {processor.py:161} INFO - Processing /opt/conda/lib/python3.8/site-packages/airflow/example_dags/tutorial_taskflow_api_etl.py took 0.203 seconds
[2025-02-14 14:10:33,298] {processor.py:153} INFO - Started process (PID=2496) to work on /opt/conda/lib/python3.8/site-packages/airflow/example_dags/tutorial_taskflow_api_etl.py
[2025-02-14 14:10:33,299] {processor.py:641} INFO - Processing file /opt/conda/lib/python3.8/site-packages/airflow/example_dags/tutorial_taskflow_api_etl.py for tasks to queue
[2025-02-14 14:10:33,300] {logging_mixin.py:115} INFO - [2025-02-14 14:10:33,300] {dagbag.py:508} INFO - Filling up the DagBag from /opt/conda/lib/python3.8/site-packages/airflow/example_dags/tutorial_taskflow_api_etl.py
[2025-02-14 14:10:33,433] {processor.py:651} INFO - DAG(s) dict_keys(['tutorial_taskflow_api_etl']) retrieved from /opt/conda/lib/python3.8/site-packages/airflow/example_dags/tutorial_taskflow_api_etl.py
[2025-02-14 14:10:33,442] {logging_mixin.py:115} INFO - [2025-02-14 14:10:33,442] {dag.py:2420} INFO - Sync 1 DAGs
[2025-02-14 14:10:33,453] {logging_mixin.py:115} INFO - [2025-02-14 14:10:33,453] {dag.py:2968} INFO - Setting next_dagrun for tutorial_taskflow_api_etl to None, run_after=None
[2025-02-14 14:10:33,472] {processor.py:161} INFO - Processing /opt/conda/lib/python3.8/site-packages/airflow/example_dags/tutorial_taskflow_api_etl.py took 0.177 seconds
[2025-02-14 14:11:21,747] {processor.py:153} INFO - Started process (PID=2539) to work on /opt/conda/lib/python3.8/site-packages/airflow/example_dags/tutorial_taskflow_api_etl.py
[2025-02-14 14:11:21,748] {processor.py:641} INFO - Processing file /opt/conda/lib/python3.8/site-packages/airflow/example_dags/tutorial_taskflow_api_etl.py for tasks to queue
[2025-02-14 14:11:21,749] {logging_mixin.py:115} INFO - [2025-02-14 14:11:21,749] {dagbag.py:508} INFO - Filling up the DagBag from /opt/conda/lib/python3.8/site-packages/airflow/example_dags/tutorial_taskflow_api_etl.py
[2025-02-14 14:11:21,957] {processor.py:651} INFO - DAG(s) dict_keys(['tutorial_taskflow_api_etl']) retrieved from /opt/conda/lib/python3.8/site-packages/airflow/example_dags/tutorial_taskflow_api_etl.py
[2025-02-14 14:11:21,970] {logging_mixin.py:115} INFO - [2025-02-14 14:11:21,970] {dag.py:2420} INFO - Sync 1 DAGs
[2025-02-14 14:11:21,988] {logging_mixin.py:115} INFO - [2025-02-14 14:11:21,988] {dag.py:2968} INFO - Setting next_dagrun for tutorial_taskflow_api_etl to None, run_after=None
[2025-02-14 14:11:22,015] {processor.py:161} INFO - Processing /opt/conda/lib/python3.8/site-packages/airflow/example_dags/tutorial_taskflow_api_etl.py took 0.272 seconds
[2025-02-14 14:12:05,777] {processor.py:153} INFO - Started process (PID=2593) to work on /opt/conda/lib/python3.8/site-packages/airflow/example_dags/tutorial_taskflow_api_etl.py
[2025-02-14 14:12:05,778] {processor.py:641} INFO - Processing file /opt/conda/lib/python3.8/site-packages/airflow/example_dags/tutorial_taskflow_api_etl.py for tasks to queue
[2025-02-14 14:12:05,779] {logging_mixin.py:115} INFO - [2025-02-14 14:12:05,779] {dagbag.py:508} INFO - Filling up the DagBag from /opt/conda/lib/python3.8/site-packages/airflow/example_dags/tutorial_taskflow_api_etl.py
[2025-02-14 14:12:05,913] {processor.py:651} INFO - DAG(s) dict_keys(['tutorial_taskflow_api_etl']) retrieved from /opt/conda/lib/python3.8/site-packages/airflow/example_dags/tutorial_taskflow_api_etl.py
[2025-02-14 14:12:05,922] {logging_mixin.py:115} INFO - [2025-02-14 14:12:05,922] {dag.py:2420} INFO - Sync 1 DAGs
[2025-02-14 14:12:05,933] {logging_mixin.py:115} INFO - [2025-02-14 14:12:05,933] {dag.py:2968} INFO - Setting next_dagrun for tutorial_taskflow_api_etl to None, run_after=None
[2025-02-14 14:12:05,953] {processor.py:161} INFO - Processing /opt/conda/lib/python3.8/site-packages/airflow/example_dags/tutorial_taskflow_api_etl.py took 0.179 seconds
[2025-02-14 14:12:57,965] {processor.py:153} INFO - Started process (PID=2671) to work on /opt/conda/lib/python3.8/site-packages/airflow/example_dags/tutorial_taskflow_api_etl.py
[2025-02-14 14:12:57,966] {processor.py:641} INFO - Processing file /opt/conda/lib/python3.8/site-packages/airflow/example_dags/tutorial_taskflow_api_etl.py for tasks to queue
[2025-02-14 14:12:57,967] {logging_mixin.py:115} INFO - [2025-02-14 14:12:57,967] {dagbag.py:508} INFO - Filling up the DagBag from /opt/conda/lib/python3.8/site-packages/airflow/example_dags/tutorial_taskflow_api_etl.py
[2025-02-14 14:12:58,104] {processor.py:651} INFO - DAG(s) dict_keys(['tutorial_taskflow_api_etl']) retrieved from /opt/conda/lib/python3.8/site-packages/airflow/example_dags/tutorial_taskflow_api_etl.py
[2025-02-14 14:12:58,113] {logging_mixin.py:115} INFO - [2025-02-14 14:12:58,113] {dag.py:2420} INFO - Sync 1 DAGs
[2025-02-14 14:12:58,125] {logging_mixin.py:115} INFO - [2025-02-14 14:12:58,125] {dag.py:2968} INFO - Setting next_dagrun for tutorial_taskflow_api_etl to None, run_after=None
[2025-02-14 14:12:58,142] {processor.py:161} INFO - Processing /opt/conda/lib/python3.8/site-packages/airflow/example_dags/tutorial_taskflow_api_etl.py took 0.181 seconds
[2025-02-14 14:13:41,097] {processor.py:153} INFO - Started process (PID=2725) to work on /opt/conda/lib/python3.8/site-packages/airflow/example_dags/tutorial_taskflow_api_etl.py
[2025-02-14 14:13:41,100] {processor.py:641} INFO - Processing file /opt/conda/lib/python3.8/site-packages/airflow/example_dags/tutorial_taskflow_api_etl.py for tasks to queue
[2025-02-14 14:13:41,100] {logging_mixin.py:115} INFO - [2025-02-14 14:13:41,100] {dagbag.py:508} INFO - Filling up the DagBag from /opt/conda/lib/python3.8/site-packages/airflow/example_dags/tutorial_taskflow_api_etl.py
[2025-02-14 14:13:41,242] {processor.py:651} INFO - DAG(s) dict_keys(['tutorial_taskflow_api_etl']) retrieved from /opt/conda/lib/python3.8/site-packages/airflow/example_dags/tutorial_taskflow_api_etl.py
[2025-02-14 14:13:41,251] {logging_mixin.py:115} INFO - [2025-02-14 14:13:41,251] {dag.py:2420} INFO - Sync 1 DAGs
[2025-02-14 14:13:41,263] {logging_mixin.py:115} INFO - [2025-02-14 14:13:41,262] {dag.py:2968} INFO - Setting next_dagrun for tutorial_taskflow_api_etl to None, run_after=None
[2025-02-14 14:13:41,281] {processor.py:161} INFO - Processing /opt/conda/lib/python3.8/site-packages/airflow/example_dags/tutorial_taskflow_api_etl.py took 0.187 seconds
[2025-02-14 14:14:23,185] {processor.py:153} INFO - Started process (PID=2779) to work on /opt/conda/lib/python3.8/site-packages/airflow/example_dags/tutorial_taskflow_api_etl.py
[2025-02-14 14:14:23,192] {processor.py:641} INFO - Processing file /opt/conda/lib/python3.8/site-packages/airflow/example_dags/tutorial_taskflow_api_etl.py for tasks to queue
[2025-02-14 14:14:23,193] {logging_mixin.py:115} INFO - [2025-02-14 14:14:23,192] {dagbag.py:508} INFO - Filling up the DagBag from /opt/conda/lib/python3.8/site-packages/airflow/example_dags/tutorial_taskflow_api_etl.py
[2025-02-14 14:14:23,209] {processor.py:651} INFO - DAG(s) dict_keys(['tutorial_taskflow_api_etl']) retrieved from /opt/conda/lib/python3.8/site-packages/airflow/example_dags/tutorial_taskflow_api_etl.py
[2025-02-14 14:14:23,245] {logging_mixin.py:115} INFO - [2025-02-14 14:14:23,245] {dag.py:2420} INFO - Sync 1 DAGs
[2025-02-14 14:14:23,258] {logging_mixin.py:115} INFO - [2025-02-14 14:14:23,258] {dag.py:2968} INFO - Setting next_dagrun for tutorial_taskflow_api_etl to None, run_after=None
[2025-02-14 14:14:23,279] {processor.py:161} INFO - Processing /opt/conda/lib/python3.8/site-packages/airflow/example_dags/tutorial_taskflow_api_etl.py took 0.096 seconds
[2025-02-14 14:15:05,632] {processor.py:153} INFO - Started process (PID=2835) to work on /opt/conda/lib/python3.8/site-packages/airflow/example_dags/tutorial_taskflow_api_etl.py
[2025-02-14 14:15:05,634] {processor.py:641} INFO - Processing file /opt/conda/lib/python3.8/site-packages/airflow/example_dags/tutorial_taskflow_api_etl.py for tasks to queue
[2025-02-14 14:15:05,634] {logging_mixin.py:115} INFO - [2025-02-14 14:15:05,634] {dagbag.py:508} INFO - Filling up the DagBag from /opt/conda/lib/python3.8/site-packages/airflow/example_dags/tutorial_taskflow_api_etl.py
[2025-02-14 14:15:05,652] {processor.py:651} INFO - DAG(s) dict_keys(['tutorial_taskflow_api_etl']) retrieved from /opt/conda/lib/python3.8/site-packages/airflow/example_dags/tutorial_taskflow_api_etl.py
[2025-02-14 14:15:05,692] {logging_mixin.py:115} INFO - [2025-02-14 14:15:05,692] {dag.py:2420} INFO - Sync 1 DAGs
[2025-02-14 14:15:05,705] {logging_mixin.py:115} INFO - [2025-02-14 14:15:05,705] {dag.py:2968} INFO - Setting next_dagrun for tutorial_taskflow_api_etl to None, run_after=None
[2025-02-14 14:15:05,726] {processor.py:161} INFO - Processing /opt/conda/lib/python3.8/site-packages/airflow/example_dags/tutorial_taskflow_api_etl.py took 0.097 seconds
[2025-02-14 14:15:47,185] {processor.py:153} INFO - Started process (PID=2898) to work on /opt/conda/lib/python3.8/site-packages/airflow/example_dags/tutorial_taskflow_api_etl.py
[2025-02-14 14:15:47,187] {processor.py:641} INFO - Processing file /opt/conda/lib/python3.8/site-packages/airflow/example_dags/tutorial_taskflow_api_etl.py for tasks to queue
[2025-02-14 14:15:47,188] {logging_mixin.py:115} INFO - [2025-02-14 14:15:47,188] {dagbag.py:508} INFO - Filling up the DagBag from /opt/conda/lib/python3.8/site-packages/airflow/example_dags/tutorial_taskflow_api_etl.py
[2025-02-14 14:15:47,205] {processor.py:651} INFO - DAG(s) dict_keys(['tutorial_taskflow_api_etl']) retrieved from /opt/conda/lib/python3.8/site-packages/airflow/example_dags/tutorial_taskflow_api_etl.py
[2025-02-14 14:15:47,250] {logging_mixin.py:115} INFO - [2025-02-14 14:15:47,249] {dag.py:2420} INFO - Sync 1 DAGs
[2025-02-14 14:15:47,263] {logging_mixin.py:115} INFO - [2025-02-14 14:15:47,262] {dag.py:2968} INFO - Setting next_dagrun for tutorial_taskflow_api_etl to None, run_after=None
[2025-02-14 14:15:47,284] {processor.py:161} INFO - Processing /opt/conda/lib/python3.8/site-packages/airflow/example_dags/tutorial_taskflow_api_etl.py took 0.102 seconds
[2025-02-14 14:17:07,208] {processor.py:153} INFO - Started process (PID=3026) to work on /opt/conda/lib/python3.8/site-packages/airflow/example_dags/tutorial_taskflow_api_etl.py
[2025-02-14 14:17:07,210] {processor.py:641} INFO - Processing file /opt/conda/lib/python3.8/site-packages/airflow/example_dags/tutorial_taskflow_api_etl.py for tasks to queue
[2025-02-14 14:17:07,211] {logging_mixin.py:115} INFO - [2025-02-14 14:17:07,210] {dagbag.py:508} INFO - Filling up the DagBag from /opt/conda/lib/python3.8/site-packages/airflow/example_dags/tutorial_taskflow_api_etl.py
[2025-02-14 14:17:07,364] {processor.py:651} INFO - DAG(s) dict_keys(['tutorial_taskflow_api_etl']) retrieved from /opt/conda/lib/python3.8/site-packages/airflow/example_dags/tutorial_taskflow_api_etl.py
[2025-02-14 14:17:07,686] {logging_mixin.py:115} INFO - [2025-02-14 14:17:07,686] {dag.py:2420} INFO - Sync 1 DAGs
[2025-02-14 14:17:07,785] {logging_mixin.py:115} INFO - [2025-02-14 14:17:07,785] {dag.py:2968} INFO - Setting next_dagrun for tutorial_taskflow_api_etl to None, run_after=None
[2025-02-14 14:17:07,852] {processor.py:161} INFO - Processing /opt/conda/lib/python3.8/site-packages/airflow/example_dags/tutorial_taskflow_api_etl.py took 0.647 seconds
[2025-02-14 14:17:54,825] {processor.py:153} INFO - Started process (PID=3098) to work on /opt/conda/lib/python3.8/site-packages/airflow/example_dags/tutorial_taskflow_api_etl.py
[2025-02-14 14:17:54,826] {processor.py:641} INFO - Processing file /opt/conda/lib/python3.8/site-packages/airflow/example_dags/tutorial_taskflow_api_etl.py for tasks to queue
[2025-02-14 14:17:54,827] {logging_mixin.py:115} INFO - [2025-02-14 14:17:54,827] {dagbag.py:508} INFO - Filling up the DagBag from /opt/conda/lib/python3.8/site-packages/airflow/example_dags/tutorial_taskflow_api_etl.py
[2025-02-14 14:17:54,961] {processor.py:651} INFO - DAG(s) dict_keys(['tutorial_taskflow_api_etl']) retrieved from /opt/conda/lib/python3.8/site-packages/airflow/example_dags/tutorial_taskflow_api_etl.py
[2025-02-14 14:17:54,970] {logging_mixin.py:115} INFO - [2025-02-14 14:17:54,970] {dag.py:2420} INFO - Sync 1 DAGs
[2025-02-14 14:17:54,981] {logging_mixin.py:115} INFO - [2025-02-14 14:17:54,981] {dag.py:2968} INFO - Setting next_dagrun for tutorial_taskflow_api_etl to None, run_after=None
[2025-02-14 14:17:55,000] {processor.py:161} INFO - Processing /opt/conda/lib/python3.8/site-packages/airflow/example_dags/tutorial_taskflow_api_etl.py took 0.178 seconds
[2025-02-14 14:21:10,896] {processor.py:153} INFO - Started process (PID=3310) to work on /opt/conda/lib/python3.8/site-packages/airflow/example_dags/tutorial_taskflow_api_etl.py
[2025-02-14 14:21:10,898] {processor.py:641} INFO - Processing file /opt/conda/lib/python3.8/site-packages/airflow/example_dags/tutorial_taskflow_api_etl.py for tasks to queue
[2025-02-14 14:21:10,898] {logging_mixin.py:115} INFO - [2025-02-14 14:21:10,898] {dagbag.py:508} INFO - Filling up the DagBag from /opt/conda/lib/python3.8/site-packages/airflow/example_dags/tutorial_taskflow_api_etl.py
[2025-02-14 14:21:11,049] {processor.py:651} INFO - DAG(s) dict_keys(['tutorial_taskflow_api_etl']) retrieved from /opt/conda/lib/python3.8/site-packages/airflow/example_dags/tutorial_taskflow_api_etl.py
[2025-02-14 14:21:11,078] {logging_mixin.py:115} INFO - [2025-02-14 14:21:11,078] {dag.py:2420} INFO - Sync 1 DAGs
[2025-02-14 14:21:11,089] {logging_mixin.py:115} INFO - [2025-02-14 14:21:11,089] {dag.py:2968} INFO - Setting next_dagrun for tutorial_taskflow_api_etl to None, run_after=None
[2025-02-14 14:21:11,112] {processor.py:161} INFO - Processing /opt/conda/lib/python3.8/site-packages/airflow/example_dags/tutorial_taskflow_api_etl.py took 0.219 seconds
[2025-02-14 14:21:58,438] {processor.py:153} INFO - Started process (PID=3374) to work on /opt/conda/lib/python3.8/site-packages/airflow/example_dags/tutorial_taskflow_api_etl.py
[2025-02-14 14:21:58,439] {processor.py:641} INFO - Processing file /opt/conda/lib/python3.8/site-packages/airflow/example_dags/tutorial_taskflow_api_etl.py for tasks to queue
[2025-02-14 14:21:58,440] {logging_mixin.py:115} INFO - [2025-02-14 14:21:58,440] {dagbag.py:508} INFO - Filling up the DagBag from /opt/conda/lib/python3.8/site-packages/airflow/example_dags/tutorial_taskflow_api_etl.py
[2025-02-14 14:21:58,597] {processor.py:651} INFO - DAG(s) dict_keys(['tutorial_taskflow_api_etl']) retrieved from /opt/conda/lib/python3.8/site-packages/airflow/example_dags/tutorial_taskflow_api_etl.py
[2025-02-14 14:21:58,606] {logging_mixin.py:115} INFO - [2025-02-14 14:21:58,606] {dag.py:2420} INFO - Sync 1 DAGs
[2025-02-14 14:21:58,617] {logging_mixin.py:115} INFO - [2025-02-14 14:21:58,617] {dag.py:2968} INFO - Setting next_dagrun for tutorial_taskflow_api_etl to None, run_after=None
[2025-02-14 14:21:58,637] {processor.py:161} INFO - Processing /opt/conda/lib/python3.8/site-packages/airflow/example_dags/tutorial_taskflow_api_etl.py took 0.202 seconds
[2025-02-14 14:22:45,281] {processor.py:153} INFO - Started process (PID=3438) to work on /opt/conda/lib/python3.8/site-packages/airflow/example_dags/tutorial_taskflow_api_etl.py
[2025-02-14 14:22:45,282] {processor.py:641} INFO - Processing file /opt/conda/lib/python3.8/site-packages/airflow/example_dags/tutorial_taskflow_api_etl.py for tasks to queue
[2025-02-14 14:22:45,283] {logging_mixin.py:115} INFO - [2025-02-14 14:22:45,283] {dagbag.py:508} INFO - Filling up the DagBag from /opt/conda/lib/python3.8/site-packages/airflow/example_dags/tutorial_taskflow_api_etl.py
[2025-02-14 14:22:45,435] {processor.py:651} INFO - DAG(s) dict_keys(['tutorial_taskflow_api_etl']) retrieved from /opt/conda/lib/python3.8/site-packages/airflow/example_dags/tutorial_taskflow_api_etl.py
[2025-02-14 14:22:45,444] {logging_mixin.py:115} INFO - [2025-02-14 14:22:45,444] {dag.py:2420} INFO - Sync 1 DAGs
[2025-02-14 14:22:45,456] {logging_mixin.py:115} INFO - [2025-02-14 14:22:45,456] {dag.py:2968} INFO - Setting next_dagrun for tutorial_taskflow_api_etl to None, run_after=None
[2025-02-14 14:22:45,475] {processor.py:161} INFO - Processing /opt/conda/lib/python3.8/site-packages/airflow/example_dags/tutorial_taskflow_api_etl.py took 0.197 seconds
[2025-02-14 14:23:58,101] {processor.py:153} INFO - Started process (PID=3566) to work on /opt/conda/lib/python3.8/site-packages/airflow/example_dags/tutorial_taskflow_api_etl.py
[2025-02-14 14:23:58,103] {processor.py:641} INFO - Processing file /opt/conda/lib/python3.8/site-packages/airflow/example_dags/tutorial_taskflow_api_etl.py for tasks to queue
[2025-02-14 14:23:58,103] {logging_mixin.py:115} INFO - [2025-02-14 14:23:58,103] {dagbag.py:508} INFO - Filling up the DagBag from /opt/conda/lib/python3.8/site-packages/airflow/example_dags/tutorial_taskflow_api_etl.py
[2025-02-14 14:23:58,239] {processor.py:651} INFO - DAG(s) dict_keys(['tutorial_taskflow_api_etl']) retrieved from /opt/conda/lib/python3.8/site-packages/airflow/example_dags/tutorial_taskflow_api_etl.py
[2025-02-14 14:23:58,268] {logging_mixin.py:115} INFO - [2025-02-14 14:23:58,268] {dag.py:2420} INFO - Sync 1 DAGs
[2025-02-14 14:23:58,279] {logging_mixin.py:115} INFO - [2025-02-14 14:23:58,279] {dag.py:2968} INFO - Setting next_dagrun for tutorial_taskflow_api_etl to None, run_after=None
[2025-02-14 14:23:58,300] {processor.py:161} INFO - Processing /opt/conda/lib/python3.8/site-packages/airflow/example_dags/tutorial_taskflow_api_etl.py took 0.202 seconds
[2025-02-14 14:24:49,476] {processor.py:153} INFO - Started process (PID=3643) to work on /opt/conda/lib/python3.8/site-packages/airflow/example_dags/tutorial_taskflow_api_etl.py
[2025-02-14 14:24:49,477] {processor.py:641} INFO - Processing file /opt/conda/lib/python3.8/site-packages/airflow/example_dags/tutorial_taskflow_api_etl.py for tasks to queue
[2025-02-14 14:24:49,478] {logging_mixin.py:115} INFO - [2025-02-14 14:24:49,478] {dagbag.py:508} INFO - Filling up the DagBag from /opt/conda/lib/python3.8/site-packages/airflow/example_dags/tutorial_taskflow_api_etl.py
[2025-02-14 14:24:49,615] {processor.py:651} INFO - DAG(s) dict_keys(['tutorial_taskflow_api_etl']) retrieved from /opt/conda/lib/python3.8/site-packages/airflow/example_dags/tutorial_taskflow_api_etl.py
[2025-02-14 14:24:49,625] {logging_mixin.py:115} INFO - [2025-02-14 14:24:49,625] {dag.py:2420} INFO - Sync 1 DAGs
[2025-02-14 14:24:49,636] {logging_mixin.py:115} INFO - [2025-02-14 14:24:49,636] {dag.py:2968} INFO - Setting next_dagrun for tutorial_taskflow_api_etl to None, run_after=None
[2025-02-14 14:24:49,657] {processor.py:161} INFO - Processing /opt/conda/lib/python3.8/site-packages/airflow/example_dags/tutorial_taskflow_api_etl.py took 0.183 seconds
[2025-02-14 14:25:38,124] {processor.py:153} INFO - Started process (PID=3700) to work on /opt/conda/lib/python3.8/site-packages/airflow/example_dags/tutorial_taskflow_api_etl.py
[2025-02-14 14:25:38,127] {processor.py:641} INFO - Processing file /opt/conda/lib/python3.8/site-packages/airflow/example_dags/tutorial_taskflow_api_etl.py for tasks to queue
[2025-02-14 14:25:38,127] {logging_mixin.py:115} INFO - [2025-02-14 14:25:38,127] {dagbag.py:508} INFO - Filling up the DagBag from /opt/conda/lib/python3.8/site-packages/airflow/example_dags/tutorial_taskflow_api_etl.py
[2025-02-14 14:25:38,263] {processor.py:651} INFO - DAG(s) dict_keys(['tutorial_taskflow_api_etl']) retrieved from /opt/conda/lib/python3.8/site-packages/airflow/example_dags/tutorial_taskflow_api_etl.py
[2025-02-14 14:25:38,272] {logging_mixin.py:115} INFO - [2025-02-14 14:25:38,272] {dag.py:2420} INFO - Sync 1 DAGs
[2025-02-14 14:25:38,283] {logging_mixin.py:115} INFO - [2025-02-14 14:25:38,283] {dag.py:2968} INFO - Setting next_dagrun for tutorial_taskflow_api_etl to None, run_after=None
[2025-02-14 14:25:38,303] {processor.py:161} INFO - Processing /opt/conda/lib/python3.8/site-packages/airflow/example_dags/tutorial_taskflow_api_etl.py took 0.181 seconds
[2025-02-14 14:26:22,393] {processor.py:153} INFO - Started process (PID=3754) to work on /opt/conda/lib/python3.8/site-packages/airflow/example_dags/tutorial_taskflow_api_etl.py
[2025-02-14 14:26:22,395] {processor.py:641} INFO - Processing file /opt/conda/lib/python3.8/site-packages/airflow/example_dags/tutorial_taskflow_api_etl.py for tasks to queue
[2025-02-14 14:26:22,395] {logging_mixin.py:115} INFO - [2025-02-14 14:26:22,395] {dagbag.py:508} INFO - Filling up the DagBag from /opt/conda/lib/python3.8/site-packages/airflow/example_dags/tutorial_taskflow_api_etl.py
[2025-02-14 14:26:22,529] {processor.py:651} INFO - DAG(s) dict_keys(['tutorial_taskflow_api_etl']) retrieved from /opt/conda/lib/python3.8/site-packages/airflow/example_dags/tutorial_taskflow_api_etl.py
[2025-02-14 14:26:22,538] {logging_mixin.py:115} INFO - [2025-02-14 14:26:22,537] {dag.py:2420} INFO - Sync 1 DAGs
[2025-02-14 14:26:22,549] {logging_mixin.py:115} INFO - [2025-02-14 14:26:22,549] {dag.py:2968} INFO - Setting next_dagrun for tutorial_taskflow_api_etl to None, run_after=None
[2025-02-14 14:26:22,567] {processor.py:161} INFO - Processing /opt/conda/lib/python3.8/site-packages/airflow/example_dags/tutorial_taskflow_api_etl.py took 0.177 seconds
[2025-02-14 14:27:17,792] {processor.py:153} INFO - Started process (PID=3818) to work on /opt/conda/lib/python3.8/site-packages/airflow/example_dags/tutorial_taskflow_api_etl.py
[2025-02-14 14:27:17,855] {processor.py:641} INFO - Processing file /opt/conda/lib/python3.8/site-packages/airflow/example_dags/tutorial_taskflow_api_etl.py for tasks to queue
[2025-02-14 14:27:17,856] {logging_mixin.py:115} INFO - [2025-02-14 14:27:17,856] {dagbag.py:508} INFO - Filling up the DagBag from /opt/conda/lib/python3.8/site-packages/airflow/example_dags/tutorial_taskflow_api_etl.py
[2025-02-14 14:27:17,993] {processor.py:651} INFO - DAG(s) dict_keys(['tutorial_taskflow_api_etl']) retrieved from /opt/conda/lib/python3.8/site-packages/airflow/example_dags/tutorial_taskflow_api_etl.py
[2025-02-14 14:27:18,002] {logging_mixin.py:115} INFO - [2025-02-14 14:27:18,002] {dag.py:2420} INFO - Sync 1 DAGs
[2025-02-14 14:27:18,014] {logging_mixin.py:115} INFO - [2025-02-14 14:27:18,013] {dag.py:2968} INFO - Setting next_dagrun for tutorial_taskflow_api_etl to None, run_after=None
[2025-02-14 14:27:18,032] {processor.py:161} INFO - Processing /opt/conda/lib/python3.8/site-packages/airflow/example_dags/tutorial_taskflow_api_etl.py took 0.242 seconds
[2025-02-14 14:28:05,118] {processor.py:153} INFO - Started process (PID=3873) to work on /opt/conda/lib/python3.8/site-packages/airflow/example_dags/tutorial_taskflow_api_etl.py
[2025-02-14 14:28:05,119] {processor.py:641} INFO - Processing file /opt/conda/lib/python3.8/site-packages/airflow/example_dags/tutorial_taskflow_api_etl.py for tasks to queue
[2025-02-14 14:28:05,119] {logging_mixin.py:115} INFO - [2025-02-14 14:28:05,119] {dagbag.py:508} INFO - Filling up the DagBag from /opt/conda/lib/python3.8/site-packages/airflow/example_dags/tutorial_taskflow_api_etl.py
[2025-02-14 14:28:05,253] {processor.py:651} INFO - DAG(s) dict_keys(['tutorial_taskflow_api_etl']) retrieved from /opt/conda/lib/python3.8/site-packages/airflow/example_dags/tutorial_taskflow_api_etl.py
[2025-02-14 14:28:05,262] {logging_mixin.py:115} INFO - [2025-02-14 14:28:05,262] {dag.py:2420} INFO - Sync 1 DAGs
[2025-02-14 14:28:05,273] {logging_mixin.py:115} INFO - [2025-02-14 14:28:05,273] {dag.py:2968} INFO - Setting next_dagrun for tutorial_taskflow_api_etl to None, run_after=None
[2025-02-14 14:28:05,292] {processor.py:161} INFO - Processing /opt/conda/lib/python3.8/site-packages/airflow/example_dags/tutorial_taskflow_api_etl.py took 0.177 seconds
[2025-02-14 14:28:50,258] {processor.py:153} INFO - Started process (PID=3936) to work on /opt/conda/lib/python3.8/site-packages/airflow/example_dags/tutorial_taskflow_api_etl.py
[2025-02-14 14:28:50,259] {processor.py:641} INFO - Processing file /opt/conda/lib/python3.8/site-packages/airflow/example_dags/tutorial_taskflow_api_etl.py for tasks to queue
[2025-02-14 14:28:50,260] {logging_mixin.py:115} INFO - [2025-02-14 14:28:50,259] {dagbag.py:508} INFO - Filling up the DagBag from /opt/conda/lib/python3.8/site-packages/airflow/example_dags/tutorial_taskflow_api_etl.py
[2025-02-14 14:28:50,277] {processor.py:651} INFO - DAG(s) dict_keys(['tutorial_taskflow_api_etl']) retrieved from /opt/conda/lib/python3.8/site-packages/airflow/example_dags/tutorial_taskflow_api_etl.py
[2025-02-14 14:28:50,321] {logging_mixin.py:115} INFO - [2025-02-14 14:28:50,321] {dag.py:2420} INFO - Sync 1 DAGs
[2025-02-14 14:28:50,337] {logging_mixin.py:115} INFO - [2025-02-14 14:28:50,337] {dag.py:2968} INFO - Setting next_dagrun for tutorial_taskflow_api_etl to None, run_after=None
[2025-02-14 14:28:50,359] {processor.py:161} INFO - Processing /opt/conda/lib/python3.8/site-packages/airflow/example_dags/tutorial_taskflow_api_etl.py took 0.104 seconds
[2025-02-14 14:29:33,689] {processor.py:153} INFO - Started process (PID=4002) to work on /opt/conda/lib/python3.8/site-packages/airflow/example_dags/tutorial_taskflow_api_etl.py
[2025-02-14 14:29:33,728] {processor.py:641} INFO - Processing file /opt/conda/lib/python3.8/site-packages/airflow/example_dags/tutorial_taskflow_api_etl.py for tasks to queue
[2025-02-14 14:29:33,729] {logging_mixin.py:115} INFO - [2025-02-14 14:29:33,729] {dagbag.py:508} INFO - Filling up the DagBag from /opt/conda/lib/python3.8/site-packages/airflow/example_dags/tutorial_taskflow_api_etl.py
[2025-02-14 14:29:33,746] {processor.py:651} INFO - DAG(s) dict_keys(['tutorial_taskflow_api_etl']) retrieved from /opt/conda/lib/python3.8/site-packages/airflow/example_dags/tutorial_taskflow_api_etl.py
[2025-02-14 14:29:33,791] {logging_mixin.py:115} INFO - [2025-02-14 14:29:33,791] {dag.py:2420} INFO - Sync 1 DAGs
[2025-02-14 14:29:33,805] {logging_mixin.py:115} INFO - [2025-02-14 14:29:33,805] {dag.py:2968} INFO - Setting next_dagrun for tutorial_taskflow_api_etl to None, run_after=None
[2025-02-14 14:29:33,826] {processor.py:161} INFO - Processing /opt/conda/lib/python3.8/site-packages/airflow/example_dags/tutorial_taskflow_api_etl.py took 0.140 seconds
[2025-02-14 14:30:16,697] {processor.py:153} INFO - Started process (PID=4059) to work on /opt/conda/lib/python3.8/site-packages/airflow/example_dags/tutorial_taskflow_api_etl.py
[2025-02-14 14:30:16,698] {processor.py:641} INFO - Processing file /opt/conda/lib/python3.8/site-packages/airflow/example_dags/tutorial_taskflow_api_etl.py for tasks to queue
[2025-02-14 14:30:16,698] {logging_mixin.py:115} INFO - [2025-02-14 14:30:16,698] {dagbag.py:508} INFO - Filling up the DagBag from /opt/conda/lib/python3.8/site-packages/airflow/example_dags/tutorial_taskflow_api_etl.py
[2025-02-14 14:30:16,715] {processor.py:651} INFO - DAG(s) dict_keys(['tutorial_taskflow_api_etl']) retrieved from /opt/conda/lib/python3.8/site-packages/airflow/example_dags/tutorial_taskflow_api_etl.py
[2025-02-14 14:30:16,750] {logging_mixin.py:115} INFO - [2025-02-14 14:30:16,750] {dag.py:2420} INFO - Sync 1 DAGs
[2025-02-14 14:30:16,763] {logging_mixin.py:115} INFO - [2025-02-14 14:30:16,763] {dag.py:2968} INFO - Setting next_dagrun for tutorial_taskflow_api_etl to None, run_after=None
[2025-02-14 14:30:16,783] {processor.py:161} INFO - Processing /opt/conda/lib/python3.8/site-packages/airflow/example_dags/tutorial_taskflow_api_etl.py took 0.090 seconds
[2025-02-14 14:30:59,138] {processor.py:153} INFO - Started process (PID=4124) to work on /opt/conda/lib/python3.8/site-packages/airflow/example_dags/tutorial_taskflow_api_etl.py
[2025-02-14 14:30:59,139] {processor.py:641} INFO - Processing file /opt/conda/lib/python3.8/site-packages/airflow/example_dags/tutorial_taskflow_api_etl.py for tasks to queue
[2025-02-14 14:30:59,140] {logging_mixin.py:115} INFO - [2025-02-14 14:30:59,139] {dagbag.py:508} INFO - Filling up the DagBag from /opt/conda/lib/python3.8/site-packages/airflow/example_dags/tutorial_taskflow_api_etl.py
[2025-02-14 14:30:59,157] {processor.py:651} INFO - DAG(s) dict_keys(['tutorial_taskflow_api_etl']) retrieved from /opt/conda/lib/python3.8/site-packages/airflow/example_dags/tutorial_taskflow_api_etl.py
[2025-02-14 14:30:59,172] {logging_mixin.py:115} INFO - [2025-02-14 14:30:59,172] {dag.py:2420} INFO - Sync 1 DAGs
[2025-02-14 14:30:59,190] {logging_mixin.py:115} INFO - [2025-02-14 14:30:59,190] {dag.py:2968} INFO - Setting next_dagrun for tutorial_taskflow_api_etl to None, run_after=None
[2025-02-14 14:30:59,211] {processor.py:161} INFO - Processing /opt/conda/lib/python3.8/site-packages/airflow/example_dags/tutorial_taskflow_api_etl.py took 0.077 seconds
[2025-02-14 14:33:05,780] {processor.py:153} INFO - Started process (PID=4323) to work on /opt/conda/lib/python3.8/site-packages/airflow/example_dags/tutorial_taskflow_api_etl.py
[2025-02-14 14:33:05,782] {processor.py:641} INFO - Processing file /opt/conda/lib/python3.8/site-packages/airflow/example_dags/tutorial_taskflow_api_etl.py for tasks to queue
[2025-02-14 14:33:05,782] {logging_mixin.py:115} INFO - [2025-02-14 14:33:05,782] {dagbag.py:508} INFO - Filling up the DagBag from /opt/conda/lib/python3.8/site-packages/airflow/example_dags/tutorial_taskflow_api_etl.py
[2025-02-14 14:33:05,799] {processor.py:651} INFO - DAG(s) dict_keys(['tutorial_taskflow_api_etl']) retrieved from /opt/conda/lib/python3.8/site-packages/airflow/example_dags/tutorial_taskflow_api_etl.py
[2025-02-14 14:33:05,812] {logging_mixin.py:115} INFO - [2025-02-14 14:33:05,812] {dag.py:2420} INFO - Sync 1 DAGs
[2025-02-14 14:33:05,826] {logging_mixin.py:115} INFO - [2025-02-14 14:33:05,826] {dag.py:2968} INFO - Setting next_dagrun for tutorial_taskflow_api_etl to None, run_after=None
[2025-02-14 14:33:05,845] {processor.py:161} INFO - Processing /opt/conda/lib/python3.8/site-packages/airflow/example_dags/tutorial_taskflow_api_etl.py took 0.068 seconds
[2025-02-14 14:33:53,668] {processor.py:153} INFO - Started process (PID=4397) to work on /opt/conda/lib/python3.8/site-packages/airflow/example_dags/tutorial_taskflow_api_etl.py
[2025-02-14 14:33:53,670] {processor.py:641} INFO - Processing file /opt/conda/lib/python3.8/site-packages/airflow/example_dags/tutorial_taskflow_api_etl.py for tasks to queue
[2025-02-14 14:33:53,670] {logging_mixin.py:115} INFO - [2025-02-14 14:33:53,670] {dagbag.py:508} INFO - Filling up the DagBag from /opt/conda/lib/python3.8/site-packages/airflow/example_dags/tutorial_taskflow_api_etl.py
[2025-02-14 14:33:53,687] {processor.py:651} INFO - DAG(s) dict_keys(['tutorial_taskflow_api_etl']) retrieved from /opt/conda/lib/python3.8/site-packages/airflow/example_dags/tutorial_taskflow_api_etl.py
[2025-02-14 14:33:53,721] {logging_mixin.py:115} INFO - [2025-02-14 14:33:53,721] {dag.py:2420} INFO - Sync 1 DAGs
[2025-02-14 14:33:53,734] {logging_mixin.py:115} INFO - [2025-02-14 14:33:53,734] {dag.py:2968} INFO - Setting next_dagrun for tutorial_taskflow_api_etl to None, run_after=None
[2025-02-14 14:33:53,765] {processor.py:161} INFO - Processing /opt/conda/lib/python3.8/site-packages/airflow/example_dags/tutorial_taskflow_api_etl.py took 0.099 seconds
[2025-02-14 14:34:38,304] {processor.py:153} INFO - Started process (PID=4455) to work on /opt/conda/lib/python3.8/site-packages/airflow/example_dags/tutorial_taskflow_api_etl.py
[2025-02-14 14:34:38,306] {processor.py:641} INFO - Processing file /opt/conda/lib/python3.8/site-packages/airflow/example_dags/tutorial_taskflow_api_etl.py for tasks to queue
[2025-02-14 14:34:38,307] {logging_mixin.py:115} INFO - [2025-02-14 14:34:38,306] {dagbag.py:508} INFO - Filling up the DagBag from /opt/conda/lib/python3.8/site-packages/airflow/example_dags/tutorial_taskflow_api_etl.py
[2025-02-14 14:34:38,324] {processor.py:651} INFO - DAG(s) dict_keys(['tutorial_taskflow_api_etl']) retrieved from /opt/conda/lib/python3.8/site-packages/airflow/example_dags/tutorial_taskflow_api_etl.py
[2025-02-14 14:34:38,360] {logging_mixin.py:115} INFO - [2025-02-14 14:34:38,360] {dag.py:2420} INFO - Sync 1 DAGs
[2025-02-14 14:34:38,372] {logging_mixin.py:115} INFO - [2025-02-14 14:34:38,372] {dag.py:2968} INFO - Setting next_dagrun for tutorial_taskflow_api_etl to None, run_after=None
[2025-02-14 14:34:38,393] {processor.py:161} INFO - Processing /opt/conda/lib/python3.8/site-packages/airflow/example_dags/tutorial_taskflow_api_etl.py took 0.092 seconds
[2025-02-14 14:35:19,090] {processor.py:153} INFO - Started process (PID=4511) to work on /opt/conda/lib/python3.8/site-packages/airflow/example_dags/tutorial_taskflow_api_etl.py
[2025-02-14 14:35:19,091] {processor.py:641} INFO - Processing file /opt/conda/lib/python3.8/site-packages/airflow/example_dags/tutorial_taskflow_api_etl.py for tasks to queue
[2025-02-14 14:35:19,092] {logging_mixin.py:115} INFO - [2025-02-14 14:35:19,091] {dagbag.py:508} INFO - Filling up the DagBag from /opt/conda/lib/python3.8/site-packages/airflow/example_dags/tutorial_taskflow_api_etl.py
[2025-02-14 14:35:19,109] {processor.py:651} INFO - DAG(s) dict_keys(['tutorial_taskflow_api_etl']) retrieved from /opt/conda/lib/python3.8/site-packages/airflow/example_dags/tutorial_taskflow_api_etl.py
[2025-02-14 14:35:19,124] {logging_mixin.py:115} INFO - [2025-02-14 14:35:19,124] {dag.py:2420} INFO - Sync 1 DAGs
[2025-02-14 14:35:19,141] {logging_mixin.py:115} INFO - [2025-02-14 14:35:19,141] {dag.py:2968} INFO - Setting next_dagrun for tutorial_taskflow_api_etl to None, run_after=None
[2025-02-14 14:35:19,163] {processor.py:161} INFO - Processing /opt/conda/lib/python3.8/site-packages/airflow/example_dags/tutorial_taskflow_api_etl.py took 0.077 seconds
[2025-02-14 14:35:59,913] {processor.py:153} INFO - Started process (PID=4565) to work on /opt/conda/lib/python3.8/site-packages/airflow/example_dags/tutorial_taskflow_api_etl.py
[2025-02-14 14:35:59,914] {processor.py:641} INFO - Processing file /opt/conda/lib/python3.8/site-packages/airflow/example_dags/tutorial_taskflow_api_etl.py for tasks to queue
[2025-02-14 14:35:59,915] {logging_mixin.py:115} INFO - [2025-02-14 14:35:59,915] {dagbag.py:508} INFO - Filling up the DagBag from /opt/conda/lib/python3.8/site-packages/airflow/example_dags/tutorial_taskflow_api_etl.py
[2025-02-14 14:35:59,933] {processor.py:651} INFO - DAG(s) dict_keys(['tutorial_taskflow_api_etl']) retrieved from /opt/conda/lib/python3.8/site-packages/airflow/example_dags/tutorial_taskflow_api_etl.py
[2025-02-14 14:35:59,948] {logging_mixin.py:115} INFO - [2025-02-14 14:35:59,948] {dag.py:2420} INFO - Sync 1 DAGs
[2025-02-14 14:35:59,965] {logging_mixin.py:115} INFO - [2025-02-14 14:35:59,965] {dag.py:2968} INFO - Setting next_dagrun for tutorial_taskflow_api_etl to None, run_after=None
[2025-02-14 14:35:59,989] {processor.py:161} INFO - Processing /opt/conda/lib/python3.8/site-packages/airflow/example_dags/tutorial_taskflow_api_etl.py took 0.079 seconds
[2025-02-14 14:36:49,446] {processor.py:153} INFO - Started process (PID=4626) to work on /opt/conda/lib/python3.8/site-packages/airflow/example_dags/tutorial_taskflow_api_etl.py
[2025-02-14 14:36:49,448] {processor.py:641} INFO - Processing file /opt/conda/lib/python3.8/site-packages/airflow/example_dags/tutorial_taskflow_api_etl.py for tasks to queue
[2025-02-14 14:36:49,448] {logging_mixin.py:115} INFO - [2025-02-14 14:36:49,448] {dagbag.py:508} INFO - Filling up the DagBag from /opt/conda/lib/python3.8/site-packages/airflow/example_dags/tutorial_taskflow_api_etl.py
[2025-02-14 14:36:49,464] {processor.py:651} INFO - DAG(s) dict_keys(['tutorial_taskflow_api_etl']) retrieved from /opt/conda/lib/python3.8/site-packages/airflow/example_dags/tutorial_taskflow_api_etl.py
[2025-02-14 14:36:49,484] {logging_mixin.py:115} INFO - [2025-02-14 14:36:49,484] {dag.py:2420} INFO - Sync 1 DAGs
[2025-02-14 14:36:49,576] {logging_mixin.py:115} INFO - [2025-02-14 14:36:49,576] {dag.py:2968} INFO - Setting next_dagrun for tutorial_taskflow_api_etl to None, run_after=None
[2025-02-14 14:36:49,836] {processor.py:161} INFO - Processing /opt/conda/lib/python3.8/site-packages/airflow/example_dags/tutorial_taskflow_api_etl.py took 0.392 seconds
[2025-02-14 14:37:33,517] {processor.py:153} INFO - Started process (PID=4698) to work on /opt/conda/lib/python3.8/site-packages/airflow/example_dags/tutorial_taskflow_api_etl.py
[2025-02-14 14:37:33,519] {processor.py:641} INFO - Processing file /opt/conda/lib/python3.8/site-packages/airflow/example_dags/tutorial_taskflow_api_etl.py for tasks to queue
[2025-02-14 14:37:33,519] {logging_mixin.py:115} INFO - [2025-02-14 14:37:33,519] {dagbag.py:508} INFO - Filling up the DagBag from /opt/conda/lib/python3.8/site-packages/airflow/example_dags/tutorial_taskflow_api_etl.py
[2025-02-14 14:37:33,537] {processor.py:651} INFO - DAG(s) dict_keys(['tutorial_taskflow_api_etl']) retrieved from /opt/conda/lib/python3.8/site-packages/airflow/example_dags/tutorial_taskflow_api_etl.py
[2025-02-14 14:37:33,552] {logging_mixin.py:115} INFO - [2025-02-14 14:37:33,552] {dag.py:2420} INFO - Sync 1 DAGs
[2025-02-14 14:37:33,569] {logging_mixin.py:115} INFO - [2025-02-14 14:37:33,569] {dag.py:2968} INFO - Setting next_dagrun for tutorial_taskflow_api_etl to None, run_after=None
[2025-02-14 14:37:33,590] {processor.py:161} INFO - Processing /opt/conda/lib/python3.8/site-packages/airflow/example_dags/tutorial_taskflow_api_etl.py took 0.077 seconds
[2025-02-14 14:42:31,413] {processor.py:153} INFO - Started process (PID=4782) to work on /opt/conda/lib/python3.8/site-packages/airflow/example_dags/tutorial_taskflow_api_etl.py
[2025-02-14 14:42:31,414] {processor.py:641} INFO - Processing file /opt/conda/lib/python3.8/site-packages/airflow/example_dags/tutorial_taskflow_api_etl.py for tasks to queue
[2025-02-14 14:42:31,415] {logging_mixin.py:115} INFO - [2025-02-14 14:42:31,415] {dagbag.py:508} INFO - Filling up the DagBag from /opt/conda/lib/python3.8/site-packages/airflow/example_dags/tutorial_taskflow_api_etl.py
[2025-02-14 14:42:31,549] {processor.py:651} INFO - DAG(s) dict_keys(['tutorial_taskflow_api_etl']) retrieved from /opt/conda/lib/python3.8/site-packages/airflow/example_dags/tutorial_taskflow_api_etl.py
[2025-02-14 14:42:31,578] {logging_mixin.py:115} INFO - [2025-02-14 14:42:31,578] {dag.py:2420} INFO - Sync 1 DAGs
[2025-02-14 14:42:31,588] {logging_mixin.py:115} INFO - [2025-02-14 14:42:31,588] {dag.py:2968} INFO - Setting next_dagrun for tutorial_taskflow_api_etl to None, run_after=None
[2025-02-14 14:42:31,614] {processor.py:161} INFO - Processing /opt/conda/lib/python3.8/site-packages/airflow/example_dags/tutorial_taskflow_api_etl.py took 0.205 seconds
[2025-02-14 17:09:53,088] {processor.py:153} INFO - Started process (PID=6373) to work on /opt/conda/lib/python3.8/site-packages/airflow/example_dags/tutorial_taskflow_api_etl.py
[2025-02-14 17:09:53,090] {processor.py:641} INFO - Processing file /opt/conda/lib/python3.8/site-packages/airflow/example_dags/tutorial_taskflow_api_etl.py for tasks to queue
[2025-02-14 17:09:53,090] {logging_mixin.py:115} INFO - [2025-02-14 17:09:53,090] {dagbag.py:508} INFO - Filling up the DagBag from /opt/conda/lib/python3.8/site-packages/airflow/example_dags/tutorial_taskflow_api_etl.py
[2025-02-14 17:09:53,297] {processor.py:651} INFO - DAG(s) dict_keys(['tutorial_taskflow_api_etl']) retrieved from /opt/conda/lib/python3.8/site-packages/airflow/example_dags/tutorial_taskflow_api_etl.py
[2025-02-14 17:09:53,341] {logging_mixin.py:115} INFO - [2025-02-14 17:09:53,341] {dag.py:2420} INFO - Sync 1 DAGs
[2025-02-14 17:09:53,358] {logging_mixin.py:115} INFO - [2025-02-14 17:09:53,357] {dag.py:2968} INFO - Setting next_dagrun for tutorial_taskflow_api_etl to None, run_after=None
[2025-02-14 17:09:53,385] {processor.py:161} INFO - Processing /opt/conda/lib/python3.8/site-packages/airflow/example_dags/tutorial_taskflow_api_etl.py took 0.300 seconds
[2025-02-14 17:11:14,942] {processor.py:153} INFO - Started process (PID=6519) to work on /opt/conda/lib/python3.8/site-packages/airflow/example_dags/tutorial_taskflow_api_etl.py
[2025-02-14 17:11:14,943] {processor.py:641} INFO - Processing file /opt/conda/lib/python3.8/site-packages/airflow/example_dags/tutorial_taskflow_api_etl.py for tasks to queue
[2025-02-14 17:11:14,944] {logging_mixin.py:115} INFO - [2025-02-14 17:11:14,944] {dagbag.py:508} INFO - Filling up the DagBag from /opt/conda/lib/python3.8/site-packages/airflow/example_dags/tutorial_taskflow_api_etl.py
[2025-02-14 17:11:15,150] {processor.py:651} INFO - DAG(s) dict_keys(['tutorial_taskflow_api_etl']) retrieved from /opt/conda/lib/python3.8/site-packages/airflow/example_dags/tutorial_taskflow_api_etl.py
[2025-02-14 17:11:15,194] {logging_mixin.py:115} INFO - [2025-02-14 17:11:15,194] {dag.py:2420} INFO - Sync 1 DAGs
[2025-02-14 17:11:15,211] {logging_mixin.py:115} INFO - [2025-02-14 17:11:15,211] {dag.py:2968} INFO - Setting next_dagrun for tutorial_taskflow_api_etl to None, run_after=None
[2025-02-14 17:11:15,236] {processor.py:161} INFO - Processing /opt/conda/lib/python3.8/site-packages/airflow/example_dags/tutorial_taskflow_api_etl.py took 0.298 seconds
[2025-02-14 17:12:29,073] {processor.py:153} INFO - Started process (PID=6636) to work on /opt/conda/lib/python3.8/site-packages/airflow/example_dags/tutorial_taskflow_api_etl.py
[2025-02-14 17:12:29,075] {processor.py:641} INFO - Processing file /opt/conda/lib/python3.8/site-packages/airflow/example_dags/tutorial_taskflow_api_etl.py for tasks to queue
[2025-02-14 17:12:29,075] {logging_mixin.py:115} INFO - [2025-02-14 17:12:29,075] {dagbag.py:508} INFO - Filling up the DagBag from /opt/conda/lib/python3.8/site-packages/airflow/example_dags/tutorial_taskflow_api_etl.py
[2025-02-14 17:12:29,282] {processor.py:651} INFO - DAG(s) dict_keys(['tutorial_taskflow_api_etl']) retrieved from /opt/conda/lib/python3.8/site-packages/airflow/example_dags/tutorial_taskflow_api_etl.py
[2025-02-14 17:12:29,326] {logging_mixin.py:115} INFO - [2025-02-14 17:12:29,326] {dag.py:2420} INFO - Sync 1 DAGs
[2025-02-14 17:12:29,343] {logging_mixin.py:115} INFO - [2025-02-14 17:12:29,343] {dag.py:2968} INFO - Setting next_dagrun for tutorial_taskflow_api_etl to None, run_after=None
[2025-02-14 17:12:29,369] {processor.py:161} INFO - Processing /opt/conda/lib/python3.8/site-packages/airflow/example_dags/tutorial_taskflow_api_etl.py took 0.300 seconds
[2025-02-14 17:13:26,071] {processor.py:153} INFO - Started process (PID=6709) to work on /opt/conda/lib/python3.8/site-packages/airflow/example_dags/tutorial_taskflow_api_etl.py
[2025-02-14 17:13:26,073] {processor.py:641} INFO - Processing file /opt/conda/lib/python3.8/site-packages/airflow/example_dags/tutorial_taskflow_api_etl.py for tasks to queue
[2025-02-14 17:13:26,074] {logging_mixin.py:115} INFO - [2025-02-14 17:13:26,074] {dagbag.py:508} INFO - Filling up the DagBag from /opt/conda/lib/python3.8/site-packages/airflow/example_dags/tutorial_taskflow_api_etl.py
[2025-02-14 17:13:26,278] {processor.py:651} INFO - DAG(s) dict_keys(['tutorial_taskflow_api_etl']) retrieved from /opt/conda/lib/python3.8/site-packages/airflow/example_dags/tutorial_taskflow_api_etl.py
[2025-02-14 17:13:26,292] {logging_mixin.py:115} INFO - [2025-02-14 17:13:26,291] {dag.py:2420} INFO - Sync 1 DAGs
[2025-02-14 17:13:26,309] {logging_mixin.py:115} INFO - [2025-02-14 17:13:26,309] {dag.py:2968} INFO - Setting next_dagrun for tutorial_taskflow_api_etl to None, run_after=None
[2025-02-14 17:13:26,331] {processor.py:161} INFO - Processing /opt/conda/lib/python3.8/site-packages/airflow/example_dags/tutorial_taskflow_api_etl.py took 0.262 seconds
[2025-02-14 17:14:35,184] {processor.py:153} INFO - Started process (PID=6799) to work on /opt/conda/lib/python3.8/site-packages/airflow/example_dags/tutorial_taskflow_api_etl.py
[2025-02-14 17:14:35,185] {processor.py:641} INFO - Processing file /opt/conda/lib/python3.8/site-packages/airflow/example_dags/tutorial_taskflow_api_etl.py for tasks to queue
[2025-02-14 17:14:35,186] {logging_mixin.py:115} INFO - [2025-02-14 17:14:35,186] {dagbag.py:508} INFO - Filling up the DagBag from /opt/conda/lib/python3.8/site-packages/airflow/example_dags/tutorial_taskflow_api_etl.py
[2025-02-14 17:14:35,205] {processor.py:651} INFO - DAG(s) dict_keys(['tutorial_taskflow_api_etl']) retrieved from /opt/conda/lib/python3.8/site-packages/airflow/example_dags/tutorial_taskflow_api_etl.py
[2025-02-14 17:14:35,257] {logging_mixin.py:115} INFO - [2025-02-14 17:14:35,256] {dag.py:2420} INFO - Sync 1 DAGs
[2025-02-14 17:14:35,276] {logging_mixin.py:115} INFO - [2025-02-14 17:14:35,276] {dag.py:2968} INFO - Setting next_dagrun for tutorial_taskflow_api_etl to None, run_after=None
[2025-02-14 17:14:35,302] {processor.py:161} INFO - Processing /opt/conda/lib/python3.8/site-packages/airflow/example_dags/tutorial_taskflow_api_etl.py took 0.122 seconds
[2025-02-14 17:15:26,227] {processor.py:153} INFO - Started process (PID=6881) to work on /opt/conda/lib/python3.8/site-packages/airflow/example_dags/tutorial_taskflow_api_etl.py
[2025-02-14 17:15:26,228] {processor.py:641} INFO - Processing file /opt/conda/lib/python3.8/site-packages/airflow/example_dags/tutorial_taskflow_api_etl.py for tasks to queue
[2025-02-14 17:15:26,229] {logging_mixin.py:115} INFO - [2025-02-14 17:15:26,229] {dagbag.py:508} INFO - Filling up the DagBag from /opt/conda/lib/python3.8/site-packages/airflow/example_dags/tutorial_taskflow_api_etl.py
[2025-02-14 17:15:26,248] {processor.py:651} INFO - DAG(s) dict_keys(['tutorial_taskflow_api_etl']) retrieved from /opt/conda/lib/python3.8/site-packages/airflow/example_dags/tutorial_taskflow_api_etl.py
[2025-02-14 17:15:26,300] {logging_mixin.py:115} INFO - [2025-02-14 17:15:26,299] {dag.py:2420} INFO - Sync 1 DAGs
[2025-02-14 17:15:26,320] {logging_mixin.py:115} INFO - [2025-02-14 17:15:26,319] {dag.py:2968} INFO - Setting next_dagrun for tutorial_taskflow_api_etl to None, run_after=None
[2025-02-14 17:15:26,356] {processor.py:161} INFO - Processing /opt/conda/lib/python3.8/site-packages/airflow/example_dags/tutorial_taskflow_api_etl.py took 0.133 seconds
[2025-02-14 17:16:11,074] {processor.py:153} INFO - Started process (PID=7120) to work on /opt/conda/lib/python3.8/site-packages/airflow/example_dags/tutorial_taskflow_api_etl.py
[2025-02-14 17:16:11,076] {processor.py:641} INFO - Processing file /opt/conda/lib/python3.8/site-packages/airflow/example_dags/tutorial_taskflow_api_etl.py for tasks to queue
[2025-02-14 17:16:11,077] {logging_mixin.py:115} INFO - [2025-02-14 17:16:11,076] {dagbag.py:508} INFO - Filling up the DagBag from /opt/conda/lib/python3.8/site-packages/airflow/example_dags/tutorial_taskflow_api_etl.py
[2025-02-14 17:16:11,096] {processor.py:651} INFO - DAG(s) dict_keys(['tutorial_taskflow_api_etl']) retrieved from /opt/conda/lib/python3.8/site-packages/airflow/example_dags/tutorial_taskflow_api_etl.py
[2025-02-14 17:16:11,114] {logging_mixin.py:115} INFO - [2025-02-14 17:16:11,114] {dag.py:2420} INFO - Sync 1 DAGs
[2025-02-14 17:16:11,134] {logging_mixin.py:115} INFO - [2025-02-14 17:16:11,134] {dag.py:2968} INFO - Setting next_dagrun for tutorial_taskflow_api_etl to None, run_after=None
[2025-02-14 17:16:11,159] {processor.py:161} INFO - Processing /opt/conda/lib/python3.8/site-packages/airflow/example_dags/tutorial_taskflow_api_etl.py took 0.088 seconds
[2025-02-14 18:18:24,426] {processor.py:153} INFO - Started process (PID=7914) to work on /opt/conda/lib/python3.8/site-packages/airflow/example_dags/tutorial_taskflow_api_etl.py
[2025-02-14 18:18:24,428] {processor.py:641} INFO - Processing file /opt/conda/lib/python3.8/site-packages/airflow/example_dags/tutorial_taskflow_api_etl.py for tasks to queue
[2025-02-14 18:18:24,428] {logging_mixin.py:115} INFO - [2025-02-14 18:18:24,428] {dagbag.py:508} INFO - Filling up the DagBag from /opt/conda/lib/python3.8/site-packages/airflow/example_dags/tutorial_taskflow_api_etl.py
[2025-02-14 18:18:24,625] {processor.py:651} INFO - DAG(s) dict_keys(['tutorial_taskflow_api_etl']) retrieved from /opt/conda/lib/python3.8/site-packages/airflow/example_dags/tutorial_taskflow_api_etl.py
[2025-02-14 18:18:24,670] {logging_mixin.py:115} INFO - [2025-02-14 18:18:24,670] {dag.py:2420} INFO - Sync 1 DAGs
[2025-02-14 18:18:24,687] {logging_mixin.py:115} INFO - [2025-02-14 18:18:24,686] {dag.py:2968} INFO - Setting next_dagrun for tutorial_taskflow_api_etl to None, run_after=None
[2025-02-14 18:18:24,713] {processor.py:161} INFO - Processing /opt/conda/lib/python3.8/site-packages/airflow/example_dags/tutorial_taskflow_api_etl.py took 0.291 seconds
[2025-02-14 18:19:41,103] {processor.py:153} INFO - Started process (PID=8054) to work on /opt/conda/lib/python3.8/site-packages/airflow/example_dags/tutorial_taskflow_api_etl.py
[2025-02-14 18:19:41,105] {processor.py:641} INFO - Processing file /opt/conda/lib/python3.8/site-packages/airflow/example_dags/tutorial_taskflow_api_etl.py for tasks to queue
[2025-02-14 18:19:41,105] {logging_mixin.py:115} INFO - [2025-02-14 18:19:41,105] {dagbag.py:508} INFO - Filling up the DagBag from /opt/conda/lib/python3.8/site-packages/airflow/example_dags/tutorial_taskflow_api_etl.py
[2025-02-14 18:19:41,302] {processor.py:651} INFO - DAG(s) dict_keys(['tutorial_taskflow_api_etl']) retrieved from /opt/conda/lib/python3.8/site-packages/airflow/example_dags/tutorial_taskflow_api_etl.py
[2025-02-14 18:19:41,347] {logging_mixin.py:115} INFO - [2025-02-14 18:19:41,346] {dag.py:2420} INFO - Sync 1 DAGs
[2025-02-14 18:19:41,363] {logging_mixin.py:115} INFO - [2025-02-14 18:19:41,363] {dag.py:2968} INFO - Setting next_dagrun for tutorial_taskflow_api_etl to None, run_after=None
[2025-02-14 18:19:41,390] {processor.py:161} INFO - Processing /opt/conda/lib/python3.8/site-packages/airflow/example_dags/tutorial_taskflow_api_etl.py took 0.291 seconds
[2025-02-14 18:20:54,912] {processor.py:153} INFO - Started process (PID=8176) to work on /opt/conda/lib/python3.8/site-packages/airflow/example_dags/tutorial_taskflow_api_etl.py
[2025-02-14 18:20:54,913] {processor.py:641} INFO - Processing file /opt/conda/lib/python3.8/site-packages/airflow/example_dags/tutorial_taskflow_api_etl.py for tasks to queue
[2025-02-14 18:20:54,914] {logging_mixin.py:115} INFO - [2025-02-14 18:20:54,914] {dagbag.py:508} INFO - Filling up the DagBag from /opt/conda/lib/python3.8/site-packages/airflow/example_dags/tutorial_taskflow_api_etl.py
[2025-02-14 18:20:55,110] {processor.py:651} INFO - DAG(s) dict_keys(['tutorial_taskflow_api_etl']) retrieved from /opt/conda/lib/python3.8/site-packages/airflow/example_dags/tutorial_taskflow_api_etl.py
[2025-02-14 18:20:55,124] {logging_mixin.py:115} INFO - [2025-02-14 18:20:55,123] {dag.py:2420} INFO - Sync 1 DAGs
[2025-02-14 18:20:55,141] {logging_mixin.py:115} INFO - [2025-02-14 18:20:55,141] {dag.py:2968} INFO - Setting next_dagrun for tutorial_taskflow_api_etl to None, run_after=None
[2025-02-14 18:20:55,165] {processor.py:161} INFO - Processing /opt/conda/lib/python3.8/site-packages/airflow/example_dags/tutorial_taskflow_api_etl.py took 0.257 seconds
[2025-02-14 18:22:06,873] {processor.py:153} INFO - Started process (PID=8311) to work on /opt/conda/lib/python3.8/site-packages/airflow/example_dags/tutorial_taskflow_api_etl.py
[2025-02-14 18:22:06,875] {processor.py:641} INFO - Processing file /opt/conda/lib/python3.8/site-packages/airflow/example_dags/tutorial_taskflow_api_etl.py for tasks to queue
[2025-02-14 18:22:06,876] {logging_mixin.py:115} INFO - [2025-02-14 18:22:06,875] {dagbag.py:508} INFO - Filling up the DagBag from /opt/conda/lib/python3.8/site-packages/airflow/example_dags/tutorial_taskflow_api_etl.py
[2025-02-14 18:22:06,896] {processor.py:651} INFO - DAG(s) dict_keys(['tutorial_taskflow_api_etl']) retrieved from /opt/conda/lib/python3.8/site-packages/airflow/example_dags/tutorial_taskflow_api_etl.py
[2025-02-14 18:22:06,948] {logging_mixin.py:115} INFO - [2025-02-14 18:22:06,947] {dag.py:2420} INFO - Sync 1 DAGs
[2025-02-14 18:22:06,968] {logging_mixin.py:115} INFO - [2025-02-14 18:22:06,968] {dag.py:2968} INFO - Setting next_dagrun for tutorial_taskflow_api_etl to None, run_after=None
[2025-02-14 18:22:07,033] {processor.py:161} INFO - Processing /opt/conda/lib/python3.8/site-packages/airflow/example_dags/tutorial_taskflow_api_etl.py took 0.163 seconds
[2025-02-14 18:23:08,356] {processor.py:153} INFO - Started process (PID=8428) to work on /opt/conda/lib/python3.8/site-packages/airflow/example_dags/tutorial_taskflow_api_etl.py
[2025-02-14 18:23:08,358] {processor.py:641} INFO - Processing file /opt/conda/lib/python3.8/site-packages/airflow/example_dags/tutorial_taskflow_api_etl.py for tasks to queue
[2025-02-14 18:23:08,358] {logging_mixin.py:115} INFO - [2025-02-14 18:23:08,358] {dagbag.py:508} INFO - Filling up the DagBag from /opt/conda/lib/python3.8/site-packages/airflow/example_dags/tutorial_taskflow_api_etl.py
[2025-02-14 18:23:08,378] {processor.py:651} INFO - DAG(s) dict_keys(['tutorial_taskflow_api_etl']) retrieved from /opt/conda/lib/python3.8/site-packages/airflow/example_dags/tutorial_taskflow_api_etl.py
[2025-02-14 18:23:08,430] {logging_mixin.py:115} INFO - [2025-02-14 18:23:08,430] {dag.py:2420} INFO - Sync 1 DAGs
[2025-02-14 18:23:08,450] {logging_mixin.py:115} INFO - [2025-02-14 18:23:08,450] {dag.py:2968} INFO - Setting next_dagrun for tutorial_taskflow_api_etl to None, run_after=None
[2025-02-14 18:23:08,477] {processor.py:161} INFO - Processing /opt/conda/lib/python3.8/site-packages/airflow/example_dags/tutorial_taskflow_api_etl.py took 0.125 seconds
[2025-02-14 18:24:12,489] {processor.py:153} INFO - Started process (PID=8560) to work on /opt/conda/lib/python3.8/site-packages/airflow/example_dags/tutorial_taskflow_api_etl.py
[2025-02-14 18:24:12,491] {processor.py:641} INFO - Processing file /opt/conda/lib/python3.8/site-packages/airflow/example_dags/tutorial_taskflow_api_etl.py for tasks to queue
[2025-02-14 18:24:12,492] {logging_mixin.py:115} INFO - [2025-02-14 18:24:12,491] {dagbag.py:508} INFO - Filling up the DagBag from /opt/conda/lib/python3.8/site-packages/airflow/example_dags/tutorial_taskflow_api_etl.py
[2025-02-14 18:24:12,509] {processor.py:651} INFO - DAG(s) dict_keys(['tutorial_taskflow_api_etl']) retrieved from /opt/conda/lib/python3.8/site-packages/airflow/example_dags/tutorial_taskflow_api_etl.py
[2025-02-14 18:24:12,522] {logging_mixin.py:115} INFO - [2025-02-14 18:24:12,522] {dag.py:2420} INFO - Sync 1 DAGs
[2025-02-14 18:24:12,535] {logging_mixin.py:115} INFO - [2025-02-14 18:24:12,535] {dag.py:2968} INFO - Setting next_dagrun for tutorial_taskflow_api_etl to None, run_after=None
[2025-02-14 18:24:12,555] {processor.py:161} INFO - Processing /opt/conda/lib/python3.8/site-packages/airflow/example_dags/tutorial_taskflow_api_etl.py took 0.069 seconds
[2025-02-14 18:30:59,677] {processor.py:153} INFO - Started process (PID=8913) to work on /opt/conda/lib/python3.8/site-packages/airflow/example_dags/tutorial_taskflow_api_etl.py
[2025-02-14 18:30:59,678] {processor.py:641} INFO - Processing file /opt/conda/lib/python3.8/site-packages/airflow/example_dags/tutorial_taskflow_api_etl.py for tasks to queue
[2025-02-14 18:30:59,679] {logging_mixin.py:115} INFO - [2025-02-14 18:30:59,679] {dagbag.py:508} INFO - Filling up the DagBag from /opt/conda/lib/python3.8/site-packages/airflow/example_dags/tutorial_taskflow_api_etl.py
[2025-02-14 18:30:59,808] {processor.py:651} INFO - DAG(s) dict_keys(['tutorial_taskflow_api_etl']) retrieved from /opt/conda/lib/python3.8/site-packages/airflow/example_dags/tutorial_taskflow_api_etl.py
[2025-02-14 18:30:59,836] {logging_mixin.py:115} INFO - [2025-02-14 18:30:59,836] {dag.py:2420} INFO - Sync 1 DAGs
[2025-02-14 18:30:59,846] {logging_mixin.py:115} INFO - [2025-02-14 18:30:59,846] {dag.py:2968} INFO - Setting next_dagrun for tutorial_taskflow_api_etl to None, run_after=None
[2025-02-14 18:30:59,875] {processor.py:161} INFO - Processing /opt/conda/lib/python3.8/site-packages/airflow/example_dags/tutorial_taskflow_api_etl.py took 0.201 seconds
[2025-02-14 18:33:02,502] {processor.py:153} INFO - Started process (PID=9287) to work on /opt/conda/lib/python3.8/site-packages/airflow/example_dags/tutorial_taskflow_api_etl.py
[2025-02-14 18:33:02,503] {processor.py:641} INFO - Processing file /opt/conda/lib/python3.8/site-packages/airflow/example_dags/tutorial_taskflow_api_etl.py for tasks to queue
[2025-02-14 18:33:02,504] {logging_mixin.py:115} INFO - [2025-02-14 18:33:02,504] {dagbag.py:508} INFO - Filling up the DagBag from /opt/conda/lib/python3.8/site-packages/airflow/example_dags/tutorial_taskflow_api_etl.py
[2025-02-14 18:33:02,629] {processor.py:651} INFO - DAG(s) dict_keys(['tutorial_taskflow_api_etl']) retrieved from /opt/conda/lib/python3.8/site-packages/airflow/example_dags/tutorial_taskflow_api_etl.py
[2025-02-14 18:33:02,657] {logging_mixin.py:115} INFO - [2025-02-14 18:33:02,657] {dag.py:2420} INFO - Sync 1 DAGs
[2025-02-14 18:33:02,667] {logging_mixin.py:115} INFO - [2025-02-14 18:33:02,667] {dag.py:2968} INFO - Setting next_dagrun for tutorial_taskflow_api_etl to None, run_after=None
[2025-02-14 18:33:02,687] {processor.py:161} INFO - Processing /opt/conda/lib/python3.8/site-packages/airflow/example_dags/tutorial_taskflow_api_etl.py took 0.188 seconds
[2025-02-14 18:34:23,520] {processor.py:153} INFO - Started process (PID=9478) to work on /opt/conda/lib/python3.8/site-packages/airflow/example_dags/tutorial_taskflow_api_etl.py
[2025-02-14 18:34:23,522] {processor.py:641} INFO - Processing file /opt/conda/lib/python3.8/site-packages/airflow/example_dags/tutorial_taskflow_api_etl.py for tasks to queue
[2025-02-14 18:34:23,522] {logging_mixin.py:115} INFO - [2025-02-14 18:34:23,522] {dagbag.py:508} INFO - Filling up the DagBag from /opt/conda/lib/python3.8/site-packages/airflow/example_dags/tutorial_taskflow_api_etl.py
[2025-02-14 18:34:23,651] {processor.py:651} INFO - DAG(s) dict_keys(['tutorial_taskflow_api_etl']) retrieved from /opt/conda/lib/python3.8/site-packages/airflow/example_dags/tutorial_taskflow_api_etl.py
[2025-02-14 18:34:23,660] {logging_mixin.py:115} INFO - [2025-02-14 18:34:23,659] {dag.py:2420} INFO - Sync 1 DAGs
[2025-02-14 18:34:23,671] {logging_mixin.py:115} INFO - [2025-02-14 18:34:23,670] {dag.py:2968} INFO - Setting next_dagrun for tutorial_taskflow_api_etl to None, run_after=None
[2025-02-14 18:34:23,691] {processor.py:161} INFO - Processing /opt/conda/lib/python3.8/site-packages/airflow/example_dags/tutorial_taskflow_api_etl.py took 0.174 seconds
[2025-02-14 18:35:23,646] {processor.py:153} INFO - Started process (PID=9609) to work on /opt/conda/lib/python3.8/site-packages/airflow/example_dags/tutorial_taskflow_api_etl.py
[2025-02-14 18:35:23,648] {processor.py:641} INFO - Processing file /opt/conda/lib/python3.8/site-packages/airflow/example_dags/tutorial_taskflow_api_etl.py for tasks to queue
[2025-02-14 18:35:23,649] {logging_mixin.py:115} INFO - [2025-02-14 18:35:23,648] {dagbag.py:508} INFO - Filling up the DagBag from /opt/conda/lib/python3.8/site-packages/airflow/example_dags/tutorial_taskflow_api_etl.py
[2025-02-14 18:35:23,666] {processor.py:651} INFO - DAG(s) dict_keys(['tutorial_taskflow_api_etl']) retrieved from /opt/conda/lib/python3.8/site-packages/airflow/example_dags/tutorial_taskflow_api_etl.py
[2025-02-14 18:35:23,710] {logging_mixin.py:115} INFO - [2025-02-14 18:35:23,710] {dag.py:2420} INFO - Sync 1 DAGs
[2025-02-14 18:35:23,727] {logging_mixin.py:115} INFO - [2025-02-14 18:35:23,727] {dag.py:2968} INFO - Setting next_dagrun for tutorial_taskflow_api_etl to None, run_after=None
[2025-02-14 18:35:23,770] {processor.py:161} INFO - Processing /opt/conda/lib/python3.8/site-packages/airflow/example_dags/tutorial_taskflow_api_etl.py took 0.128 seconds
[2025-02-14 18:36:21,530] {processor.py:153} INFO - Started process (PID=9888) to work on /opt/conda/lib/python3.8/site-packages/airflow/example_dags/tutorial_taskflow_api_etl.py
[2025-02-14 18:36:21,531] {processor.py:641} INFO - Processing file /opt/conda/lib/python3.8/site-packages/airflow/example_dags/tutorial_taskflow_api_etl.py for tasks to queue
[2025-02-14 18:36:21,532] {logging_mixin.py:115} INFO - [2025-02-14 18:36:21,532] {dagbag.py:508} INFO - Filling up the DagBag from /opt/conda/lib/python3.8/site-packages/airflow/example_dags/tutorial_taskflow_api_etl.py
[2025-02-14 18:36:21,549] {processor.py:651} INFO - DAG(s) dict_keys(['tutorial_taskflow_api_etl']) retrieved from /opt/conda/lib/python3.8/site-packages/airflow/example_dags/tutorial_taskflow_api_etl.py
[2025-02-14 18:36:21,586] {logging_mixin.py:115} INFO - [2025-02-14 18:36:21,586] {dag.py:2420} INFO - Sync 1 DAGs
[2025-02-14 18:36:21,598] {logging_mixin.py:115} INFO - [2025-02-14 18:36:21,597] {dag.py:2968} INFO - Setting next_dagrun for tutorial_taskflow_api_etl to None, run_after=None
[2025-02-14 18:36:21,619] {processor.py:161} INFO - Processing /opt/conda/lib/python3.8/site-packages/airflow/example_dags/tutorial_taskflow_api_etl.py took 0.092 seconds
[2025-02-14 18:40:34,553] {processor.py:153} INFO - Started process (PID=1000) to work on /opt/conda/lib/python3.8/site-packages/airflow/example_dags/tutorial_taskflow_api_etl.py
[2025-02-14 18:40:34,555] {processor.py:641} INFO - Processing file /opt/conda/lib/python3.8/site-packages/airflow/example_dags/tutorial_taskflow_api_etl.py for tasks to queue
[2025-02-14 18:40:34,555] {logging_mixin.py:115} INFO - [2025-02-14 18:40:34,555] {dagbag.py:508} INFO - Filling up the DagBag from /opt/conda/lib/python3.8/site-packages/airflow/example_dags/tutorial_taskflow_api_etl.py
[2025-02-14 18:40:34,704] {processor.py:651} INFO - DAG(s) dict_keys(['tutorial_taskflow_api_etl']) retrieved from /opt/conda/lib/python3.8/site-packages/airflow/example_dags/tutorial_taskflow_api_etl.py
[2025-02-14 18:40:34,732] {logging_mixin.py:115} INFO - [2025-02-14 18:40:34,732] {dag.py:2420} INFO - Sync 1 DAGs
[2025-02-14 18:40:34,741] {logging_mixin.py:115} INFO - [2025-02-14 18:40:34,741] {dag.py:2968} INFO - Setting next_dagrun for tutorial_taskflow_api_etl to None, run_after=None
[2025-02-14 18:40:34,765] {processor.py:161} INFO - Processing /opt/conda/lib/python3.8/site-packages/airflow/example_dags/tutorial_taskflow_api_etl.py took 0.215 seconds
[2025-02-14 18:41:37,261] {processor.py:153} INFO - Started process (PID=1112) to work on /opt/conda/lib/python3.8/site-packages/airflow/example_dags/tutorial_taskflow_api_etl.py
[2025-02-14 18:41:37,262] {processor.py:641} INFO - Processing file /opt/conda/lib/python3.8/site-packages/airflow/example_dags/tutorial_taskflow_api_etl.py for tasks to queue
[2025-02-14 18:41:37,263] {logging_mixin.py:115} INFO - [2025-02-14 18:41:37,263] {dagbag.py:508} INFO - Filling up the DagBag from /opt/conda/lib/python3.8/site-packages/airflow/example_dags/tutorial_taskflow_api_etl.py
[2025-02-14 18:41:37,398] {processor.py:651} INFO - DAG(s) dict_keys(['tutorial_taskflow_api_etl']) retrieved from /opt/conda/lib/python3.8/site-packages/airflow/example_dags/tutorial_taskflow_api_etl.py
[2025-02-14 18:41:37,426] {logging_mixin.py:115} INFO - [2025-02-14 18:41:37,426] {dag.py:2420} INFO - Sync 1 DAGs
[2025-02-14 18:41:37,436] {logging_mixin.py:115} INFO - [2025-02-14 18:41:37,436] {dag.py:2968} INFO - Setting next_dagrun for tutorial_taskflow_api_etl to None, run_after=None
[2025-02-14 18:41:37,457] {processor.py:161} INFO - Processing /opt/conda/lib/python3.8/site-packages/airflow/example_dags/tutorial_taskflow_api_etl.py took 0.200 seconds
[2025-02-14 18:42:41,073] {processor.py:153} INFO - Started process (PID=1224) to work on /opt/conda/lib/python3.8/site-packages/airflow/example_dags/tutorial_taskflow_api_etl.py
[2025-02-14 18:42:41,075] {processor.py:641} INFO - Processing file /opt/conda/lib/python3.8/site-packages/airflow/example_dags/tutorial_taskflow_api_etl.py for tasks to queue
[2025-02-14 18:42:41,075] {logging_mixin.py:115} INFO - [2025-02-14 18:42:41,075] {dagbag.py:508} INFO - Filling up the DagBag from /opt/conda/lib/python3.8/site-packages/airflow/example_dags/tutorial_taskflow_api_etl.py
[2025-02-14 18:42:41,225] {processor.py:651} INFO - DAG(s) dict_keys(['tutorial_taskflow_api_etl']) retrieved from /opt/conda/lib/python3.8/site-packages/airflow/example_dags/tutorial_taskflow_api_etl.py
[2025-02-14 18:42:41,234] {logging_mixin.py:115} INFO - [2025-02-14 18:42:41,234] {dag.py:2420} INFO - Sync 1 DAGs
[2025-02-14 18:42:41,245] {logging_mixin.py:115} INFO - [2025-02-14 18:42:41,245] {dag.py:2968} INFO - Setting next_dagrun for tutorial_taskflow_api_etl to None, run_after=None
[2025-02-14 18:42:41,278] {processor.py:161} INFO - Processing /opt/conda/lib/python3.8/site-packages/airflow/example_dags/tutorial_taskflow_api_etl.py took 0.208 seconds
[2025-02-14 18:43:50,325] {processor.py:153} INFO - Started process (PID=1358) to work on /opt/conda/lib/python3.8/site-packages/airflow/example_dags/tutorial_taskflow_api_etl.py
[2025-02-14 18:43:50,327] {processor.py:641} INFO - Processing file /opt/conda/lib/python3.8/site-packages/airflow/example_dags/tutorial_taskflow_api_etl.py for tasks to queue
[2025-02-14 18:43:50,327] {logging_mixin.py:115} INFO - [2025-02-14 18:43:50,327] {dagbag.py:508} INFO - Filling up the DagBag from /opt/conda/lib/python3.8/site-packages/airflow/example_dags/tutorial_taskflow_api_etl.py
[2025-02-14 18:43:50,465] {processor.py:651} INFO - DAG(s) dict_keys(['tutorial_taskflow_api_etl']) retrieved from /opt/conda/lib/python3.8/site-packages/airflow/example_dags/tutorial_taskflow_api_etl.py
[2025-02-14 18:43:50,473] {logging_mixin.py:115} INFO - [2025-02-14 18:43:50,473] {dag.py:2420} INFO - Sync 1 DAGs
[2025-02-14 18:43:50,484] {logging_mixin.py:115} INFO - [2025-02-14 18:43:50,484] {dag.py:2968} INFO - Setting next_dagrun for tutorial_taskflow_api_etl to None, run_after=None
[2025-02-14 18:43:50,506] {processor.py:161} INFO - Processing /opt/conda/lib/python3.8/site-packages/airflow/example_dags/tutorial_taskflow_api_etl.py took 0.184 seconds
[2025-02-14 18:44:49,028] {processor.py:153} INFO - Started process (PID=1469) to work on /opt/conda/lib/python3.8/site-packages/airflow/example_dags/tutorial_taskflow_api_etl.py
[2025-02-14 18:44:49,030] {processor.py:641} INFO - Processing file /opt/conda/lib/python3.8/site-packages/airflow/example_dags/tutorial_taskflow_api_etl.py for tasks to queue
[2025-02-14 18:44:49,031] {logging_mixin.py:115} INFO - [2025-02-14 18:44:49,031] {dagbag.py:508} INFO - Filling up the DagBag from /opt/conda/lib/python3.8/site-packages/airflow/example_dags/tutorial_taskflow_api_etl.py
[2025-02-14 18:44:49,048] {processor.py:651} INFO - DAG(s) dict_keys(['tutorial_taskflow_api_etl']) retrieved from /opt/conda/lib/python3.8/site-packages/airflow/example_dags/tutorial_taskflow_api_etl.py
[2025-02-14 18:44:49,093] {logging_mixin.py:115} INFO - [2025-02-14 18:44:49,093] {dag.py:2420} INFO - Sync 1 DAGs
[2025-02-14 18:44:49,109] {logging_mixin.py:115} INFO - [2025-02-14 18:44:49,109] {dag.py:2968} INFO - Setting next_dagrun for tutorial_taskflow_api_etl to None, run_after=None
[2025-02-14 18:44:49,137] {processor.py:161} INFO - Processing /opt/conda/lib/python3.8/site-packages/airflow/example_dags/tutorial_taskflow_api_etl.py took 0.112 seconds
[2025-02-14 18:45:44,738] {processor.py:153} INFO - Started process (PID=1580) to work on /opt/conda/lib/python3.8/site-packages/airflow/example_dags/tutorial_taskflow_api_etl.py
[2025-02-14 18:45:44,740] {processor.py:641} INFO - Processing file /opt/conda/lib/python3.8/site-packages/airflow/example_dags/tutorial_taskflow_api_etl.py for tasks to queue
[2025-02-14 18:45:44,740] {logging_mixin.py:115} INFO - [2025-02-14 18:45:44,740] {dagbag.py:508} INFO - Filling up the DagBag from /opt/conda/lib/python3.8/site-packages/airflow/example_dags/tutorial_taskflow_api_etl.py
[2025-02-14 18:45:44,756] {processor.py:651} INFO - DAG(s) dict_keys(['tutorial_taskflow_api_etl']) retrieved from /opt/conda/lib/python3.8/site-packages/airflow/example_dags/tutorial_taskflow_api_etl.py
[2025-02-14 18:45:44,789] {logging_mixin.py:115} INFO - [2025-02-14 18:45:44,789] {dag.py:2420} INFO - Sync 1 DAGs
[2025-02-14 18:45:44,802] {logging_mixin.py:115} INFO - [2025-02-14 18:45:44,801] {dag.py:2968} INFO - Setting next_dagrun for tutorial_taskflow_api_etl to None, run_after=None
[2025-02-14 18:45:44,828] {processor.py:161} INFO - Processing /opt/conda/lib/python3.8/site-packages/airflow/example_dags/tutorial_taskflow_api_etl.py took 0.093 seconds
[2025-02-14 18:55:00,429] {processor.py:153} INFO - Started process (PID=2248) to work on /opt/conda/lib/python3.8/site-packages/airflow/example_dags/tutorial_taskflow_api_etl.py
[2025-02-14 18:55:00,431] {processor.py:641} INFO - Processing file /opt/conda/lib/python3.8/site-packages/airflow/example_dags/tutorial_taskflow_api_etl.py for tasks to queue
[2025-02-14 18:55:00,431] {logging_mixin.py:115} INFO - [2025-02-14 18:55:00,431] {dagbag.py:508} INFO - Filling up the DagBag from /opt/conda/lib/python3.8/site-packages/airflow/example_dags/tutorial_taskflow_api_etl.py
[2025-02-14 18:55:00,449] {processor.py:651} INFO - DAG(s) dict_keys(['tutorial_taskflow_api_etl']) retrieved from /opt/conda/lib/python3.8/site-packages/airflow/example_dags/tutorial_taskflow_api_etl.py
[2025-02-14 18:55:00,486] {logging_mixin.py:115} INFO - [2025-02-14 18:55:00,486] {dag.py:2420} INFO - Sync 1 DAGs
[2025-02-14 18:55:00,497] {logging_mixin.py:115} INFO - [2025-02-14 18:55:00,497] {dag.py:2968} INFO - Setting next_dagrun for tutorial_taskflow_api_etl to None, run_after=None
[2025-02-14 18:55:00,518] {processor.py:161} INFO - Processing /opt/conda/lib/python3.8/site-packages/airflow/example_dags/tutorial_taskflow_api_etl.py took 0.092 seconds
[2025-02-14 19:03:32,883] {processor.py:153} INFO - Started process (PID=2724) to work on /opt/conda/lib/python3.8/site-packages/airflow/example_dags/tutorial_taskflow_api_etl.py
[2025-02-14 19:03:32,885] {processor.py:641} INFO - Processing file /opt/conda/lib/python3.8/site-packages/airflow/example_dags/tutorial_taskflow_api_etl.py for tasks to queue
[2025-02-14 19:03:32,885] {logging_mixin.py:115} INFO - [2025-02-14 19:03:32,885] {dagbag.py:508} INFO - Filling up the DagBag from /opt/conda/lib/python3.8/site-packages/airflow/example_dags/tutorial_taskflow_api_etl.py
[2025-02-14 19:03:33,094] {processor.py:651} INFO - DAG(s) dict_keys(['tutorial_taskflow_api_etl']) retrieved from /opt/conda/lib/python3.8/site-packages/airflow/example_dags/tutorial_taskflow_api_etl.py
[2025-02-14 19:03:33,139] {logging_mixin.py:115} INFO - [2025-02-14 19:03:33,139] {dag.py:2420} INFO - Sync 1 DAGs
[2025-02-14 19:03:33,156] {logging_mixin.py:115} INFO - [2025-02-14 19:03:33,156] {dag.py:2968} INFO - Setting next_dagrun for tutorial_taskflow_api_etl to None, run_after=None
[2025-02-14 19:03:33,184] {processor.py:161} INFO - Processing /opt/conda/lib/python3.8/site-packages/airflow/example_dags/tutorial_taskflow_api_etl.py took 0.305 seconds
[2025-02-14 19:04:36,612] {processor.py:153} INFO - Started process (PID=2838) to work on /opt/conda/lib/python3.8/site-packages/airflow/example_dags/tutorial_taskflow_api_etl.py
[2025-02-14 19:04:36,614] {processor.py:641} INFO - Processing file /opt/conda/lib/python3.8/site-packages/airflow/example_dags/tutorial_taskflow_api_etl.py for tasks to queue
[2025-02-14 19:04:36,614] {logging_mixin.py:115} INFO - [2025-02-14 19:04:36,614] {dagbag.py:508} INFO - Filling up the DagBag from /opt/conda/lib/python3.8/site-packages/airflow/example_dags/tutorial_taskflow_api_etl.py
[2025-02-14 19:04:36,752] {processor.py:651} INFO - DAG(s) dict_keys(['tutorial_taskflow_api_etl']) retrieved from /opt/conda/lib/python3.8/site-packages/airflow/example_dags/tutorial_taskflow_api_etl.py
[2025-02-14 19:04:36,781] {logging_mixin.py:115} INFO - [2025-02-14 19:04:36,781] {dag.py:2420} INFO - Sync 1 DAGs
[2025-02-14 19:04:36,792] {logging_mixin.py:115} INFO - [2025-02-14 19:04:36,792] {dag.py:2968} INFO - Setting next_dagrun for tutorial_taskflow_api_etl to None, run_after=None
[2025-02-14 19:04:36,813] {processor.py:161} INFO - Processing /opt/conda/lib/python3.8/site-packages/airflow/example_dags/tutorial_taskflow_api_etl.py took 0.204 seconds
[2025-02-14 19:05:41,376] {processor.py:153} INFO - Started process (PID=2951) to work on /opt/conda/lib/python3.8/site-packages/airflow/example_dags/tutorial_taskflow_api_etl.py
[2025-02-14 19:05:41,378] {processor.py:641} INFO - Processing file /opt/conda/lib/python3.8/site-packages/airflow/example_dags/tutorial_taskflow_api_etl.py for tasks to queue
[2025-02-14 19:05:41,379] {logging_mixin.py:115} INFO - [2025-02-14 19:05:41,379] {dagbag.py:508} INFO - Filling up the DagBag from /opt/conda/lib/python3.8/site-packages/airflow/example_dags/tutorial_taskflow_api_etl.py
[2025-02-14 19:05:41,516] {processor.py:651} INFO - DAG(s) dict_keys(['tutorial_taskflow_api_etl']) retrieved from /opt/conda/lib/python3.8/site-packages/airflow/example_dags/tutorial_taskflow_api_etl.py
[2025-02-14 19:05:41,545] {logging_mixin.py:115} INFO - [2025-02-14 19:05:41,545] {dag.py:2420} INFO - Sync 1 DAGs
[2025-02-14 19:05:41,556] {logging_mixin.py:115} INFO - [2025-02-14 19:05:41,556] {dag.py:2968} INFO - Setting next_dagrun for tutorial_taskflow_api_etl to None, run_after=None
[2025-02-14 19:05:41,577] {processor.py:161} INFO - Processing /opt/conda/lib/python3.8/site-packages/airflow/example_dags/tutorial_taskflow_api_etl.py took 0.204 seconds
[2025-02-14 19:06:45,176] {processor.py:153} INFO - Started process (PID=3065) to work on /opt/conda/lib/python3.8/site-packages/airflow/example_dags/tutorial_taskflow_api_etl.py
[2025-02-14 19:06:45,178] {processor.py:641} INFO - Processing file /opt/conda/lib/python3.8/site-packages/airflow/example_dags/tutorial_taskflow_api_etl.py for tasks to queue
[2025-02-14 19:06:45,178] {logging_mixin.py:115} INFO - [2025-02-14 19:06:45,178] {dagbag.py:508} INFO - Filling up the DagBag from /opt/conda/lib/python3.8/site-packages/airflow/example_dags/tutorial_taskflow_api_etl.py
[2025-02-14 19:06:45,321] {processor.py:651} INFO - DAG(s) dict_keys(['tutorial_taskflow_api_etl']) retrieved from /opt/conda/lib/python3.8/site-packages/airflow/example_dags/tutorial_taskflow_api_etl.py
[2025-02-14 19:06:45,349] {logging_mixin.py:115} INFO - [2025-02-14 19:06:45,349] {dag.py:2420} INFO - Sync 1 DAGs
[2025-02-14 19:06:45,359] {logging_mixin.py:115} INFO - [2025-02-14 19:06:45,359] {dag.py:2968} INFO - Setting next_dagrun for tutorial_taskflow_api_etl to None, run_after=None
[2025-02-14 19:06:45,381] {processor.py:161} INFO - Processing /opt/conda/lib/python3.8/site-packages/airflow/example_dags/tutorial_taskflow_api_etl.py took 0.208 seconds
[2025-02-14 19:07:48,956] {processor.py:153} INFO - Started process (PID=3188) to work on /opt/conda/lib/python3.8/site-packages/airflow/example_dags/tutorial_taskflow_api_etl.py
[2025-02-14 19:07:48,958] {processor.py:641} INFO - Processing file /opt/conda/lib/python3.8/site-packages/airflow/example_dags/tutorial_taskflow_api_etl.py for tasks to queue
[2025-02-14 19:07:48,959] {logging_mixin.py:115} INFO - [2025-02-14 19:07:48,959] {dagbag.py:508} INFO - Filling up the DagBag from /opt/conda/lib/python3.8/site-packages/airflow/example_dags/tutorial_taskflow_api_etl.py
[2025-02-14 19:07:48,977] {processor.py:651} INFO - DAG(s) dict_keys(['tutorial_taskflow_api_etl']) retrieved from /opt/conda/lib/python3.8/site-packages/airflow/example_dags/tutorial_taskflow_api_etl.py
[2025-02-14 19:07:49,021] {logging_mixin.py:115} INFO - [2025-02-14 19:07:49,021] {dag.py:2420} INFO - Sync 1 DAGs
[2025-02-14 19:07:49,034] {logging_mixin.py:115} INFO - [2025-02-14 19:07:49,034] {dag.py:2968} INFO - Setting next_dagrun for tutorial_taskflow_api_etl to None, run_after=None
[2025-02-14 19:07:49,055] {processor.py:161} INFO - Processing /opt/conda/lib/python3.8/site-packages/airflow/example_dags/tutorial_taskflow_api_etl.py took 0.102 seconds
[2025-02-14 19:08:47,413] {processor.py:153} INFO - Started process (PID=3300) to work on /opt/conda/lib/python3.8/site-packages/airflow/example_dags/tutorial_taskflow_api_etl.py
[2025-02-14 19:08:47,415] {processor.py:641} INFO - Processing file /opt/conda/lib/python3.8/site-packages/airflow/example_dags/tutorial_taskflow_api_etl.py for tasks to queue
[2025-02-14 19:08:47,415] {logging_mixin.py:115} INFO - [2025-02-14 19:08:47,415] {dagbag.py:508} INFO - Filling up the DagBag from /opt/conda/lib/python3.8/site-packages/airflow/example_dags/tutorial_taskflow_api_etl.py
[2025-02-14 19:08:47,433] {processor.py:651} INFO - DAG(s) dict_keys(['tutorial_taskflow_api_etl']) retrieved from /opt/conda/lib/python3.8/site-packages/airflow/example_dags/tutorial_taskflow_api_etl.py
[2025-02-14 19:08:47,478] {logging_mixin.py:115} INFO - [2025-02-14 19:08:47,477] {dag.py:2420} INFO - Sync 1 DAGs
[2025-02-14 19:08:47,494] {logging_mixin.py:115} INFO - [2025-02-14 19:08:47,494] {dag.py:2968} INFO - Setting next_dagrun for tutorial_taskflow_api_etl to None, run_after=None
[2025-02-14 19:08:47,516] {processor.py:161} INFO - Processing /opt/conda/lib/python3.8/site-packages/airflow/example_dags/tutorial_taskflow_api_etl.py took 0.106 seconds
[2025-02-14 19:09:44,565] {processor.py:153} INFO - Started process (PID=3412) to work on /opt/conda/lib/python3.8/site-packages/airflow/example_dags/tutorial_taskflow_api_etl.py
[2025-02-14 19:09:44,567] {processor.py:641} INFO - Processing file /opt/conda/lib/python3.8/site-packages/airflow/example_dags/tutorial_taskflow_api_etl.py for tasks to queue
[2025-02-14 19:09:44,567] {logging_mixin.py:115} INFO - [2025-02-14 19:09:44,567] {dagbag.py:508} INFO - Filling up the DagBag from /opt/conda/lib/python3.8/site-packages/airflow/example_dags/tutorial_taskflow_api_etl.py
[2025-02-14 19:09:44,585] {processor.py:651} INFO - DAG(s) dict_keys(['tutorial_taskflow_api_etl']) retrieved from /opt/conda/lib/python3.8/site-packages/airflow/example_dags/tutorial_taskflow_api_etl.py
[2025-02-14 19:09:44,600] {logging_mixin.py:115} INFO - [2025-02-14 19:09:44,600] {dag.py:2420} INFO - Sync 1 DAGs
[2025-02-14 19:09:44,618] {logging_mixin.py:115} INFO - [2025-02-14 19:09:44,617] {dag.py:2968} INFO - Setting next_dagrun for tutorial_taskflow_api_etl to None, run_after=None
[2025-02-14 19:09:44,640] {processor.py:161} INFO - Processing /opt/conda/lib/python3.8/site-packages/airflow/example_dags/tutorial_taskflow_api_etl.py took 0.078 seconds
