[2025-02-14 19:00:09,167] {taskinstance.py:1179} INFO - Dependencies all met for <TaskInstance: Lead_scoring_inference_pipeline.checking_input_features scheduled__2025-02-14T18:00:00+00:00 [queued]>
[2025-02-14 19:00:09,174] {taskinstance.py:1179} INFO - Dependencies all met for <TaskInstance: Lead_scoring_inference_pipeline.checking_input_features scheduled__2025-02-14T18:00:00+00:00 [queued]>
[2025-02-14 19:00:09,174] {taskinstance.py:1376} INFO - 
--------------------------------------------------------------------------------
[2025-02-14 19:00:09,174] {taskinstance.py:1377} INFO - Starting attempt 1 of 2
[2025-02-14 19:00:09,174] {taskinstance.py:1378} INFO - 
--------------------------------------------------------------------------------
[2025-02-14 19:00:09,199] {taskinstance.py:1397} INFO - Executing <Task(PythonOperator): checking_input_features> on 2025-02-14 18:00:00+00:00
[2025-02-14 19:00:09,207] {standard_task_runner.py:52} INFO - Started process 2471 to run task
[2025-02-14 19:00:09,210] {standard_task_runner.py:79} INFO - Running: ['airflow', 'tasks', 'run', 'Lead_scoring_inference_pipeline', 'checking_input_features', 'scheduled__2025-02-14T18:00:00+00:00', '--job-id', '75', '--raw', '--subdir', 'DAGS_FOLDER/Lead_scoring_inference_pipeline/.ipynb_checkpoints/lead_scoring_inference_pipeline-checkpoint.py', '--cfg-path', '/tmp/tmp7k_xrxbo', '--error-file', '/tmp/tmpwf4rcc58']
[2025-02-14 19:00:09,211] {standard_task_runner.py:80} INFO - Job 75: Subtask checking_input_features
[2025-02-14 19:00:09,253] {task_command.py:371} INFO - Running <TaskInstance: Lead_scoring_inference_pipeline.checking_input_features scheduled__2025-02-14T18:00:00+00:00 [running]> on host c9e5903262b9
[2025-02-14 19:00:09,423] {taskinstance.py:1589} INFO - Exporting the following env vars:
AIRFLOW_CTX_DAG_OWNER=airflow
AIRFLOW_CTX_DAG_ID=Lead_scoring_inference_pipeline
AIRFLOW_CTX_TASK_ID=checking_input_features
AIRFLOW_CTX_EXECUTION_DATE=2025-02-14T18:00:00+00:00
AIRFLOW_CTX_TRY_NUMBER=1
AIRFLOW_CTX_DAG_RUN_ID=scheduled__2025-02-14T18:00:00+00:00
[2025-02-14 19:00:09,778] {logging_mixin.py:115} INFO - All the models input are present
[2025-02-14 19:00:09,779] {python.py:173} INFO - Done. Returned value was: None
[2025-02-14 19:00:09,784] {taskinstance.py:1415} INFO - Marking task as SUCCESS. dag_id=Lead_scoring_inference_pipeline, task_id=checking_input_features, execution_date=20250214T180000, start_date=20250214T190009, end_date=20250214T190009
[2025-02-14 19:00:09,822] {local_task_job.py:156} INFO - Task exited with return code 0
[2025-02-14 19:00:09,865] {local_task_job.py:273} INFO - 1 downstream tasks scheduled from follow-on schedule check
