[2025-02-14 19:02:54,997] {processor.py:153} INFO - Started process (PID=2675) to work on /home/airflow/dags/Lead_scoring_training_pipeline/.ipynb_checkpoints/constants-checkpoint.py
[2025-02-14 19:02:54,998] {processor.py:641} INFO - Processing file /home/airflow/dags/Lead_scoring_training_pipeline/.ipynb_checkpoints/constants-checkpoint.py for tasks to queue
[2025-02-14 19:02:54,998] {logging_mixin.py:115} INFO - [2025-02-14 19:02:54,998] {dagbag.py:508} INFO - Filling up the DagBag from /home/airflow/dags/Lead_scoring_training_pipeline/.ipynb_checkpoints/constants-checkpoint.py
[2025-02-14 19:02:55,001] {processor.py:653} WARNING - No viable dags retrieved from /home/airflow/dags/Lead_scoring_training_pipeline/.ipynb_checkpoints/constants-checkpoint.py
[2025-02-14 19:02:55,129] {processor.py:161} INFO - Processing /home/airflow/dags/Lead_scoring_training_pipeline/.ipynb_checkpoints/constants-checkpoint.py took 0.135 seconds
[2025-02-14 19:03:55,856] {processor.py:153} INFO - Started process (PID=2787) to work on /home/airflow/dags/Lead_scoring_training_pipeline/.ipynb_checkpoints/constants-checkpoint.py
[2025-02-14 19:03:55,858] {processor.py:641} INFO - Processing file /home/airflow/dags/Lead_scoring_training_pipeline/.ipynb_checkpoints/constants-checkpoint.py for tasks to queue
[2025-02-14 19:03:55,858] {logging_mixin.py:115} INFO - [2025-02-14 19:03:55,858] {dagbag.py:508} INFO - Filling up the DagBag from /home/airflow/dags/Lead_scoring_training_pipeline/.ipynb_checkpoints/constants-checkpoint.py
[2025-02-14 19:03:55,860] {processor.py:653} WARNING - No viable dags retrieved from /home/airflow/dags/Lead_scoring_training_pipeline/.ipynb_checkpoints/constants-checkpoint.py
[2025-02-14 19:03:55,985] {processor.py:161} INFO - Processing /home/airflow/dags/Lead_scoring_training_pipeline/.ipynb_checkpoints/constants-checkpoint.py took 0.132 seconds
[2025-02-14 19:04:58,190] {processor.py:153} INFO - Started process (PID=2900) to work on /home/airflow/dags/Lead_scoring_training_pipeline/.ipynb_checkpoints/constants-checkpoint.py
[2025-02-14 19:04:58,192] {processor.py:641} INFO - Processing file /home/airflow/dags/Lead_scoring_training_pipeline/.ipynb_checkpoints/constants-checkpoint.py for tasks to queue
[2025-02-14 19:04:58,192] {logging_mixin.py:115} INFO - [2025-02-14 19:04:58,192] {dagbag.py:508} INFO - Filling up the DagBag from /home/airflow/dags/Lead_scoring_training_pipeline/.ipynb_checkpoints/constants-checkpoint.py
[2025-02-14 19:04:58,194] {processor.py:653} WARNING - No viable dags retrieved from /home/airflow/dags/Lead_scoring_training_pipeline/.ipynb_checkpoints/constants-checkpoint.py
[2025-02-14 19:04:58,319] {processor.py:161} INFO - Processing /home/airflow/dags/Lead_scoring_training_pipeline/.ipynb_checkpoints/constants-checkpoint.py took 0.132 seconds
[2025-02-14 19:06:05,357] {processor.py:153} INFO - Started process (PID=3014) to work on /home/airflow/dags/Lead_scoring_training_pipeline/.ipynb_checkpoints/constants-checkpoint.py
[2025-02-14 19:06:05,359] {processor.py:641} INFO - Processing file /home/airflow/dags/Lead_scoring_training_pipeline/.ipynb_checkpoints/constants-checkpoint.py for tasks to queue
[2025-02-14 19:06:05,359] {logging_mixin.py:115} INFO - [2025-02-14 19:06:05,359] {dagbag.py:508} INFO - Filling up the DagBag from /home/airflow/dags/Lead_scoring_training_pipeline/.ipynb_checkpoints/constants-checkpoint.py
[2025-02-14 19:06:05,361] {processor.py:653} WARNING - No viable dags retrieved from /home/airflow/dags/Lead_scoring_training_pipeline/.ipynb_checkpoints/constants-checkpoint.py
[2025-02-14 19:06:05,499] {processor.py:161} INFO - Processing /home/airflow/dags/Lead_scoring_training_pipeline/.ipynb_checkpoints/constants-checkpoint.py took 0.145 seconds
[2025-02-14 19:07:09,468] {processor.py:153} INFO - Started process (PID=3128) to work on /home/airflow/dags/Lead_scoring_training_pipeline/.ipynb_checkpoints/constants-checkpoint.py
[2025-02-14 19:07:09,470] {processor.py:641} INFO - Processing file /home/airflow/dags/Lead_scoring_training_pipeline/.ipynb_checkpoints/constants-checkpoint.py for tasks to queue
[2025-02-14 19:07:09,471] {logging_mixin.py:115} INFO - [2025-02-14 19:07:09,470] {dagbag.py:508} INFO - Filling up the DagBag from /home/airflow/dags/Lead_scoring_training_pipeline/.ipynb_checkpoints/constants-checkpoint.py
[2025-02-14 19:07:09,472] {processor.py:653} WARNING - No viable dags retrieved from /home/airflow/dags/Lead_scoring_training_pipeline/.ipynb_checkpoints/constants-checkpoint.py
[2025-02-14 19:07:09,606] {processor.py:161} INFO - Processing /home/airflow/dags/Lead_scoring_training_pipeline/.ipynb_checkpoints/constants-checkpoint.py took 0.141 seconds
[2025-02-14 19:08:08,576] {processor.py:153} INFO - Started process (PID=3240) to work on /home/airflow/dags/Lead_scoring_training_pipeline/.ipynb_checkpoints/constants-checkpoint.py
[2025-02-14 19:08:08,578] {processor.py:641} INFO - Processing file /home/airflow/dags/Lead_scoring_training_pipeline/.ipynb_checkpoints/constants-checkpoint.py for tasks to queue
[2025-02-14 19:08:08,579] {logging_mixin.py:115} INFO - [2025-02-14 19:08:08,579] {dagbag.py:508} INFO - Filling up the DagBag from /home/airflow/dags/Lead_scoring_training_pipeline/.ipynb_checkpoints/constants-checkpoint.py
[2025-02-14 19:08:08,580] {processor.py:653} WARNING - No viable dags retrieved from /home/airflow/dags/Lead_scoring_training_pipeline/.ipynb_checkpoints/constants-checkpoint.py
[2025-02-14 19:08:08,591] {processor.py:161} INFO - Processing /home/airflow/dags/Lead_scoring_training_pipeline/.ipynb_checkpoints/constants-checkpoint.py took 0.018 seconds
[2025-02-14 19:09:05,468] {processor.py:153} INFO - Started process (PID=3351) to work on /home/airflow/dags/Lead_scoring_training_pipeline/.ipynb_checkpoints/constants-checkpoint.py
[2025-02-14 19:09:05,470] {processor.py:641} INFO - Processing file /home/airflow/dags/Lead_scoring_training_pipeline/.ipynb_checkpoints/constants-checkpoint.py for tasks to queue
[2025-02-14 19:09:05,470] {logging_mixin.py:115} INFO - [2025-02-14 19:09:05,470] {dagbag.py:508} INFO - Filling up the DagBag from /home/airflow/dags/Lead_scoring_training_pipeline/.ipynb_checkpoints/constants-checkpoint.py
[2025-02-14 19:09:05,472] {processor.py:653} WARNING - No viable dags retrieved from /home/airflow/dags/Lead_scoring_training_pipeline/.ipynb_checkpoints/constants-checkpoint.py
[2025-02-14 19:09:05,482] {processor.py:161} INFO - Processing /home/airflow/dags/Lead_scoring_training_pipeline/.ipynb_checkpoints/constants-checkpoint.py took 0.017 seconds
[2025-02-14 19:10:13,831] {processor.py:153} INFO - Started process (PID=3563) to work on /home/airflow/dags/Lead_scoring_training_pipeline/.ipynb_checkpoints/constants-checkpoint.py
[2025-02-14 19:10:13,833] {processor.py:641} INFO - Processing file /home/airflow/dags/Lead_scoring_training_pipeline/.ipynb_checkpoints/constants-checkpoint.py for tasks to queue
[2025-02-14 19:10:13,834] {logging_mixin.py:115} INFO - [2025-02-14 19:10:13,834] {dagbag.py:508} INFO - Filling up the DagBag from /home/airflow/dags/Lead_scoring_training_pipeline/.ipynb_checkpoints/constants-checkpoint.py
[2025-02-14 19:10:13,835] {processor.py:653} WARNING - No viable dags retrieved from /home/airflow/dags/Lead_scoring_training_pipeline/.ipynb_checkpoints/constants-checkpoint.py
[2025-02-14 19:10:13,845] {processor.py:161} INFO - Processing /home/airflow/dags/Lead_scoring_training_pipeline/.ipynb_checkpoints/constants-checkpoint.py took 0.017 seconds
