[2025-02-14 19:10:07,475] {taskinstance.py:1179} INFO - Dependencies all met for <TaskInstance: TK_Lead_Scoring_Data_Engineering_Pipeline.mapping_categorical_vars manual__2025-02-14T19:09:48.233961+00:00 [queued]>
[2025-02-14 19:10:07,480] {taskinstance.py:1179} INFO - Dependencies all met for <TaskInstance: TK_Lead_Scoring_Data_Engineering_Pipeline.mapping_categorical_vars manual__2025-02-14T19:09:48.233961+00:00 [queued]>
[2025-02-14 19:10:07,480] {taskinstance.py:1376} INFO - 
--------------------------------------------------------------------------------
[2025-02-14 19:10:07,480] {taskinstance.py:1377} INFO - Starting attempt 1 of 2
[2025-02-14 19:10:07,480] {taskinstance.py:1378} INFO - 
--------------------------------------------------------------------------------
[2025-02-14 19:10:07,502] {taskinstance.py:1397} INFO - Executing <Task(PythonOperator): mapping_categorical_vars> on 2025-02-14 19:09:48.233961+00:00
[2025-02-14 19:10:07,506] {standard_task_runner.py:52} INFO - Started process 3544 to run task
[2025-02-14 19:10:07,509] {standard_task_runner.py:79} INFO - Running: ['airflow', 'tasks', 'run', 'TK_Lead_Scoring_Data_Engineering_Pipeline', 'mapping_categorical_vars', 'manual__2025-02-14T19:09:48.233961+00:00', '--job-id', '84', '--raw', '--subdir', 'DAGS_FOLDER/Lead_scoring_data_pipeline/.ipynb_checkpoints/lead_scoring_data_pipeline-checkpoint.py', '--cfg-path', '/tmp/tmphtmairrn', '--error-file', '/tmp/tmpuvuh6miy']
[2025-02-14 19:10:07,509] {standard_task_runner.py:80} INFO - Job 84: Subtask mapping_categorical_vars
[2025-02-14 19:10:07,556] {task_command.py:371} INFO - Running <TaskInstance: TK_Lead_Scoring_Data_Engineering_Pipeline.mapping_categorical_vars manual__2025-02-14T19:09:48.233961+00:00 [running]> on host c9e5903262b9
[2025-02-14 19:10:07,617] {taskinstance.py:1589} INFO - Exporting the following env vars:
AIRFLOW_CTX_DAG_OWNER=airflow
AIRFLOW_CTX_DAG_ID=TK_Lead_Scoring_Data_Engineering_Pipeline
AIRFLOW_CTX_TASK_ID=mapping_categorical_vars
AIRFLOW_CTX_EXECUTION_DATE=2025-02-14T19:09:48.233961+00:00
AIRFLOW_CTX_TRY_NUMBER=1
AIRFLOW_CTX_DAG_RUN_ID=manual__2025-02-14T19:09:48.233961+00:00
[2025-02-14 19:10:07,958] {logging_mixin.py:115} WARNING - /home/airflow/dags/Lead_scoring_data_pipeline/utils.py:194 SettingWithCopyWarning: 
A value is trying to be set on a copy of a slice from a DataFrame.
Try using .loc[row_indexer,col_indexer] = value instead

See the caveats in the documentation: https://pandas.pydata.org/pandas-docs/stable/user_guide/indexing.html#returning-a-view-versus-a-copy
[2025-02-14 19:10:08,003] {logging_mixin.py:115} WARNING - /home/airflow/dags/Lead_scoring_data_pipeline/utils.py:206 SettingWithCopyWarning: 
A value is trying to be set on a copy of a slice from a DataFrame.
Try using .loc[row_indexer,col_indexer] = value instead

See the caveats in the documentation: https://pandas.pydata.org/pandas-docs/stable/user_guide/indexing.html#returning-a-view-versus-a-copy
[2025-02-14 19:10:08,042] {logging_mixin.py:115} WARNING - /home/airflow/dags/Lead_scoring_data_pipeline/utils.py:218 SettingWithCopyWarning: 
A value is trying to be set on a copy of a slice from a DataFrame.
Try using .loc[row_indexer,col_indexer] = value instead

See the caveats in the documentation: https://pandas.pydata.org/pandas-docs/stable/user_guide/indexing.html#returning-a-view-versus-a-copy
[2025-02-14 19:10:08,716] {python.py:173} INFO - Done. Returned value was: None
[2025-02-14 19:10:08,722] {taskinstance.py:1415} INFO - Marking task as SUCCESS. dag_id=TK_Lead_Scoring_Data_Engineering_Pipeline, task_id=mapping_categorical_vars, execution_date=20250214T190948, start_date=20250214T191007, end_date=20250214T191008
[2025-02-14 19:10:08,765] {local_task_job.py:156} INFO - Task exited with return code 0
[2025-02-14 19:10:08,837] {local_task_job.py:273} INFO - 1 downstream tasks scheduled from follow-on schedule check
