[2025-02-14 13:59:20,327] {processor.py:153} INFO - Started process (PID=1814) to work on /home/airflow/dags/Lead_scoring_data_pipeline/constants.py
[2025-02-14 13:59:20,327] {processor.py:641} INFO - Processing file /home/airflow/dags/Lead_scoring_data_pipeline/constants.py for tasks to queue
[2025-02-14 13:59:20,327] {logging_mixin.py:115} INFO - [2025-02-14 13:59:20,327] {dagbag.py:508} INFO - Filling up the DagBag from /home/airflow/dags/Lead_scoring_data_pipeline/constants.py
[2025-02-14 13:59:20,329] {processor.py:653} WARNING - No viable dags retrieved from /home/airflow/dags/Lead_scoring_data_pipeline/constants.py
[2025-02-14 13:59:20,339] {processor.py:161} INFO - Processing /home/airflow/dags/Lead_scoring_data_pipeline/constants.py took 0.015 seconds
[2025-02-14 14:00:05,680] {processor.py:153} INFO - Started process (PID=1851) to work on /home/airflow/dags/Lead_scoring_data_pipeline/constants.py
[2025-02-14 14:00:05,682] {processor.py:641} INFO - Processing file /home/airflow/dags/Lead_scoring_data_pipeline/constants.py for tasks to queue
[2025-02-14 14:00:05,683] {logging_mixin.py:115} INFO - [2025-02-14 14:00:05,683] {dagbag.py:508} INFO - Filling up the DagBag from /home/airflow/dags/Lead_scoring_data_pipeline/constants.py
[2025-02-14 14:00:05,684] {processor.py:653} WARNING - No viable dags retrieved from /home/airflow/dags/Lead_scoring_data_pipeline/constants.py
[2025-02-14 14:00:05,695] {processor.py:161} INFO - Processing /home/airflow/dags/Lead_scoring_data_pipeline/constants.py took 0.017 seconds
[2025-02-14 14:00:42,158] {processor.py:153} INFO - Started process (PID=1879) to work on /home/airflow/dags/Lead_scoring_data_pipeline/constants.py
[2025-02-14 14:00:42,159] {processor.py:641} INFO - Processing file /home/airflow/dags/Lead_scoring_data_pipeline/constants.py for tasks to queue
[2025-02-14 14:00:42,159] {logging_mixin.py:115} INFO - [2025-02-14 14:00:42,159] {dagbag.py:508} INFO - Filling up the DagBag from /home/airflow/dags/Lead_scoring_data_pipeline/constants.py
[2025-02-14 14:00:42,160] {processor.py:653} WARNING - No viable dags retrieved from /home/airflow/dags/Lead_scoring_data_pipeline/constants.py
[2025-02-14 14:00:42,171] {processor.py:161} INFO - Processing /home/airflow/dags/Lead_scoring_data_pipeline/constants.py took 0.016 seconds
[2025-02-14 14:01:22,725] {processor.py:153} INFO - Started process (PID=1916) to work on /home/airflow/dags/Lead_scoring_data_pipeline/constants.py
[2025-02-14 14:01:22,728] {processor.py:641} INFO - Processing file /home/airflow/dags/Lead_scoring_data_pipeline/constants.py for tasks to queue
[2025-02-14 14:01:22,729] {logging_mixin.py:115} INFO - [2025-02-14 14:01:22,729] {dagbag.py:508} INFO - Filling up the DagBag from /home/airflow/dags/Lead_scoring_data_pipeline/constants.py
[2025-02-14 14:01:22,730] {processor.py:653} WARNING - No viable dags retrieved from /home/airflow/dags/Lead_scoring_data_pipeline/constants.py
[2025-02-14 14:01:22,740] {processor.py:161} INFO - Processing /home/airflow/dags/Lead_scoring_data_pipeline/constants.py took 0.018 seconds
[2025-02-14 14:01:54,333] {processor.py:153} INFO - Started process (PID=1945) to work on /home/airflow/dags/Lead_scoring_data_pipeline/constants.py
[2025-02-14 14:01:54,334] {processor.py:641} INFO - Processing file /home/airflow/dags/Lead_scoring_data_pipeline/constants.py for tasks to queue
[2025-02-14 14:01:54,334] {logging_mixin.py:115} INFO - [2025-02-14 14:01:54,334] {dagbag.py:508} INFO - Filling up the DagBag from /home/airflow/dags/Lead_scoring_data_pipeline/constants.py
[2025-02-14 14:01:54,335] {processor.py:653} WARNING - No viable dags retrieved from /home/airflow/dags/Lead_scoring_data_pipeline/constants.py
[2025-02-14 14:01:54,346] {processor.py:161} INFO - Processing /home/airflow/dags/Lead_scoring_data_pipeline/constants.py took 0.016 seconds
[2025-02-14 14:02:28,093] {processor.py:153} INFO - Started process (PID=1975) to work on /home/airflow/dags/Lead_scoring_data_pipeline/constants.py
[2025-02-14 14:02:28,095] {processor.py:641} INFO - Processing file /home/airflow/dags/Lead_scoring_data_pipeline/constants.py for tasks to queue
[2025-02-14 14:02:28,096] {logging_mixin.py:115} INFO - [2025-02-14 14:02:28,096] {dagbag.py:508} INFO - Filling up the DagBag from /home/airflow/dags/Lead_scoring_data_pipeline/constants.py
[2025-02-14 14:02:28,097] {processor.py:653} WARNING - No viable dags retrieved from /home/airflow/dags/Lead_scoring_data_pipeline/constants.py
[2025-02-14 14:02:28,108] {processor.py:161} INFO - Processing /home/airflow/dags/Lead_scoring_data_pipeline/constants.py took 0.018 seconds
[2025-02-14 14:03:02,423] {processor.py:153} INFO - Started process (PID=2006) to work on /home/airflow/dags/Lead_scoring_data_pipeline/constants.py
[2025-02-14 14:03:02,424] {processor.py:641} INFO - Processing file /home/airflow/dags/Lead_scoring_data_pipeline/constants.py for tasks to queue
[2025-02-14 14:03:02,425] {logging_mixin.py:115} INFO - [2025-02-14 14:03:02,425] {dagbag.py:508} INFO - Filling up the DagBag from /home/airflow/dags/Lead_scoring_data_pipeline/constants.py
[2025-02-14 14:03:02,426] {processor.py:653} WARNING - No viable dags retrieved from /home/airflow/dags/Lead_scoring_data_pipeline/constants.py
[2025-02-14 14:03:02,439] {processor.py:161} INFO - Processing /home/airflow/dags/Lead_scoring_data_pipeline/constants.py took 0.020 seconds
[2025-02-14 14:03:40,610] {processor.py:153} INFO - Started process (PID=2040) to work on /home/airflow/dags/Lead_scoring_data_pipeline/constants.py
[2025-02-14 14:03:40,611] {processor.py:641} INFO - Processing file /home/airflow/dags/Lead_scoring_data_pipeline/constants.py for tasks to queue
[2025-02-14 14:03:40,612] {logging_mixin.py:115} INFO - [2025-02-14 14:03:40,612] {dagbag.py:508} INFO - Filling up the DagBag from /home/airflow/dags/Lead_scoring_data_pipeline/constants.py
[2025-02-14 14:03:40,613] {processor.py:653} WARNING - No viable dags retrieved from /home/airflow/dags/Lead_scoring_data_pipeline/constants.py
[2025-02-14 14:03:40,623] {processor.py:161} INFO - Processing /home/airflow/dags/Lead_scoring_data_pipeline/constants.py took 0.017 seconds
[2025-02-14 14:05:08,786] {processor.py:153} INFO - Started process (PID=2159) to work on /home/airflow/dags/Lead_scoring_data_pipeline/constants.py
[2025-02-14 14:05:08,788] {processor.py:641} INFO - Processing file /home/airflow/dags/Lead_scoring_data_pipeline/constants.py for tasks to queue
[2025-02-14 14:05:08,789] {logging_mixin.py:115} INFO - [2025-02-14 14:05:08,789] {dagbag.py:508} INFO - Filling up the DagBag from /home/airflow/dags/Lead_scoring_data_pipeline/constants.py
[2025-02-14 14:05:08,790] {processor.py:653} WARNING - No viable dags retrieved from /home/airflow/dags/Lead_scoring_data_pipeline/constants.py
[2025-02-14 14:05:08,873] {processor.py:161} INFO - Processing /home/airflow/dags/Lead_scoring_data_pipeline/constants.py took 0.091 seconds
[2025-02-14 14:05:52,301] {processor.py:153} INFO - Started process (PID=2213) to work on /home/airflow/dags/Lead_scoring_data_pipeline/constants.py
[2025-02-14 14:05:52,303] {processor.py:641} INFO - Processing file /home/airflow/dags/Lead_scoring_data_pipeline/constants.py for tasks to queue
[2025-02-14 14:05:52,303] {logging_mixin.py:115} INFO - [2025-02-14 14:05:52,303] {dagbag.py:508} INFO - Filling up the DagBag from /home/airflow/dags/Lead_scoring_data_pipeline/constants.py
[2025-02-14 14:05:52,304] {processor.py:653} WARNING - No viable dags retrieved from /home/airflow/dags/Lead_scoring_data_pipeline/constants.py
[2025-02-14 14:05:52,314] {processor.py:161} INFO - Processing /home/airflow/dags/Lead_scoring_data_pipeline/constants.py took 0.016 seconds
[2025-02-14 14:06:36,475] {processor.py:153} INFO - Started process (PID=2267) to work on /home/airflow/dags/Lead_scoring_data_pipeline/constants.py
[2025-02-14 14:06:36,477] {processor.py:641} INFO - Processing file /home/airflow/dags/Lead_scoring_data_pipeline/constants.py for tasks to queue
[2025-02-14 14:06:36,478] {logging_mixin.py:115} INFO - [2025-02-14 14:06:36,477] {dagbag.py:508} INFO - Filling up the DagBag from /home/airflow/dags/Lead_scoring_data_pipeline/constants.py
[2025-02-14 14:06:36,479] {processor.py:653} WARNING - No viable dags retrieved from /home/airflow/dags/Lead_scoring_data_pipeline/constants.py
[2025-02-14 14:06:36,491] {processor.py:161} INFO - Processing /home/airflow/dags/Lead_scoring_data_pipeline/constants.py took 0.020 seconds
[2025-02-14 14:07:25,745] {processor.py:153} INFO - Started process (PID=2308) to work on /home/airflow/dags/Lead_scoring_data_pipeline/constants.py
[2025-02-14 14:07:25,747] {processor.py:641} INFO - Processing file /home/airflow/dags/Lead_scoring_data_pipeline/constants.py for tasks to queue
[2025-02-14 14:07:25,747] {logging_mixin.py:115} INFO - [2025-02-14 14:07:25,747] {dagbag.py:508} INFO - Filling up the DagBag from /home/airflow/dags/Lead_scoring_data_pipeline/constants.py
[2025-02-14 14:07:25,749] {processor.py:653} WARNING - No viable dags retrieved from /home/airflow/dags/Lead_scoring_data_pipeline/constants.py
[2025-02-14 14:07:25,759] {processor.py:161} INFO - Processing /home/airflow/dags/Lead_scoring_data_pipeline/constants.py took 0.017 seconds
[2025-02-14 14:07:57,118] {processor.py:153} INFO - Started process (PID=2335) to work on /home/airflow/dags/Lead_scoring_data_pipeline/constants.py
[2025-02-14 14:07:57,118] {processor.py:641} INFO - Processing file /home/airflow/dags/Lead_scoring_data_pipeline/constants.py for tasks to queue
[2025-02-14 14:07:57,119] {logging_mixin.py:115} INFO - [2025-02-14 14:07:57,118] {dagbag.py:508} INFO - Filling up the DagBag from /home/airflow/dags/Lead_scoring_data_pipeline/constants.py
[2025-02-14 14:07:57,120] {processor.py:653} WARNING - No viable dags retrieved from /home/airflow/dags/Lead_scoring_data_pipeline/constants.py
[2025-02-14 14:07:57,130] {processor.py:161} INFO - Processing /home/airflow/dags/Lead_scoring_data_pipeline/constants.py took 0.016 seconds
[2025-02-14 14:09:02,478] {processor.py:153} INFO - Started process (PID=2417) to work on /home/airflow/dags/Lead_scoring_data_pipeline/constants.py
[2025-02-14 14:09:02,479] {processor.py:641} INFO - Processing file /home/airflow/dags/Lead_scoring_data_pipeline/constants.py for tasks to queue
[2025-02-14 14:09:02,480] {logging_mixin.py:115} INFO - [2025-02-14 14:09:02,480] {dagbag.py:508} INFO - Filling up the DagBag from /home/airflow/dags/Lead_scoring_data_pipeline/constants.py
[2025-02-14 14:09:02,481] {processor.py:653} WARNING - No viable dags retrieved from /home/airflow/dags/Lead_scoring_data_pipeline/constants.py
[2025-02-14 14:09:02,491] {processor.py:161} INFO - Processing /home/airflow/dags/Lead_scoring_data_pipeline/constants.py took 0.017 seconds
[2025-02-14 14:09:45,424] {processor.py:153} INFO - Started process (PID=2455) to work on /home/airflow/dags/Lead_scoring_data_pipeline/constants.py
[2025-02-14 14:09:45,425] {processor.py:641} INFO - Processing file /home/airflow/dags/Lead_scoring_data_pipeline/constants.py for tasks to queue
[2025-02-14 14:09:45,426] {logging_mixin.py:115} INFO - [2025-02-14 14:09:45,426] {dagbag.py:508} INFO - Filling up the DagBag from /home/airflow/dags/Lead_scoring_data_pipeline/constants.py
[2025-02-14 14:09:45,427] {processor.py:653} WARNING - No viable dags retrieved from /home/airflow/dags/Lead_scoring_data_pipeline/constants.py
[2025-02-14 14:09:45,437] {processor.py:161} INFO - Processing /home/airflow/dags/Lead_scoring_data_pipeline/constants.py took 0.016 seconds
[2025-02-14 14:10:25,988] {processor.py:153} INFO - Started process (PID=2489) to work on /home/airflow/dags/Lead_scoring_data_pipeline/constants.py
[2025-02-14 14:10:25,990] {processor.py:641} INFO - Processing file /home/airflow/dags/Lead_scoring_data_pipeline/constants.py for tasks to queue
[2025-02-14 14:10:25,991] {logging_mixin.py:115} INFO - [2025-02-14 14:10:25,991] {dagbag.py:508} INFO - Filling up the DagBag from /home/airflow/dags/Lead_scoring_data_pipeline/constants.py
[2025-02-14 14:10:25,992] {processor.py:653} WARNING - No viable dags retrieved from /home/airflow/dags/Lead_scoring_data_pipeline/constants.py
[2025-02-14 14:10:26,002] {processor.py:161} INFO - Processing /home/airflow/dags/Lead_scoring_data_pipeline/constants.py took 0.017 seconds
[2025-02-14 14:11:12,357] {processor.py:153} INFO - Started process (PID=2530) to work on /home/airflow/dags/Lead_scoring_data_pipeline/constants.py
[2025-02-14 14:11:12,359] {processor.py:641} INFO - Processing file /home/airflow/dags/Lead_scoring_data_pipeline/constants.py for tasks to queue
[2025-02-14 14:11:12,359] {logging_mixin.py:115} INFO - [2025-02-14 14:11:12,359] {dagbag.py:508} INFO - Filling up the DagBag from /home/airflow/dags/Lead_scoring_data_pipeline/constants.py
[2025-02-14 14:11:12,360] {processor.py:653} WARNING - No viable dags retrieved from /home/airflow/dags/Lead_scoring_data_pipeline/constants.py
[2025-02-14 14:11:12,370] {processor.py:161} INFO - Processing /home/airflow/dags/Lead_scoring_data_pipeline/constants.py took 0.016 seconds
[2025-02-14 14:11:42,817] {processor.py:153} INFO - Started process (PID=2572) to work on /home/airflow/dags/Lead_scoring_data_pipeline/constants.py
[2025-02-14 14:11:42,818] {processor.py:641} INFO - Processing file /home/airflow/dags/Lead_scoring_data_pipeline/constants.py for tasks to queue
[2025-02-14 14:11:42,818] {logging_mixin.py:115} INFO - [2025-02-14 14:11:42,818] {dagbag.py:508} INFO - Filling up the DagBag from /home/airflow/dags/Lead_scoring_data_pipeline/constants.py
[2025-02-14 14:11:42,819] {processor.py:653} WARNING - No viable dags retrieved from /home/airflow/dags/Lead_scoring_data_pipeline/constants.py
[2025-02-14 14:11:42,829] {processor.py:161} INFO - Processing /home/airflow/dags/Lead_scoring_data_pipeline/constants.py took 0.015 seconds
[2025-02-14 14:12:22,425] {processor.py:153} INFO - Started process (PID=2624) to work on /home/airflow/dags/Lead_scoring_data_pipeline/constants.py
[2025-02-14 14:12:22,426] {processor.py:641} INFO - Processing file /home/airflow/dags/Lead_scoring_data_pipeline/constants.py for tasks to queue
[2025-02-14 14:12:22,427] {logging_mixin.py:115} INFO - [2025-02-14 14:12:22,427] {dagbag.py:508} INFO - Filling up the DagBag from /home/airflow/dags/Lead_scoring_data_pipeline/constants.py
[2025-02-14 14:12:22,428] {processor.py:653} WARNING - No viable dags retrieved from /home/airflow/dags/Lead_scoring_data_pipeline/constants.py
[2025-02-14 14:12:22,439] {processor.py:161} INFO - Processing /home/airflow/dags/Lead_scoring_data_pipeline/constants.py took 0.017 seconds
[2025-02-14 14:13:01,966] {processor.py:153} INFO - Started process (PID=2675) to work on /home/airflow/dags/Lead_scoring_data_pipeline/constants.py
[2025-02-14 14:13:01,967] {processor.py:641} INFO - Processing file /home/airflow/dags/Lead_scoring_data_pipeline/constants.py for tasks to queue
[2025-02-14 14:13:01,967] {logging_mixin.py:115} INFO - [2025-02-14 14:13:01,967] {dagbag.py:508} INFO - Filling up the DagBag from /home/airflow/dags/Lead_scoring_data_pipeline/constants.py
[2025-02-14 14:13:01,969] {processor.py:653} WARNING - No viable dags retrieved from /home/airflow/dags/Lead_scoring_data_pipeline/constants.py
[2025-02-14 14:13:01,979] {processor.py:161} INFO - Processing /home/airflow/dags/Lead_scoring_data_pipeline/constants.py took 0.017 seconds
[2025-02-14 14:13:43,601] {processor.py:153} INFO - Started process (PID=2727) to work on /home/airflow/dags/Lead_scoring_data_pipeline/constants.py
[2025-02-14 14:13:43,603] {processor.py:641} INFO - Processing file /home/airflow/dags/Lead_scoring_data_pipeline/constants.py for tasks to queue
[2025-02-14 14:13:43,603] {logging_mixin.py:115} INFO - [2025-02-14 14:13:43,603] {dagbag.py:508} INFO - Filling up the DagBag from /home/airflow/dags/Lead_scoring_data_pipeline/constants.py
[2025-02-14 14:13:43,605] {processor.py:653} WARNING - No viable dags retrieved from /home/airflow/dags/Lead_scoring_data_pipeline/constants.py
[2025-02-14 14:13:43,615] {processor.py:161} INFO - Processing /home/airflow/dags/Lead_scoring_data_pipeline/constants.py took 0.016 seconds
[2025-02-14 14:14:24,357] {processor.py:153} INFO - Started process (PID=2780) to work on /home/airflow/dags/Lead_scoring_data_pipeline/constants.py
[2025-02-14 14:14:24,359] {processor.py:641} INFO - Processing file /home/airflow/dags/Lead_scoring_data_pipeline/constants.py for tasks to queue
[2025-02-14 14:14:24,359] {logging_mixin.py:115} INFO - [2025-02-14 14:14:24,359] {dagbag.py:508} INFO - Filling up the DagBag from /home/airflow/dags/Lead_scoring_data_pipeline/constants.py
[2025-02-14 14:14:24,360] {processor.py:653} WARNING - No viable dags retrieved from /home/airflow/dags/Lead_scoring_data_pipeline/constants.py
[2025-02-14 14:14:24,371] {processor.py:161} INFO - Processing /home/airflow/dags/Lead_scoring_data_pipeline/constants.py took 0.017 seconds
[2025-02-14 14:14:56,910] {processor.py:153} INFO - Started process (PID=2827) to work on /home/airflow/dags/Lead_scoring_data_pipeline/constants.py
[2025-02-14 14:14:56,910] {processor.py:641} INFO - Processing file /home/airflow/dags/Lead_scoring_data_pipeline/constants.py for tasks to queue
[2025-02-14 14:14:56,911] {logging_mixin.py:115} INFO - [2025-02-14 14:14:56,911] {dagbag.py:508} INFO - Filling up the DagBag from /home/airflow/dags/Lead_scoring_data_pipeline/constants.py
[2025-02-14 14:14:56,912] {processor.py:653} WARNING - No viable dags retrieved from /home/airflow/dags/Lead_scoring_data_pipeline/constants.py
[2025-02-14 14:14:56,922] {processor.py:161} INFO - Processing /home/airflow/dags/Lead_scoring_data_pipeline/constants.py took 0.016 seconds
[2025-02-14 14:15:27,813] {processor.py:153} INFO - Started process (PID=2872) to work on /home/airflow/dags/Lead_scoring_data_pipeline/constants.py
[2025-02-14 14:15:27,814] {processor.py:641} INFO - Processing file /home/airflow/dags/Lead_scoring_data_pipeline/constants.py for tasks to queue
[2025-02-14 14:15:27,815] {logging_mixin.py:115} INFO - [2025-02-14 14:15:27,814] {dagbag.py:508} INFO - Filling up the DagBag from /home/airflow/dags/Lead_scoring_data_pipeline/constants.py
[2025-02-14 14:15:27,816] {processor.py:653} WARNING - No viable dags retrieved from /home/airflow/dags/Lead_scoring_data_pipeline/constants.py
[2025-02-14 14:15:27,827] {processor.py:161} INFO - Processing /home/airflow/dags/Lead_scoring_data_pipeline/constants.py took 0.017 seconds
[2025-02-14 14:15:59,238] {processor.py:153} INFO - Started process (PID=2917) to work on /home/airflow/dags/Lead_scoring_data_pipeline/constants.py
[2025-02-14 14:15:59,239] {processor.py:641} INFO - Processing file /home/airflow/dags/Lead_scoring_data_pipeline/constants.py for tasks to queue
[2025-02-14 14:15:59,240] {logging_mixin.py:115} INFO - [2025-02-14 14:15:59,240] {dagbag.py:508} INFO - Filling up the DagBag from /home/airflow/dags/Lead_scoring_data_pipeline/constants.py
[2025-02-14 14:15:59,241] {processor.py:653} WARNING - No viable dags retrieved from /home/airflow/dags/Lead_scoring_data_pipeline/constants.py
[2025-02-14 14:15:59,252] {processor.py:161} INFO - Processing /home/airflow/dags/Lead_scoring_data_pipeline/constants.py took 0.017 seconds
[2025-02-14 14:16:25,809] {processor.py:153} INFO - Started process (PID=2994) to work on /home/airflow/dags/Lead_scoring_data_pipeline/constants.py
[2025-02-14 14:16:25,809] {processor.py:641} INFO - Processing file /home/airflow/dags/Lead_scoring_data_pipeline/constants.py for tasks to queue
[2025-02-14 14:16:25,810] {logging_mixin.py:115} INFO - [2025-02-14 14:16:25,810] {dagbag.py:508} INFO - Filling up the DagBag from /home/airflow/dags/Lead_scoring_data_pipeline/constants.py
[2025-02-14 14:16:25,811] {processor.py:653} WARNING - No viable dags retrieved from /home/airflow/dags/Lead_scoring_data_pipeline/constants.py
[2025-02-14 14:16:25,821] {processor.py:161} INFO - Processing /home/airflow/dags/Lead_scoring_data_pipeline/constants.py took 0.016 seconds
[2025-02-14 14:17:14,753] {processor.py:153} INFO - Started process (PID=3048) to work on /home/airflow/dags/Lead_scoring_data_pipeline/constants.py
[2025-02-14 14:17:14,755] {processor.py:641} INFO - Processing file /home/airflow/dags/Lead_scoring_data_pipeline/constants.py for tasks to queue
[2025-02-14 14:17:14,755] {logging_mixin.py:115} INFO - [2025-02-14 14:17:14,755] {dagbag.py:508} INFO - Filling up the DagBag from /home/airflow/dags/Lead_scoring_data_pipeline/constants.py
[2025-02-14 14:17:14,756] {processor.py:653} WARNING - No viable dags retrieved from /home/airflow/dags/Lead_scoring_data_pipeline/constants.py
[2025-02-14 14:17:14,766] {processor.py:161} INFO - Processing /home/airflow/dags/Lead_scoring_data_pipeline/constants.py took 0.016 seconds
[2025-02-14 14:17:58,770] {processor.py:153} INFO - Started process (PID=3102) to work on /home/airflow/dags/Lead_scoring_data_pipeline/constants.py
[2025-02-14 14:17:58,771] {processor.py:641} INFO - Processing file /home/airflow/dags/Lead_scoring_data_pipeline/constants.py for tasks to queue
[2025-02-14 14:17:58,772] {logging_mixin.py:115} INFO - [2025-02-14 14:17:58,772] {dagbag.py:508} INFO - Filling up the DagBag from /home/airflow/dags/Lead_scoring_data_pipeline/constants.py
[2025-02-14 14:17:58,773] {processor.py:653} WARNING - No viable dags retrieved from /home/airflow/dags/Lead_scoring_data_pipeline/constants.py
[2025-02-14 14:17:58,784] {processor.py:161} INFO - Processing /home/airflow/dags/Lead_scoring_data_pipeline/constants.py took 0.017 seconds
[2025-02-14 14:18:43,713] {processor.py:153} INFO - Started process (PID=3186) to work on /home/airflow/dags/Lead_scoring_data_pipeline/constants.py
[2025-02-14 14:18:43,715] {processor.py:641} INFO - Processing file /home/airflow/dags/Lead_scoring_data_pipeline/constants.py for tasks to queue
[2025-02-14 14:18:43,715] {logging_mixin.py:115} INFO - [2025-02-14 14:18:43,715] {dagbag.py:508} INFO - Filling up the DagBag from /home/airflow/dags/Lead_scoring_data_pipeline/constants.py
[2025-02-14 14:18:43,717] {processor.py:653} WARNING - No viable dags retrieved from /home/airflow/dags/Lead_scoring_data_pipeline/constants.py
[2025-02-14 14:18:43,727] {processor.py:161} INFO - Processing /home/airflow/dags/Lead_scoring_data_pipeline/constants.py took 0.017 seconds
[2025-02-14 14:20:34,537] {processor.py:153} INFO - Started process (PID=3277) to work on /home/airflow/dags/Lead_scoring_data_pipeline/constants.py
[2025-02-14 14:20:34,538] {processor.py:641} INFO - Processing file /home/airflow/dags/Lead_scoring_data_pipeline/constants.py for tasks to queue
[2025-02-14 14:20:34,538] {logging_mixin.py:115} INFO - [2025-02-14 14:20:34,538] {dagbag.py:508} INFO - Filling up the DagBag from /home/airflow/dags/Lead_scoring_data_pipeline/constants.py
[2025-02-14 14:20:34,540] {processor.py:653} WARNING - No viable dags retrieved from /home/airflow/dags/Lead_scoring_data_pipeline/constants.py
[2025-02-14 14:20:34,550] {processor.py:161} INFO - Processing /home/airflow/dags/Lead_scoring_data_pipeline/constants.py took 0.016 seconds
[2025-02-14 14:21:17,902] {processor.py:153} INFO - Started process (PID=3333) to work on /home/airflow/dags/Lead_scoring_data_pipeline/constants.py
[2025-02-14 14:21:17,903] {processor.py:641} INFO - Processing file /home/airflow/dags/Lead_scoring_data_pipeline/constants.py for tasks to queue
[2025-02-14 14:21:17,904] {logging_mixin.py:115} INFO - [2025-02-14 14:21:17,904] {dagbag.py:508} INFO - Filling up the DagBag from /home/airflow/dags/Lead_scoring_data_pipeline/constants.py
[2025-02-14 14:21:17,905] {processor.py:653} WARNING - No viable dags retrieved from /home/airflow/dags/Lead_scoring_data_pipeline/constants.py
[2025-02-14 14:21:17,916] {processor.py:161} INFO - Processing /home/airflow/dags/Lead_scoring_data_pipeline/constants.py took 0.018 seconds
[2025-02-14 14:22:04,030] {processor.py:153} INFO - Started process (PID=3387) to work on /home/airflow/dags/Lead_scoring_data_pipeline/constants.py
[2025-02-14 14:22:04,031] {processor.py:641} INFO - Processing file /home/airflow/dags/Lead_scoring_data_pipeline/constants.py for tasks to queue
[2025-02-14 14:22:04,032] {logging_mixin.py:115} INFO - [2025-02-14 14:22:04,032] {dagbag.py:508} INFO - Filling up the DagBag from /home/airflow/dags/Lead_scoring_data_pipeline/constants.py
[2025-02-14 14:22:04,033] {processor.py:653} WARNING - No viable dags retrieved from /home/airflow/dags/Lead_scoring_data_pipeline/constants.py
[2025-02-14 14:22:04,044] {processor.py:161} INFO - Processing /home/airflow/dags/Lead_scoring_data_pipeline/constants.py took 0.017 seconds
[2025-02-14 14:22:36,282] {processor.py:153} INFO - Started process (PID=3430) to work on /home/airflow/dags/Lead_scoring_data_pipeline/constants.py
[2025-02-14 14:22:36,282] {processor.py:641} INFO - Processing file /home/airflow/dags/Lead_scoring_data_pipeline/constants.py for tasks to queue
[2025-02-14 14:22:36,282] {logging_mixin.py:115} INFO - [2025-02-14 14:22:36,282] {dagbag.py:508} INFO - Filling up the DagBag from /home/airflow/dags/Lead_scoring_data_pipeline/constants.py
[2025-02-14 14:22:36,284] {processor.py:653} WARNING - No viable dags retrieved from /home/airflow/dags/Lead_scoring_data_pipeline/constants.py
[2025-02-14 14:22:36,295] {processor.py:161} INFO - Processing /home/airflow/dags/Lead_scoring_data_pipeline/constants.py took 0.016 seconds
[2025-02-14 14:23:23,461] {processor.py:153} INFO - Started process (PID=3534) to work on /home/airflow/dags/Lead_scoring_data_pipeline/constants.py
[2025-02-14 14:23:23,462] {processor.py:641} INFO - Processing file /home/airflow/dags/Lead_scoring_data_pipeline/constants.py for tasks to queue
[2025-02-14 14:23:23,463] {logging_mixin.py:115} INFO - [2025-02-14 14:23:23,462] {dagbag.py:508} INFO - Filling up the DagBag from /home/airflow/dags/Lead_scoring_data_pipeline/constants.py
[2025-02-14 14:23:23,464] {processor.py:653} WARNING - No viable dags retrieved from /home/airflow/dags/Lead_scoring_data_pipeline/constants.py
[2025-02-14 14:23:23,473] {processor.py:161} INFO - Processing /home/airflow/dags/Lead_scoring_data_pipeline/constants.py took 0.016 seconds
[2025-02-14 14:24:05,252] {processor.py:153} INFO - Started process (PID=3588) to work on /home/airflow/dags/Lead_scoring_data_pipeline/constants.py
[2025-02-14 14:24:05,254] {processor.py:641} INFO - Processing file /home/airflow/dags/Lead_scoring_data_pipeline/constants.py for tasks to queue
[2025-02-14 14:24:05,254] {logging_mixin.py:115} INFO - [2025-02-14 14:24:05,254] {dagbag.py:508} INFO - Filling up the DagBag from /home/airflow/dags/Lead_scoring_data_pipeline/constants.py
[2025-02-14 14:24:05,256] {processor.py:653} WARNING - No viable dags retrieved from /home/airflow/dags/Lead_scoring_data_pipeline/constants.py
[2025-02-14 14:24:05,266] {processor.py:161} INFO - Processing /home/airflow/dags/Lead_scoring_data_pipeline/constants.py took 0.017 seconds
[2025-02-14 14:24:43,704] {processor.py:153} INFO - Started process (PID=3638) to work on /home/airflow/dags/Lead_scoring_data_pipeline/constants.py
[2025-02-14 14:24:43,706] {processor.py:641} INFO - Processing file /home/airflow/dags/Lead_scoring_data_pipeline/constants.py for tasks to queue
[2025-02-14 14:24:43,707] {logging_mixin.py:115} INFO - [2025-02-14 14:24:43,707] {dagbag.py:508} INFO - Filling up the DagBag from /home/airflow/dags/Lead_scoring_data_pipeline/constants.py
[2025-02-14 14:24:43,708] {processor.py:653} WARNING - No viable dags retrieved from /home/airflow/dags/Lead_scoring_data_pipeline/constants.py
[2025-02-14 14:24:43,718] {processor.py:161} INFO - Processing /home/airflow/dags/Lead_scoring_data_pipeline/constants.py took 0.017 seconds
[2025-02-14 14:25:30,486] {processor.py:153} INFO - Started process (PID=3692) to work on /home/airflow/dags/Lead_scoring_data_pipeline/constants.py
[2025-02-14 14:25:30,487] {processor.py:641} INFO - Processing file /home/airflow/dags/Lead_scoring_data_pipeline/constants.py for tasks to queue
[2025-02-14 14:25:30,488] {logging_mixin.py:115} INFO - [2025-02-14 14:25:30,488] {dagbag.py:508} INFO - Filling up the DagBag from /home/airflow/dags/Lead_scoring_data_pipeline/constants.py
[2025-02-14 14:25:30,489] {processor.py:653} WARNING - No viable dags retrieved from /home/airflow/dags/Lead_scoring_data_pipeline/constants.py
[2025-02-14 14:25:30,500] {processor.py:161} INFO - Processing /home/airflow/dags/Lead_scoring_data_pipeline/constants.py took 0.017 seconds
[2025-02-14 14:26:13,397] {processor.py:153} INFO - Started process (PID=3746) to work on /home/airflow/dags/Lead_scoring_data_pipeline/constants.py
[2025-02-14 14:26:13,398] {processor.py:641} INFO - Processing file /home/airflow/dags/Lead_scoring_data_pipeline/constants.py for tasks to queue
[2025-02-14 14:26:13,399] {logging_mixin.py:115} INFO - [2025-02-14 14:26:13,399] {dagbag.py:508} INFO - Filling up the DagBag from /home/airflow/dags/Lead_scoring_data_pipeline/constants.py
[2025-02-14 14:26:13,400] {processor.py:653} WARNING - No viable dags retrieved from /home/airflow/dags/Lead_scoring_data_pipeline/constants.py
[2025-02-14 14:26:13,410] {processor.py:161} INFO - Processing /home/airflow/dags/Lead_scoring_data_pipeline/constants.py took 0.017 seconds
[2025-02-14 14:26:54,505] {processor.py:153} INFO - Started process (PID=3797) to work on /home/airflow/dags/Lead_scoring_data_pipeline/constants.py
[2025-02-14 14:26:54,507] {processor.py:641} INFO - Processing file /home/airflow/dags/Lead_scoring_data_pipeline/constants.py for tasks to queue
[2025-02-14 14:26:54,507] {logging_mixin.py:115} INFO - [2025-02-14 14:26:54,507] {dagbag.py:508} INFO - Filling up the DagBag from /home/airflow/dags/Lead_scoring_data_pipeline/constants.py
[2025-02-14 14:26:54,509] {processor.py:653} WARNING - No viable dags retrieved from /home/airflow/dags/Lead_scoring_data_pipeline/constants.py
[2025-02-14 14:26:54,519] {processor.py:161} INFO - Processing /home/airflow/dags/Lead_scoring_data_pipeline/constants.py took 0.016 seconds
[2025-02-14 14:27:39,014] {processor.py:153} INFO - Started process (PID=3851) to work on /home/airflow/dags/Lead_scoring_data_pipeline/constants.py
[2025-02-14 14:27:39,014] {processor.py:641} INFO - Processing file /home/airflow/dags/Lead_scoring_data_pipeline/constants.py for tasks to queue
[2025-02-14 14:27:39,015] {logging_mixin.py:115} INFO - [2025-02-14 14:27:39,015] {dagbag.py:508} INFO - Filling up the DagBag from /home/airflow/dags/Lead_scoring_data_pipeline/constants.py
[2025-02-14 14:27:39,016] {processor.py:653} WARNING - No viable dags retrieved from /home/airflow/dags/Lead_scoring_data_pipeline/constants.py
[2025-02-14 14:27:39,026] {processor.py:161} INFO - Processing /home/airflow/dags/Lead_scoring_data_pipeline/constants.py took 0.015 seconds
[2025-02-14 14:28:23,926] {processor.py:153} INFO - Started process (PID=3905) to work on /home/airflow/dags/Lead_scoring_data_pipeline/constants.py
[2025-02-14 14:28:23,927] {processor.py:641} INFO - Processing file /home/airflow/dags/Lead_scoring_data_pipeline/constants.py for tasks to queue
[2025-02-14 14:28:23,928] {logging_mixin.py:115} INFO - [2025-02-14 14:28:23,928] {dagbag.py:508} INFO - Filling up the DagBag from /home/airflow/dags/Lead_scoring_data_pipeline/constants.py
[2025-02-14 14:28:23,929] {processor.py:653} WARNING - No viable dags retrieved from /home/airflow/dags/Lead_scoring_data_pipeline/constants.py
[2025-02-14 14:28:23,940] {processor.py:161} INFO - Processing /home/airflow/dags/Lead_scoring_data_pipeline/constants.py took 0.017 seconds
[2025-02-14 14:29:06,205] {processor.py:153} INFO - Started process (PID=3959) to work on /home/airflow/dags/Lead_scoring_data_pipeline/constants.py
[2025-02-14 14:29:06,206] {processor.py:641} INFO - Processing file /home/airflow/dags/Lead_scoring_data_pipeline/constants.py for tasks to queue
[2025-02-14 14:29:06,207] {logging_mixin.py:115} INFO - [2025-02-14 14:29:06,207] {dagbag.py:508} INFO - Filling up the DagBag from /home/airflow/dags/Lead_scoring_data_pipeline/constants.py
[2025-02-14 14:29:06,208] {processor.py:653} WARNING - No viable dags retrieved from /home/airflow/dags/Lead_scoring_data_pipeline/constants.py
[2025-02-14 14:29:06,219] {processor.py:161} INFO - Processing /home/airflow/dags/Lead_scoring_data_pipeline/constants.py took 0.017 seconds
[2025-02-14 14:29:37,484] {processor.py:153} INFO - Started process (PID=4005) to work on /home/airflow/dags/Lead_scoring_data_pipeline/constants.py
[2025-02-14 14:29:37,506] {processor.py:641} INFO - Processing file /home/airflow/dags/Lead_scoring_data_pipeline/constants.py for tasks to queue
[2025-02-14 14:29:37,506] {logging_mixin.py:115} INFO - [2025-02-14 14:29:37,506] {dagbag.py:508} INFO - Filling up the DagBag from /home/airflow/dags/Lead_scoring_data_pipeline/constants.py
[2025-02-14 14:29:37,508] {processor.py:653} WARNING - No viable dags retrieved from /home/airflow/dags/Lead_scoring_data_pipeline/constants.py
[2025-02-14 14:29:37,519] {processor.py:161} INFO - Processing /home/airflow/dags/Lead_scoring_data_pipeline/constants.py took 0.038 seconds
[2025-02-14 14:30:09,150] {processor.py:153} INFO - Started process (PID=4051) to work on /home/airflow/dags/Lead_scoring_data_pipeline/constants.py
[2025-02-14 14:30:09,151] {processor.py:641} INFO - Processing file /home/airflow/dags/Lead_scoring_data_pipeline/constants.py for tasks to queue
[2025-02-14 14:30:09,152] {logging_mixin.py:115} INFO - [2025-02-14 14:30:09,152] {dagbag.py:508} INFO - Filling up the DagBag from /home/airflow/dags/Lead_scoring_data_pipeline/constants.py
[2025-02-14 14:30:09,153] {processor.py:653} WARNING - No viable dags retrieved from /home/airflow/dags/Lead_scoring_data_pipeline/constants.py
[2025-02-14 14:30:09,164] {processor.py:161} INFO - Processing /home/airflow/dags/Lead_scoring_data_pipeline/constants.py took 0.017 seconds
[2025-02-14 14:30:44,052] {processor.py:153} INFO - Started process (PID=4102) to work on /home/airflow/dags/Lead_scoring_data_pipeline/constants.py
[2025-02-14 14:30:44,054] {processor.py:641} INFO - Processing file /home/airflow/dags/Lead_scoring_data_pipeline/constants.py for tasks to queue
[2025-02-14 14:30:44,054] {logging_mixin.py:115} INFO - [2025-02-14 14:30:44,054] {dagbag.py:508} INFO - Filling up the DagBag from /home/airflow/dags/Lead_scoring_data_pipeline/constants.py
[2025-02-14 14:30:44,056] {processor.py:653} WARNING - No viable dags retrieved from /home/airflow/dags/Lead_scoring_data_pipeline/constants.py
[2025-02-14 14:30:44,067] {processor.py:161} INFO - Processing /home/airflow/dags/Lead_scoring_data_pipeline/constants.py took 0.018 seconds
[2025-02-14 14:31:19,356] {processor.py:153} INFO - Started process (PID=4153) to work on /home/airflow/dags/Lead_scoring_data_pipeline/constants.py
[2025-02-14 14:31:19,358] {processor.py:641} INFO - Processing file /home/airflow/dags/Lead_scoring_data_pipeline/constants.py for tasks to queue
[2025-02-14 14:31:19,358] {logging_mixin.py:115} INFO - [2025-02-14 14:31:19,358] {dagbag.py:508} INFO - Filling up the DagBag from /home/airflow/dags/Lead_scoring_data_pipeline/constants.py
[2025-02-14 14:31:19,359] {processor.py:653} WARNING - No viable dags retrieved from /home/airflow/dags/Lead_scoring_data_pipeline/constants.py
[2025-02-14 14:31:19,370] {processor.py:161} INFO - Processing /home/airflow/dags/Lead_scoring_data_pipeline/constants.py took 0.017 seconds
[2025-02-14 14:32:01,829] {processor.py:153} INFO - Started process (PID=4255) to work on /home/airflow/dags/Lead_scoring_data_pipeline/constants.py
[2025-02-14 14:32:01,831] {processor.py:641} INFO - Processing file /home/airflow/dags/Lead_scoring_data_pipeline/constants.py for tasks to queue
[2025-02-14 14:32:01,831] {logging_mixin.py:115} INFO - [2025-02-14 14:32:01,831] {dagbag.py:508} INFO - Filling up the DagBag from /home/airflow/dags/Lead_scoring_data_pipeline/constants.py
[2025-02-14 14:32:01,833] {processor.py:653} WARNING - No viable dags retrieved from /home/airflow/dags/Lead_scoring_data_pipeline/constants.py
[2025-02-14 14:32:01,843] {processor.py:161} INFO - Processing /home/airflow/dags/Lead_scoring_data_pipeline/constants.py took 0.017 seconds
[2025-02-14 14:33:14,009] {processor.py:153} INFO - Started process (PID=4345) to work on /home/airflow/dags/Lead_scoring_data_pipeline/constants.py
[2025-02-14 14:33:14,165] {processor.py:641} INFO - Processing file /home/airflow/dags/Lead_scoring_data_pipeline/constants.py for tasks to queue
[2025-02-14 14:33:14,166] {logging_mixin.py:115} INFO - [2025-02-14 14:33:14,166] {dagbag.py:508} INFO - Filling up the DagBag from /home/airflow/dags/Lead_scoring_data_pipeline/constants.py
[2025-02-14 14:33:14,167] {processor.py:653} WARNING - No viable dags retrieved from /home/airflow/dags/Lead_scoring_data_pipeline/constants.py
[2025-02-14 14:33:14,178] {processor.py:161} INFO - Processing /home/airflow/dags/Lead_scoring_data_pipeline/constants.py took 0.172 seconds
[2025-02-14 14:33:48,185] {processor.py:153} INFO - Started process (PID=4392) to work on /home/airflow/dags/Lead_scoring_data_pipeline/constants.py
[2025-02-14 14:33:48,187] {processor.py:641} INFO - Processing file /home/airflow/dags/Lead_scoring_data_pipeline/constants.py for tasks to queue
[2025-02-14 14:33:48,188] {logging_mixin.py:115} INFO - [2025-02-14 14:33:48,187] {dagbag.py:508} INFO - Filling up the DagBag from /home/airflow/dags/Lead_scoring_data_pipeline/constants.py
[2025-02-14 14:33:48,189] {processor.py:653} WARNING - No viable dags retrieved from /home/airflow/dags/Lead_scoring_data_pipeline/constants.py
[2025-02-14 14:33:48,198] {processor.py:161} INFO - Processing /home/airflow/dags/Lead_scoring_data_pipeline/constants.py took 0.015 seconds
[2025-02-14 14:34:22,600] {processor.py:153} INFO - Started process (PID=4440) to work on /home/airflow/dags/Lead_scoring_data_pipeline/constants.py
[2025-02-14 14:34:22,601] {processor.py:641} INFO - Processing file /home/airflow/dags/Lead_scoring_data_pipeline/constants.py for tasks to queue
[2025-02-14 14:34:22,601] {logging_mixin.py:115} INFO - [2025-02-14 14:34:22,601] {dagbag.py:508} INFO - Filling up the DagBag from /home/airflow/dags/Lead_scoring_data_pipeline/constants.py
[2025-02-14 14:34:22,603] {processor.py:653} WARNING - No viable dags retrieved from /home/airflow/dags/Lead_scoring_data_pipeline/constants.py
[2025-02-14 14:34:22,674] {processor.py:161} INFO - Processing /home/airflow/dags/Lead_scoring_data_pipeline/constants.py took 0.077 seconds
[2025-02-14 14:34:57,992] {processor.py:153} INFO - Started process (PID=4489) to work on /home/airflow/dags/Lead_scoring_data_pipeline/constants.py
[2025-02-14 14:34:57,993] {processor.py:641} INFO - Processing file /home/airflow/dags/Lead_scoring_data_pipeline/constants.py for tasks to queue
[2025-02-14 14:34:57,993] {logging_mixin.py:115} INFO - [2025-02-14 14:34:57,993] {dagbag.py:508} INFO - Filling up the DagBag from /home/airflow/dags/Lead_scoring_data_pipeline/constants.py
[2025-02-14 14:34:57,994] {processor.py:653} WARNING - No viable dags retrieved from /home/airflow/dags/Lead_scoring_data_pipeline/constants.py
[2025-02-14 14:34:58,005] {processor.py:161} INFO - Processing /home/airflow/dags/Lead_scoring_data_pipeline/constants.py took 0.016 seconds
[2025-02-14 14:35:35,269] {processor.py:153} INFO - Started process (PID=4542) to work on /home/airflow/dags/Lead_scoring_data_pipeline/constants.py
[2025-02-14 14:35:35,270] {processor.py:641} INFO - Processing file /home/airflow/dags/Lead_scoring_data_pipeline/constants.py for tasks to queue
[2025-02-14 14:35:35,270] {logging_mixin.py:115} INFO - [2025-02-14 14:35:35,270] {dagbag.py:508} INFO - Filling up the DagBag from /home/airflow/dags/Lead_scoring_data_pipeline/constants.py
[2025-02-14 14:35:35,271] {processor.py:653} WARNING - No viable dags retrieved from /home/airflow/dags/Lead_scoring_data_pipeline/constants.py
[2025-02-14 14:35:35,282] {processor.py:161} INFO - Processing /home/airflow/dags/Lead_scoring_data_pipeline/constants.py took 0.016 seconds
[2025-02-14 14:36:17,170] {processor.py:153} INFO - Started process (PID=4596) to work on /home/airflow/dags/Lead_scoring_data_pipeline/constants.py
[2025-02-14 14:36:17,170] {processor.py:641} INFO - Processing file /home/airflow/dags/Lead_scoring_data_pipeline/constants.py for tasks to queue
[2025-02-14 14:36:17,170] {logging_mixin.py:115} INFO - [2025-02-14 14:36:17,170] {dagbag.py:508} INFO - Filling up the DagBag from /home/airflow/dags/Lead_scoring_data_pipeline/constants.py
[2025-02-14 14:36:17,172] {processor.py:653} WARNING - No viable dags retrieved from /home/airflow/dags/Lead_scoring_data_pipeline/constants.py
[2025-02-14 14:36:17,260] {processor.py:161} INFO - Processing /home/airflow/dags/Lead_scoring_data_pipeline/constants.py took 0.094 seconds
[2025-02-14 14:36:54,889] {processor.py:153} INFO - Started process (PID=4647) to work on /home/airflow/dags/Lead_scoring_data_pipeline/constants.py
[2025-02-14 14:36:54,891] {processor.py:641} INFO - Processing file /home/airflow/dags/Lead_scoring_data_pipeline/constants.py for tasks to queue
[2025-02-14 14:36:54,891] {logging_mixin.py:115} INFO - [2025-02-14 14:36:54,891] {dagbag.py:508} INFO - Filling up the DagBag from /home/airflow/dags/Lead_scoring_data_pipeline/constants.py
[2025-02-14 14:36:54,892] {processor.py:653} WARNING - No viable dags retrieved from /home/airflow/dags/Lead_scoring_data_pipeline/constants.py
[2025-02-14 14:36:54,903] {processor.py:161} INFO - Processing /home/airflow/dags/Lead_scoring_data_pipeline/constants.py took 0.016 seconds
[2025-02-14 14:37:35,589] {processor.py:153} INFO - Started process (PID=4701) to work on /home/airflow/dags/Lead_scoring_data_pipeline/constants.py
[2025-02-14 14:37:35,668] {processor.py:641} INFO - Processing file /home/airflow/dags/Lead_scoring_data_pipeline/constants.py for tasks to queue
[2025-02-14 14:37:35,669] {logging_mixin.py:115} INFO - [2025-02-14 14:37:35,669] {dagbag.py:508} INFO - Filling up the DagBag from /home/airflow/dags/Lead_scoring_data_pipeline/constants.py
[2025-02-14 14:37:35,670] {processor.py:653} WARNING - No viable dags retrieved from /home/airflow/dags/Lead_scoring_data_pipeline/constants.py
[2025-02-14 14:37:35,681] {processor.py:161} INFO - Processing /home/airflow/dags/Lead_scoring_data_pipeline/constants.py took 0.095 seconds
