[2025-02-14 18:31:38,816] {taskinstance.py:1179} INFO - Dependencies all met for <TaskInstance: Lead_scoring_inference_pipeline.generating_models_prediction manual__2025-02-14T18:31:26.908382+00:00 [queued]>
[2025-02-14 18:31:38,821] {taskinstance.py:1179} INFO - Dependencies all met for <TaskInstance: Lead_scoring_inference_pipeline.generating_models_prediction manual__2025-02-14T18:31:26.908382+00:00 [queued]>
[2025-02-14 18:31:38,821] {taskinstance.py:1376} INFO - 
--------------------------------------------------------------------------------
[2025-02-14 18:31:38,821] {taskinstance.py:1377} INFO - Starting attempt 1 of 2
[2025-02-14 18:31:38,821] {taskinstance.py:1378} INFO - 
--------------------------------------------------------------------------------
[2025-02-14 18:31:38,843] {taskinstance.py:1397} INFO - Executing <Task(PythonOperator): generating_models_prediction> on 2025-02-14 18:31:26.908382+00:00
[2025-02-14 18:31:38,848] {standard_task_runner.py:52} INFO - Started process 9046 to run task
[2025-02-14 18:31:38,851] {standard_task_runner.py:79} INFO - Running: ['airflow', 'tasks', 'run', 'Lead_scoring_inference_pipeline', 'generating_models_prediction', 'manual__2025-02-14T18:31:26.908382+00:00', '--job-id', '34', '--raw', '--subdir', 'DAGS_FOLDER/Lead_scoring_inference_pipeline/.ipynb_checkpoints/lead_scoring_inference_pipeline-checkpoint.py', '--cfg-path', '/tmp/tmp4ue9c_7s', '--error-file', '/tmp/tmpnd7sx0ba']
[2025-02-14 18:31:38,852] {standard_task_runner.py:80} INFO - Job 34: Subtask generating_models_prediction
[2025-02-14 18:31:38,900] {task_command.py:371} INFO - Running <TaskInstance: Lead_scoring_inference_pipeline.generating_models_prediction manual__2025-02-14T18:31:26.908382+00:00 [running]> on host 19e316ed320d
[2025-02-14 18:31:39,065] {taskinstance.py:1589} INFO - Exporting the following env vars:
AIRFLOW_CTX_DAG_OWNER=airflow
AIRFLOW_CTX_DAG_ID=Lead_scoring_inference_pipeline
AIRFLOW_CTX_TASK_ID=generating_models_prediction
AIRFLOW_CTX_EXECUTION_DATE=2025-02-14T18:31:26.908382+00:00
AIRFLOW_CTX_TRY_NUMBER=1
AIRFLOW_CTX_DAG_RUN_ID=manual__2025-02-14T18:31:26.908382+00:00
[2025-02-14 18:31:41,624] {python.py:173} INFO - Done. Returned value was: None
[2025-02-14 18:31:41,630] {taskinstance.py:1415} INFO - Marking task as SUCCESS. dag_id=Lead_scoring_inference_pipeline, task_id=generating_models_prediction, execution_date=20250214T183126, start_date=20250214T183138, end_date=20250214T183141
[2025-02-14 18:31:41,713] {local_task_job.py:156} INFO - Task exited with return code 0
[2025-02-14 18:31:41,796] {local_task_job.py:273} INFO - 1 downstream tasks scheduled from follow-on schedule check
