[2025-02-14 14:31:43,679] {taskinstance.py:1179} INFO - Dependencies all met for <TaskInstance: TK_Lead_Scoring_Data_Engineering_Pipeline.loading_data manual__2025-02-14T14:31:34.107761+00:00 [queued]>
[2025-02-14 14:31:43,684] {taskinstance.py:1179} INFO - Dependencies all met for <TaskInstance: TK_Lead_Scoring_Data_Engineering_Pipeline.loading_data manual__2025-02-14T14:31:34.107761+00:00 [queued]>
[2025-02-14 14:31:43,684] {taskinstance.py:1376} INFO - 
--------------------------------------------------------------------------------
[2025-02-14 14:31:43,684] {taskinstance.py:1377} INFO - Starting attempt 1 of 2
[2025-02-14 14:31:43,684] {taskinstance.py:1378} INFO - 
--------------------------------------------------------------------------------
[2025-02-14 14:31:43,705] {taskinstance.py:1397} INFO - Executing <Task(PythonOperator): loading_data> on 2025-02-14 14:31:34.107761+00:00
[2025-02-14 14:31:43,711] {standard_task_runner.py:52} INFO - Started process 4228 to run task
[2025-02-14 14:31:43,714] {standard_task_runner.py:79} INFO - Running: ['airflow', 'tasks', 'run', 'TK_Lead_Scoring_Data_Engineering_Pipeline', 'loading_data', 'manual__2025-02-14T14:31:34.107761+00:00', '--job-id', '10', '--raw', '--subdir', 'DAGS_FOLDER/Lead_scoring_data_pipeline/lead_scoring_data_pipeline.py', '--cfg-path', '/tmp/tmpx9ac8qt0', '--error-file', '/tmp/tmpk6stwlti']
[2025-02-14 14:31:43,715] {standard_task_runner.py:80} INFO - Job 10: Subtask loading_data
[2025-02-14 14:31:43,766] {task_command.py:371} INFO - Running <TaskInstance: TK_Lead_Scoring_Data_Engineering_Pipeline.loading_data manual__2025-02-14T14:31:34.107761+00:00 [running]> on host 19e316ed320d
[2025-02-14 14:31:43,849] {taskinstance.py:1589} INFO - Exporting the following env vars:
AIRFLOW_CTX_DAG_OWNER=airflow
AIRFLOW_CTX_DAG_ID=TK_Lead_Scoring_Data_Engineering_Pipeline
AIRFLOW_CTX_TASK_ID=loading_data
AIRFLOW_CTX_EXECUTION_DATE=2025-02-14T14:31:34.107761+00:00
AIRFLOW_CTX_TRY_NUMBER=1
AIRFLOW_CTX_DAG_RUN_ID=manual__2025-02-14T14:31:34.107761+00:00
[2025-02-14 14:31:49,555] {python.py:173} INFO - Done. Returned value was: None
[2025-02-14 14:31:49,561] {taskinstance.py:1415} INFO - Marking task as SUCCESS. dag_id=TK_Lead_Scoring_Data_Engineering_Pipeline, task_id=loading_data, execution_date=20250214T143134, start_date=20250214T143143, end_date=20250214T143149
[2025-02-14 14:31:49,602] {local_task_job.py:156} INFO - Task exited with return code 0
[2025-02-14 14:31:49,669] {local_task_job.py:273} INFO - 1 downstream tasks scheduled from follow-on schedule check
