[2025-02-14 18:32:50,988] {taskinstance.py:1179} INFO - Dependencies all met for <TaskInstance: Lead_scoring_training_pipeline.training_model manual__2025-02-14T18:32:27.660584+00:00 [queued]>
[2025-02-14 18:32:50,992] {taskinstance.py:1179} INFO - Dependencies all met for <TaskInstance: Lead_scoring_training_pipeline.training_model manual__2025-02-14T18:32:27.660584+00:00 [queued]>
[2025-02-14 18:32:50,993] {taskinstance.py:1376} INFO - 
--------------------------------------------------------------------------------
[2025-02-14 18:32:50,993] {taskinstance.py:1377} INFO - Starting attempt 2 of 2
[2025-02-14 18:32:50,993] {taskinstance.py:1378} INFO - 
--------------------------------------------------------------------------------
[2025-02-14 18:32:51,026] {taskinstance.py:1397} INFO - Executing <Task(PythonOperator): training_model> on 2025-02-14 18:32:27.660584+00:00
[2025-02-14 18:32:51,033] {standard_task_runner.py:52} INFO - Started process 9251 to run task
[2025-02-14 18:32:51,036] {standard_task_runner.py:79} INFO - Running: ['airflow', 'tasks', 'run', 'Lead_scoring_training_pipeline', 'training_model', 'manual__2025-02-14T18:32:27.660584+00:00', '--job-id', '38', '--raw', '--subdir', 'DAGS_FOLDER/Lead_scoring_training_pipeline/.ipynb_checkpoints/lead_scoring_training_pipeline-checkpoint.py', '--cfg-path', '/tmp/tmpjejpo_li', '--error-file', '/tmp/tmp8xwx038h']
[2025-02-14 18:32:51,037] {standard_task_runner.py:80} INFO - Job 38: Subtask training_model
[2025-02-14 18:32:51,087] {task_command.py:371} INFO - Running <TaskInstance: Lead_scoring_training_pipeline.training_model manual__2025-02-14T18:32:27.660584+00:00 [running]> on host 19e316ed320d
[2025-02-14 18:32:51,212] {taskinstance.py:1589} INFO - Exporting the following env vars:
AIRFLOW_CTX_DAG_OWNER=airflow
AIRFLOW_CTX_DAG_ID=Lead_scoring_training_pipeline
AIRFLOW_CTX_TASK_ID=training_model
AIRFLOW_CTX_EXECUTION_DATE=2025-02-14T18:32:27.660584+00:00
AIRFLOW_CTX_TRY_NUMBER=2
AIRFLOW_CTX_DAG_RUN_ID=manual__2025-02-14T18:32:27.660584+00:00
[2025-02-14 18:32:51,765] {logging_mixin.py:115} WARNING - /opt/conda/lib/python3.8/site-packages/sklearn/utils/validation.py:72 DataConversionWarning: A column-vector y was passed when a 1d array was expected. Please change the shape of y to (n_samples, ), for example using ravel().
[2025-02-14 18:32:55,481] {logging_mixin.py:115} WARNING - Registered model 'LightGBM' already exists. Creating a new version of this model...
[2025-02-14 18:32:55,518] {logging_mixin.py:115} WARNING - 2025/02/14 18:32:55 INFO mlflow.tracking._model_registry.client: Waiting up to 300 seconds for model version to finish creation.                     Model name: LightGBM, version 7
[2025-02-14 18:32:55,518] {logging_mixin.py:115} WARNING - Created version '7' of model 'LightGBM'.
[2025-02-14 18:32:55,587] {taskinstance.py:1909} ERROR - Task failed with exception
Traceback (most recent call last):
  File "/opt/conda/lib/python3.8/site-packages/airflow/operators/python.py", line 171, in execute
    return_value = self.execute_callable()
  File "/opt/conda/lib/python3.8/site-packages/airflow/operators/python.py", line 189, in execute_callable
    return self.python_callable(*self.op_args, **self.op_kwargs)
  File "/home/airflow/dags/Lead_scoring_training_pipeline/utils.py", line 150, in get_trained_model
    auc = roc_auc_score(y_pred, y_test)
  File "/opt/conda/lib/python3.8/site-packages/sklearn/utils/validation.py", line 72, in inner_f
    return f(**kwargs)
  File "/opt/conda/lib/python3.8/site-packages/sklearn/metrics/_ranking.py", line 390, in roc_auc_score
    return _average_binary_score(partial(_binary_roc_auc_score,
  File "/opt/conda/lib/python3.8/site-packages/sklearn/metrics/_base.py", line 77, in _average_binary_score
    return binary_metric(y_true, y_score, sample_weight=sample_weight)
  File "/opt/conda/lib/python3.8/site-packages/sklearn/metrics/_ranking.py", line 223, in _binary_roc_auc_score
    raise ValueError("Only one class present in y_true. ROC AUC score "
ValueError: Only one class present in y_true. ROC AUC score is not defined in that case.
[2025-02-14 18:32:55,593] {taskinstance.py:1415} INFO - Marking task as FAILED. dag_id=Lead_scoring_training_pipeline, task_id=training_model, execution_date=20250214T183227, start_date=20250214T183250, end_date=20250214T183255
[2025-02-14 18:32:55,626] {standard_task_runner.py:92} ERROR - Failed to execute job 38 for task training_model (Only one class present in y_true. ROC AUC score is not defined in that case.; 9251)
[2025-02-14 18:32:55,664] {local_task_job.py:156} INFO - Task exited with return code 1
[2025-02-14 18:32:55,677] {local_task_job.py:273} INFO - 0 downstream tasks scheduled from follow-on schedule check
