[2025-02-14 18:39:55,294] {taskinstance.py:1179} INFO - Dependencies all met for <TaskInstance: TK_Lead_Scoring_Data_Engineering_Pipeline.mapping_city_tier manual__2025-02-14T18:39:43.148655+00:00 [queued]>
[2025-02-14 18:39:55,299] {taskinstance.py:1179} INFO - Dependencies all met for <TaskInstance: TK_Lead_Scoring_Data_Engineering_Pipeline.mapping_city_tier manual__2025-02-14T18:39:43.148655+00:00 [queued]>
[2025-02-14 18:39:55,299] {taskinstance.py:1376} INFO - 
--------------------------------------------------------------------------------
[2025-02-14 18:39:55,299] {taskinstance.py:1377} INFO - Starting attempt 1 of 2
[2025-02-14 18:39:55,299] {taskinstance.py:1378} INFO - 
--------------------------------------------------------------------------------
[2025-02-14 18:39:55,321] {taskinstance.py:1397} INFO - Executing <Task(PythonOperator): mapping_city_tier> on 2025-02-14 18:39:43.148655+00:00
[2025-02-14 18:39:55,326] {standard_task_runner.py:52} INFO - Started process 923 to run task
[2025-02-14 18:39:55,330] {standard_task_runner.py:79} INFO - Running: ['airflow', 'tasks', 'run', 'TK_Lead_Scoring_Data_Engineering_Pipeline', 'mapping_city_tier', 'manual__2025-02-14T18:39:43.148655+00:00', '--job-id', '50', '--raw', '--subdir', 'DAGS_FOLDER/Lead_scoring_data_pipeline/.ipynb_checkpoints/lead_scoring_data_pipeline-checkpoint.py', '--cfg-path', '/tmp/tmpfgj9csv1', '--error-file', '/tmp/tmpz8ickgo4']
[2025-02-14 18:39:55,330] {standard_task_runner.py:80} INFO - Job 50: Subtask mapping_city_tier
[2025-02-14 18:39:55,376] {task_command.py:371} INFO - Running <TaskInstance: TK_Lead_Scoring_Data_Engineering_Pipeline.mapping_city_tier manual__2025-02-14T18:39:43.148655+00:00 [running]> on host c9e5903262b9
[2025-02-14 18:39:55,434] {taskinstance.py:1589} INFO - Exporting the following env vars:
AIRFLOW_CTX_DAG_OWNER=airflow
AIRFLOW_CTX_DAG_ID=TK_Lead_Scoring_Data_Engineering_Pipeline
AIRFLOW_CTX_TASK_ID=mapping_city_tier
AIRFLOW_CTX_EXECUTION_DATE=2025-02-14T18:39:43.148655+00:00
AIRFLOW_CTX_TRY_NUMBER=1
AIRFLOW_CTX_DAG_RUN_ID=manual__2025-02-14T18:39:43.148655+00:00
[2025-02-14 18:39:56,390] {python.py:173} INFO - Done. Returned value was: None
[2025-02-14 18:39:56,396] {taskinstance.py:1415} INFO - Marking task as SUCCESS. dag_id=TK_Lead_Scoring_Data_Engineering_Pipeline, task_id=mapping_city_tier, execution_date=20250214T183943, start_date=20250214T183955, end_date=20250214T183956
[2025-02-14 18:39:56,465] {local_task_job.py:156} INFO - Task exited with return code 0
[2025-02-14 18:39:56,539] {local_task_job.py:273} INFO - 1 downstream tasks scheduled from follow-on schedule check
