[2025-02-14 17:09:10,501] {processor.py:153} INFO - Started process (PID=6284) to work on /home/airflow/dags/Lead_scoring_training_pipeline/constants.py
[2025-02-14 17:09:10,502] {processor.py:641} INFO - Processing file /home/airflow/dags/Lead_scoring_training_pipeline/constants.py for tasks to queue
[2025-02-14 17:09:10,502] {logging_mixin.py:115} INFO - [2025-02-14 17:09:10,502] {dagbag.py:508} INFO - Filling up the DagBag from /home/airflow/dags/Lead_scoring_training_pipeline/constants.py
[2025-02-14 17:09:10,504] {processor.py:653} WARNING - No viable dags retrieved from /home/airflow/dags/Lead_scoring_training_pipeline/constants.py
[2025-02-14 17:09:10,516] {processor.py:161} INFO - Processing /home/airflow/dags/Lead_scoring_training_pipeline/constants.py took 0.018 seconds
[2025-02-14 17:10:05,199] {processor.py:153} INFO - Started process (PID=6395) to work on /home/airflow/dags/Lead_scoring_training_pipeline/constants.py
[2025-02-14 17:10:05,201] {processor.py:641} INFO - Processing file /home/airflow/dags/Lead_scoring_training_pipeline/constants.py for tasks to queue
[2025-02-14 17:10:05,201] {logging_mixin.py:115} INFO - [2025-02-14 17:10:05,201] {dagbag.py:508} INFO - Filling up the DagBag from /home/airflow/dags/Lead_scoring_training_pipeline/constants.py
[2025-02-14 17:10:05,203] {processor.py:653} WARNING - No viable dags retrieved from /home/airflow/dags/Lead_scoring_training_pipeline/constants.py
[2025-02-14 17:10:05,214] {processor.py:161} INFO - Processing /home/airflow/dags/Lead_scoring_training_pipeline/constants.py took 0.018 seconds
[2025-02-14 17:11:28,352] {processor.py:153} INFO - Started process (PID=6541) to work on /home/airflow/dags/Lead_scoring_training_pipeline/constants.py
[2025-02-14 17:11:28,353] {processor.py:641} INFO - Processing file /home/airflow/dags/Lead_scoring_training_pipeline/constants.py for tasks to queue
[2025-02-14 17:11:28,354] {logging_mixin.py:115} INFO - [2025-02-14 17:11:28,354] {dagbag.py:508} INFO - Filling up the DagBag from /home/airflow/dags/Lead_scoring_training_pipeline/constants.py
[2025-02-14 17:11:28,355] {processor.py:653} WARNING - No viable dags retrieved from /home/airflow/dags/Lead_scoring_training_pipeline/constants.py
[2025-02-14 17:11:28,367] {processor.py:161} INFO - Processing /home/airflow/dags/Lead_scoring_training_pipeline/constants.py took 0.019 seconds
[2025-02-14 17:12:17,380] {processor.py:153} INFO - Started process (PID=6610) to work on /home/airflow/dags/Lead_scoring_training_pipeline/constants.py
[2025-02-14 17:12:17,381] {processor.py:641} INFO - Processing file /home/airflow/dags/Lead_scoring_training_pipeline/constants.py for tasks to queue
[2025-02-14 17:12:17,382] {logging_mixin.py:115} INFO - [2025-02-14 17:12:17,382] {dagbag.py:508} INFO - Filling up the DagBag from /home/airflow/dags/Lead_scoring_training_pipeline/constants.py
[2025-02-14 17:12:17,384] {processor.py:653} WARNING - No viable dags retrieved from /home/airflow/dags/Lead_scoring_training_pipeline/constants.py
[2025-02-14 17:12:17,395] {processor.py:161} INFO - Processing /home/airflow/dags/Lead_scoring_training_pipeline/constants.py took 0.019 seconds
[2025-02-14 17:13:07,813] {processor.py:153} INFO - Started process (PID=6679) to work on /home/airflow/dags/Lead_scoring_training_pipeline/constants.py
[2025-02-14 17:13:07,814] {processor.py:641} INFO - Processing file /home/airflow/dags/Lead_scoring_training_pipeline/constants.py for tasks to queue
[2025-02-14 17:13:07,815] {logging_mixin.py:115} INFO - [2025-02-14 17:13:07,815] {dagbag.py:508} INFO - Filling up the DagBag from /home/airflow/dags/Lead_scoring_training_pipeline/constants.py
[2025-02-14 17:13:07,816] {processor.py:653} WARNING - No viable dags retrieved from /home/airflow/dags/Lead_scoring_training_pipeline/constants.py
[2025-02-14 17:13:07,827] {processor.py:161} INFO - Processing /home/airflow/dags/Lead_scoring_training_pipeline/constants.py took 0.018 seconds
[2025-02-14 17:14:00,762] {processor.py:153} INFO - Started process (PID=6750) to work on /home/airflow/dags/Lead_scoring_training_pipeline/constants.py
[2025-02-14 17:14:00,765] {processor.py:641} INFO - Processing file /home/airflow/dags/Lead_scoring_training_pipeline/constants.py for tasks to queue
[2025-02-14 17:14:00,765] {logging_mixin.py:115} INFO - [2025-02-14 17:14:00,765] {dagbag.py:508} INFO - Filling up the DagBag from /home/airflow/dags/Lead_scoring_training_pipeline/constants.py
[2025-02-14 17:14:00,767] {processor.py:653} WARNING - No viable dags retrieved from /home/airflow/dags/Lead_scoring_training_pipeline/constants.py
[2025-02-14 17:14:00,779] {processor.py:161} INFO - Processing /home/airflow/dags/Lead_scoring_training_pipeline/constants.py took 0.020 seconds
[2025-02-14 17:14:44,326] {processor.py:153} INFO - Started process (PID=6818) to work on /home/airflow/dags/Lead_scoring_training_pipeline/constants.py
[2025-02-14 17:14:44,328] {processor.py:641} INFO - Processing file /home/airflow/dags/Lead_scoring_training_pipeline/constants.py for tasks to queue
[2025-02-14 17:14:44,328] {logging_mixin.py:115} INFO - [2025-02-14 17:14:44,328] {dagbag.py:508} INFO - Filling up the DagBag from /home/airflow/dags/Lead_scoring_training_pipeline/constants.py
[2025-02-14 17:14:44,330] {processor.py:653} WARNING - No viable dags retrieved from /home/airflow/dags/Lead_scoring_training_pipeline/constants.py
[2025-02-14 17:14:44,342] {processor.py:161} INFO - Processing /home/airflow/dags/Lead_scoring_training_pipeline/constants.py took 0.019 seconds
[2025-02-14 17:15:30,648] {processor.py:153} INFO - Started process (PID=6891) to work on /home/airflow/dags/Lead_scoring_training_pipeline/constants.py
[2025-02-14 17:15:30,649] {processor.py:641} INFO - Processing file /home/airflow/dags/Lead_scoring_training_pipeline/constants.py for tasks to queue
[2025-02-14 17:15:30,650] {logging_mixin.py:115} INFO - [2025-02-14 17:15:30,650] {dagbag.py:508} INFO - Filling up the DagBag from /home/airflow/dags/Lead_scoring_training_pipeline/constants.py
[2025-02-14 17:15:30,651] {processor.py:653} WARNING - No viable dags retrieved from /home/airflow/dags/Lead_scoring_training_pipeline/constants.py
[2025-02-14 17:15:30,664] {processor.py:161} INFO - Processing /home/airflow/dags/Lead_scoring_training_pipeline/constants.py took 0.019 seconds
[2025-02-14 17:16:15,811] {processor.py:153} INFO - Started process (PID=7130) to work on /home/airflow/dags/Lead_scoring_training_pipeline/constants.py
[2025-02-14 17:16:15,813] {processor.py:641} INFO - Processing file /home/airflow/dags/Lead_scoring_training_pipeline/constants.py for tasks to queue
[2025-02-14 17:16:15,813] {logging_mixin.py:115} INFO - [2025-02-14 17:16:15,813] {dagbag.py:508} INFO - Filling up the DagBag from /home/airflow/dags/Lead_scoring_training_pipeline/constants.py
[2025-02-14 17:16:15,815] {processor.py:653} WARNING - No viable dags retrieved from /home/airflow/dags/Lead_scoring_training_pipeline/constants.py
[2025-02-14 17:16:15,827] {processor.py:161} INFO - Processing /home/airflow/dags/Lead_scoring_training_pipeline/constants.py took 0.019 seconds
