[2025-02-14 14:31:40,791] {taskinstance.py:1179} INFO - Dependencies all met for <TaskInstance: TK_Lead_Scoring_Data_Engineering_Pipeline.checking_raw_data_schema manual__2025-02-14T14:31:34.107761+00:00 [queued]>
[2025-02-14 14:31:40,796] {taskinstance.py:1179} INFO - Dependencies all met for <TaskInstance: TK_Lead_Scoring_Data_Engineering_Pipeline.checking_raw_data_schema manual__2025-02-14T14:31:34.107761+00:00 [queued]>
[2025-02-14 14:31:40,796] {taskinstance.py:1376} INFO - 
--------------------------------------------------------------------------------
[2025-02-14 14:31:40,796] {taskinstance.py:1377} INFO - Starting attempt 1 of 2
[2025-02-14 14:31:40,796] {taskinstance.py:1378} INFO - 
--------------------------------------------------------------------------------
[2025-02-14 14:31:40,820] {taskinstance.py:1397} INFO - Executing <Task(PythonOperator): checking_raw_data_schema> on 2025-02-14 14:31:34.107761+00:00
[2025-02-14 14:31:40,826] {standard_task_runner.py:52} INFO - Started process 4210 to run task
[2025-02-14 14:31:40,829] {standard_task_runner.py:79} INFO - Running: ['airflow', 'tasks', 'run', 'TK_Lead_Scoring_Data_Engineering_Pipeline', 'checking_raw_data_schema', 'manual__2025-02-14T14:31:34.107761+00:00', '--job-id', '9', '--raw', '--subdir', 'DAGS_FOLDER/Lead_scoring_data_pipeline/lead_scoring_data_pipeline.py', '--cfg-path', '/tmp/tmp7w2sciwy', '--error-file', '/tmp/tmpb7q3_665']
[2025-02-14 14:31:40,829] {standard_task_runner.py:80} INFO - Job 9: Subtask checking_raw_data_schema
[2025-02-14 14:31:40,876] {task_command.py:371} INFO - Running <TaskInstance: TK_Lead_Scoring_Data_Engineering_Pipeline.checking_raw_data_schema manual__2025-02-14T14:31:34.107761+00:00 [running]> on host 19e316ed320d
[2025-02-14 14:31:40,930] {taskinstance.py:1589} INFO - Exporting the following env vars:
AIRFLOW_CTX_DAG_OWNER=airflow
AIRFLOW_CTX_DAG_ID=TK_Lead_Scoring_Data_Engineering_Pipeline
AIRFLOW_CTX_TASK_ID=checking_raw_data_schema
AIRFLOW_CTX_EXECUTION_DATE=2025-02-14T14:31:34.107761+00:00
AIRFLOW_CTX_TRY_NUMBER=1
AIRFLOW_CTX_DAG_RUN_ID=manual__2025-02-14T14:31:34.107761+00:00
[2025-02-14 14:31:41,504] {logging_mixin.py:115} INFO - Raw datas schema is in line with the schema present in schema.py
[2025-02-14 14:31:41,512] {python.py:173} INFO - Done. Returned value was: None
[2025-02-14 14:31:41,517] {taskinstance.py:1415} INFO - Marking task as SUCCESS. dag_id=TK_Lead_Scoring_Data_Engineering_Pipeline, task_id=checking_raw_data_schema, execution_date=20250214T143134, start_date=20250214T143140, end_date=20250214T143141
[2025-02-14 14:31:41,563] {local_task_job.py:156} INFO - Task exited with return code 0
[2025-02-14 14:31:41,637] {local_task_job.py:273} INFO - 1 downstream tasks scheduled from follow-on schedule check
