[2025-02-14 18:40:03,403] {taskinstance.py:1179} INFO - Dependencies all met for <TaskInstance: TK_Lead_Scoring_Data_Engineering_Pipeline.mapping_interactions manual__2025-02-14T18:39:43.148655+00:00 [queued]>
[2025-02-14 18:40:03,408] {taskinstance.py:1179} INFO - Dependencies all met for <TaskInstance: TK_Lead_Scoring_Data_Engineering_Pipeline.mapping_interactions manual__2025-02-14T18:39:43.148655+00:00 [queued]>
[2025-02-14 18:40:03,408] {taskinstance.py:1376} INFO - 
--------------------------------------------------------------------------------
[2025-02-14 18:40:03,408] {taskinstance.py:1377} INFO - Starting attempt 1 of 2
[2025-02-14 18:40:03,408] {taskinstance.py:1378} INFO - 
--------------------------------------------------------------------------------
[2025-02-14 18:40:03,448] {taskinstance.py:1397} INFO - Executing <Task(PythonOperator): mapping_interactions> on 2025-02-14 18:39:43.148655+00:00
[2025-02-14 18:40:03,453] {standard_task_runner.py:52} INFO - Started process 959 to run task
[2025-02-14 18:40:03,455] {standard_task_runner.py:79} INFO - Running: ['airflow', 'tasks', 'run', 'TK_Lead_Scoring_Data_Engineering_Pipeline', 'mapping_interactions', 'manual__2025-02-14T18:39:43.148655+00:00', '--job-id', '52', '--raw', '--subdir', 'DAGS_FOLDER/Lead_scoring_data_pipeline/.ipynb_checkpoints/lead_scoring_data_pipeline-checkpoint.py', '--cfg-path', '/tmp/tmpeaynxqld', '--error-file', '/tmp/tmp77pb5v91']
[2025-02-14 18:40:03,456] {standard_task_runner.py:80} INFO - Job 52: Subtask mapping_interactions
[2025-02-14 18:40:03,506] {task_command.py:371} INFO - Running <TaskInstance: TK_Lead_Scoring_Data_Engineering_Pipeline.mapping_interactions manual__2025-02-14T18:39:43.148655+00:00 [running]> on host c9e5903262b9
[2025-02-14 18:40:03,590] {taskinstance.py:1589} INFO - Exporting the following env vars:
AIRFLOW_CTX_DAG_OWNER=airflow
AIRFLOW_CTX_DAG_ID=TK_Lead_Scoring_Data_Engineering_Pipeline
AIRFLOW_CTX_TASK_ID=mapping_interactions
AIRFLOW_CTX_EXECUTION_DATE=2025-02-14T18:39:43.148655+00:00
AIRFLOW_CTX_TRY_NUMBER=1
AIRFLOW_CTX_DAG_RUN_ID=manual__2025-02-14T18:39:43.148655+00:00
[2025-02-14 18:40:06,576] {python.py:173} INFO - Done. Returned value was: None
[2025-02-14 18:40:06,583] {taskinstance.py:1415} INFO - Marking task as SUCCESS. dag_id=TK_Lead_Scoring_Data_Engineering_Pipeline, task_id=mapping_interactions, execution_date=20250214T183943, start_date=20250214T184003, end_date=20250214T184006
[2025-02-14 18:40:06,641] {local_task_job.py:156} INFO - Task exited with return code 0
[2025-02-14 18:40:06,714] {local_task_job.py:273} INFO - 1 downstream tasks scheduled from follow-on schedule check
