[2025-02-14 18:17:53,160] {taskinstance.py:1179} INFO - Dependencies all met for <TaskInstance: Lead_scoring_inference_pipeline.checking_model_prediction_ratio scheduled__2025-02-14T17:00:00+00:00 [queued]>
[2025-02-14 18:17:53,165] {taskinstance.py:1179} INFO - Dependencies all met for <TaskInstance: Lead_scoring_inference_pipeline.checking_model_prediction_ratio scheduled__2025-02-14T17:00:00+00:00 [queued]>
[2025-02-14 18:17:53,165] {taskinstance.py:1376} INFO - 
--------------------------------------------------------------------------------
[2025-02-14 18:17:53,165] {taskinstance.py:1377} INFO - Starting attempt 1 of 2
[2025-02-14 18:17:53,165] {taskinstance.py:1378} INFO - 
--------------------------------------------------------------------------------
[2025-02-14 18:17:53,188] {taskinstance.py:1397} INFO - Executing <Task(PythonOperator): checking_model_prediction_ratio> on 2025-02-14 17:00:00+00:00
[2025-02-14 18:17:53,195] {standard_task_runner.py:52} INFO - Started process 7894 to run task
[2025-02-14 18:17:53,199] {standard_task_runner.py:79} INFO - Running: ['airflow', 'tasks', 'run', 'Lead_scoring_inference_pipeline', 'checking_model_prediction_ratio', 'scheduled__2025-02-14T17:00:00+00:00', '--job-id', '23', '--raw', '--subdir', 'DAGS_FOLDER/Lead_scoring_inference_pipeline/.ipynb_checkpoints/lead_scoring_inference_pipeline-checkpoint.py', '--cfg-path', '/tmp/tmpf3n1bats', '--error-file', '/tmp/tmpobp4j1lz']
[2025-02-14 18:17:53,201] {standard_task_runner.py:80} INFO - Job 23: Subtask checking_model_prediction_ratio
[2025-02-14 18:17:53,262] {task_command.py:371} INFO - Running <TaskInstance: Lead_scoring_inference_pipeline.checking_model_prediction_ratio scheduled__2025-02-14T17:00:00+00:00 [running]> on host 19e316ed320d
[2025-02-14 18:17:53,520] {taskinstance.py:1589} INFO - Exporting the following env vars:
AIRFLOW_CTX_DAG_OWNER=airflow
AIRFLOW_CTX_DAG_ID=Lead_scoring_inference_pipeline
AIRFLOW_CTX_TASK_ID=checking_model_prediction_ratio
AIRFLOW_CTX_EXECUTION_DATE=2025-02-14T17:00:00+00:00
AIRFLOW_CTX_TRY_NUMBER=1
AIRFLOW_CTX_DAG_RUN_ID=scheduled__2025-02-14T17:00:00+00:00
[2025-02-14 18:18:00,684] {python.py:173} INFO - Done. Returned value was: None
[2025-02-14 18:18:00,693] {taskinstance.py:1415} INFO - Marking task as SUCCESS. dag_id=Lead_scoring_inference_pipeline, task_id=checking_model_prediction_ratio, execution_date=20250214T170000, start_date=20250214T181753, end_date=20250214T181800
[2025-02-14 18:18:00,774] {local_task_job.py:156} INFO - Task exited with return code 0
[2025-02-14 18:18:00,802] {local_task_job.py:273} INFO - 0 downstream tasks scheduled from follow-on schedule check
