[2025-02-14 18:36:46,973] {taskinstance.py:1179} INFO - Dependencies all met for <TaskInstance: TK_Lead_Scoring_Data_Engineering_Pipeline.loading_data manual__2025-02-14T18:36:37.482067+00:00 [queued]>
[2025-02-14 18:36:46,981] {taskinstance.py:1179} INFO - Dependencies all met for <TaskInstance: TK_Lead_Scoring_Data_Engineering_Pipeline.loading_data manual__2025-02-14T18:36:37.482067+00:00 [queued]>
[2025-02-14 18:36:46,982] {taskinstance.py:1376} INFO - 
--------------------------------------------------------------------------------
[2025-02-14 18:36:46,982] {taskinstance.py:1377} INFO - Starting attempt 1 of 2
[2025-02-14 18:36:46,982] {taskinstance.py:1378} INFO - 
--------------------------------------------------------------------------------
[2025-02-14 18:36:47,015] {taskinstance.py:1397} INFO - Executing <Task(PythonOperator): loading_data> on 2025-02-14 18:36:37.482067+00:00
[2025-02-14 18:36:47,022] {standard_task_runner.py:52} INFO - Started process 9981 to run task
[2025-02-14 18:36:47,025] {standard_task_runner.py:79} INFO - Running: ['airflow', 'tasks', 'run', 'TK_Lead_Scoring_Data_Engineering_Pipeline', 'loading_data', 'manual__2025-02-14T18:36:37.482067+00:00', '--job-id', '41', '--raw', '--subdir', 'DAGS_FOLDER/Lead_scoring_data_pipeline/.ipynb_checkpoints/lead_scoring_data_pipeline-checkpoint.py', '--cfg-path', '/tmp/tmpgdkgfn93', '--error-file', '/tmp/tmpk2r7jz2n']
[2025-02-14 18:36:47,026] {standard_task_runner.py:80} INFO - Job 41: Subtask loading_data
[2025-02-14 18:36:47,086] {task_command.py:371} INFO - Running <TaskInstance: TK_Lead_Scoring_Data_Engineering_Pipeline.loading_data manual__2025-02-14T18:36:37.482067+00:00 [running]> on host 19e316ed320d
[2025-02-14 18:36:47,181] {taskinstance.py:1589} INFO - Exporting the following env vars:
AIRFLOW_CTX_DAG_OWNER=airflow
AIRFLOW_CTX_DAG_ID=TK_Lead_Scoring_Data_Engineering_Pipeline
AIRFLOW_CTX_TASK_ID=loading_data
AIRFLOW_CTX_EXECUTION_DATE=2025-02-14T18:36:37.482067+00:00
AIRFLOW_CTX_TRY_NUMBER=1
AIRFLOW_CTX_DAG_RUN_ID=manual__2025-02-14T18:36:37.482067+00:00
[2025-02-14 18:36:47,910] {python.py:173} INFO - Done. Returned value was: None
[2025-02-14 18:36:47,916] {taskinstance.py:1415} INFO - Marking task as SUCCESS. dag_id=TK_Lead_Scoring_Data_Engineering_Pipeline, task_id=loading_data, execution_date=20250214T183637, start_date=20250214T183646, end_date=20250214T183647
[2025-02-14 18:36:47,959] {local_task_job.py:156} INFO - Task exited with return code 0
[2025-02-14 18:36:48,020] {local_task_job.py:273} INFO - 1 downstream tasks scheduled from follow-on schedule check
