[2025-02-14 19:12:04,177] {taskinstance.py:1179} INFO - Dependencies all met for <TaskInstance: Lead_scoring_inference_pipeline.generating_models_prediction manual__2025-02-14T19:10:43.685996+00:00 [queued]>
[2025-02-14 19:12:04,182] {taskinstance.py:1179} INFO - Dependencies all met for <TaskInstance: Lead_scoring_inference_pipeline.generating_models_prediction manual__2025-02-14T19:10:43.685996+00:00 [queued]>
[2025-02-14 19:12:04,182] {taskinstance.py:1376} INFO - 
--------------------------------------------------------------------------------
[2025-02-14 19:12:04,182] {taskinstance.py:1377} INFO - Starting attempt 2 of 2
[2025-02-14 19:12:04,182] {taskinstance.py:1378} INFO - 
--------------------------------------------------------------------------------
[2025-02-14 19:12:04,203] {taskinstance.py:1397} INFO - Executing <Task(PythonOperator): generating_models_prediction> on 2025-02-14 19:10:43.685996+00:00
[2025-02-14 19:12:04,208] {standard_task_runner.py:52} INFO - Started process 3763 to run task
[2025-02-14 19:12:04,211] {standard_task_runner.py:79} INFO - Running: ['airflow', 'tasks', 'run', 'Lead_scoring_inference_pipeline', 'generating_models_prediction', 'manual__2025-02-14T19:10:43.685996+00:00', '--job-id', '90', '--raw', '--subdir', 'DAGS_FOLDER/Lead_scoring_inference_pipeline/.ipynb_checkpoints/lead_scoring_inference_pipeline-checkpoint.py', '--cfg-path', '/tmp/tmpgmw5tdmc', '--error-file', '/tmp/tmplkvumvfp']
[2025-02-14 19:12:04,211] {standard_task_runner.py:80} INFO - Job 90: Subtask generating_models_prediction
[2025-02-14 19:12:04,256] {task_command.py:371} INFO - Running <TaskInstance: Lead_scoring_inference_pipeline.generating_models_prediction manual__2025-02-14T19:10:43.685996+00:00 [running]> on host c9e5903262b9
[2025-02-14 19:12:04,410] {taskinstance.py:1589} INFO - Exporting the following env vars:
AIRFLOW_CTX_DAG_OWNER=airflow
AIRFLOW_CTX_DAG_ID=Lead_scoring_inference_pipeline
AIRFLOW_CTX_TASK_ID=generating_models_prediction
AIRFLOW_CTX_EXECUTION_DATE=2025-02-14T19:10:43.685996+00:00
AIRFLOW_CTX_TRY_NUMBER=2
AIRFLOW_CTX_DAG_RUN_ID=manual__2025-02-14T19:10:43.685996+00:00
[2025-02-14 19:12:04,465] {connectionpool.py:780} WARNING - Retrying (Retry(total=4, connect=4, read=5, redirect=5, status=5)) after connection broken by 'NewConnectionError('<urllib3.connection.HTTPConnection object at 0x7fb5f0273880>: Failed to establish a new connection: [Errno 111] Connection refused')': /api/2.0/mlflow/registered-models/get-latest-versions
[2025-02-14 19:12:08,469] {connectionpool.py:780} WARNING - Retrying (Retry(total=3, connect=3, read=5, redirect=5, status=5)) after connection broken by 'NewConnectionError('<urllib3.connection.HTTPConnection object at 0x7fb5f0273df0>: Failed to establish a new connection: [Errno 111] Connection refused')': /api/2.0/mlflow/registered-models/get-latest-versions
[2025-02-14 19:12:16,478] {connectionpool.py:780} WARNING - Retrying (Retry(total=2, connect=2, read=5, redirect=5, status=5)) after connection broken by 'NewConnectionError('<urllib3.connection.HTTPConnection object at 0x7fb5f026c910>: Failed to establish a new connection: [Errno 111] Connection refused')': /api/2.0/mlflow/registered-models/get-latest-versions
[2025-02-14 19:12:32,494] {connectionpool.py:780} WARNING - Retrying (Retry(total=1, connect=1, read=5, redirect=5, status=5)) after connection broken by 'NewConnectionError('<urllib3.connection.HTTPConnection object at 0x7fb5f026c400>: Failed to establish a new connection: [Errno 111] Connection refused')': /api/2.0/mlflow/registered-models/get-latest-versions
