[2025-02-14 14:00:03,922] {processor.py:153} INFO - Started process (PID=1849) to work on /opt/conda/lib/python3.8/site-packages/airflow/example_dags/plugins/workday.py
[2025-02-14 14:00:03,922] {processor.py:641} INFO - Processing file /opt/conda/lib/python3.8/site-packages/airflow/example_dags/plugins/workday.py for tasks to queue
[2025-02-14 14:00:03,923] {logging_mixin.py:115} INFO - [2025-02-14 14:00:03,922] {dagbag.py:508} INFO - Filling up the DagBag from /opt/conda/lib/python3.8/site-packages/airflow/example_dags/plugins/workday.py
[2025-02-14 14:00:03,925] {processor.py:653} WARNING - No viable dags retrieved from /opt/conda/lib/python3.8/site-packages/airflow/example_dags/plugins/workday.py
[2025-02-14 14:00:03,935] {processor.py:161} INFO - Processing /opt/conda/lib/python3.8/site-packages/airflow/example_dags/plugins/workday.py took 0.017 seconds
[2025-02-14 14:00:56,742] {processor.py:153} INFO - Started process (PID=1892) to work on /opt/conda/lib/python3.8/site-packages/airflow/example_dags/plugins/workday.py
[2025-02-14 14:00:56,743] {processor.py:641} INFO - Processing file /opt/conda/lib/python3.8/site-packages/airflow/example_dags/plugins/workday.py for tasks to queue
[2025-02-14 14:00:56,744] {logging_mixin.py:115} INFO - [2025-02-14 14:00:56,744] {dagbag.py:508} INFO - Filling up the DagBag from /opt/conda/lib/python3.8/site-packages/airflow/example_dags/plugins/workday.py
[2025-02-14 14:00:56,745] {processor.py:653} WARNING - No viable dags retrieved from /opt/conda/lib/python3.8/site-packages/airflow/example_dags/plugins/workday.py
[2025-02-14 14:00:56,756] {processor.py:161} INFO - Processing /opt/conda/lib/python3.8/site-packages/airflow/example_dags/plugins/workday.py took 0.017 seconds
[2025-02-14 14:01:42,277] {processor.py:153} INFO - Started process (PID=1933) to work on /opt/conda/lib/python3.8/site-packages/airflow/example_dags/plugins/workday.py
[2025-02-14 14:01:42,279] {processor.py:641} INFO - Processing file /opt/conda/lib/python3.8/site-packages/airflow/example_dags/plugins/workday.py for tasks to queue
[2025-02-14 14:01:42,279] {logging_mixin.py:115} INFO - [2025-02-14 14:01:42,279] {dagbag.py:508} INFO - Filling up the DagBag from /opt/conda/lib/python3.8/site-packages/airflow/example_dags/plugins/workday.py
[2025-02-14 14:01:42,281] {processor.py:653} WARNING - No viable dags retrieved from /opt/conda/lib/python3.8/site-packages/airflow/example_dags/plugins/workday.py
[2025-02-14 14:01:42,291] {processor.py:161} INFO - Processing /opt/conda/lib/python3.8/site-packages/airflow/example_dags/plugins/workday.py took 0.017 seconds
[2025-02-14 14:02:25,729] {processor.py:153} INFO - Started process (PID=1973) to work on /opt/conda/lib/python3.8/site-packages/airflow/example_dags/plugins/workday.py
[2025-02-14 14:02:25,730] {processor.py:641} INFO - Processing file /opt/conda/lib/python3.8/site-packages/airflow/example_dags/plugins/workday.py for tasks to queue
[2025-02-14 14:02:25,731] {logging_mixin.py:115} INFO - [2025-02-14 14:02:25,730] {dagbag.py:508} INFO - Filling up the DagBag from /opt/conda/lib/python3.8/site-packages/airflow/example_dags/plugins/workday.py
[2025-02-14 14:02:25,732] {processor.py:653} WARNING - No viable dags retrieved from /opt/conda/lib/python3.8/site-packages/airflow/example_dags/plugins/workday.py
[2025-02-14 14:02:25,743] {processor.py:161} INFO - Processing /opt/conda/lib/python3.8/site-packages/airflow/example_dags/plugins/workday.py took 0.017 seconds
[2025-02-14 14:03:12,573] {processor.py:153} INFO - Started process (PID=2014) to work on /opt/conda/lib/python3.8/site-packages/airflow/example_dags/plugins/workday.py
[2025-02-14 14:03:12,575] {processor.py:641} INFO - Processing file /opt/conda/lib/python3.8/site-packages/airflow/example_dags/plugins/workday.py for tasks to queue
[2025-02-14 14:03:12,575] {logging_mixin.py:115} INFO - [2025-02-14 14:03:12,575] {dagbag.py:508} INFO - Filling up the DagBag from /opt/conda/lib/python3.8/site-packages/airflow/example_dags/plugins/workday.py
[2025-02-14 14:03:12,577] {processor.py:653} WARNING - No viable dags retrieved from /opt/conda/lib/python3.8/site-packages/airflow/example_dags/plugins/workday.py
[2025-02-14 14:03:12,587] {processor.py:161} INFO - Processing /opt/conda/lib/python3.8/site-packages/airflow/example_dags/plugins/workday.py took 0.018 seconds
[2025-02-14 14:04:05,185] {processor.py:153} INFO - Started process (PID=2069) to work on /opt/conda/lib/python3.8/site-packages/airflow/example_dags/plugins/workday.py
[2025-02-14 14:04:05,186] {processor.py:641} INFO - Processing file /opt/conda/lib/python3.8/site-packages/airflow/example_dags/plugins/workday.py for tasks to queue
[2025-02-14 14:04:05,187] {logging_mixin.py:115} INFO - [2025-02-14 14:04:05,187] {dagbag.py:508} INFO - Filling up the DagBag from /opt/conda/lib/python3.8/site-packages/airflow/example_dags/plugins/workday.py
[2025-02-14 14:04:05,189] {processor.py:653} WARNING - No viable dags retrieved from /opt/conda/lib/python3.8/site-packages/airflow/example_dags/plugins/workday.py
[2025-02-14 14:04:05,199] {processor.py:161} INFO - Processing /opt/conda/lib/python3.8/site-packages/airflow/example_dags/plugins/workday.py took 0.017 seconds
[2025-02-14 14:05:47,488] {processor.py:153} INFO - Started process (PID=2193) to work on /opt/conda/lib/python3.8/site-packages/airflow/example_dags/plugins/workday.py
[2025-02-14 14:05:47,490] {processor.py:641} INFO - Processing file /opt/conda/lib/python3.8/site-packages/airflow/example_dags/plugins/workday.py for tasks to queue
[2025-02-14 14:05:47,490] {logging_mixin.py:115} INFO - [2025-02-14 14:05:47,490] {dagbag.py:508} INFO - Filling up the DagBag from /opt/conda/lib/python3.8/site-packages/airflow/example_dags/plugins/workday.py
[2025-02-14 14:05:47,492] {processor.py:653} WARNING - No viable dags retrieved from /opt/conda/lib/python3.8/site-packages/airflow/example_dags/plugins/workday.py
[2025-02-14 14:05:47,502] {processor.py:161} INFO - Processing /opt/conda/lib/python3.8/site-packages/airflow/example_dags/plugins/workday.py took 0.017 seconds
[2025-02-14 14:06:30,582] {processor.py:153} INFO - Started process (PID=2247) to work on /opt/conda/lib/python3.8/site-packages/airflow/example_dags/plugins/workday.py
[2025-02-14 14:06:30,583] {processor.py:641} INFO - Processing file /opt/conda/lib/python3.8/site-packages/airflow/example_dags/plugins/workday.py for tasks to queue
[2025-02-14 14:06:30,584] {logging_mixin.py:115} INFO - [2025-02-14 14:06:30,584] {dagbag.py:508} INFO - Filling up the DagBag from /opt/conda/lib/python3.8/site-packages/airflow/example_dags/plugins/workday.py
[2025-02-14 14:06:30,586] {processor.py:653} WARNING - No viable dags retrieved from /opt/conda/lib/python3.8/site-packages/airflow/example_dags/plugins/workday.py
[2025-02-14 14:06:30,596] {processor.py:161} INFO - Processing /opt/conda/lib/python3.8/site-packages/airflow/example_dags/plugins/workday.py took 0.018 seconds
[2025-02-14 14:07:23,416] {processor.py:153} INFO - Started process (PID=2306) to work on /opt/conda/lib/python3.8/site-packages/airflow/example_dags/plugins/workday.py
[2025-02-14 14:07:23,418] {processor.py:641} INFO - Processing file /opt/conda/lib/python3.8/site-packages/airflow/example_dags/plugins/workday.py for tasks to queue
[2025-02-14 14:07:23,418] {logging_mixin.py:115} INFO - [2025-02-14 14:07:23,418] {dagbag.py:508} INFO - Filling up the DagBag from /opt/conda/lib/python3.8/site-packages/airflow/example_dags/plugins/workday.py
[2025-02-14 14:07:23,420] {processor.py:653} WARNING - No viable dags retrieved from /opt/conda/lib/python3.8/site-packages/airflow/example_dags/plugins/workday.py
[2025-02-14 14:07:23,430] {processor.py:161} INFO - Processing /opt/conda/lib/python3.8/site-packages/airflow/example_dags/plugins/workday.py took 0.017 seconds
[2025-02-14 14:08:09,221] {processor.py:153} INFO - Started process (PID=2347) to work on /opt/conda/lib/python3.8/site-packages/airflow/example_dags/plugins/workday.py
[2025-02-14 14:08:09,223] {processor.py:641} INFO - Processing file /opt/conda/lib/python3.8/site-packages/airflow/example_dags/plugins/workday.py for tasks to queue
[2025-02-14 14:08:09,223] {logging_mixin.py:115} INFO - [2025-02-14 14:08:09,223] {dagbag.py:508} INFO - Filling up the DagBag from /opt/conda/lib/python3.8/site-packages/airflow/example_dags/plugins/workday.py
[2025-02-14 14:08:09,225] {processor.py:653} WARNING - No viable dags retrieved from /opt/conda/lib/python3.8/site-packages/airflow/example_dags/plugins/workday.py
[2025-02-14 14:08:09,236] {processor.py:161} INFO - Processing /opt/conda/lib/python3.8/site-packages/airflow/example_dags/plugins/workday.py took 0.017 seconds
[2025-02-14 14:09:40,809] {processor.py:153} INFO - Started process (PID=2451) to work on /opt/conda/lib/python3.8/site-packages/airflow/example_dags/plugins/workday.py
[2025-02-14 14:09:40,811] {processor.py:641} INFO - Processing file /opt/conda/lib/python3.8/site-packages/airflow/example_dags/plugins/workday.py for tasks to queue
[2025-02-14 14:09:40,812] {logging_mixin.py:115} INFO - [2025-02-14 14:09:40,811] {dagbag.py:508} INFO - Filling up the DagBag from /opt/conda/lib/python3.8/site-packages/airflow/example_dags/plugins/workday.py
[2025-02-14 14:09:40,813] {processor.py:653} WARNING - No viable dags retrieved from /opt/conda/lib/python3.8/site-packages/airflow/example_dags/plugins/workday.py
[2025-02-14 14:09:40,823] {processor.py:161} INFO - Processing /opt/conda/lib/python3.8/site-packages/airflow/example_dags/plugins/workday.py took 0.017 seconds
[2025-02-14 14:10:35,311] {processor.py:153} INFO - Started process (PID=2498) to work on /opt/conda/lib/python3.8/site-packages/airflow/example_dags/plugins/workday.py
[2025-02-14 14:10:35,313] {processor.py:641} INFO - Processing file /opt/conda/lib/python3.8/site-packages/airflow/example_dags/plugins/workday.py for tasks to queue
[2025-02-14 14:10:35,313] {logging_mixin.py:115} INFO - [2025-02-14 14:10:35,313] {dagbag.py:508} INFO - Filling up the DagBag from /opt/conda/lib/python3.8/site-packages/airflow/example_dags/plugins/workday.py
[2025-02-14 14:10:35,316] {processor.py:653} WARNING - No viable dags retrieved from /opt/conda/lib/python3.8/site-packages/airflow/example_dags/plugins/workday.py
[2025-02-14 14:10:35,328] {processor.py:161} INFO - Processing /opt/conda/lib/python3.8/site-packages/airflow/example_dags/plugins/workday.py took 0.020 seconds
[2025-02-14 14:11:24,392] {processor.py:153} INFO - Started process (PID=2541) to work on /opt/conda/lib/python3.8/site-packages/airflow/example_dags/plugins/workday.py
[2025-02-14 14:11:24,393] {processor.py:641} INFO - Processing file /opt/conda/lib/python3.8/site-packages/airflow/example_dags/plugins/workday.py for tasks to queue
[2025-02-14 14:11:24,394] {logging_mixin.py:115} INFO - [2025-02-14 14:11:24,394] {dagbag.py:508} INFO - Filling up the DagBag from /opt/conda/lib/python3.8/site-packages/airflow/example_dags/plugins/workday.py
[2025-02-14 14:11:24,396] {processor.py:653} WARNING - No viable dags retrieved from /opt/conda/lib/python3.8/site-packages/airflow/example_dags/plugins/workday.py
[2025-02-14 14:11:24,408] {processor.py:161} INFO - Processing /opt/conda/lib/python3.8/site-packages/airflow/example_dags/plugins/workday.py took 0.020 seconds
[2025-02-14 14:12:08,308] {processor.py:153} INFO - Started process (PID=2595) to work on /opt/conda/lib/python3.8/site-packages/airflow/example_dags/plugins/workday.py
[2025-02-14 14:12:08,309] {processor.py:641} INFO - Processing file /opt/conda/lib/python3.8/site-packages/airflow/example_dags/plugins/workday.py for tasks to queue
[2025-02-14 14:12:08,310] {logging_mixin.py:115} INFO - [2025-02-14 14:12:08,310] {dagbag.py:508} INFO - Filling up the DagBag from /opt/conda/lib/python3.8/site-packages/airflow/example_dags/plugins/workday.py
[2025-02-14 14:12:08,312] {processor.py:653} WARNING - No viable dags retrieved from /opt/conda/lib/python3.8/site-packages/airflow/example_dags/plugins/workday.py
[2025-02-14 14:12:08,322] {processor.py:161} INFO - Processing /opt/conda/lib/python3.8/site-packages/airflow/example_dags/plugins/workday.py took 0.017 seconds
[2025-02-14 14:13:00,493] {processor.py:153} INFO - Started process (PID=2673) to work on /opt/conda/lib/python3.8/site-packages/airflow/example_dags/plugins/workday.py
[2025-02-14 14:13:00,495] {processor.py:641} INFO - Processing file /opt/conda/lib/python3.8/site-packages/airflow/example_dags/plugins/workday.py for tasks to queue
[2025-02-14 14:13:00,495] {logging_mixin.py:115} INFO - [2025-02-14 14:13:00,495] {dagbag.py:508} INFO - Filling up the DagBag from /opt/conda/lib/python3.8/site-packages/airflow/example_dags/plugins/workday.py
[2025-02-14 14:13:00,497] {processor.py:653} WARNING - No viable dags retrieved from /opt/conda/lib/python3.8/site-packages/airflow/example_dags/plugins/workday.py
[2025-02-14 14:13:00,508] {processor.py:161} INFO - Processing /opt/conda/lib/python3.8/site-packages/airflow/example_dags/plugins/workday.py took 0.018 seconds
[2025-02-14 14:13:55,256] {processor.py:153} INFO - Started process (PID=2737) to work on /opt/conda/lib/python3.8/site-packages/airflow/example_dags/plugins/workday.py
[2025-02-14 14:13:55,258] {processor.py:641} INFO - Processing file /opt/conda/lib/python3.8/site-packages/airflow/example_dags/plugins/workday.py for tasks to queue
[2025-02-14 14:13:55,258] {logging_mixin.py:115} INFO - [2025-02-14 14:13:55,258] {dagbag.py:508} INFO - Filling up the DagBag from /opt/conda/lib/python3.8/site-packages/airflow/example_dags/plugins/workday.py
[2025-02-14 14:13:55,260] {processor.py:653} WARNING - No viable dags retrieved from /opt/conda/lib/python3.8/site-packages/airflow/example_dags/plugins/workday.py
[2025-02-14 14:13:55,270] {processor.py:161} INFO - Processing /opt/conda/lib/python3.8/site-packages/airflow/example_dags/plugins/workday.py took 0.017 seconds
[2025-02-14 14:14:45,129] {processor.py:153} INFO - Started process (PID=2815) to work on /opt/conda/lib/python3.8/site-packages/airflow/example_dags/plugins/workday.py
[2025-02-14 14:14:45,130] {processor.py:641} INFO - Processing file /opt/conda/lib/python3.8/site-packages/airflow/example_dags/plugins/workday.py for tasks to queue
[2025-02-14 14:14:45,131] {logging_mixin.py:115} INFO - [2025-02-14 14:14:45,131] {dagbag.py:508} INFO - Filling up the DagBag from /opt/conda/lib/python3.8/site-packages/airflow/example_dags/plugins/workday.py
[2025-02-14 14:14:45,133] {processor.py:653} WARNING - No viable dags retrieved from /opt/conda/lib/python3.8/site-packages/airflow/example_dags/plugins/workday.py
[2025-02-14 14:14:45,144] {processor.py:161} INFO - Processing /opt/conda/lib/python3.8/site-packages/airflow/example_dags/plugins/workday.py took 0.018 seconds
[2025-02-14 14:15:25,481] {processor.py:153} INFO - Started process (PID=2870) to work on /opt/conda/lib/python3.8/site-packages/airflow/example_dags/plugins/workday.py
[2025-02-14 14:15:25,483] {processor.py:641} INFO - Processing file /opt/conda/lib/python3.8/site-packages/airflow/example_dags/plugins/workday.py for tasks to queue
[2025-02-14 14:15:25,484] {logging_mixin.py:115} INFO - [2025-02-14 14:15:25,484] {dagbag.py:508} INFO - Filling up the DagBag from /opt/conda/lib/python3.8/site-packages/airflow/example_dags/plugins/workday.py
[2025-02-14 14:15:25,486] {processor.py:653} WARNING - No viable dags retrieved from /opt/conda/lib/python3.8/site-packages/airflow/example_dags/plugins/workday.py
[2025-02-14 14:15:25,496] {processor.py:161} INFO - Processing /opt/conda/lib/python3.8/site-packages/airflow/example_dags/plugins/workday.py took 0.018 seconds
[2025-02-14 14:17:09,589] {processor.py:153} INFO - Started process (PID=3028) to work on /opt/conda/lib/python3.8/site-packages/airflow/example_dags/plugins/workday.py
[2025-02-14 14:17:09,591] {processor.py:641} INFO - Processing file /opt/conda/lib/python3.8/site-packages/airflow/example_dags/plugins/workday.py for tasks to queue
[2025-02-14 14:17:09,591] {logging_mixin.py:115} INFO - [2025-02-14 14:17:09,591] {dagbag.py:508} INFO - Filling up the DagBag from /opt/conda/lib/python3.8/site-packages/airflow/example_dags/plugins/workday.py
[2025-02-14 14:17:09,593] {processor.py:653} WARNING - No viable dags retrieved from /opt/conda/lib/python3.8/site-packages/airflow/example_dags/plugins/workday.py
[2025-02-14 14:17:09,604] {processor.py:161} INFO - Processing /opt/conda/lib/python3.8/site-packages/airflow/example_dags/plugins/workday.py took 0.018 seconds
[2025-02-14 14:17:57,314] {processor.py:153} INFO - Started process (PID=3100) to work on /opt/conda/lib/python3.8/site-packages/airflow/example_dags/plugins/workday.py
[2025-02-14 14:17:57,316] {processor.py:641} INFO - Processing file /opt/conda/lib/python3.8/site-packages/airflow/example_dags/plugins/workday.py for tasks to queue
[2025-02-14 14:17:57,316] {logging_mixin.py:115} INFO - [2025-02-14 14:17:57,316] {dagbag.py:508} INFO - Filling up the DagBag from /opt/conda/lib/python3.8/site-packages/airflow/example_dags/plugins/workday.py
[2025-02-14 14:17:57,318] {processor.py:653} WARNING - No viable dags retrieved from /opt/conda/lib/python3.8/site-packages/airflow/example_dags/plugins/workday.py
[2025-02-14 14:17:57,329] {processor.py:161} INFO - Processing /opt/conda/lib/python3.8/site-packages/airflow/example_dags/plugins/workday.py took 0.018 seconds
[2025-02-14 14:21:13,400] {processor.py:153} INFO - Started process (PID=3312) to work on /opt/conda/lib/python3.8/site-packages/airflow/example_dags/plugins/workday.py
[2025-02-14 14:21:13,402] {processor.py:641} INFO - Processing file /opt/conda/lib/python3.8/site-packages/airflow/example_dags/plugins/workday.py for tasks to queue
[2025-02-14 14:21:13,403] {logging_mixin.py:115} INFO - [2025-02-14 14:21:13,403] {dagbag.py:508} INFO - Filling up the DagBag from /opt/conda/lib/python3.8/site-packages/airflow/example_dags/plugins/workday.py
[2025-02-14 14:21:13,405] {processor.py:653} WARNING - No viable dags retrieved from /opt/conda/lib/python3.8/site-packages/airflow/example_dags/plugins/workday.py
[2025-02-14 14:21:13,415] {processor.py:161} INFO - Processing /opt/conda/lib/python3.8/site-packages/airflow/example_dags/plugins/workday.py took 0.018 seconds
[2025-02-14 14:22:01,072] {processor.py:153} INFO - Started process (PID=3376) to work on /opt/conda/lib/python3.8/site-packages/airflow/example_dags/plugins/workday.py
[2025-02-14 14:22:01,073] {processor.py:641} INFO - Processing file /opt/conda/lib/python3.8/site-packages/airflow/example_dags/plugins/workday.py for tasks to queue
[2025-02-14 14:22:01,074] {logging_mixin.py:115} INFO - [2025-02-14 14:22:01,074] {dagbag.py:508} INFO - Filling up the DagBag from /opt/conda/lib/python3.8/site-packages/airflow/example_dags/plugins/workday.py
[2025-02-14 14:22:01,076] {processor.py:653} WARNING - No viable dags retrieved from /opt/conda/lib/python3.8/site-packages/airflow/example_dags/plugins/workday.py
[2025-02-14 14:22:01,087] {processor.py:161} INFO - Processing /opt/conda/lib/python3.8/site-packages/airflow/example_dags/plugins/workday.py took 0.018 seconds
[2025-02-14 14:22:47,821] {processor.py:153} INFO - Started process (PID=3440) to work on /opt/conda/lib/python3.8/site-packages/airflow/example_dags/plugins/workday.py
[2025-02-14 14:22:47,822] {processor.py:641} INFO - Processing file /opt/conda/lib/python3.8/site-packages/airflow/example_dags/plugins/workday.py for tasks to queue
[2025-02-14 14:22:47,823] {logging_mixin.py:115} INFO - [2025-02-14 14:22:47,823] {dagbag.py:508} INFO - Filling up the DagBag from /opt/conda/lib/python3.8/site-packages/airflow/example_dags/plugins/workday.py
[2025-02-14 14:22:47,825] {processor.py:653} WARNING - No viable dags retrieved from /opt/conda/lib/python3.8/site-packages/airflow/example_dags/plugins/workday.py
[2025-02-14 14:22:47,836] {processor.py:161} INFO - Processing /opt/conda/lib/python3.8/site-packages/airflow/example_dags/plugins/workday.py took 0.018 seconds
[2025-02-14 14:24:00,732] {processor.py:153} INFO - Started process (PID=3568) to work on /opt/conda/lib/python3.8/site-packages/airflow/example_dags/plugins/workday.py
[2025-02-14 14:24:00,734] {processor.py:641} INFO - Processing file /opt/conda/lib/python3.8/site-packages/airflow/example_dags/plugins/workday.py for tasks to queue
[2025-02-14 14:24:00,735] {logging_mixin.py:115} INFO - [2025-02-14 14:24:00,734] {dagbag.py:508} INFO - Filling up the DagBag from /opt/conda/lib/python3.8/site-packages/airflow/example_dags/plugins/workday.py
[2025-02-14 14:24:00,736] {processor.py:653} WARNING - No viable dags retrieved from /opt/conda/lib/python3.8/site-packages/airflow/example_dags/plugins/workday.py
[2025-02-14 14:24:00,746] {processor.py:161} INFO - Processing /opt/conda/lib/python3.8/site-packages/airflow/example_dags/plugins/workday.py took 0.017 seconds
[2025-02-14 14:24:51,380] {processor.py:153} INFO - Started process (PID=3645) to work on /opt/conda/lib/python3.8/site-packages/airflow/example_dags/plugins/workday.py
[2025-02-14 14:24:51,382] {processor.py:641} INFO - Processing file /opt/conda/lib/python3.8/site-packages/airflow/example_dags/plugins/workday.py for tasks to queue
[2025-02-14 14:24:51,382] {logging_mixin.py:115} INFO - [2025-02-14 14:24:51,382] {dagbag.py:508} INFO - Filling up the DagBag from /opt/conda/lib/python3.8/site-packages/airflow/example_dags/plugins/workday.py
[2025-02-14 14:24:51,384] {processor.py:653} WARNING - No viable dags retrieved from /opt/conda/lib/python3.8/site-packages/airflow/example_dags/plugins/workday.py
[2025-02-14 14:24:51,394] {processor.py:161} INFO - Processing /opt/conda/lib/python3.8/site-packages/airflow/example_dags/plugins/workday.py took 0.017 seconds
[2025-02-14 14:25:40,745] {processor.py:153} INFO - Started process (PID=3702) to work on /opt/conda/lib/python3.8/site-packages/airflow/example_dags/plugins/workday.py
[2025-02-14 14:25:40,747] {processor.py:641} INFO - Processing file /opt/conda/lib/python3.8/site-packages/airflow/example_dags/plugins/workday.py for tasks to queue
[2025-02-14 14:25:40,747] {logging_mixin.py:115} INFO - [2025-02-14 14:25:40,747] {dagbag.py:508} INFO - Filling up the DagBag from /opt/conda/lib/python3.8/site-packages/airflow/example_dags/plugins/workday.py
[2025-02-14 14:25:40,749] {processor.py:653} WARNING - No viable dags retrieved from /opt/conda/lib/python3.8/site-packages/airflow/example_dags/plugins/workday.py
[2025-02-14 14:25:40,759] {processor.py:161} INFO - Processing /opt/conda/lib/python3.8/site-packages/airflow/example_dags/plugins/workday.py took 0.017 seconds
[2025-02-14 14:26:34,817] {processor.py:153} INFO - Started process (PID=3766) to work on /opt/conda/lib/python3.8/site-packages/airflow/example_dags/plugins/workday.py
[2025-02-14 14:26:34,819] {processor.py:641} INFO - Processing file /opt/conda/lib/python3.8/site-packages/airflow/example_dags/plugins/workday.py for tasks to queue
[2025-02-14 14:26:34,820] {logging_mixin.py:115} INFO - [2025-02-14 14:26:34,820] {dagbag.py:508} INFO - Filling up the DagBag from /opt/conda/lib/python3.8/site-packages/airflow/example_dags/plugins/workday.py
[2025-02-14 14:26:34,822] {processor.py:653} WARNING - No viable dags retrieved from /opt/conda/lib/python3.8/site-packages/airflow/example_dags/plugins/workday.py
[2025-02-14 14:26:34,833] {processor.py:161} INFO - Processing /opt/conda/lib/python3.8/site-packages/airflow/example_dags/plugins/workday.py took 0.020 seconds
[2025-02-14 14:27:20,421] {processor.py:153} INFO - Started process (PID=3820) to work on /opt/conda/lib/python3.8/site-packages/airflow/example_dags/plugins/workday.py
[2025-02-14 14:27:20,423] {processor.py:641} INFO - Processing file /opt/conda/lib/python3.8/site-packages/airflow/example_dags/plugins/workday.py for tasks to queue
[2025-02-14 14:27:20,423] {logging_mixin.py:115} INFO - [2025-02-14 14:27:20,423] {dagbag.py:508} INFO - Filling up the DagBag from /opt/conda/lib/python3.8/site-packages/airflow/example_dags/plugins/workday.py
[2025-02-14 14:27:20,425] {processor.py:653} WARNING - No viable dags retrieved from /opt/conda/lib/python3.8/site-packages/airflow/example_dags/plugins/workday.py
[2025-02-14 14:27:20,435] {processor.py:161} INFO - Processing /opt/conda/lib/python3.8/site-packages/airflow/example_dags/plugins/workday.py took 0.017 seconds
[2025-02-14 14:28:07,205] {processor.py:153} INFO - Started process (PID=3875) to work on /opt/conda/lib/python3.8/site-packages/airflow/example_dags/plugins/workday.py
[2025-02-14 14:28:07,207] {processor.py:641} INFO - Processing file /opt/conda/lib/python3.8/site-packages/airflow/example_dags/plugins/workday.py for tasks to queue
[2025-02-14 14:28:07,208] {logging_mixin.py:115} INFO - [2025-02-14 14:28:07,207] {dagbag.py:508} INFO - Filling up the DagBag from /opt/conda/lib/python3.8/site-packages/airflow/example_dags/plugins/workday.py
[2025-02-14 14:28:07,209] {processor.py:653} WARNING - No viable dags retrieved from /opt/conda/lib/python3.8/site-packages/airflow/example_dags/plugins/workday.py
[2025-02-14 14:28:07,220] {processor.py:161} INFO - Processing /opt/conda/lib/python3.8/site-packages/airflow/example_dags/plugins/workday.py took 0.018 seconds
[2025-02-14 14:28:52,140] {processor.py:153} INFO - Started process (PID=3938) to work on /opt/conda/lib/python3.8/site-packages/airflow/example_dags/plugins/workday.py
[2025-02-14 14:28:52,142] {processor.py:641} INFO - Processing file /opt/conda/lib/python3.8/site-packages/airflow/example_dags/plugins/workday.py for tasks to queue
[2025-02-14 14:28:52,143] {logging_mixin.py:115} INFO - [2025-02-14 14:28:52,143] {dagbag.py:508} INFO - Filling up the DagBag from /opt/conda/lib/python3.8/site-packages/airflow/example_dags/plugins/workday.py
[2025-02-14 14:28:52,145] {processor.py:653} WARNING - No viable dags retrieved from /opt/conda/lib/python3.8/site-packages/airflow/example_dags/plugins/workday.py
[2025-02-14 14:28:52,155] {processor.py:161} INFO - Processing /opt/conda/lib/python3.8/site-packages/airflow/example_dags/plugins/workday.py took 0.018 seconds
[2025-02-14 14:29:36,317] {processor.py:153} INFO - Started process (PID=4004) to work on /opt/conda/lib/python3.8/site-packages/airflow/example_dags/plugins/workday.py
[2025-02-14 14:29:36,319] {processor.py:641} INFO - Processing file /opt/conda/lib/python3.8/site-packages/airflow/example_dags/plugins/workday.py for tasks to queue
[2025-02-14 14:29:36,319] {logging_mixin.py:115} INFO - [2025-02-14 14:29:36,319] {dagbag.py:508} INFO - Filling up the DagBag from /opt/conda/lib/python3.8/site-packages/airflow/example_dags/plugins/workday.py
[2025-02-14 14:29:36,321] {processor.py:653} WARNING - No viable dags retrieved from /opt/conda/lib/python3.8/site-packages/airflow/example_dags/plugins/workday.py
[2025-02-14 14:29:36,332] {processor.py:161} INFO - Processing /opt/conda/lib/python3.8/site-packages/airflow/example_dags/plugins/workday.py took 0.018 seconds
[2025-02-14 14:30:19,025] {processor.py:153} INFO - Started process (PID=4061) to work on /opt/conda/lib/python3.8/site-packages/airflow/example_dags/plugins/workday.py
[2025-02-14 14:30:19,027] {processor.py:641} INFO - Processing file /opt/conda/lib/python3.8/site-packages/airflow/example_dags/plugins/workday.py for tasks to queue
[2025-02-14 14:30:19,028] {logging_mixin.py:115} INFO - [2025-02-14 14:30:19,027] {dagbag.py:508} INFO - Filling up the DagBag from /opt/conda/lib/python3.8/site-packages/airflow/example_dags/plugins/workday.py
[2025-02-14 14:30:19,029] {processor.py:653} WARNING - No viable dags retrieved from /opt/conda/lib/python3.8/site-packages/airflow/example_dags/plugins/workday.py
[2025-02-14 14:30:19,040] {processor.py:161} INFO - Processing /opt/conda/lib/python3.8/site-packages/airflow/example_dags/plugins/workday.py took 0.018 seconds
[2025-02-14 14:31:00,456] {processor.py:153} INFO - Started process (PID=4126) to work on /opt/conda/lib/python3.8/site-packages/airflow/example_dags/plugins/workday.py
[2025-02-14 14:31:00,458] {processor.py:641} INFO - Processing file /opt/conda/lib/python3.8/site-packages/airflow/example_dags/plugins/workday.py for tasks to queue
[2025-02-14 14:31:00,459] {logging_mixin.py:115} INFO - [2025-02-14 14:31:00,459] {dagbag.py:508} INFO - Filling up the DagBag from /opt/conda/lib/python3.8/site-packages/airflow/example_dags/plugins/workday.py
[2025-02-14 14:31:00,461] {processor.py:653} WARNING - No viable dags retrieved from /opt/conda/lib/python3.8/site-packages/airflow/example_dags/plugins/workday.py
[2025-02-14 14:31:00,471] {processor.py:161} INFO - Processing /opt/conda/lib/python3.8/site-packages/airflow/example_dags/plugins/workday.py took 0.018 seconds
[2025-02-14 14:33:08,081] {processor.py:153} INFO - Started process (PID=4325) to work on /opt/conda/lib/python3.8/site-packages/airflow/example_dags/plugins/workday.py
[2025-02-14 14:33:08,083] {processor.py:641} INFO - Processing file /opt/conda/lib/python3.8/site-packages/airflow/example_dags/plugins/workday.py for tasks to queue
[2025-02-14 14:33:08,084] {logging_mixin.py:115} INFO - [2025-02-14 14:33:08,084] {dagbag.py:508} INFO - Filling up the DagBag from /opt/conda/lib/python3.8/site-packages/airflow/example_dags/plugins/workday.py
[2025-02-14 14:33:08,085] {processor.py:653} WARNING - No viable dags retrieved from /opt/conda/lib/python3.8/site-packages/airflow/example_dags/plugins/workday.py
[2025-02-14 14:33:08,264] {processor.py:161} INFO - Processing /opt/conda/lib/python3.8/site-packages/airflow/example_dags/plugins/workday.py took 0.186 seconds
[2025-02-14 14:33:56,100] {processor.py:153} INFO - Started process (PID=4399) to work on /opt/conda/lib/python3.8/site-packages/airflow/example_dags/plugins/workday.py
[2025-02-14 14:33:56,102] {processor.py:641} INFO - Processing file /opt/conda/lib/python3.8/site-packages/airflow/example_dags/plugins/workday.py for tasks to queue
[2025-02-14 14:33:56,103] {logging_mixin.py:115} INFO - [2025-02-14 14:33:56,103] {dagbag.py:508} INFO - Filling up the DagBag from /opt/conda/lib/python3.8/site-packages/airflow/example_dags/plugins/workday.py
[2025-02-14 14:33:56,104] {processor.py:653} WARNING - No viable dags retrieved from /opt/conda/lib/python3.8/site-packages/airflow/example_dags/plugins/workday.py
[2025-02-14 14:33:56,115] {processor.py:161} INFO - Processing /opt/conda/lib/python3.8/site-packages/airflow/example_dags/plugins/workday.py took 0.017 seconds
[2025-02-14 14:34:40,425] {processor.py:153} INFO - Started process (PID=4457) to work on /opt/conda/lib/python3.8/site-packages/airflow/example_dags/plugins/workday.py
[2025-02-14 14:34:40,426] {processor.py:641} INFO - Processing file /opt/conda/lib/python3.8/site-packages/airflow/example_dags/plugins/workday.py for tasks to queue
[2025-02-14 14:34:40,427] {logging_mixin.py:115} INFO - [2025-02-14 14:34:40,427] {dagbag.py:508} INFO - Filling up the DagBag from /opt/conda/lib/python3.8/site-packages/airflow/example_dags/plugins/workday.py
[2025-02-14 14:34:40,429] {processor.py:653} WARNING - No viable dags retrieved from /opt/conda/lib/python3.8/site-packages/airflow/example_dags/plugins/workday.py
[2025-02-14 14:34:40,438] {processor.py:161} INFO - Processing /opt/conda/lib/python3.8/site-packages/airflow/example_dags/plugins/workday.py took 0.017 seconds
[2025-02-14 14:35:21,049] {processor.py:153} INFO - Started process (PID=4513) to work on /opt/conda/lib/python3.8/site-packages/airflow/example_dags/plugins/workday.py
[2025-02-14 14:35:21,051] {processor.py:641} INFO - Processing file /opt/conda/lib/python3.8/site-packages/airflow/example_dags/plugins/workday.py for tasks to queue
[2025-02-14 14:35:21,051] {logging_mixin.py:115} INFO - [2025-02-14 14:35:21,051] {dagbag.py:508} INFO - Filling up the DagBag from /opt/conda/lib/python3.8/site-packages/airflow/example_dags/plugins/workday.py
[2025-02-14 14:35:21,053] {processor.py:653} WARNING - No viable dags retrieved from /opt/conda/lib/python3.8/site-packages/airflow/example_dags/plugins/workday.py
[2025-02-14 14:35:21,064] {processor.py:161} INFO - Processing /opt/conda/lib/python3.8/site-packages/airflow/example_dags/plugins/workday.py took 0.018 seconds
[2025-02-14 14:36:01,585] {processor.py:153} INFO - Started process (PID=4567) to work on /opt/conda/lib/python3.8/site-packages/airflow/example_dags/plugins/workday.py
[2025-02-14 14:36:01,587] {processor.py:641} INFO - Processing file /opt/conda/lib/python3.8/site-packages/airflow/example_dags/plugins/workday.py for tasks to queue
[2025-02-14 14:36:01,588] {logging_mixin.py:115} INFO - [2025-02-14 14:36:01,588] {dagbag.py:508} INFO - Filling up the DagBag from /opt/conda/lib/python3.8/site-packages/airflow/example_dags/plugins/workday.py
[2025-02-14 14:36:01,590] {processor.py:653} WARNING - No viable dags retrieved from /opt/conda/lib/python3.8/site-packages/airflow/example_dags/plugins/workday.py
[2025-02-14 14:36:01,600] {processor.py:161} INFO - Processing /opt/conda/lib/python3.8/site-packages/airflow/example_dags/plugins/workday.py took 0.018 seconds
[2025-02-14 14:36:51,337] {processor.py:153} INFO - Started process (PID=4628) to work on /opt/conda/lib/python3.8/site-packages/airflow/example_dags/plugins/workday.py
[2025-02-14 14:36:51,339] {processor.py:641} INFO - Processing file /opt/conda/lib/python3.8/site-packages/airflow/example_dags/plugins/workday.py for tasks to queue
[2025-02-14 14:36:51,339] {logging_mixin.py:115} INFO - [2025-02-14 14:36:51,339] {dagbag.py:508} INFO - Filling up the DagBag from /opt/conda/lib/python3.8/site-packages/airflow/example_dags/plugins/workday.py
[2025-02-14 14:36:51,341] {processor.py:653} WARNING - No viable dags retrieved from /opt/conda/lib/python3.8/site-packages/airflow/example_dags/plugins/workday.py
[2025-02-14 14:36:51,352] {processor.py:161} INFO - Processing /opt/conda/lib/python3.8/site-packages/airflow/example_dags/plugins/workday.py took 0.018 seconds
[2025-02-14 14:37:35,212] {processor.py:153} INFO - Started process (PID=4700) to work on /opt/conda/lib/python3.8/site-packages/airflow/example_dags/plugins/workday.py
[2025-02-14 14:37:35,213] {processor.py:641} INFO - Processing file /opt/conda/lib/python3.8/site-packages/airflow/example_dags/plugins/workday.py for tasks to queue
[2025-02-14 14:37:35,214] {logging_mixin.py:115} INFO - [2025-02-14 14:37:35,214] {dagbag.py:508} INFO - Filling up the DagBag from /opt/conda/lib/python3.8/site-packages/airflow/example_dags/plugins/workday.py
[2025-02-14 14:37:35,216] {processor.py:653} WARNING - No viable dags retrieved from /opt/conda/lib/python3.8/site-packages/airflow/example_dags/plugins/workday.py
[2025-02-14 14:37:35,226] {processor.py:161} INFO - Processing /opt/conda/lib/python3.8/site-packages/airflow/example_dags/plugins/workday.py took 0.017 seconds
[2025-02-14 14:42:33,324] {processor.py:153} INFO - Started process (PID=4792) to work on /opt/conda/lib/python3.8/site-packages/airflow/example_dags/plugins/workday.py
[2025-02-14 14:42:33,326] {processor.py:641} INFO - Processing file /opt/conda/lib/python3.8/site-packages/airflow/example_dags/plugins/workday.py for tasks to queue
[2025-02-14 14:42:33,327] {logging_mixin.py:115} INFO - [2025-02-14 14:42:33,326] {dagbag.py:508} INFO - Filling up the DagBag from /opt/conda/lib/python3.8/site-packages/airflow/example_dags/plugins/workday.py
[2025-02-14 14:42:33,328] {processor.py:653} WARNING - No viable dags retrieved from /opt/conda/lib/python3.8/site-packages/airflow/example_dags/plugins/workday.py
[2025-02-14 14:42:33,338] {processor.py:161} INFO - Processing /opt/conda/lib/python3.8/site-packages/airflow/example_dags/plugins/workday.py took 0.017 seconds
