[2025-02-14 18:31:45,240] {taskinstance.py:1179} INFO - Dependencies all met for <TaskInstance: Lead_scoring_inference_pipeline.checking_model_prediction_ratio manual__2025-02-14T18:31:26.908382+00:00 [queued]>
[2025-02-14 18:31:45,245] {taskinstance.py:1179} INFO - Dependencies all met for <TaskInstance: Lead_scoring_inference_pipeline.checking_model_prediction_ratio manual__2025-02-14T18:31:26.908382+00:00 [queued]>
[2025-02-14 18:31:45,245] {taskinstance.py:1376} INFO - 
--------------------------------------------------------------------------------
[2025-02-14 18:31:45,245] {taskinstance.py:1377} INFO - Starting attempt 1 of 2
[2025-02-14 18:31:45,245] {taskinstance.py:1378} INFO - 
--------------------------------------------------------------------------------
[2025-02-14 18:31:45,276] {taskinstance.py:1397} INFO - Executing <Task(PythonOperator): checking_model_prediction_ratio> on 2025-02-14 18:31:26.908382+00:00
[2025-02-14 18:31:45,281] {standard_task_runner.py:52} INFO - Started process 9070 to run task
[2025-02-14 18:31:45,283] {standard_task_runner.py:79} INFO - Running: ['airflow', 'tasks', 'run', 'Lead_scoring_inference_pipeline', 'checking_model_prediction_ratio', 'manual__2025-02-14T18:31:26.908382+00:00', '--job-id', '35', '--raw', '--subdir', 'DAGS_FOLDER/Lead_scoring_inference_pipeline/.ipynb_checkpoints/lead_scoring_inference_pipeline-checkpoint.py', '--cfg-path', '/tmp/tmp_h0m48n0', '--error-file', '/tmp/tmptygaa711']
[2025-02-14 18:31:45,284] {standard_task_runner.py:80} INFO - Job 35: Subtask checking_model_prediction_ratio
[2025-02-14 18:31:45,369] {task_command.py:371} INFO - Running <TaskInstance: Lead_scoring_inference_pipeline.checking_model_prediction_ratio manual__2025-02-14T18:31:26.908382+00:00 [running]> on host 19e316ed320d
[2025-02-14 18:31:45,560] {taskinstance.py:1589} INFO - Exporting the following env vars:
AIRFLOW_CTX_DAG_OWNER=airflow
AIRFLOW_CTX_DAG_ID=Lead_scoring_inference_pipeline
AIRFLOW_CTX_TASK_ID=checking_model_prediction_ratio
AIRFLOW_CTX_EXECUTION_DATE=2025-02-14T18:31:26.908382+00:00
AIRFLOW_CTX_TRY_NUMBER=1
AIRFLOW_CTX_DAG_RUN_ID=manual__2025-02-14T18:31:26.908382+00:00
[2025-02-14 18:31:45,927] {python.py:173} INFO - Done. Returned value was: None
[2025-02-14 18:31:45,932] {taskinstance.py:1415} INFO - Marking task as SUCCESS. dag_id=Lead_scoring_inference_pipeline, task_id=checking_model_prediction_ratio, execution_date=20250214T183126, start_date=20250214T183145, end_date=20250214T183145
[2025-02-14 18:31:46,098] {local_task_job.py:156} INFO - Task exited with return code 0
[2025-02-14 18:31:46,139] {local_task_job.py:273} INFO - 0 downstream tasks scheduled from follow-on schedule check
