[2025-02-14 18:17:26,395] {taskinstance.py:1179} INFO - Dependencies all met for <TaskInstance: Lead_scoring_inference_pipeline.checking_input_features scheduled__2025-02-14T17:00:00+00:00 [queued]>
[2025-02-14 18:17:26,402] {taskinstance.py:1179} INFO - Dependencies all met for <TaskInstance: Lead_scoring_inference_pipeline.checking_input_features scheduled__2025-02-14T17:00:00+00:00 [queued]>
[2025-02-14 18:17:26,402] {taskinstance.py:1376} INFO - 
--------------------------------------------------------------------------------
[2025-02-14 18:17:26,402] {taskinstance.py:1377} INFO - Starting attempt 1 of 2
[2025-02-14 18:17:26,402] {taskinstance.py:1378} INFO - 
--------------------------------------------------------------------------------
[2025-02-14 18:17:26,428] {taskinstance.py:1397} INFO - Executing <Task(PythonOperator): checking_input_features> on 2025-02-14 17:00:00+00:00
[2025-02-14 18:17:26,436] {standard_task_runner.py:52} INFO - Started process 7852 to run task
[2025-02-14 18:17:26,440] {standard_task_runner.py:79} INFO - Running: ['airflow', 'tasks', 'run', 'Lead_scoring_inference_pipeline', 'checking_input_features', 'scheduled__2025-02-14T17:00:00+00:00', '--job-id', '21', '--raw', '--subdir', 'DAGS_FOLDER/Lead_scoring_inference_pipeline/.ipynb_checkpoints/lead_scoring_inference_pipeline-checkpoint.py', '--cfg-path', '/tmp/tmptvqmwkqw', '--error-file', '/tmp/tmp2h7ujrb3']
[2025-02-14 18:17:26,441] {standard_task_runner.py:80} INFO - Job 21: Subtask checking_input_features
[2025-02-14 18:17:26,498] {task_command.py:371} INFO - Running <TaskInstance: Lead_scoring_inference_pipeline.checking_input_features scheduled__2025-02-14T17:00:00+00:00 [running]> on host 19e316ed320d
[2025-02-14 18:17:26,745] {taskinstance.py:1589} INFO - Exporting the following env vars:
AIRFLOW_CTX_DAG_OWNER=airflow
AIRFLOW_CTX_DAG_ID=Lead_scoring_inference_pipeline
AIRFLOW_CTX_TASK_ID=checking_input_features
AIRFLOW_CTX_EXECUTION_DATE=2025-02-14T17:00:00+00:00
AIRFLOW_CTX_TRY_NUMBER=1
AIRFLOW_CTX_DAG_RUN_ID=scheduled__2025-02-14T17:00:00+00:00
[2025-02-14 18:17:33,716] {logging_mixin.py:115} INFO - All the models input are present
[2025-02-14 18:17:33,719] {python.py:173} INFO - Done. Returned value was: None
[2025-02-14 18:17:33,727] {taskinstance.py:1415} INFO - Marking task as SUCCESS. dag_id=Lead_scoring_inference_pipeline, task_id=checking_input_features, execution_date=20250214T170000, start_date=20250214T181726, end_date=20250214T181733
[2025-02-14 18:17:33,779] {local_task_job.py:156} INFO - Task exited with return code 0
[2025-02-14 18:17:33,954] {local_task_job.py:273} INFO - 1 downstream tasks scheduled from follow-on schedule check
