[2025-02-14 14:31:52,056] {taskinstance.py:1179} INFO - Dependencies all met for <TaskInstance: TK_Lead_Scoring_Data_Engineering_Pipeline.mapping_city_tier manual__2025-02-14T14:31:34.107761+00:00 [queued]>
[2025-02-14 14:31:52,061] {taskinstance.py:1179} INFO - Dependencies all met for <TaskInstance: TK_Lead_Scoring_Data_Engineering_Pipeline.mapping_city_tier manual__2025-02-14T14:31:34.107761+00:00 [queued]>
[2025-02-14 14:31:52,061] {taskinstance.py:1376} INFO - 
--------------------------------------------------------------------------------
[2025-02-14 14:31:52,061] {taskinstance.py:1377} INFO - Starting attempt 1 of 2
[2025-02-14 14:31:52,061] {taskinstance.py:1378} INFO - 
--------------------------------------------------------------------------------
[2025-02-14 14:31:52,082] {taskinstance.py:1397} INFO - Executing <Task(PythonOperator): mapping_city_tier> on 2025-02-14 14:31:34.107761+00:00
[2025-02-14 14:31:52,087] {standard_task_runner.py:52} INFO - Started process 4254 to run task
[2025-02-14 14:31:52,090] {standard_task_runner.py:79} INFO - Running: ['airflow', 'tasks', 'run', 'TK_Lead_Scoring_Data_Engineering_Pipeline', 'mapping_city_tier', 'manual__2025-02-14T14:31:34.107761+00:00', '--job-id', '11', '--raw', '--subdir', 'DAGS_FOLDER/Lead_scoring_data_pipeline/.ipynb_checkpoints/lead_scoring_data_pipeline-checkpoint.py', '--cfg-path', '/tmp/tmpd9xze7z8', '--error-file', '/tmp/tmpal7n75r6']
[2025-02-14 14:31:52,091] {standard_task_runner.py:80} INFO - Job 11: Subtask mapping_city_tier
[2025-02-14 14:31:52,134] {task_command.py:371} INFO - Running <TaskInstance: TK_Lead_Scoring_Data_Engineering_Pipeline.mapping_city_tier manual__2025-02-14T14:31:34.107761+00:00 [running]> on host 19e316ed320d
[2025-02-14 14:31:52,194] {taskinstance.py:1589} INFO - Exporting the following env vars:
AIRFLOW_CTX_DAG_OWNER=airflow
AIRFLOW_CTX_DAG_ID=TK_Lead_Scoring_Data_Engineering_Pipeline
AIRFLOW_CTX_TASK_ID=mapping_city_tier
AIRFLOW_CTX_EXECUTION_DATE=2025-02-14T14:31:34.107761+00:00
AIRFLOW_CTX_TRY_NUMBER=1
AIRFLOW_CTX_DAG_RUN_ID=manual__2025-02-14T14:31:34.107761+00:00
[2025-02-14 14:32:01,380] {python.py:173} INFO - Done. Returned value was: None
[2025-02-14 14:32:01,385] {taskinstance.py:1415} INFO - Marking task as SUCCESS. dag_id=TK_Lead_Scoring_Data_Engineering_Pipeline, task_id=mapping_city_tier, execution_date=20250214T143134, start_date=20250214T143152, end_date=20250214T143201
[2025-02-14 14:32:01,433] {local_task_job.py:156} INFO - Task exited with return code 0
[2025-02-14 14:32:01,495] {local_task_job.py:273} INFO - 1 downstream tasks scheduled from follow-on schedule check
