[2025-02-14 18:54:30,989] {taskinstance.py:1179} INFO - Dependencies all met for <TaskInstance: TK_Lead_Scoring_Data_Engineering_Pipeline.mapping_city_tier manual__2025-02-14T18:54:19.179278+00:00 [queued]>
[2025-02-14 18:54:30,994] {taskinstance.py:1179} INFO - Dependencies all met for <TaskInstance: TK_Lead_Scoring_Data_Engineering_Pipeline.mapping_city_tier manual__2025-02-14T18:54:19.179278+00:00 [queued]>
[2025-02-14 18:54:30,994] {taskinstance.py:1376} INFO - 
--------------------------------------------------------------------------------
[2025-02-14 18:54:30,994] {taskinstance.py:1377} INFO - Starting attempt 1 of 2
[2025-02-14 18:54:30,994] {taskinstance.py:1378} INFO - 
--------------------------------------------------------------------------------
[2025-02-14 18:54:31,021] {taskinstance.py:1397} INFO - Executing <Task(PythonOperator): mapping_city_tier> on 2025-02-14 18:54:19.179278+00:00
[2025-02-14 18:54:31,025] {standard_task_runner.py:52} INFO - Started process 2169 to run task
[2025-02-14 18:54:31,029] {standard_task_runner.py:79} INFO - Running: ['airflow', 'tasks', 'run', 'TK_Lead_Scoring_Data_Engineering_Pipeline', 'mapping_city_tier', 'manual__2025-02-14T18:54:19.179278+00:00', '--job-id', '67', '--raw', '--subdir', 'DAGS_FOLDER/Lead_scoring_data_pipeline/.ipynb_checkpoints/lead_scoring_data_pipeline-checkpoint.py', '--cfg-path', '/tmp/tmpszps7d8a', '--error-file', '/tmp/tmp3ni_1kga']
[2025-02-14 18:54:31,030] {standard_task_runner.py:80} INFO - Job 67: Subtask mapping_city_tier
[2025-02-14 18:54:31,076] {task_command.py:371} INFO - Running <TaskInstance: TK_Lead_Scoring_Data_Engineering_Pipeline.mapping_city_tier manual__2025-02-14T18:54:19.179278+00:00 [running]> on host c9e5903262b9
[2025-02-14 18:54:31,136] {taskinstance.py:1589} INFO - Exporting the following env vars:
AIRFLOW_CTX_DAG_OWNER=airflow
AIRFLOW_CTX_DAG_ID=TK_Lead_Scoring_Data_Engineering_Pipeline
AIRFLOW_CTX_TASK_ID=mapping_city_tier
AIRFLOW_CTX_EXECUTION_DATE=2025-02-14T18:54:19.179278+00:00
AIRFLOW_CTX_TRY_NUMBER=1
AIRFLOW_CTX_DAG_RUN_ID=manual__2025-02-14T18:54:19.179278+00:00
[2025-02-14 18:54:32,063] {python.py:173} INFO - Done. Returned value was: None
[2025-02-14 18:54:32,069] {taskinstance.py:1415} INFO - Marking task as SUCCESS. dag_id=TK_Lead_Scoring_Data_Engineering_Pipeline, task_id=mapping_city_tier, execution_date=20250214T185419, start_date=20250214T185430, end_date=20250214T185432
[2025-02-14 18:54:32,124] {local_task_job.py:156} INFO - Task exited with return code 0
[2025-02-14 18:54:32,207] {local_task_job.py:273} INFO - 1 downstream tasks scheduled from follow-on schedule check
