[2025-02-14 14:32:49,471] {taskinstance.py:1179} INFO - Dependencies all met for <TaskInstance: TK_Lead_Scoring_Data_Engineering_Pipeline.checking_model_inputs_schema manual__2025-02-14T14:31:34.107761+00:00 [queued]>
[2025-02-14 14:32:49,476] {taskinstance.py:1179} INFO - Dependencies all met for <TaskInstance: TK_Lead_Scoring_Data_Engineering_Pipeline.checking_model_inputs_schema manual__2025-02-14T14:31:34.107761+00:00 [queued]>
[2025-02-14 14:32:49,476] {taskinstance.py:1376} INFO - 
--------------------------------------------------------------------------------
[2025-02-14 14:32:49,476] {taskinstance.py:1377} INFO - Starting attempt 1 of 2
[2025-02-14 14:32:49,476] {taskinstance.py:1378} INFO - 
--------------------------------------------------------------------------------
[2025-02-14 14:32:49,497] {taskinstance.py:1397} INFO - Executing <Task(PythonOperator): checking_model_inputs_schema> on 2025-02-14 14:31:34.107761+00:00
[2025-02-14 14:32:49,502] {standard_task_runner.py:52} INFO - Started process 4308 to run task
[2025-02-14 14:32:49,504] {standard_task_runner.py:79} INFO - Running: ['airflow', 'tasks', 'run', 'TK_Lead_Scoring_Data_Engineering_Pipeline', 'checking_model_inputs_schema', 'manual__2025-02-14T14:31:34.107761+00:00', '--job-id', '14', '--raw', '--subdir', 'DAGS_FOLDER/Lead_scoring_data_pipeline/.ipynb_checkpoints/lead_scoring_data_pipeline-checkpoint.py', '--cfg-path', '/tmp/tmpqv5_kh2h', '--error-file', '/tmp/tmpdab715jq']
[2025-02-14 14:32:49,505] {standard_task_runner.py:80} INFO - Job 14: Subtask checking_model_inputs_schema
[2025-02-14 14:32:49,548] {task_command.py:371} INFO - Running <TaskInstance: TK_Lead_Scoring_Data_Engineering_Pipeline.checking_model_inputs_schema manual__2025-02-14T14:31:34.107761+00:00 [running]> on host 19e316ed320d
[2025-02-14 14:32:49,604] {taskinstance.py:1589} INFO - Exporting the following env vars:
AIRFLOW_CTX_DAG_OWNER=airflow
AIRFLOW_CTX_DAG_ID=TK_Lead_Scoring_Data_Engineering_Pipeline
AIRFLOW_CTX_TASK_ID=checking_model_inputs_schema
AIRFLOW_CTX_EXECUTION_DATE=2025-02-14T14:31:34.107761+00:00
AIRFLOW_CTX_TRY_NUMBER=1
AIRFLOW_CTX_DAG_RUN_ID=manual__2025-02-14T14:31:34.107761+00:00
[2025-02-14 14:32:50,180] {logging_mixin.py:115} INFO - Models input schema is in line with the schema present in schema.py
[2025-02-14 14:32:50,205] {python.py:173} INFO - Done. Returned value was: None
[2025-02-14 14:32:50,211] {taskinstance.py:1415} INFO - Marking task as SUCCESS. dag_id=TK_Lead_Scoring_Data_Engineering_Pipeline, task_id=checking_model_inputs_schema, execution_date=20250214T143134, start_date=20250214T143249, end_date=20250214T143250
[2025-02-14 14:32:50,239] {local_task_job.py:156} INFO - Task exited with return code 0
[2025-02-14 14:32:50,281] {local_task_job.py:273} INFO - 0 downstream tasks scheduled from follow-on schedule check
