[2025-02-14 18:55:41,686] {taskinstance.py:1179} INFO - Dependencies all met for <TaskInstance: Lead_scoring_training_pipeline.encoding_categorical_variables manual__2025-02-14T18:55:37.250942+00:00 [queued]>
[2025-02-14 18:55:41,691] {taskinstance.py:1179} INFO - Dependencies all met for <TaskInstance: Lead_scoring_training_pipeline.encoding_categorical_variables manual__2025-02-14T18:55:37.250942+00:00 [queued]>
[2025-02-14 18:55:41,691] {taskinstance.py:1376} INFO - 
--------------------------------------------------------------------------------
[2025-02-14 18:55:41,691] {taskinstance.py:1377} INFO - Starting attempt 1 of 2
[2025-02-14 18:55:41,691] {taskinstance.py:1378} INFO - 
--------------------------------------------------------------------------------
[2025-02-14 18:55:41,718] {taskinstance.py:1397} INFO - Executing <Task(PythonOperator): encoding_categorical_variables> on 2025-02-14 18:55:37.250942+00:00
[2025-02-14 18:55:41,725] {standard_task_runner.py:52} INFO - Started process 2356 to run task
[2025-02-14 18:55:41,729] {standard_task_runner.py:79} INFO - Running: ['airflow', 'tasks', 'run', 'Lead_scoring_training_pipeline', 'encoding_categorical_variables', 'manual__2025-02-14T18:55:37.250942+00:00', '--job-id', '71', '--raw', '--subdir', 'DAGS_FOLDER/Lead_scoring_training_pipeline/.ipynb_checkpoints/lead_scoring_training_pipeline-checkpoint.py', '--cfg-path', '/tmp/tmpxlza21zo', '--error-file', '/tmp/tmp_5tn6afq']
[2025-02-14 18:55:41,729] {standard_task_runner.py:80} INFO - Job 71: Subtask encoding_categorical_variables
[2025-02-14 18:55:41,777] {task_command.py:371} INFO - Running <TaskInstance: Lead_scoring_training_pipeline.encoding_categorical_variables manual__2025-02-14T18:55:37.250942+00:00 [running]> on host c9e5903262b9
[2025-02-14 18:55:41,851] {taskinstance.py:1589} INFO - Exporting the following env vars:
AIRFLOW_CTX_DAG_OWNER=airflow
AIRFLOW_CTX_DAG_ID=Lead_scoring_training_pipeline
AIRFLOW_CTX_TASK_ID=encoding_categorical_variables
AIRFLOW_CTX_EXECUTION_DATE=2025-02-14T18:55:37.250942+00:00
AIRFLOW_CTX_TRY_NUMBER=1
AIRFLOW_CTX_DAG_RUN_ID=manual__2025-02-14T18:55:37.250942+00:00
[2025-02-14 18:55:42,395] {python.py:173} INFO - Done. Returned value was: None
[2025-02-14 18:55:42,401] {taskinstance.py:1415} INFO - Marking task as SUCCESS. dag_id=Lead_scoring_training_pipeline, task_id=encoding_categorical_variables, execution_date=20250214T185537, start_date=20250214T185541, end_date=20250214T185542
[2025-02-14 18:55:42,462] {local_task_job.py:156} INFO - Task exited with return code 0
[2025-02-14 18:55:42,531] {local_task_job.py:273} INFO - 1 downstream tasks scheduled from follow-on schedule check
