[2025-02-14 18:54:22,115] {taskinstance.py:1179} INFO - Dependencies all met for <TaskInstance: TK_Lead_Scoring_Data_Engineering_Pipeline.building_db manual__2025-02-14T18:54:19.179278+00:00 [queued]>
[2025-02-14 18:54:22,119] {taskinstance.py:1179} INFO - Dependencies all met for <TaskInstance: TK_Lead_Scoring_Data_Engineering_Pipeline.building_db manual__2025-02-14T18:54:19.179278+00:00 [queued]>
[2025-02-14 18:54:22,120] {taskinstance.py:1376} INFO - 
--------------------------------------------------------------------------------
[2025-02-14 18:54:22,120] {taskinstance.py:1377} INFO - Starting attempt 1 of 2
[2025-02-14 18:54:22,120] {taskinstance.py:1378} INFO - 
--------------------------------------------------------------------------------
[2025-02-14 18:54:22,174] {taskinstance.py:1397} INFO - Executing <Task(PythonOperator): building_db> on 2025-02-14 18:54:19.179278+00:00
[2025-02-14 18:54:22,179] {standard_task_runner.py:52} INFO - Started process 2115 to run task
[2025-02-14 18:54:22,182] {standard_task_runner.py:79} INFO - Running: ['airflow', 'tasks', 'run', 'TK_Lead_Scoring_Data_Engineering_Pipeline', 'building_db', 'manual__2025-02-14T18:54:19.179278+00:00', '--job-id', '64', '--raw', '--subdir', 'DAGS_FOLDER/Lead_scoring_data_pipeline/.ipynb_checkpoints/lead_scoring_data_pipeline-checkpoint.py', '--cfg-path', '/tmp/tmpanmfiznt', '--error-file', '/tmp/tmppttr2opb']
[2025-02-14 18:54:22,183] {standard_task_runner.py:80} INFO - Job 64: Subtask building_db
[2025-02-14 18:54:22,270] {task_command.py:371} INFO - Running <TaskInstance: TK_Lead_Scoring_Data_Engineering_Pipeline.building_db manual__2025-02-14T18:54:19.179278+00:00 [running]> on host c9e5903262b9
[2025-02-14 18:54:22,342] {taskinstance.py:1589} INFO - Exporting the following env vars:
AIRFLOW_CTX_DAG_OWNER=airflow
AIRFLOW_CTX_DAG_ID=TK_Lead_Scoring_Data_Engineering_Pipeline
AIRFLOW_CTX_TASK_ID=building_db
AIRFLOW_CTX_EXECUTION_DATE=2025-02-14T18:54:19.179278+00:00
AIRFLOW_CTX_TRY_NUMBER=1
AIRFLOW_CTX_DAG_RUN_ID=manual__2025-02-14T18:54:19.179278+00:00
[2025-02-14 18:54:22,343] {logging_mixin.py:115} INFO - DB Already Exsist
[2025-02-14 18:54:22,343] {python.py:173} INFO - Done. Returned value was: DB Exsists
[2025-02-14 18:54:22,395] {taskinstance.py:1415} INFO - Marking task as SUCCESS. dag_id=TK_Lead_Scoring_Data_Engineering_Pipeline, task_id=building_db, execution_date=20250214T185419, start_date=20250214T185422, end_date=20250214T185422
[2025-02-14 18:54:22,434] {local_task_job.py:156} INFO - Task exited with return code 0
[2025-02-14 18:54:22,512] {local_task_job.py:273} INFO - 1 downstream tasks scheduled from follow-on schedule check
