[2025-02-14 19:10:02,582] {taskinstance.py:1179} INFO - Dependencies all met for <TaskInstance: TK_Lead_Scoring_Data_Engineering_Pipeline.mapping_city_tier manual__2025-02-14T19:09:48.233961+00:00 [queued]>
[2025-02-14 19:10:02,587] {taskinstance.py:1179} INFO - Dependencies all met for <TaskInstance: TK_Lead_Scoring_Data_Engineering_Pipeline.mapping_city_tier manual__2025-02-14T19:09:48.233961+00:00 [queued]>
[2025-02-14 19:10:02,587] {taskinstance.py:1376} INFO - 
--------------------------------------------------------------------------------
[2025-02-14 19:10:02,587] {taskinstance.py:1377} INFO - Starting attempt 1 of 2
[2025-02-14 19:10:02,587] {taskinstance.py:1378} INFO - 
--------------------------------------------------------------------------------
[2025-02-14 19:10:02,607] {taskinstance.py:1397} INFO - Executing <Task(PythonOperator): mapping_city_tier> on 2025-02-14 19:09:48.233961+00:00
[2025-02-14 19:10:02,611] {standard_task_runner.py:52} INFO - Started process 3518 to run task
[2025-02-14 19:10:02,614] {standard_task_runner.py:79} INFO - Running: ['airflow', 'tasks', 'run', 'TK_Lead_Scoring_Data_Engineering_Pipeline', 'mapping_city_tier', 'manual__2025-02-14T19:09:48.233961+00:00', '--job-id', '83', '--raw', '--subdir', 'DAGS_FOLDER/Lead_scoring_data_pipeline/.ipynb_checkpoints/lead_scoring_data_pipeline-checkpoint.py', '--cfg-path', '/tmp/tmpj_b2iicp', '--error-file', '/tmp/tmpkzzopbex']
[2025-02-14 19:10:02,616] {standard_task_runner.py:80} INFO - Job 83: Subtask mapping_city_tier
[2025-02-14 19:10:02,668] {task_command.py:371} INFO - Running <TaskInstance: TK_Lead_Scoring_Data_Engineering_Pipeline.mapping_city_tier manual__2025-02-14T19:09:48.233961+00:00 [running]> on host c9e5903262b9
[2025-02-14 19:10:02,729] {taskinstance.py:1589} INFO - Exporting the following env vars:
AIRFLOW_CTX_DAG_OWNER=airflow
AIRFLOW_CTX_DAG_ID=TK_Lead_Scoring_Data_Engineering_Pipeline
AIRFLOW_CTX_TASK_ID=mapping_city_tier
AIRFLOW_CTX_EXECUTION_DATE=2025-02-14T19:09:48.233961+00:00
AIRFLOW_CTX_TRY_NUMBER=1
AIRFLOW_CTX_DAG_RUN_ID=manual__2025-02-14T19:09:48.233961+00:00
[2025-02-14 19:10:03,645] {python.py:173} INFO - Done. Returned value was: None
[2025-02-14 19:10:03,650] {taskinstance.py:1415} INFO - Marking task as SUCCESS. dag_id=TK_Lead_Scoring_Data_Engineering_Pipeline, task_id=mapping_city_tier, execution_date=20250214T190948, start_date=20250214T191002, end_date=20250214T191003
[2025-02-14 19:10:03,709] {local_task_job.py:156} INFO - Task exited with return code 0
[2025-02-14 19:10:03,783] {local_task_job.py:273} INFO - 1 downstream tasks scheduled from follow-on schedule check
