[2025-02-14 18:39:48,396] {taskinstance.py:1179} INFO - Dependencies all met for <TaskInstance: TK_Lead_Scoring_Data_Engineering_Pipeline.checking_raw_data_schema manual__2025-02-14T18:39:43.148655+00:00 [queued]>
[2025-02-14 18:39:48,401] {taskinstance.py:1179} INFO - Dependencies all met for <TaskInstance: TK_Lead_Scoring_Data_Engineering_Pipeline.checking_raw_data_schema manual__2025-02-14T18:39:43.148655+00:00 [queued]>
[2025-02-14 18:39:48,401] {taskinstance.py:1376} INFO - 
--------------------------------------------------------------------------------
[2025-02-14 18:39:48,401] {taskinstance.py:1377} INFO - Starting attempt 1 of 2
[2025-02-14 18:39:48,401] {taskinstance.py:1378} INFO - 
--------------------------------------------------------------------------------
[2025-02-14 18:39:48,423] {taskinstance.py:1397} INFO - Executing <Task(PythonOperator): checking_raw_data_schema> on 2025-02-14 18:39:43.148655+00:00
[2025-02-14 18:39:48,427] {standard_task_runner.py:52} INFO - Started process 887 to run task
[2025-02-14 18:39:48,430] {standard_task_runner.py:79} INFO - Running: ['airflow', 'tasks', 'run', 'TK_Lead_Scoring_Data_Engineering_Pipeline', 'checking_raw_data_schema', 'manual__2025-02-14T18:39:43.148655+00:00', '--job-id', '48', '--raw', '--subdir', 'DAGS_FOLDER/Lead_scoring_data_pipeline/.ipynb_checkpoints/lead_scoring_data_pipeline-checkpoint.py', '--cfg-path', '/tmp/tmpb1bfgq_z', '--error-file', '/tmp/tmpyvqhadqb']
[2025-02-14 18:39:48,431] {standard_task_runner.py:80} INFO - Job 48: Subtask checking_raw_data_schema
[2025-02-14 18:39:48,477] {task_command.py:371} INFO - Running <TaskInstance: TK_Lead_Scoring_Data_Engineering_Pipeline.checking_raw_data_schema manual__2025-02-14T18:39:43.148655+00:00 [running]> on host c9e5903262b9
[2025-02-14 18:39:48,544] {taskinstance.py:1589} INFO - Exporting the following env vars:
AIRFLOW_CTX_DAG_OWNER=airflow
AIRFLOW_CTX_DAG_ID=TK_Lead_Scoring_Data_Engineering_Pipeline
AIRFLOW_CTX_TASK_ID=checking_raw_data_schema
AIRFLOW_CTX_EXECUTION_DATE=2025-02-14T18:39:43.148655+00:00
AIRFLOW_CTX_TRY_NUMBER=1
AIRFLOW_CTX_DAG_RUN_ID=manual__2025-02-14T18:39:43.148655+00:00
[2025-02-14 18:39:49,660] {logging_mixin.py:115} INFO - Raw datas schema is in line with the schema present in schema.py
[2025-02-14 18:39:49,670] {python.py:173} INFO - Done. Returned value was: None
[2025-02-14 18:39:49,677] {taskinstance.py:1415} INFO - Marking task as SUCCESS. dag_id=TK_Lead_Scoring_Data_Engineering_Pipeline, task_id=checking_raw_data_schema, execution_date=20250214T183943, start_date=20250214T183948, end_date=20250214T183949
[2025-02-14 18:39:49,727] {local_task_job.py:156} INFO - Task exited with return code 0
[2025-02-14 18:39:49,802] {local_task_job.py:273} INFO - 1 downstream tasks scheduled from follow-on schedule check
