[2025-02-14 18:32:32,022] {taskinstance.py:1179} INFO - Dependencies all met for <TaskInstance: Lead_scoring_training_pipeline.encoding_categorical_variables manual__2025-02-14T18:32:27.660584+00:00 [queued]>
[2025-02-14 18:32:32,027] {taskinstance.py:1179} INFO - Dependencies all met for <TaskInstance: Lead_scoring_training_pipeline.encoding_categorical_variables manual__2025-02-14T18:32:27.660584+00:00 [queued]>
[2025-02-14 18:32:32,027] {taskinstance.py:1376} INFO - 
--------------------------------------------------------------------------------
[2025-02-14 18:32:32,027] {taskinstance.py:1377} INFO - Starting attempt 1 of 2
[2025-02-14 18:32:32,027] {taskinstance.py:1378} INFO - 
--------------------------------------------------------------------------------
[2025-02-14 18:32:32,065] {taskinstance.py:1397} INFO - Executing <Task(PythonOperator): encoding_categorical_variables> on 2025-02-14 18:32:27.660584+00:00
[2025-02-14 18:32:32,072] {standard_task_runner.py:52} INFO - Started process 9181 to run task
[2025-02-14 18:32:32,075] {standard_task_runner.py:79} INFO - Running: ['airflow', 'tasks', 'run', 'Lead_scoring_training_pipeline', 'encoding_categorical_variables', 'manual__2025-02-14T18:32:27.660584+00:00', '--job-id', '36', '--raw', '--subdir', 'DAGS_FOLDER/Lead_scoring_training_pipeline/.ipynb_checkpoints/lead_scoring_training_pipeline-checkpoint.py', '--cfg-path', '/tmp/tmpgig6awuh', '--error-file', '/tmp/tmp6l4tkdew']
[2025-02-14 18:32:32,075] {standard_task_runner.py:80} INFO - Job 36: Subtask encoding_categorical_variables
[2025-02-14 18:32:32,116] {task_command.py:371} INFO - Running <TaskInstance: Lead_scoring_training_pipeline.encoding_categorical_variables manual__2025-02-14T18:32:27.660584+00:00 [running]> on host 19e316ed320d
[2025-02-14 18:32:32,172] {taskinstance.py:1589} INFO - Exporting the following env vars:
AIRFLOW_CTX_DAG_OWNER=airflow
AIRFLOW_CTX_DAG_ID=Lead_scoring_training_pipeline
AIRFLOW_CTX_TASK_ID=encoding_categorical_variables
AIRFLOW_CTX_EXECUTION_DATE=2025-02-14T18:32:27.660584+00:00
AIRFLOW_CTX_TRY_NUMBER=1
AIRFLOW_CTX_DAG_RUN_ID=manual__2025-02-14T18:32:27.660584+00:00
[2025-02-14 18:32:32,904] {python.py:173} INFO - Done. Returned value was: None
[2025-02-14 18:32:32,909] {taskinstance.py:1415} INFO - Marking task as SUCCESS. dag_id=Lead_scoring_training_pipeline, task_id=encoding_categorical_variables, execution_date=20250214T183227, start_date=20250214T183232, end_date=20250214T183232
[2025-02-14 18:32:32,969] {local_task_job.py:156} INFO - Task exited with return code 0
[2025-02-14 18:32:33,036] {local_task_job.py:273} INFO - 1 downstream tasks scheduled from follow-on schedule check
