[2025-02-14 19:09:53,651] {taskinstance.py:1179} INFO - Dependencies all met for <TaskInstance: TK_Lead_Scoring_Data_Engineering_Pipeline.checking_raw_data_schema manual__2025-02-14T19:09:48.233961+00:00 [queued]>
[2025-02-14 19:09:53,656] {taskinstance.py:1179} INFO - Dependencies all met for <TaskInstance: TK_Lead_Scoring_Data_Engineering_Pipeline.checking_raw_data_schema manual__2025-02-14T19:09:48.233961+00:00 [queued]>
[2025-02-14 19:09:53,656] {taskinstance.py:1376} INFO - 
--------------------------------------------------------------------------------
[2025-02-14 19:09:53,656] {taskinstance.py:1377} INFO - Starting attempt 1 of 2
[2025-02-14 19:09:53,656] {taskinstance.py:1378} INFO - 
--------------------------------------------------------------------------------
[2025-02-14 19:09:53,679] {taskinstance.py:1397} INFO - Executing <Task(PythonOperator): checking_raw_data_schema> on 2025-02-14 19:09:48.233961+00:00
[2025-02-14 19:09:53,683] {standard_task_runner.py:52} INFO - Started process 3466 to run task
[2025-02-14 19:09:53,686] {standard_task_runner.py:79} INFO - Running: ['airflow', 'tasks', 'run', 'TK_Lead_Scoring_Data_Engineering_Pipeline', 'checking_raw_data_schema', 'manual__2025-02-14T19:09:48.233961+00:00', '--job-id', '81', '--raw', '--subdir', 'DAGS_FOLDER/Lead_scoring_data_pipeline/.ipynb_checkpoints/lead_scoring_data_pipeline-checkpoint.py', '--cfg-path', '/tmp/tmpdh0ipa4g', '--error-file', '/tmp/tmpodp5bi88']
[2025-02-14 19:09:53,687] {standard_task_runner.py:80} INFO - Job 81: Subtask checking_raw_data_schema
[2025-02-14 19:09:53,734] {task_command.py:371} INFO - Running <TaskInstance: TK_Lead_Scoring_Data_Engineering_Pipeline.checking_raw_data_schema manual__2025-02-14T19:09:48.233961+00:00 [running]> on host c9e5903262b9
[2025-02-14 19:09:53,799] {taskinstance.py:1589} INFO - Exporting the following env vars:
AIRFLOW_CTX_DAG_OWNER=airflow
AIRFLOW_CTX_DAG_ID=TK_Lead_Scoring_Data_Engineering_Pipeline
AIRFLOW_CTX_TASK_ID=checking_raw_data_schema
AIRFLOW_CTX_EXECUTION_DATE=2025-02-14T19:09:48.233961+00:00
AIRFLOW_CTX_TRY_NUMBER=1
AIRFLOW_CTX_DAG_RUN_ID=manual__2025-02-14T19:09:48.233961+00:00
[2025-02-14 19:09:54,343] {logging_mixin.py:115} INFO - Raw datas schema is in line with the schema present in schema.py
[2025-02-14 19:09:54,350] {python.py:173} INFO - Done. Returned value was: None
[2025-02-14 19:09:54,356] {taskinstance.py:1415} INFO - Marking task as SUCCESS. dag_id=TK_Lead_Scoring_Data_Engineering_Pipeline, task_id=checking_raw_data_schema, execution_date=20250214T190948, start_date=20250214T190953, end_date=20250214T190954
[2025-02-14 19:09:54,420] {local_task_job.py:156} INFO - Task exited with return code 0
[2025-02-14 19:09:54,494] {local_task_job.py:273} INFO - 1 downstream tasks scheduled from follow-on schedule check
