[2025-02-14 18:16:36,513] {processor.py:153} INFO - Started process (PID=7529) to work on /home/airflow/dags/Lead_scoring_inference_pipeline/constants.py
[2025-02-14 18:16:36,514] {processor.py:641} INFO - Processing file /home/airflow/dags/Lead_scoring_inference_pipeline/constants.py for tasks to queue
[2025-02-14 18:16:36,514] {logging_mixin.py:115} INFO - [2025-02-14 18:16:36,514] {dagbag.py:508} INFO - Filling up the DagBag from /home/airflow/dags/Lead_scoring_inference_pipeline/constants.py
[2025-02-14 18:16:36,517] {processor.py:653} WARNING - No viable dags retrieved from /home/airflow/dags/Lead_scoring_inference_pipeline/constants.py
[2025-02-14 18:16:36,530] {processor.py:161} INFO - Processing /home/airflow/dags/Lead_scoring_inference_pipeline/constants.py took 0.020 seconds
[2025-02-14 18:18:29,692] {processor.py:153} INFO - Started process (PID=7918) to work on /home/airflow/dags/Lead_scoring_inference_pipeline/constants.py
[2025-02-14 18:18:29,693] {processor.py:641} INFO - Processing file /home/airflow/dags/Lead_scoring_inference_pipeline/constants.py for tasks to queue
[2025-02-14 18:18:29,694] {logging_mixin.py:115} INFO - [2025-02-14 18:18:29,694] {dagbag.py:508} INFO - Filling up the DagBag from /home/airflow/dags/Lead_scoring_inference_pipeline/constants.py
[2025-02-14 18:18:29,696] {processor.py:653} WARNING - No viable dags retrieved from /home/airflow/dags/Lead_scoring_inference_pipeline/constants.py
[2025-02-14 18:18:29,886] {processor.py:161} INFO - Processing /home/airflow/dags/Lead_scoring_inference_pipeline/constants.py took 0.197 seconds
[2025-02-14 18:19:08,931] {processor.py:153} INFO - Started process (PID=8006) to work on /home/airflow/dags/Lead_scoring_inference_pipeline/constants.py
[2025-02-14 18:19:08,934] {processor.py:641} INFO - Processing file /home/airflow/dags/Lead_scoring_inference_pipeline/constants.py for tasks to queue
[2025-02-14 18:19:08,934] {logging_mixin.py:115} INFO - [2025-02-14 18:19:08,934] {dagbag.py:508} INFO - Filling up the DagBag from /home/airflow/dags/Lead_scoring_inference_pipeline/constants.py
[2025-02-14 18:19:08,936] {processor.py:653} WARNING - No viable dags retrieved from /home/airflow/dags/Lead_scoring_inference_pipeline/constants.py
[2025-02-14 18:19:09,124] {processor.py:161} INFO - Processing /home/airflow/dags/Lead_scoring_inference_pipeline/constants.py took 0.197 seconds
[2025-02-14 18:19:46,600] {processor.py:153} INFO - Started process (PID=8058) to work on /home/airflow/dags/Lead_scoring_inference_pipeline/constants.py
[2025-02-14 18:19:46,602] {processor.py:641} INFO - Processing file /home/airflow/dags/Lead_scoring_inference_pipeline/constants.py for tasks to queue
[2025-02-14 18:19:46,603] {logging_mixin.py:115} INFO - [2025-02-14 18:19:46,602] {dagbag.py:508} INFO - Filling up the DagBag from /home/airflow/dags/Lead_scoring_inference_pipeline/constants.py
[2025-02-14 18:19:46,604] {processor.py:653} WARNING - No viable dags retrieved from /home/airflow/dags/Lead_scoring_inference_pipeline/constants.py
[2025-02-14 18:19:46,791] {processor.py:161} INFO - Processing /home/airflow/dags/Lead_scoring_inference_pipeline/constants.py took 0.194 seconds
[2025-02-14 18:20:23,797] {processor.py:153} INFO - Started process (PID=8137) to work on /home/airflow/dags/Lead_scoring_inference_pipeline/constants.py
[2025-02-14 18:20:23,799] {processor.py:641} INFO - Processing file /home/airflow/dags/Lead_scoring_inference_pipeline/constants.py for tasks to queue
[2025-02-14 18:20:23,800] {logging_mixin.py:115} INFO - [2025-02-14 18:20:23,800] {dagbag.py:508} INFO - Filling up the DagBag from /home/airflow/dags/Lead_scoring_inference_pipeline/constants.py
[2025-02-14 18:20:23,802] {processor.py:653} WARNING - No viable dags retrieved from /home/airflow/dags/Lead_scoring_inference_pipeline/constants.py
[2025-02-14 18:20:23,991] {processor.py:161} INFO - Processing /home/airflow/dags/Lead_scoring_inference_pipeline/constants.py took 0.197 seconds
[2025-02-14 18:20:59,610] {processor.py:153} INFO - Started process (PID=8180) to work on /home/airflow/dags/Lead_scoring_inference_pipeline/constants.py
[2025-02-14 18:20:59,611] {processor.py:641} INFO - Processing file /home/airflow/dags/Lead_scoring_inference_pipeline/constants.py for tasks to queue
[2025-02-14 18:20:59,611] {logging_mixin.py:115} INFO - [2025-02-14 18:20:59,611] {dagbag.py:508} INFO - Filling up the DagBag from /home/airflow/dags/Lead_scoring_inference_pipeline/constants.py
[2025-02-14 18:20:59,613] {processor.py:653} WARNING - No viable dags retrieved from /home/airflow/dags/Lead_scoring_inference_pipeline/constants.py
[2025-02-14 18:20:59,754] {processor.py:161} INFO - Processing /home/airflow/dags/Lead_scoring_inference_pipeline/constants.py took 0.148 seconds
[2025-02-14 18:21:37,976] {processor.py:153} INFO - Started process (PID=8263) to work on /home/airflow/dags/Lead_scoring_inference_pipeline/constants.py
[2025-02-14 18:21:37,978] {processor.py:641} INFO - Processing file /home/airflow/dags/Lead_scoring_inference_pipeline/constants.py for tasks to queue
[2025-02-14 18:21:37,978] {logging_mixin.py:115} INFO - [2025-02-14 18:21:37,978] {dagbag.py:508} INFO - Filling up the DagBag from /home/airflow/dags/Lead_scoring_inference_pipeline/constants.py
[2025-02-14 18:21:37,979] {processor.py:653} WARNING - No viable dags retrieved from /home/airflow/dags/Lead_scoring_inference_pipeline/constants.py
[2025-02-14 18:21:37,989] {processor.py:161} INFO - Processing /home/airflow/dags/Lead_scoring_inference_pipeline/constants.py took 0.016 seconds
[2025-02-14 18:22:10,701] {processor.py:153} INFO - Started process (PID=8316) to work on /home/airflow/dags/Lead_scoring_inference_pipeline/constants.py
[2025-02-14 18:22:10,703] {processor.py:641} INFO - Processing file /home/airflow/dags/Lead_scoring_inference_pipeline/constants.py for tasks to queue
[2025-02-14 18:22:10,703] {logging_mixin.py:115} INFO - [2025-02-14 18:22:10,703] {dagbag.py:508} INFO - Filling up the DagBag from /home/airflow/dags/Lead_scoring_inference_pipeline/constants.py
[2025-02-14 18:22:10,706] {processor.py:653} WARNING - No viable dags retrieved from /home/airflow/dags/Lead_scoring_inference_pipeline/constants.py
[2025-02-14 18:22:10,718] {processor.py:161} INFO - Processing /home/airflow/dags/Lead_scoring_inference_pipeline/constants.py took 0.020 seconds
[2025-02-14 18:22:38,316] {processor.py:153} INFO - Started process (PID=8378) to work on /home/airflow/dags/Lead_scoring_inference_pipeline/constants.py
[2025-02-14 18:22:38,316] {processor.py:641} INFO - Processing file /home/airflow/dags/Lead_scoring_inference_pipeline/constants.py for tasks to queue
[2025-02-14 18:22:38,317] {logging_mixin.py:115} INFO - [2025-02-14 18:22:38,317] {dagbag.py:508} INFO - Filling up the DagBag from /home/airflow/dags/Lead_scoring_inference_pipeline/constants.py
[2025-02-14 18:22:38,319] {processor.py:653} WARNING - No viable dags retrieved from /home/airflow/dags/Lead_scoring_inference_pipeline/constants.py
[2025-02-14 18:22:38,332] {processor.py:161} INFO - Processing /home/airflow/dags/Lead_scoring_inference_pipeline/constants.py took 0.020 seconds
[2025-02-14 18:23:12,722] {processor.py:153} INFO - Started process (PID=8439) to work on /home/airflow/dags/Lead_scoring_inference_pipeline/constants.py
[2025-02-14 18:23:12,724] {processor.py:641} INFO - Processing file /home/airflow/dags/Lead_scoring_inference_pipeline/constants.py for tasks to queue
[2025-02-14 18:23:12,724] {logging_mixin.py:115} INFO - [2025-02-14 18:23:12,724] {dagbag.py:508} INFO - Filling up the DagBag from /home/airflow/dags/Lead_scoring_inference_pipeline/constants.py
[2025-02-14 18:23:12,726] {processor.py:653} WARNING - No viable dags retrieved from /home/airflow/dags/Lead_scoring_inference_pipeline/constants.py
[2025-02-14 18:23:12,738] {processor.py:161} INFO - Processing /home/airflow/dags/Lead_scoring_inference_pipeline/constants.py took 0.020 seconds
[2025-02-14 18:24:18,317] {processor.py:153} INFO - Started process (PID=8580) to work on /home/airflow/dags/Lead_scoring_inference_pipeline/constants.py
[2025-02-14 18:24:18,318] {processor.py:641} INFO - Processing file /home/airflow/dags/Lead_scoring_inference_pipeline/constants.py for tasks to queue
[2025-02-14 18:24:18,319] {logging_mixin.py:115} INFO - [2025-02-14 18:24:18,318] {dagbag.py:508} INFO - Filling up the DagBag from /home/airflow/dags/Lead_scoring_inference_pipeline/constants.py
[2025-02-14 18:24:18,320] {processor.py:653} WARNING - No viable dags retrieved from /home/airflow/dags/Lead_scoring_inference_pipeline/constants.py
[2025-02-14 18:24:18,330] {processor.py:161} INFO - Processing /home/airflow/dags/Lead_scoring_inference_pipeline/constants.py took 0.017 seconds
[2025-02-14 18:29:44,269] {processor.py:153} INFO - Started process (PID=8707) to work on /home/airflow/dags/Lead_scoring_inference_pipeline/constants.py
[2025-02-14 18:29:44,270] {processor.py:641} INFO - Processing file /home/airflow/dags/Lead_scoring_inference_pipeline/constants.py for tasks to queue
[2025-02-14 18:29:44,271] {logging_mixin.py:115} INFO - [2025-02-14 18:29:44,271] {dagbag.py:508} INFO - Filling up the DagBag from /home/airflow/dags/Lead_scoring_inference_pipeline/constants.py
[2025-02-14 18:29:44,272] {processor.py:653} WARNING - No viable dags retrieved from /home/airflow/dags/Lead_scoring_inference_pipeline/constants.py
[2025-02-14 18:29:44,419] {processor.py:161} INFO - Processing /home/airflow/dags/Lead_scoring_inference_pipeline/constants.py took 0.153 seconds
[2025-02-14 18:31:11,229] {processor.py:153} INFO - Started process (PID=8937) to work on /home/airflow/dags/Lead_scoring_inference_pipeline/constants.py
[2025-02-14 18:31:11,230] {processor.py:641} INFO - Processing file /home/airflow/dags/Lead_scoring_inference_pipeline/constants.py for tasks to queue
[2025-02-14 18:31:11,230] {logging_mixin.py:115} INFO - [2025-02-14 18:31:11,230] {dagbag.py:508} INFO - Filling up the DagBag from /home/airflow/dags/Lead_scoring_inference_pipeline/constants.py
[2025-02-14 18:31:11,232] {processor.py:653} WARNING - No viable dags retrieved from /home/airflow/dags/Lead_scoring_inference_pipeline/constants.py
[2025-02-14 18:31:11,360] {processor.py:161} INFO - Processing /home/airflow/dags/Lead_scoring_inference_pipeline/constants.py took 0.135 seconds
[2025-02-14 18:32:08,245] {processor.py:153} INFO - Started process (PID=9104) to work on /home/airflow/dags/Lead_scoring_inference_pipeline/constants.py
[2025-02-14 18:32:08,247] {processor.py:641} INFO - Processing file /home/airflow/dags/Lead_scoring_inference_pipeline/constants.py for tasks to queue
[2025-02-14 18:32:08,247] {logging_mixin.py:115} INFO - [2025-02-14 18:32:08,247] {dagbag.py:508} INFO - Filling up the DagBag from /home/airflow/dags/Lead_scoring_inference_pipeline/constants.py
[2025-02-14 18:32:08,248] {processor.py:653} WARNING - No viable dags retrieved from /home/airflow/dags/Lead_scoring_inference_pipeline/constants.py
[2025-02-14 18:32:08,378] {processor.py:161} INFO - Processing /home/airflow/dags/Lead_scoring_inference_pipeline/constants.py took 0.136 seconds
[2025-02-14 18:33:12,893] {processor.py:153} INFO - Started process (PID=9311) to work on /home/airflow/dags/Lead_scoring_inference_pipeline/constants.py
[2025-02-14 18:33:12,895] {processor.py:641} INFO - Processing file /home/airflow/dags/Lead_scoring_inference_pipeline/constants.py for tasks to queue
[2025-02-14 18:33:12,895] {logging_mixin.py:115} INFO - [2025-02-14 18:33:12,895] {dagbag.py:508} INFO - Filling up the DagBag from /home/airflow/dags/Lead_scoring_inference_pipeline/constants.py
[2025-02-14 18:33:12,897] {processor.py:653} WARNING - No viable dags retrieved from /home/airflow/dags/Lead_scoring_inference_pipeline/constants.py
[2025-02-14 18:33:13,027] {processor.py:161} INFO - Processing /home/airflow/dags/Lead_scoring_inference_pipeline/constants.py took 0.136 seconds
[2025-02-14 18:34:00,105] {processor.py:153} INFO - Started process (PID=9430) to work on /home/airflow/dags/Lead_scoring_inference_pipeline/constants.py
[2025-02-14 18:34:00,106] {processor.py:641} INFO - Processing file /home/airflow/dags/Lead_scoring_inference_pipeline/constants.py for tasks to queue
[2025-02-14 18:34:00,107] {logging_mixin.py:115} INFO - [2025-02-14 18:34:00,107] {dagbag.py:508} INFO - Filling up the DagBag from /home/airflow/dags/Lead_scoring_inference_pipeline/constants.py
[2025-02-14 18:34:00,108] {processor.py:653} WARNING - No viable dags retrieved from /home/airflow/dags/Lead_scoring_inference_pipeline/constants.py
[2025-02-14 18:34:00,242] {processor.py:161} INFO - Processing /home/airflow/dags/Lead_scoring_inference_pipeline/constants.py took 0.140 seconds
[2025-02-14 18:34:59,368] {processor.py:153} INFO - Started process (PID=9541) to work on /home/airflow/dags/Lead_scoring_inference_pipeline/constants.py
[2025-02-14 18:34:59,369] {processor.py:641} INFO - Processing file /home/airflow/dags/Lead_scoring_inference_pipeline/constants.py for tasks to queue
[2025-02-14 18:34:59,370] {logging_mixin.py:115} INFO - [2025-02-14 18:34:59,370] {dagbag.py:508} INFO - Filling up the DagBag from /home/airflow/dags/Lead_scoring_inference_pipeline/constants.py
[2025-02-14 18:34:59,371] {processor.py:653} WARNING - No viable dags retrieved from /home/airflow/dags/Lead_scoring_inference_pipeline/constants.py
[2025-02-14 18:34:59,381] {processor.py:161} INFO - Processing /home/airflow/dags/Lead_scoring_inference_pipeline/constants.py took 0.016 seconds
[2025-02-14 18:35:58,924] {processor.py:153} INFO - Started process (PID=9840) to work on /home/airflow/dags/Lead_scoring_inference_pipeline/constants.py
[2025-02-14 18:35:58,925] {processor.py:641} INFO - Processing file /home/airflow/dags/Lead_scoring_inference_pipeline/constants.py for tasks to queue
[2025-02-14 18:35:58,925] {logging_mixin.py:115} INFO - [2025-02-14 18:35:58,925] {dagbag.py:508} INFO - Filling up the DagBag from /home/airflow/dags/Lead_scoring_inference_pipeline/constants.py
[2025-02-14 18:35:58,927] {processor.py:653} WARNING - No viable dags retrieved from /home/airflow/dags/Lead_scoring_inference_pipeline/constants.py
[2025-02-14 18:35:58,937] {processor.py:161} INFO - Processing /home/airflow/dags/Lead_scoring_inference_pipeline/constants.py took 0.016 seconds
[2025-02-14 18:39:23,596] {processor.py:153} INFO - Started process (PID=756) to work on /home/airflow/dags/Lead_scoring_inference_pipeline/constants.py
[2025-02-14 18:39:23,602] {processor.py:641} INFO - Processing file /home/airflow/dags/Lead_scoring_inference_pipeline/constants.py for tasks to queue
[2025-02-14 18:39:23,603] {logging_mixin.py:115} INFO - [2025-02-14 18:39:23,603] {dagbag.py:508} INFO - Filling up the DagBag from /home/airflow/dags/Lead_scoring_inference_pipeline/constants.py
[2025-02-14 18:39:23,604] {processor.py:653} WARNING - No viable dags retrieved from /home/airflow/dags/Lead_scoring_inference_pipeline/constants.py
[2025-02-14 18:39:23,730] {processor.py:161} INFO - Processing /home/airflow/dags/Lead_scoring_inference_pipeline/constants.py took 0.137 seconds
[2025-02-14 18:40:45,820] {processor.py:153} INFO - Started process (PID=1024) to work on /home/airflow/dags/Lead_scoring_inference_pipeline/constants.py
[2025-02-14 18:40:45,822] {processor.py:641} INFO - Processing file /home/airflow/dags/Lead_scoring_inference_pipeline/constants.py for tasks to queue
[2025-02-14 18:40:45,822] {logging_mixin.py:115} INFO - [2025-02-14 18:40:45,822] {dagbag.py:508} INFO - Filling up the DagBag from /home/airflow/dags/Lead_scoring_inference_pipeline/constants.py
[2025-02-14 18:40:45,824] {processor.py:653} WARNING - No viable dags retrieved from /home/airflow/dags/Lead_scoring_inference_pipeline/constants.py
[2025-02-14 18:40:45,952] {processor.py:161} INFO - Processing /home/airflow/dags/Lead_scoring_inference_pipeline/constants.py took 0.135 seconds
[2025-02-14 18:41:48,147] {processor.py:153} INFO - Started process (PID=1136) to work on /home/airflow/dags/Lead_scoring_inference_pipeline/constants.py
[2025-02-14 18:41:48,148] {processor.py:641} INFO - Processing file /home/airflow/dags/Lead_scoring_inference_pipeline/constants.py for tasks to queue
[2025-02-14 18:41:48,149] {logging_mixin.py:115} INFO - [2025-02-14 18:41:48,149] {dagbag.py:508} INFO - Filling up the DagBag from /home/airflow/dags/Lead_scoring_inference_pipeline/constants.py
[2025-02-14 18:41:48,150] {processor.py:653} WARNING - No viable dags retrieved from /home/airflow/dags/Lead_scoring_inference_pipeline/constants.py
[2025-02-14 18:41:48,355] {processor.py:161} INFO - Processing /home/airflow/dags/Lead_scoring_inference_pipeline/constants.py took 0.212 seconds
[2025-02-14 18:42:52,709] {processor.py:153} INFO - Started process (PID=1248) to work on /home/airflow/dags/Lead_scoring_inference_pipeline/constants.py
[2025-02-14 18:42:52,712] {processor.py:641} INFO - Processing file /home/airflow/dags/Lead_scoring_inference_pipeline/constants.py for tasks to queue
[2025-02-14 18:42:52,712] {logging_mixin.py:115} INFO - [2025-02-14 18:42:52,712] {dagbag.py:508} INFO - Filling up the DagBag from /home/airflow/dags/Lead_scoring_inference_pipeline/constants.py
[2025-02-14 18:42:52,714] {processor.py:653} WARNING - No viable dags retrieved from /home/airflow/dags/Lead_scoring_inference_pipeline/constants.py
[2025-02-14 18:42:52,841] {processor.py:161} INFO - Processing /home/airflow/dags/Lead_scoring_inference_pipeline/constants.py took 0.135 seconds
[2025-02-14 18:43:57,786] {processor.py:153} INFO - Started process (PID=1364) to work on /home/airflow/dags/Lead_scoring_inference_pipeline/constants.py
[2025-02-14 18:43:57,787] {processor.py:641} INFO - Processing file /home/airflow/dags/Lead_scoring_inference_pipeline/constants.py for tasks to queue
[2025-02-14 18:43:57,788] {logging_mixin.py:115} INFO - [2025-02-14 18:43:57,788] {dagbag.py:508} INFO - Filling up the DagBag from /home/airflow/dags/Lead_scoring_inference_pipeline/constants.py
[2025-02-14 18:43:57,789] {processor.py:653} WARNING - No viable dags retrieved from /home/airflow/dags/Lead_scoring_inference_pipeline/constants.py
[2025-02-14 18:43:57,918] {processor.py:161} INFO - Processing /home/airflow/dags/Lead_scoring_inference_pipeline/constants.py took 0.136 seconds
[2025-02-14 18:44:55,382] {processor.py:153} INFO - Started process (PID=1475) to work on /home/airflow/dags/Lead_scoring_inference_pipeline/constants.py
[2025-02-14 18:44:55,384] {processor.py:641} INFO - Processing file /home/airflow/dags/Lead_scoring_inference_pipeline/constants.py for tasks to queue
[2025-02-14 18:44:55,384] {logging_mixin.py:115} INFO - [2025-02-14 18:44:55,384] {dagbag.py:508} INFO - Filling up the DagBag from /home/airflow/dags/Lead_scoring_inference_pipeline/constants.py
[2025-02-14 18:44:55,386] {processor.py:653} WARNING - No viable dags retrieved from /home/airflow/dags/Lead_scoring_inference_pipeline/constants.py
[2025-02-14 18:44:55,397] {processor.py:161} INFO - Processing /home/airflow/dags/Lead_scoring_inference_pipeline/constants.py took 0.018 seconds
[2025-02-14 18:45:46,394] {processor.py:153} INFO - Started process (PID=1583) to work on /home/airflow/dags/Lead_scoring_inference_pipeline/constants.py
[2025-02-14 18:45:46,396] {processor.py:641} INFO - Processing file /home/airflow/dags/Lead_scoring_inference_pipeline/constants.py for tasks to queue
[2025-02-14 18:45:46,396] {logging_mixin.py:115} INFO - [2025-02-14 18:45:46,396] {dagbag.py:508} INFO - Filling up the DagBag from /home/airflow/dags/Lead_scoring_inference_pipeline/constants.py
[2025-02-14 18:45:46,398] {processor.py:653} WARNING - No viable dags retrieved from /home/airflow/dags/Lead_scoring_inference_pipeline/constants.py
[2025-02-14 18:45:46,409] {processor.py:161} INFO - Processing /home/airflow/dags/Lead_scoring_inference_pipeline/constants.py took 0.018 seconds
[2025-02-14 18:46:39,781] {processor.py:153} INFO - Started process (PID=1690) to work on /home/airflow/dags/Lead_scoring_inference_pipeline/constants.py
[2025-02-14 18:46:39,782] {processor.py:641} INFO - Processing file /home/airflow/dags/Lead_scoring_inference_pipeline/constants.py for tasks to queue
[2025-02-14 18:46:39,782] {logging_mixin.py:115} INFO - [2025-02-14 18:46:39,782] {dagbag.py:508} INFO - Filling up the DagBag from /home/airflow/dags/Lead_scoring_inference_pipeline/constants.py
[2025-02-14 18:46:39,784] {processor.py:653} WARNING - No viable dags retrieved from /home/airflow/dags/Lead_scoring_inference_pipeline/constants.py
[2025-02-14 18:46:39,795] {processor.py:161} INFO - Processing /home/airflow/dags/Lead_scoring_inference_pipeline/constants.py took 0.017 seconds
[2025-02-14 18:53:57,473] {processor.py:153} INFO - Started process (PID=2035) to work on /home/airflow/dags/Lead_scoring_inference_pipeline/constants.py
[2025-02-14 18:53:57,474] {processor.py:641} INFO - Processing file /home/airflow/dags/Lead_scoring_inference_pipeline/constants.py for tasks to queue
[2025-02-14 18:53:57,475] {logging_mixin.py:115} INFO - [2025-02-14 18:53:57,475] {dagbag.py:508} INFO - Filling up the DagBag from /home/airflow/dags/Lead_scoring_inference_pipeline/constants.py
[2025-02-14 18:53:57,476] {processor.py:653} WARNING - No viable dags retrieved from /home/airflow/dags/Lead_scoring_inference_pipeline/constants.py
[2025-02-14 18:53:57,486] {processor.py:161} INFO - Processing /home/airflow/dags/Lead_scoring_inference_pipeline/constants.py took 0.016 seconds
[2025-02-14 18:55:09,313] {processor.py:153} INFO - Started process (PID=2272) to work on /home/airflow/dags/Lead_scoring_inference_pipeline/constants.py
[2025-02-14 18:55:09,315] {processor.py:641} INFO - Processing file /home/airflow/dags/Lead_scoring_inference_pipeline/constants.py for tasks to queue
[2025-02-14 18:55:09,315] {logging_mixin.py:115} INFO - [2025-02-14 18:55:09,315] {dagbag.py:508} INFO - Filling up the DagBag from /home/airflow/dags/Lead_scoring_inference_pipeline/constants.py
[2025-02-14 18:55:09,317] {processor.py:653} WARNING - No viable dags retrieved from /home/airflow/dags/Lead_scoring_inference_pipeline/constants.py
[2025-02-14 18:55:09,327] {processor.py:161} INFO - Processing /home/airflow/dags/Lead_scoring_inference_pipeline/constants.py took 0.017 seconds
[2025-02-14 19:00:06,448] {processor.py:153} INFO - Started process (PID=2454) to work on /home/airflow/dags/Lead_scoring_inference_pipeline/constants.py
[2025-02-14 19:00:06,449] {processor.py:641} INFO - Processing file /home/airflow/dags/Lead_scoring_inference_pipeline/constants.py for tasks to queue
[2025-02-14 19:00:06,449] {logging_mixin.py:115} INFO - [2025-02-14 19:00:06,449] {dagbag.py:508} INFO - Filling up the DagBag from /home/airflow/dags/Lead_scoring_inference_pipeline/constants.py
[2025-02-14 19:00:06,451] {processor.py:653} WARNING - No viable dags retrieved from /home/airflow/dags/Lead_scoring_inference_pipeline/constants.py
[2025-02-14 19:00:06,461] {processor.py:161} INFO - Processing /home/airflow/dags/Lead_scoring_inference_pipeline/constants.py took 0.016 seconds
[2025-02-14 19:02:41,663] {processor.py:153} INFO - Started process (PID=2636) to work on /home/airflow/dags/Lead_scoring_inference_pipeline/constants.py
[2025-02-14 19:02:41,664] {processor.py:641} INFO - Processing file /home/airflow/dags/Lead_scoring_inference_pipeline/constants.py for tasks to queue
[2025-02-14 19:02:41,665] {logging_mixin.py:115} INFO - [2025-02-14 19:02:41,665] {dagbag.py:508} INFO - Filling up the DagBag from /home/airflow/dags/Lead_scoring_inference_pipeline/constants.py
[2025-02-14 19:02:41,667] {processor.py:653} WARNING - No viable dags retrieved from /home/airflow/dags/Lead_scoring_inference_pipeline/constants.py
[2025-02-14 19:02:41,868] {processor.py:161} INFO - Processing /home/airflow/dags/Lead_scoring_inference_pipeline/constants.py took 0.209 seconds
[2025-02-14 19:03:43,493] {processor.py:153} INFO - Started process (PID=2748) to work on /home/airflow/dags/Lead_scoring_inference_pipeline/constants.py
[2025-02-14 19:03:43,494] {processor.py:641} INFO - Processing file /home/airflow/dags/Lead_scoring_inference_pipeline/constants.py for tasks to queue
[2025-02-14 19:03:43,494] {logging_mixin.py:115} INFO - [2025-02-14 19:03:43,494] {dagbag.py:508} INFO - Filling up the DagBag from /home/airflow/dags/Lead_scoring_inference_pipeline/constants.py
[2025-02-14 19:03:43,496] {processor.py:653} WARNING - No viable dags retrieved from /home/airflow/dags/Lead_scoring_inference_pipeline/constants.py
[2025-02-14 19:03:43,619] {processor.py:161} INFO - Processing /home/airflow/dags/Lead_scoring_inference_pipeline/constants.py took 0.129 seconds
[2025-02-14 19:04:45,904] {processor.py:153} INFO - Started process (PID=2861) to work on /home/airflow/dags/Lead_scoring_inference_pipeline/constants.py
[2025-02-14 19:04:45,905] {processor.py:641} INFO - Processing file /home/airflow/dags/Lead_scoring_inference_pipeline/constants.py for tasks to queue
[2025-02-14 19:04:45,906] {logging_mixin.py:115} INFO - [2025-02-14 19:04:45,906] {dagbag.py:508} INFO - Filling up the DagBag from /home/airflow/dags/Lead_scoring_inference_pipeline/constants.py
[2025-02-14 19:04:45,907] {processor.py:653} WARNING - No viable dags retrieved from /home/airflow/dags/Lead_scoring_inference_pipeline/constants.py
[2025-02-14 19:04:46,033] {processor.py:161} INFO - Processing /home/airflow/dags/Lead_scoring_inference_pipeline/constants.py took 0.132 seconds
[2025-02-14 19:05:52,048] {processor.py:153} INFO - Started process (PID=2975) to work on /home/airflow/dags/Lead_scoring_inference_pipeline/constants.py
[2025-02-14 19:05:52,050] {processor.py:641} INFO - Processing file /home/airflow/dags/Lead_scoring_inference_pipeline/constants.py for tasks to queue
[2025-02-14 19:05:52,050] {logging_mixin.py:115} INFO - [2025-02-14 19:05:52,050] {dagbag.py:508} INFO - Filling up the DagBag from /home/airflow/dags/Lead_scoring_inference_pipeline/constants.py
[2025-02-14 19:05:52,051] {processor.py:653} WARNING - No viable dags retrieved from /home/airflow/dags/Lead_scoring_inference_pipeline/constants.py
[2025-02-14 19:05:52,178] {processor.py:161} INFO - Processing /home/airflow/dags/Lead_scoring_inference_pipeline/constants.py took 0.133 seconds
[2025-02-14 19:06:55,656] {processor.py:153} INFO - Started process (PID=3089) to work on /home/airflow/dags/Lead_scoring_inference_pipeline/constants.py
[2025-02-14 19:06:55,658] {processor.py:641} INFO - Processing file /home/airflow/dags/Lead_scoring_inference_pipeline/constants.py for tasks to queue
[2025-02-14 19:06:55,658] {logging_mixin.py:115} INFO - [2025-02-14 19:06:55,658] {dagbag.py:508} INFO - Filling up the DagBag from /home/airflow/dags/Lead_scoring_inference_pipeline/constants.py
[2025-02-14 19:06:55,660] {processor.py:653} WARNING - No viable dags retrieved from /home/airflow/dags/Lead_scoring_inference_pipeline/constants.py
[2025-02-14 19:06:55,786] {processor.py:161} INFO - Processing /home/airflow/dags/Lead_scoring_inference_pipeline/constants.py took 0.132 seconds
[2025-02-14 19:07:55,729] {processor.py:153} INFO - Started process (PID=3201) to work on /home/airflow/dags/Lead_scoring_inference_pipeline/constants.py
[2025-02-14 19:07:55,731] {processor.py:641} INFO - Processing file /home/airflow/dags/Lead_scoring_inference_pipeline/constants.py for tasks to queue
[2025-02-14 19:07:55,731] {logging_mixin.py:115} INFO - [2025-02-14 19:07:55,731] {dagbag.py:508} INFO - Filling up the DagBag from /home/airflow/dags/Lead_scoring_inference_pipeline/constants.py
[2025-02-14 19:07:55,733] {processor.py:653} WARNING - No viable dags retrieved from /home/airflow/dags/Lead_scoring_inference_pipeline/constants.py
[2025-02-14 19:07:55,743] {processor.py:161} INFO - Processing /home/airflow/dags/Lead_scoring_inference_pipeline/constants.py took 0.017 seconds
[2025-02-14 19:08:52,577] {processor.py:153} INFO - Started process (PID=3312) to work on /home/airflow/dags/Lead_scoring_inference_pipeline/constants.py
[2025-02-14 19:08:52,578] {processor.py:641} INFO - Processing file /home/airflow/dags/Lead_scoring_inference_pipeline/constants.py for tasks to queue
[2025-02-14 19:08:52,579] {logging_mixin.py:115} INFO - [2025-02-14 19:08:52,579] {dagbag.py:508} INFO - Filling up the DagBag from /home/airflow/dags/Lead_scoring_inference_pipeline/constants.py
[2025-02-14 19:08:52,580] {processor.py:653} WARNING - No viable dags retrieved from /home/airflow/dags/Lead_scoring_inference_pipeline/constants.py
[2025-02-14 19:08:52,591] {processor.py:161} INFO - Processing /home/airflow/dags/Lead_scoring_inference_pipeline/constants.py took 0.017 seconds
[2025-02-14 19:09:47,400] {processor.py:153} INFO - Started process (PID=3422) to work on /home/airflow/dags/Lead_scoring_inference_pipeline/constants.py
[2025-02-14 19:09:47,401] {processor.py:641} INFO - Processing file /home/airflow/dags/Lead_scoring_inference_pipeline/constants.py for tasks to queue
[2025-02-14 19:09:47,402] {logging_mixin.py:115} INFO - [2025-02-14 19:09:47,402] {dagbag.py:508} INFO - Filling up the DagBag from /home/airflow/dags/Lead_scoring_inference_pipeline/constants.py
[2025-02-14 19:09:47,403] {processor.py:653} WARNING - No viable dags retrieved from /home/airflow/dags/Lead_scoring_inference_pipeline/constants.py
[2025-02-14 19:09:47,414] {processor.py:161} INFO - Processing /home/airflow/dags/Lead_scoring_inference_pipeline/constants.py took 0.017 seconds
[2025-02-14 19:10:34,285] {processor.py:153} INFO - Started process (PID=3628) to work on /home/airflow/dags/Lead_scoring_inference_pipeline/constants.py
[2025-02-14 19:10:34,286] {processor.py:641} INFO - Processing file /home/airflow/dags/Lead_scoring_inference_pipeline/constants.py for tasks to queue
[2025-02-14 19:10:34,286] {logging_mixin.py:115} INFO - [2025-02-14 19:10:34,286] {dagbag.py:508} INFO - Filling up the DagBag from /home/airflow/dags/Lead_scoring_inference_pipeline/constants.py
[2025-02-14 19:10:34,288] {processor.py:653} WARNING - No viable dags retrieved from /home/airflow/dags/Lead_scoring_inference_pipeline/constants.py
[2025-02-14 19:10:34,298] {processor.py:161} INFO - Processing /home/airflow/dags/Lead_scoring_inference_pipeline/constants.py took 0.017 seconds
