[2025-02-14 18:16:44,257] {processor.py:153} INFO - Started process (PID=7715) to work on /home/airflow/dags/Lead_scoring_inference_pipeline/utils.py
[2025-02-14 18:16:44,257] {processor.py:641} INFO - Processing file /home/airflow/dags/Lead_scoring_inference_pipeline/utils.py for tasks to queue
[2025-02-14 18:16:44,258] {logging_mixin.py:115} INFO - [2025-02-14 18:16:44,258] {dagbag.py:508} INFO - Filling up the DagBag from /home/airflow/dags/Lead_scoring_inference_pipeline/utils.py
[2025-02-14 18:16:45,549] {logging_mixin.py:115} INFO - [2025-02-14 18:16:45,549] {utils.py:145} INFO - Note: NumExpr detected 64 cores but "NUMEXPR_MAX_THREADS" not set, so enforcing safe limit of 8.
[2025-02-14 18:16:45,550] {logging_mixin.py:115} INFO - [2025-02-14 18:16:45,550] {utils.py:157} INFO - NumExpr defaulting to 8 threads.
[2025-02-14 18:16:45,829] {processor.py:653} WARNING - No viable dags retrieved from /home/airflow/dags/Lead_scoring_inference_pipeline/utils.py
[2025-02-14 18:16:45,840] {processor.py:161} INFO - Processing /home/airflow/dags/Lead_scoring_inference_pipeline/utils.py took 1.587 seconds
[2025-02-14 18:18:37,013] {processor.py:153} INFO - Started process (PID=7938) to work on /home/airflow/dags/Lead_scoring_inference_pipeline/utils.py
[2025-02-14 18:18:37,015] {processor.py:641} INFO - Processing file /home/airflow/dags/Lead_scoring_inference_pipeline/utils.py for tasks to queue
[2025-02-14 18:18:37,016] {logging_mixin.py:115} INFO - [2025-02-14 18:18:37,015] {dagbag.py:508} INFO - Filling up the DagBag from /home/airflow/dags/Lead_scoring_inference_pipeline/utils.py
[2025-02-14 18:18:37,830] {logging_mixin.py:115} INFO - [2025-02-14 18:18:37,830] {utils.py:145} INFO - Note: NumExpr detected 64 cores but "NUMEXPR_MAX_THREADS" not set, so enforcing safe limit of 8.
[2025-02-14 18:18:37,830] {logging_mixin.py:115} INFO - [2025-02-14 18:18:37,830] {utils.py:157} INFO - NumExpr defaulting to 8 threads.
[2025-02-14 18:18:38,002] {processor.py:653} WARNING - No viable dags retrieved from /home/airflow/dags/Lead_scoring_inference_pipeline/utils.py
[2025-02-14 18:18:38,010] {processor.py:161} INFO - Processing /home/airflow/dags/Lead_scoring_inference_pipeline/utils.py took 1.001 seconds
[2025-02-14 18:19:17,045] {processor.py:153} INFO - Started process (PID=8026) to work on /home/airflow/dags/Lead_scoring_inference_pipeline/utils.py
[2025-02-14 18:19:17,047] {processor.py:641} INFO - Processing file /home/airflow/dags/Lead_scoring_inference_pipeline/utils.py for tasks to queue
[2025-02-14 18:19:17,047] {logging_mixin.py:115} INFO - [2025-02-14 18:19:17,047] {dagbag.py:508} INFO - Filling up the DagBag from /home/airflow/dags/Lead_scoring_inference_pipeline/utils.py
[2025-02-14 18:19:18,337] {logging_mixin.py:115} INFO - [2025-02-14 18:19:18,337] {utils.py:145} INFO - Note: NumExpr detected 64 cores but "NUMEXPR_MAX_THREADS" not set, so enforcing safe limit of 8.
[2025-02-14 18:19:18,337] {logging_mixin.py:115} INFO - [2025-02-14 18:19:18,337] {utils.py:157} INFO - NumExpr defaulting to 8 threads.
[2025-02-14 18:19:18,616] {processor.py:653} WARNING - No viable dags retrieved from /home/airflow/dags/Lead_scoring_inference_pipeline/utils.py
[2025-02-14 18:19:18,627] {processor.py:161} INFO - Processing /home/airflow/dags/Lead_scoring_inference_pipeline/utils.py took 1.585 seconds
[2025-02-14 18:20:28,869] {processor.py:153} INFO - Started process (PID=8148) to work on /home/airflow/dags/Lead_scoring_inference_pipeline/utils.py
[2025-02-14 18:20:28,870] {processor.py:641} INFO - Processing file /home/airflow/dags/Lead_scoring_inference_pipeline/utils.py for tasks to queue
[2025-02-14 18:20:28,870] {logging_mixin.py:115} INFO - [2025-02-14 18:20:28,870] {dagbag.py:508} INFO - Filling up the DagBag from /home/airflow/dags/Lead_scoring_inference_pipeline/utils.py
[2025-02-14 18:20:30,165] {logging_mixin.py:115} INFO - [2025-02-14 18:20:30,165] {utils.py:145} INFO - Note: NumExpr detected 64 cores but "NUMEXPR_MAX_THREADS" not set, so enforcing safe limit of 8.
[2025-02-14 18:20:30,165] {logging_mixin.py:115} INFO - [2025-02-14 18:20:30,165] {utils.py:157} INFO - NumExpr defaulting to 8 threads.
[2025-02-14 18:20:30,445] {processor.py:653} WARNING - No viable dags retrieved from /home/airflow/dags/Lead_scoring_inference_pipeline/utils.py
[2025-02-14 18:20:30,457] {processor.py:161} INFO - Processing /home/airflow/dags/Lead_scoring_inference_pipeline/utils.py took 1.592 seconds
[2025-02-14 18:21:44,909] {processor.py:153} INFO - Started process (PID=8283) to work on /home/airflow/dags/Lead_scoring_inference_pipeline/utils.py
[2025-02-14 18:21:44,910] {processor.py:641} INFO - Processing file /home/airflow/dags/Lead_scoring_inference_pipeline/utils.py for tasks to queue
[2025-02-14 18:21:44,911] {logging_mixin.py:115} INFO - [2025-02-14 18:21:44,911] {dagbag.py:508} INFO - Filling up the DagBag from /home/airflow/dags/Lead_scoring_inference_pipeline/utils.py
[2025-02-14 18:21:46,076] {logging_mixin.py:115} INFO - [2025-02-14 18:21:46,075] {utils.py:145} INFO - Note: NumExpr detected 64 cores but "NUMEXPR_MAX_THREADS" not set, so enforcing safe limit of 8.
[2025-02-14 18:21:46,076] {logging_mixin.py:115} INFO - [2025-02-14 18:21:46,076] {utils.py:157} INFO - NumExpr defaulting to 8 threads.
[2025-02-14 18:21:46,355] {processor.py:653} WARNING - No viable dags retrieved from /home/airflow/dags/Lead_scoring_inference_pipeline/utils.py
[2025-02-14 18:21:46,367] {processor.py:161} INFO - Processing /home/airflow/dags/Lead_scoring_inference_pipeline/utils.py took 1.461 seconds
[2025-02-14 18:22:46,091] {processor.py:153} INFO - Started process (PID=8398) to work on /home/airflow/dags/Lead_scoring_inference_pipeline/utils.py
[2025-02-14 18:22:46,093] {processor.py:641} INFO - Processing file /home/airflow/dags/Lead_scoring_inference_pipeline/utils.py for tasks to queue
[2025-02-14 18:22:46,094] {logging_mixin.py:115} INFO - [2025-02-14 18:22:46,093] {dagbag.py:508} INFO - Filling up the DagBag from /home/airflow/dags/Lead_scoring_inference_pipeline/utils.py
[2025-02-14 18:22:47,258] {logging_mixin.py:115} INFO - [2025-02-14 18:22:47,258] {utils.py:145} INFO - Note: NumExpr detected 64 cores but "NUMEXPR_MAX_THREADS" not set, so enforcing safe limit of 8.
[2025-02-14 18:22:47,259] {logging_mixin.py:115} INFO - [2025-02-14 18:22:47,259] {utils.py:157} INFO - NumExpr defaulting to 8 threads.
[2025-02-14 18:22:47,538] {processor.py:653} WARNING - No viable dags retrieved from /home/airflow/dags/Lead_scoring_inference_pipeline/utils.py
[2025-02-14 18:22:47,550] {processor.py:161} INFO - Processing /home/airflow/dags/Lead_scoring_inference_pipeline/utils.py took 1.462 seconds
[2025-02-14 18:23:42,516] {processor.py:153} INFO - Started process (PID=8493) to work on /home/airflow/dags/Lead_scoring_inference_pipeline/utils.py
[2025-02-14 18:23:42,517] {processor.py:641} INFO - Processing file /home/airflow/dags/Lead_scoring_inference_pipeline/utils.py for tasks to queue
[2025-02-14 18:23:42,518] {logging_mixin.py:115} INFO - [2025-02-14 18:23:42,518] {dagbag.py:508} INFO - Filling up the DagBag from /home/airflow/dags/Lead_scoring_inference_pipeline/utils.py
[2025-02-14 18:23:43,687] {logging_mixin.py:115} INFO - [2025-02-14 18:23:43,687] {utils.py:145} INFO - Note: NumExpr detected 64 cores but "NUMEXPR_MAX_THREADS" not set, so enforcing safe limit of 8.
[2025-02-14 18:23:43,687] {logging_mixin.py:115} INFO - [2025-02-14 18:23:43,687] {utils.py:157} INFO - NumExpr defaulting to 8 threads.
[2025-02-14 18:23:43,968] {processor.py:653} WARNING - No viable dags retrieved from /home/airflow/dags/Lead_scoring_inference_pipeline/utils.py
[2025-02-14 18:23:43,980] {processor.py:161} INFO - Processing /home/airflow/dags/Lead_scoring_inference_pipeline/utils.py took 1.467 seconds
[2025-02-14 18:24:14,408] {processor.py:153} INFO - Started process (PID=8562) to work on /home/airflow/dags/Lead_scoring_inference_pipeline/utils.py
[2025-02-14 18:24:14,409] {processor.py:641} INFO - Processing file /home/airflow/dags/Lead_scoring_inference_pipeline/utils.py for tasks to queue
[2025-02-14 18:24:14,410] {logging_mixin.py:115} INFO - [2025-02-14 18:24:14,409] {dagbag.py:508} INFO - Filling up the DagBag from /home/airflow/dags/Lead_scoring_inference_pipeline/utils.py
[2025-02-14 18:24:15,116] {logging_mixin.py:115} INFO - [2025-02-14 18:24:15,116] {utils.py:145} INFO - Note: NumExpr detected 64 cores but "NUMEXPR_MAX_THREADS" not set, so enforcing safe limit of 8.
[2025-02-14 18:24:15,116] {logging_mixin.py:115} INFO - [2025-02-14 18:24:15,116] {utils.py:157} INFO - NumExpr defaulting to 8 threads.
[2025-02-14 18:24:15,282] {processor.py:653} WARNING - No viable dags retrieved from /home/airflow/dags/Lead_scoring_inference_pipeline/utils.py
[2025-02-14 18:24:15,291] {processor.py:161} INFO - Processing /home/airflow/dags/Lead_scoring_inference_pipeline/utils.py took 0.886 seconds
[2025-02-14 18:29:39,953] {processor.py:153} INFO - Started process (PID=8653) to work on /home/airflow/dags/Lead_scoring_inference_pipeline/utils.py
[2025-02-14 18:29:39,955] {processor.py:641} INFO - Processing file /home/airflow/dags/Lead_scoring_inference_pipeline/utils.py for tasks to queue
[2025-02-14 18:29:39,955] {logging_mixin.py:115} INFO - [2025-02-14 18:29:39,955] {dagbag.py:508} INFO - Filling up the DagBag from /home/airflow/dags/Lead_scoring_inference_pipeline/utils.py
[2025-02-14 18:29:40,768] {logging_mixin.py:115} INFO - [2025-02-14 18:29:40,768] {utils.py:145} INFO - Note: NumExpr detected 64 cores but "NUMEXPR_MAX_THREADS" not set, so enforcing safe limit of 8.
[2025-02-14 18:29:40,768] {logging_mixin.py:115} INFO - [2025-02-14 18:29:40,768] {utils.py:157} INFO - NumExpr defaulting to 8 threads.
[2025-02-14 18:29:40,937] {processor.py:653} WARNING - No viable dags retrieved from /home/airflow/dags/Lead_scoring_inference_pipeline/utils.py
[2025-02-14 18:29:40,946] {processor.py:161} INFO - Processing /home/airflow/dags/Lead_scoring_inference_pipeline/utils.py took 0.995 seconds
[2025-02-14 18:31:07,669] {processor.py:153} INFO - Started process (PID=8919) to work on /home/airflow/dags/Lead_scoring_inference_pipeline/utils.py
[2025-02-14 18:31:07,670] {processor.py:641} INFO - Processing file /home/airflow/dags/Lead_scoring_inference_pipeline/utils.py for tasks to queue
[2025-02-14 18:31:07,670] {logging_mixin.py:115} INFO - [2025-02-14 18:31:07,670] {dagbag.py:508} INFO - Filling up the DagBag from /home/airflow/dags/Lead_scoring_inference_pipeline/utils.py
[2025-02-14 18:31:08,455] {logging_mixin.py:115} INFO - [2025-02-14 18:31:08,455] {utils.py:145} INFO - Note: NumExpr detected 64 cores but "NUMEXPR_MAX_THREADS" not set, so enforcing safe limit of 8.
[2025-02-14 18:31:08,455] {logging_mixin.py:115} INFO - [2025-02-14 18:31:08,455] {utils.py:157} INFO - NumExpr defaulting to 8 threads.
[2025-02-14 18:31:08,620] {processor.py:653} WARNING - No viable dags retrieved from /home/airflow/dags/Lead_scoring_inference_pipeline/utils.py
[2025-02-14 18:31:08,629] {processor.py:161} INFO - Processing /home/airflow/dags/Lead_scoring_inference_pipeline/utils.py took 0.963 seconds
[2025-02-14 18:32:05,512] {processor.py:153} INFO - Started process (PID=9086) to work on /home/airflow/dags/Lead_scoring_inference_pipeline/utils.py
[2025-02-14 18:32:05,513] {processor.py:641} INFO - Processing file /home/airflow/dags/Lead_scoring_inference_pipeline/utils.py for tasks to queue
[2025-02-14 18:32:05,514] {logging_mixin.py:115} INFO - [2025-02-14 18:32:05,514] {dagbag.py:508} INFO - Filling up the DagBag from /home/airflow/dags/Lead_scoring_inference_pipeline/utils.py
[2025-02-14 18:32:06,283] {logging_mixin.py:115} INFO - [2025-02-14 18:32:06,283] {utils.py:145} INFO - Note: NumExpr detected 64 cores but "NUMEXPR_MAX_THREADS" not set, so enforcing safe limit of 8.
[2025-02-14 18:32:06,283] {logging_mixin.py:115} INFO - [2025-02-14 18:32:06,283] {utils.py:157} INFO - NumExpr defaulting to 8 threads.
[2025-02-14 18:32:06,454] {processor.py:653} WARNING - No viable dags retrieved from /home/airflow/dags/Lead_scoring_inference_pipeline/utils.py
[2025-02-14 18:32:06,463] {processor.py:161} INFO - Processing /home/airflow/dags/Lead_scoring_inference_pipeline/utils.py took 0.954 seconds
[2025-02-14 18:33:09,037] {processor.py:153} INFO - Started process (PID=9293) to work on /home/airflow/dags/Lead_scoring_inference_pipeline/utils.py
[2025-02-14 18:33:09,038] {processor.py:641} INFO - Processing file /home/airflow/dags/Lead_scoring_inference_pipeline/utils.py for tasks to queue
[2025-02-14 18:33:09,039] {logging_mixin.py:115} INFO - [2025-02-14 18:33:09,039] {dagbag.py:508} INFO - Filling up the DagBag from /home/airflow/dags/Lead_scoring_inference_pipeline/utils.py
[2025-02-14 18:33:09,819] {logging_mixin.py:115} INFO - [2025-02-14 18:33:09,819] {utils.py:145} INFO - Note: NumExpr detected 64 cores but "NUMEXPR_MAX_THREADS" not set, so enforcing safe limit of 8.
[2025-02-14 18:33:09,819] {logging_mixin.py:115} INFO - [2025-02-14 18:33:09,819] {utils.py:157} INFO - NumExpr defaulting to 8 threads.
[2025-02-14 18:33:09,984] {processor.py:653} WARNING - No viable dags retrieved from /home/airflow/dags/Lead_scoring_inference_pipeline/utils.py
[2025-02-14 18:33:09,993] {processor.py:161} INFO - Processing /home/airflow/dags/Lead_scoring_inference_pipeline/utils.py took 0.959 seconds
[2025-02-14 18:33:57,368] {processor.py:153} INFO - Started process (PID=9412) to work on /home/airflow/dags/Lead_scoring_inference_pipeline/utils.py
[2025-02-14 18:33:57,369] {processor.py:641} INFO - Processing file /home/airflow/dags/Lead_scoring_inference_pipeline/utils.py for tasks to queue
[2025-02-14 18:33:57,370] {logging_mixin.py:115} INFO - [2025-02-14 18:33:57,370] {dagbag.py:508} INFO - Filling up the DagBag from /home/airflow/dags/Lead_scoring_inference_pipeline/utils.py
[2025-02-14 18:33:58,141] {logging_mixin.py:115} INFO - [2025-02-14 18:33:58,141] {utils.py:145} INFO - Note: NumExpr detected 64 cores but "NUMEXPR_MAX_THREADS" not set, so enforcing safe limit of 8.
[2025-02-14 18:33:58,141] {logging_mixin.py:115} INFO - [2025-02-14 18:33:58,141] {utils.py:157} INFO - NumExpr defaulting to 8 threads.
[2025-02-14 18:33:58,306] {processor.py:653} WARNING - No viable dags retrieved from /home/airflow/dags/Lead_scoring_inference_pipeline/utils.py
[2025-02-14 18:33:58,314] {processor.py:161} INFO - Processing /home/airflow/dags/Lead_scoring_inference_pipeline/utils.py took 0.950 seconds
[2025-02-14 18:34:29,991] {processor.py:153} INFO - Started process (PID=9484) to work on /home/airflow/dags/Lead_scoring_inference_pipeline/utils.py
[2025-02-14 18:34:29,993] {processor.py:641} INFO - Processing file /home/airflow/dags/Lead_scoring_inference_pipeline/utils.py for tasks to queue
[2025-02-14 18:34:29,993] {logging_mixin.py:115} INFO - [2025-02-14 18:34:29,993] {dagbag.py:508} INFO - Filling up the DagBag from /home/airflow/dags/Lead_scoring_inference_pipeline/utils.py
[2025-02-14 18:34:30,766] {logging_mixin.py:115} INFO - [2025-02-14 18:34:30,766] {utils.py:145} INFO - Note: NumExpr detected 64 cores but "NUMEXPR_MAX_THREADS" not set, so enforcing safe limit of 8.
[2025-02-14 18:34:30,767] {logging_mixin.py:115} INFO - [2025-02-14 18:34:30,767] {utils.py:157} INFO - NumExpr defaulting to 8 threads.
[2025-02-14 18:34:30,932] {processor.py:653} WARNING - No viable dags retrieved from /home/airflow/dags/Lead_scoring_inference_pipeline/utils.py
[2025-02-14 18:34:30,940] {processor.py:161} INFO - Processing /home/airflow/dags/Lead_scoring_inference_pipeline/utils.py took 0.952 seconds
[2025-02-14 18:35:29,992] {processor.py:153} INFO - Started process (PID=9780) to work on /home/airflow/dags/Lead_scoring_inference_pipeline/utils.py
[2025-02-14 18:35:29,994] {processor.py:641} INFO - Processing file /home/airflow/dags/Lead_scoring_inference_pipeline/utils.py for tasks to queue
[2025-02-14 18:35:29,994] {logging_mixin.py:115} INFO - [2025-02-14 18:35:29,994] {dagbag.py:508} INFO - Filling up the DagBag from /home/airflow/dags/Lead_scoring_inference_pipeline/utils.py
[2025-02-14 18:35:30,712] {logging_mixin.py:115} INFO - [2025-02-14 18:35:30,712] {utils.py:145} INFO - Note: NumExpr detected 64 cores but "NUMEXPR_MAX_THREADS" not set, so enforcing safe limit of 8.
[2025-02-14 18:35:30,712] {logging_mixin.py:115} INFO - [2025-02-14 18:35:30,712] {utils.py:157} INFO - NumExpr defaulting to 8 threads.
[2025-02-14 18:35:30,878] {processor.py:653} WARNING - No viable dags retrieved from /home/airflow/dags/Lead_scoring_inference_pipeline/utils.py
[2025-02-14 18:35:30,887] {processor.py:161} INFO - Processing /home/airflow/dags/Lead_scoring_inference_pipeline/utils.py took 0.898 seconds
[2025-02-14 18:36:27,888] {processor.py:153} INFO - Started process (PID=9894) to work on /home/airflow/dags/Lead_scoring_inference_pipeline/utils.py
[2025-02-14 18:36:27,889] {processor.py:641} INFO - Processing file /home/airflow/dags/Lead_scoring_inference_pipeline/utils.py for tasks to queue
[2025-02-14 18:36:27,890] {logging_mixin.py:115} INFO - [2025-02-14 18:36:27,890] {dagbag.py:508} INFO - Filling up the DagBag from /home/airflow/dags/Lead_scoring_inference_pipeline/utils.py
[2025-02-14 18:36:28,575] {logging_mixin.py:115} INFO - [2025-02-14 18:36:28,575] {utils.py:145} INFO - Note: NumExpr detected 64 cores but "NUMEXPR_MAX_THREADS" not set, so enforcing safe limit of 8.
[2025-02-14 18:36:28,575] {logging_mixin.py:115} INFO - [2025-02-14 18:36:28,575] {utils.py:157} INFO - NumExpr defaulting to 8 threads.
[2025-02-14 18:36:28,739] {processor.py:653} WARNING - No viable dags retrieved from /home/airflow/dags/Lead_scoring_inference_pipeline/utils.py
[2025-02-14 18:36:28,748] {processor.py:161} INFO - Processing /home/airflow/dags/Lead_scoring_inference_pipeline/utils.py took 0.863 seconds
[2025-02-14 18:39:19,378] {processor.py:153} INFO - Started process (PID=573) to work on /home/airflow/dags/Lead_scoring_inference_pipeline/utils.py
[2025-02-14 18:39:19,380] {processor.py:641} INFO - Processing file /home/airflow/dags/Lead_scoring_inference_pipeline/utils.py for tasks to queue
[2025-02-14 18:39:19,380] {logging_mixin.py:115} INFO - [2025-02-14 18:39:19,380] {dagbag.py:508} INFO - Filling up the DagBag from /home/airflow/dags/Lead_scoring_inference_pipeline/utils.py
[2025-02-14 18:39:20,181] {logging_mixin.py:115} INFO - [2025-02-14 18:39:20,181] {utils.py:145} INFO - Note: NumExpr detected 64 cores but "NUMEXPR_MAX_THREADS" not set, so enforcing safe limit of 8.
[2025-02-14 18:39:20,181] {logging_mixin.py:115} INFO - [2025-02-14 18:39:20,181] {utils.py:157} INFO - NumExpr defaulting to 8 threads.
[2025-02-14 18:39:20,351] {processor.py:653} WARNING - No viable dags retrieved from /home/airflow/dags/Lead_scoring_inference_pipeline/utils.py
[2025-02-14 18:39:20,378] {processor.py:161} INFO - Processing /home/airflow/dags/Lead_scoring_inference_pipeline/utils.py took 1.003 seconds
[2025-02-14 18:40:42,293] {processor.py:153} INFO - Started process (PID=1006) to work on /home/airflow/dags/Lead_scoring_inference_pipeline/utils.py
[2025-02-14 18:40:42,294] {processor.py:641} INFO - Processing file /home/airflow/dags/Lead_scoring_inference_pipeline/utils.py for tasks to queue
[2025-02-14 18:40:42,294] {logging_mixin.py:115} INFO - [2025-02-14 18:40:42,294] {dagbag.py:508} INFO - Filling up the DagBag from /home/airflow/dags/Lead_scoring_inference_pipeline/utils.py
[2025-02-14 18:40:43,078] {logging_mixin.py:115} INFO - [2025-02-14 18:40:43,078] {utils.py:145} INFO - Note: NumExpr detected 64 cores but "NUMEXPR_MAX_THREADS" not set, so enforcing safe limit of 8.
[2025-02-14 18:40:43,078] {logging_mixin.py:115} INFO - [2025-02-14 18:40:43,078] {utils.py:157} INFO - NumExpr defaulting to 8 threads.
[2025-02-14 18:40:43,244] {processor.py:653} WARNING - No viable dags retrieved from /home/airflow/dags/Lead_scoring_inference_pipeline/utils.py
[2025-02-14 18:40:43,253] {processor.py:161} INFO - Processing /home/airflow/dags/Lead_scoring_inference_pipeline/utils.py took 0.964 seconds
[2025-02-14 18:41:43,917] {processor.py:153} INFO - Started process (PID=1118) to work on /home/airflow/dags/Lead_scoring_inference_pipeline/utils.py
[2025-02-14 18:41:43,918] {processor.py:641} INFO - Processing file /home/airflow/dags/Lead_scoring_inference_pipeline/utils.py for tasks to queue
[2025-02-14 18:41:43,918] {logging_mixin.py:115} INFO - [2025-02-14 18:41:43,918] {dagbag.py:508} INFO - Filling up the DagBag from /home/airflow/dags/Lead_scoring_inference_pipeline/utils.py
[2025-02-14 18:41:44,702] {logging_mixin.py:115} INFO - [2025-02-14 18:41:44,702] {utils.py:145} INFO - Note: NumExpr detected 64 cores but "NUMEXPR_MAX_THREADS" not set, so enforcing safe limit of 8.
[2025-02-14 18:41:44,703] {logging_mixin.py:115} INFO - [2025-02-14 18:41:44,703] {utils.py:157} INFO - NumExpr defaulting to 8 threads.
[2025-02-14 18:41:44,868] {processor.py:653} WARNING - No viable dags retrieved from /home/airflow/dags/Lead_scoring_inference_pipeline/utils.py
[2025-02-14 18:41:44,877] {processor.py:161} INFO - Processing /home/airflow/dags/Lead_scoring_inference_pipeline/utils.py took 0.964 seconds
[2025-02-14 18:42:48,561] {processor.py:153} INFO - Started process (PID=1230) to work on /home/airflow/dags/Lead_scoring_inference_pipeline/utils.py
[2025-02-14 18:42:48,563] {processor.py:641} INFO - Processing file /home/airflow/dags/Lead_scoring_inference_pipeline/utils.py for tasks to queue
[2025-02-14 18:42:48,563] {logging_mixin.py:115} INFO - [2025-02-14 18:42:48,563] {dagbag.py:508} INFO - Filling up the DagBag from /home/airflow/dags/Lead_scoring_inference_pipeline/utils.py
[2025-02-14 18:42:49,333] {logging_mixin.py:115} INFO - [2025-02-14 18:42:49,333] {utils.py:145} INFO - Note: NumExpr detected 64 cores but "NUMEXPR_MAX_THREADS" not set, so enforcing safe limit of 8.
[2025-02-14 18:42:49,333] {logging_mixin.py:115} INFO - [2025-02-14 18:42:49,333] {utils.py:157} INFO - NumExpr defaulting to 8 threads.
[2025-02-14 18:42:49,498] {processor.py:653} WARNING - No viable dags retrieved from /home/airflow/dags/Lead_scoring_inference_pipeline/utils.py
[2025-02-14 18:42:49,506] {processor.py:161} INFO - Processing /home/airflow/dags/Lead_scoring_inference_pipeline/utils.py took 0.949 seconds
[2025-02-14 18:43:24,588] {processor.py:153} INFO - Started process (PID=1317) to work on /home/airflow/dags/Lead_scoring_inference_pipeline/utils.py
[2025-02-14 18:43:24,590] {processor.py:641} INFO - Processing file /home/airflow/dags/Lead_scoring_inference_pipeline/utils.py for tasks to queue
[2025-02-14 18:43:24,590] {logging_mixin.py:115} INFO - [2025-02-14 18:43:24,590] {dagbag.py:508} INFO - Filling up the DagBag from /home/airflow/dags/Lead_scoring_inference_pipeline/utils.py
[2025-02-14 18:43:25,375] {logging_mixin.py:115} INFO - [2025-02-14 18:43:25,375] {utils.py:145} INFO - Note: NumExpr detected 64 cores but "NUMEXPR_MAX_THREADS" not set, so enforcing safe limit of 8.
[2025-02-14 18:43:25,375] {logging_mixin.py:115} INFO - [2025-02-14 18:43:25,375] {utils.py:157} INFO - NumExpr defaulting to 8 threads.
[2025-02-14 18:43:25,541] {processor.py:653} WARNING - No viable dags retrieved from /home/airflow/dags/Lead_scoring_inference_pipeline/utils.py
[2025-02-14 18:43:25,550] {processor.py:161} INFO - Processing /home/airflow/dags/Lead_scoring_inference_pipeline/utils.py took 0.965 seconds
[2025-02-14 18:44:24,305] {processor.py:153} INFO - Started process (PID=1431) to work on /home/airflow/dags/Lead_scoring_inference_pipeline/utils.py
[2025-02-14 18:44:24,306] {processor.py:641} INFO - Processing file /home/airflow/dags/Lead_scoring_inference_pipeline/utils.py for tasks to queue
[2025-02-14 18:44:24,307] {logging_mixin.py:115} INFO - [2025-02-14 18:44:24,307] {dagbag.py:508} INFO - Filling up the DagBag from /home/airflow/dags/Lead_scoring_inference_pipeline/utils.py
[2025-02-14 18:44:25,009] {logging_mixin.py:115} INFO - [2025-02-14 18:44:25,009] {utils.py:145} INFO - Note: NumExpr detected 64 cores but "NUMEXPR_MAX_THREADS" not set, so enforcing safe limit of 8.
[2025-02-14 18:44:25,009] {logging_mixin.py:115} INFO - [2025-02-14 18:44:25,009] {utils.py:157} INFO - NumExpr defaulting to 8 threads.
[2025-02-14 18:44:25,174] {processor.py:653} WARNING - No viable dags retrieved from /home/airflow/dags/Lead_scoring_inference_pipeline/utils.py
[2025-02-14 18:44:25,186] {processor.py:161} INFO - Processing /home/airflow/dags/Lead_scoring_inference_pipeline/utils.py took 0.885 seconds
[2025-02-14 18:45:19,653] {processor.py:153} INFO - Started process (PID=1541) to work on /home/airflow/dags/Lead_scoring_inference_pipeline/utils.py
[2025-02-14 18:45:19,654] {processor.py:641} INFO - Processing file /home/airflow/dags/Lead_scoring_inference_pipeline/utils.py for tasks to queue
[2025-02-14 18:45:19,655] {logging_mixin.py:115} INFO - [2025-02-14 18:45:19,655] {dagbag.py:508} INFO - Filling up the DagBag from /home/airflow/dags/Lead_scoring_inference_pipeline/utils.py
[2025-02-14 18:45:20,350] {logging_mixin.py:115} INFO - [2025-02-14 18:45:20,350] {utils.py:145} INFO - Note: NumExpr detected 64 cores but "NUMEXPR_MAX_THREADS" not set, so enforcing safe limit of 8.
[2025-02-14 18:45:20,350] {logging_mixin.py:115} INFO - [2025-02-14 18:45:20,350] {utils.py:157} INFO - NumExpr defaulting to 8 threads.
[2025-02-14 18:45:20,516] {processor.py:653} WARNING - No viable dags retrieved from /home/airflow/dags/Lead_scoring_inference_pipeline/utils.py
[2025-02-14 18:45:20,525] {processor.py:161} INFO - Processing /home/airflow/dags/Lead_scoring_inference_pipeline/utils.py took 0.875 seconds
[2025-02-14 18:46:11,281] {processor.py:153} INFO - Started process (PID=1648) to work on /home/airflow/dags/Lead_scoring_inference_pipeline/utils.py
[2025-02-14 18:46:11,283] {processor.py:641} INFO - Processing file /home/airflow/dags/Lead_scoring_inference_pipeline/utils.py for tasks to queue
[2025-02-14 18:46:11,284] {logging_mixin.py:115} INFO - [2025-02-14 18:46:11,284] {dagbag.py:508} INFO - Filling up the DagBag from /home/airflow/dags/Lead_scoring_inference_pipeline/utils.py
[2025-02-14 18:46:11,986] {logging_mixin.py:115} INFO - [2025-02-14 18:46:11,986] {utils.py:145} INFO - Note: NumExpr detected 64 cores but "NUMEXPR_MAX_THREADS" not set, so enforcing safe limit of 8.
[2025-02-14 18:46:11,986] {logging_mixin.py:115} INFO - [2025-02-14 18:46:11,986] {utils.py:157} INFO - NumExpr defaulting to 8 threads.
[2025-02-14 18:46:12,151] {processor.py:653} WARNING - No viable dags retrieved from /home/airflow/dags/Lead_scoring_inference_pipeline/utils.py
[2025-02-14 18:46:12,160] {processor.py:161} INFO - Processing /home/airflow/dags/Lead_scoring_inference_pipeline/utils.py took 0.881 seconds
[2025-02-14 18:49:12,241] {processor.py:153} INFO - Started process (PID=1789) to work on /home/airflow/dags/Lead_scoring_inference_pipeline/utils.py
[2025-02-14 18:49:12,243] {processor.py:641} INFO - Processing file /home/airflow/dags/Lead_scoring_inference_pipeline/utils.py for tasks to queue
[2025-02-14 18:49:12,244] {logging_mixin.py:115} INFO - [2025-02-14 18:49:12,244] {dagbag.py:508} INFO - Filling up the DagBag from /home/airflow/dags/Lead_scoring_inference_pipeline/utils.py
[2025-02-14 18:49:12,976] {logging_mixin.py:115} INFO - [2025-02-14 18:49:12,976] {utils.py:145} INFO - Note: NumExpr detected 64 cores but "NUMEXPR_MAX_THREADS" not set, so enforcing safe limit of 8.
[2025-02-14 18:49:12,976] {logging_mixin.py:115} INFO - [2025-02-14 18:49:12,976] {utils.py:157} INFO - NumExpr defaulting to 8 threads.
[2025-02-14 18:49:13,143] {processor.py:653} WARNING - No viable dags retrieved from /home/airflow/dags/Lead_scoring_inference_pipeline/utils.py
[2025-02-14 18:49:13,152] {processor.py:161} INFO - Processing /home/airflow/dags/Lead_scoring_inference_pipeline/utils.py took 0.914 seconds
[2025-02-14 18:51:36,497] {processor.py:153} INFO - Started process (PID=1950) to work on /home/airflow/dags/Lead_scoring_inference_pipeline/utils.py
[2025-02-14 18:51:36,498] {processor.py:641} INFO - Processing file /home/airflow/dags/Lead_scoring_inference_pipeline/utils.py for tasks to queue
[2025-02-14 18:51:36,499] {logging_mixin.py:115} INFO - [2025-02-14 18:51:36,499] {dagbag.py:508} INFO - Filling up the DagBag from /home/airflow/dags/Lead_scoring_inference_pipeline/utils.py
[2025-02-14 18:51:37,204] {logging_mixin.py:115} INFO - [2025-02-14 18:51:37,204] {utils.py:145} INFO - Note: NumExpr detected 64 cores but "NUMEXPR_MAX_THREADS" not set, so enforcing safe limit of 8.
[2025-02-14 18:51:37,204] {logging_mixin.py:115} INFO - [2025-02-14 18:51:37,204] {utils.py:157} INFO - NumExpr defaulting to 8 threads.
[2025-02-14 18:51:37,370] {processor.py:653} WARNING - No viable dags retrieved from /home/airflow/dags/Lead_scoring_inference_pipeline/utils.py
[2025-02-14 18:51:37,379] {processor.py:161} INFO - Processing /home/airflow/dags/Lead_scoring_inference_pipeline/utils.py took 0.885 seconds
[2025-02-14 18:52:43,997] {processor.py:153} INFO - Started process (PID=1979) to work on /home/airflow/dags/Lead_scoring_inference_pipeline/utils.py
[2025-02-14 18:52:43,999] {processor.py:641} INFO - Processing file /home/airflow/dags/Lead_scoring_inference_pipeline/utils.py for tasks to queue
[2025-02-14 18:52:43,999] {logging_mixin.py:115} INFO - [2025-02-14 18:52:43,999] {dagbag.py:508} INFO - Filling up the DagBag from /home/airflow/dags/Lead_scoring_inference_pipeline/utils.py
[2025-02-14 18:52:44,723] {logging_mixin.py:115} INFO - [2025-02-14 18:52:44,723] {utils.py:145} INFO - Note: NumExpr detected 64 cores but "NUMEXPR_MAX_THREADS" not set, so enforcing safe limit of 8.
[2025-02-14 18:52:44,723] {logging_mixin.py:115} INFO - [2025-02-14 18:52:44,723] {utils.py:157} INFO - NumExpr defaulting to 8 threads.
[2025-02-14 18:52:44,894] {processor.py:653} WARNING - No viable dags retrieved from /home/airflow/dags/Lead_scoring_inference_pipeline/utils.py
[2025-02-14 18:52:44,902] {processor.py:161} INFO - Processing /home/airflow/dags/Lead_scoring_inference_pipeline/utils.py took 0.908 seconds
[2025-02-14 18:53:53,281] {processor.py:153} INFO - Started process (PID=2017) to work on /home/airflow/dags/Lead_scoring_inference_pipeline/utils.py
[2025-02-14 18:53:53,283] {processor.py:641} INFO - Processing file /home/airflow/dags/Lead_scoring_inference_pipeline/utils.py for tasks to queue
[2025-02-14 18:53:53,283] {logging_mixin.py:115} INFO - [2025-02-14 18:53:53,283] {dagbag.py:508} INFO - Filling up the DagBag from /home/airflow/dags/Lead_scoring_inference_pipeline/utils.py
[2025-02-14 18:53:54,010] {logging_mixin.py:115} INFO - [2025-02-14 18:53:54,010] {utils.py:145} INFO - Note: NumExpr detected 64 cores but "NUMEXPR_MAX_THREADS" not set, so enforcing safe limit of 8.
[2025-02-14 18:53:54,010] {logging_mixin.py:115} INFO - [2025-02-14 18:53:54,010] {utils.py:157} INFO - NumExpr defaulting to 8 threads.
[2025-02-14 18:53:54,177] {processor.py:653} WARNING - No viable dags retrieved from /home/airflow/dags/Lead_scoring_inference_pipeline/utils.py
[2025-02-14 18:53:54,185] {processor.py:161} INFO - Processing /home/airflow/dags/Lead_scoring_inference_pipeline/utils.py took 0.907 seconds
[2025-02-14 18:55:06,296] {processor.py:153} INFO - Started process (PID=2254) to work on /home/airflow/dags/Lead_scoring_inference_pipeline/utils.py
[2025-02-14 18:55:06,298] {processor.py:641} INFO - Processing file /home/airflow/dags/Lead_scoring_inference_pipeline/utils.py for tasks to queue
[2025-02-14 18:55:06,298] {logging_mixin.py:115} INFO - [2025-02-14 18:55:06,298] {dagbag.py:508} INFO - Filling up the DagBag from /home/airflow/dags/Lead_scoring_inference_pipeline/utils.py
[2025-02-14 18:55:07,012] {logging_mixin.py:115} INFO - [2025-02-14 18:55:07,012] {utils.py:145} INFO - Note: NumExpr detected 64 cores but "NUMEXPR_MAX_THREADS" not set, so enforcing safe limit of 8.
[2025-02-14 18:55:07,013] {logging_mixin.py:115} INFO - [2025-02-14 18:55:07,013] {utils.py:157} INFO - NumExpr defaulting to 8 threads.
[2025-02-14 18:55:07,179] {processor.py:653} WARNING - No viable dags retrieved from /home/airflow/dags/Lead_scoring_inference_pipeline/utils.py
[2025-02-14 18:55:07,188] {processor.py:161} INFO - Processing /home/airflow/dags/Lead_scoring_inference_pipeline/utils.py took 0.895 seconds
[2025-02-14 18:57:50,252] {processor.py:153} INFO - Started process (PID=2378) to work on /home/airflow/dags/Lead_scoring_inference_pipeline/utils.py
[2025-02-14 18:57:50,254] {processor.py:641} INFO - Processing file /home/airflow/dags/Lead_scoring_inference_pipeline/utils.py for tasks to queue
[2025-02-14 18:57:50,254] {logging_mixin.py:115} INFO - [2025-02-14 18:57:50,254] {dagbag.py:508} INFO - Filling up the DagBag from /home/airflow/dags/Lead_scoring_inference_pipeline/utils.py
[2025-02-14 18:57:50,980] {logging_mixin.py:115} INFO - [2025-02-14 18:57:50,980] {utils.py:145} INFO - Note: NumExpr detected 64 cores but "NUMEXPR_MAX_THREADS" not set, so enforcing safe limit of 8.
[2025-02-14 18:57:50,981] {logging_mixin.py:115} INFO - [2025-02-14 18:57:50,981] {utils.py:157} INFO - NumExpr defaulting to 8 threads.
[2025-02-14 18:57:51,149] {processor.py:653} WARNING - No viable dags retrieved from /home/airflow/dags/Lead_scoring_inference_pipeline/utils.py
[2025-02-14 18:57:51,158] {processor.py:161} INFO - Processing /home/airflow/dags/Lead_scoring_inference_pipeline/utils.py took 0.908 seconds
[2025-02-14 18:59:59,964] {processor.py:153} INFO - Started process (PID=2419) to work on /home/airflow/dags/Lead_scoring_inference_pipeline/utils.py
[2025-02-14 18:59:59,966] {processor.py:641} INFO - Processing file /home/airflow/dags/Lead_scoring_inference_pipeline/utils.py for tasks to queue
[2025-02-14 18:59:59,966] {logging_mixin.py:115} INFO - [2025-02-14 18:59:59,966] {dagbag.py:508} INFO - Filling up the DagBag from /home/airflow/dags/Lead_scoring_inference_pipeline/utils.py
[2025-02-14 19:00:00,683] {logging_mixin.py:115} INFO - [2025-02-14 19:00:00,683] {utils.py:145} INFO - Note: NumExpr detected 64 cores but "NUMEXPR_MAX_THREADS" not set, so enforcing safe limit of 8.
[2025-02-14 19:00:00,683] {logging_mixin.py:115} INFO - [2025-02-14 19:00:00,683] {utils.py:157} INFO - NumExpr defaulting to 8 threads.
[2025-02-14 19:00:00,849] {processor.py:653} WARNING - No viable dags retrieved from /home/airflow/dags/Lead_scoring_inference_pipeline/utils.py
[2025-02-14 19:00:00,858] {processor.py:161} INFO - Processing /home/airflow/dags/Lead_scoring_inference_pipeline/utils.py took 0.897 seconds
[2025-02-14 19:01:16,672] {processor.py:153} INFO - Started process (PID=2493) to work on /home/airflow/dags/Lead_scoring_inference_pipeline/utils.py
[2025-02-14 19:01:16,674] {processor.py:641} INFO - Processing file /home/airflow/dags/Lead_scoring_inference_pipeline/utils.py for tasks to queue
[2025-02-14 19:01:16,674] {logging_mixin.py:115} INFO - [2025-02-14 19:01:16,674] {dagbag.py:508} INFO - Filling up the DagBag from /home/airflow/dags/Lead_scoring_inference_pipeline/utils.py
[2025-02-14 19:01:17,417] {logging_mixin.py:115} INFO - [2025-02-14 19:01:17,417] {utils.py:145} INFO - Note: NumExpr detected 64 cores but "NUMEXPR_MAX_THREADS" not set, so enforcing safe limit of 8.
[2025-02-14 19:01:17,417] {logging_mixin.py:115} INFO - [2025-02-14 19:01:17,417] {utils.py:157} INFO - NumExpr defaulting to 8 threads.
[2025-02-14 19:01:17,583] {processor.py:653} WARNING - No viable dags retrieved from /home/airflow/dags/Lead_scoring_inference_pipeline/utils.py
[2025-02-14 19:01:17,592] {processor.py:161} INFO - Processing /home/airflow/dags/Lead_scoring_inference_pipeline/utils.py took 0.923 seconds
[2025-02-14 19:02:37,225] {processor.py:153} INFO - Started process (PID=2582) to work on /home/airflow/dags/Lead_scoring_inference_pipeline/utils.py
[2025-02-14 19:02:37,227] {processor.py:641} INFO - Processing file /home/airflow/dags/Lead_scoring_inference_pipeline/utils.py for tasks to queue
[2025-02-14 19:02:37,228] {logging_mixin.py:115} INFO - [2025-02-14 19:02:37,227] {dagbag.py:508} INFO - Filling up the DagBag from /home/airflow/dags/Lead_scoring_inference_pipeline/utils.py
[2025-02-14 19:02:38,036] {logging_mixin.py:115} INFO - [2025-02-14 19:02:38,036] {utils.py:145} INFO - Note: NumExpr detected 64 cores but "NUMEXPR_MAX_THREADS" not set, so enforcing safe limit of 8.
[2025-02-14 19:02:38,036] {logging_mixin.py:115} INFO - [2025-02-14 19:02:38,036] {utils.py:157} INFO - NumExpr defaulting to 8 threads.
[2025-02-14 19:02:38,208] {processor.py:653} WARNING - No viable dags retrieved from /home/airflow/dags/Lead_scoring_inference_pipeline/utils.py
[2025-02-14 19:02:38,217] {processor.py:161} INFO - Processing /home/airflow/dags/Lead_scoring_inference_pipeline/utils.py took 0.994 seconds
[2025-02-14 19:03:39,377] {processor.py:153} INFO - Started process (PID=2730) to work on /home/airflow/dags/Lead_scoring_inference_pipeline/utils.py
[2025-02-14 19:03:39,379] {processor.py:641} INFO - Processing file /home/airflow/dags/Lead_scoring_inference_pipeline/utils.py for tasks to queue
[2025-02-14 19:03:39,380] {logging_mixin.py:115} INFO - [2025-02-14 19:03:39,380] {dagbag.py:508} INFO - Filling up the DagBag from /home/airflow/dags/Lead_scoring_inference_pipeline/utils.py
[2025-02-14 19:03:40,165] {logging_mixin.py:115} INFO - [2025-02-14 19:03:40,165] {utils.py:145} INFO - Note: NumExpr detected 64 cores but "NUMEXPR_MAX_THREADS" not set, so enforcing safe limit of 8.
[2025-02-14 19:03:40,165] {logging_mixin.py:115} INFO - [2025-02-14 19:03:40,165] {utils.py:157} INFO - NumExpr defaulting to 8 threads.
[2025-02-14 19:03:40,332] {processor.py:653} WARNING - No viable dags retrieved from /home/airflow/dags/Lead_scoring_inference_pipeline/utils.py
[2025-02-14 19:03:40,340] {processor.py:161} INFO - Processing /home/airflow/dags/Lead_scoring_inference_pipeline/utils.py took 0.966 seconds
[2025-02-14 19:04:41,904] {processor.py:153} INFO - Started process (PID=2843) to work on /home/airflow/dags/Lead_scoring_inference_pipeline/utils.py
[2025-02-14 19:04:41,906] {processor.py:641} INFO - Processing file /home/airflow/dags/Lead_scoring_inference_pipeline/utils.py for tasks to queue
[2025-02-14 19:04:41,906] {logging_mixin.py:115} INFO - [2025-02-14 19:04:41,906] {dagbag.py:508} INFO - Filling up the DagBag from /home/airflow/dags/Lead_scoring_inference_pipeline/utils.py
[2025-02-14 19:04:42,721] {logging_mixin.py:115} INFO - [2025-02-14 19:04:42,721] {utils.py:145} INFO - Note: NumExpr detected 64 cores but "NUMEXPR_MAX_THREADS" not set, so enforcing safe limit of 8.
[2025-02-14 19:04:42,722] {logging_mixin.py:115} INFO - [2025-02-14 19:04:42,722] {utils.py:157} INFO - NumExpr defaulting to 8 threads.
[2025-02-14 19:04:42,894] {processor.py:653} WARNING - No viable dags retrieved from /home/airflow/dags/Lead_scoring_inference_pipeline/utils.py
[2025-02-14 19:04:42,903] {processor.py:161} INFO - Processing /home/airflow/dags/Lead_scoring_inference_pipeline/utils.py took 1.002 seconds
[2025-02-14 19:05:47,937] {processor.py:153} INFO - Started process (PID=2957) to work on /home/airflow/dags/Lead_scoring_inference_pipeline/utils.py
[2025-02-14 19:05:47,938] {processor.py:641} INFO - Processing file /home/airflow/dags/Lead_scoring_inference_pipeline/utils.py for tasks to queue
[2025-02-14 19:05:47,939] {logging_mixin.py:115} INFO - [2025-02-14 19:05:47,939] {dagbag.py:508} INFO - Filling up the DagBag from /home/airflow/dags/Lead_scoring_inference_pipeline/utils.py
[2025-02-14 19:05:48,737] {logging_mixin.py:115} INFO - [2025-02-14 19:05:48,737] {utils.py:145} INFO - Note: NumExpr detected 64 cores but "NUMEXPR_MAX_THREADS" not set, so enforcing safe limit of 8.
[2025-02-14 19:05:48,737] {logging_mixin.py:115} INFO - [2025-02-14 19:05:48,737] {utils.py:157} INFO - NumExpr defaulting to 8 threads.
[2025-02-14 19:05:48,906] {processor.py:653} WARNING - No viable dags retrieved from /home/airflow/dags/Lead_scoring_inference_pipeline/utils.py
[2025-02-14 19:05:48,915] {processor.py:161} INFO - Processing /home/airflow/dags/Lead_scoring_inference_pipeline/utils.py took 0.981 seconds
[2025-02-14 19:06:52,921] {processor.py:153} INFO - Started process (PID=3071) to work on /home/airflow/dags/Lead_scoring_inference_pipeline/utils.py
[2025-02-14 19:06:52,923] {processor.py:641} INFO - Processing file /home/airflow/dags/Lead_scoring_inference_pipeline/utils.py for tasks to queue
[2025-02-14 19:06:52,923] {logging_mixin.py:115} INFO - [2025-02-14 19:06:52,923] {dagbag.py:508} INFO - Filling up the DagBag from /home/airflow/dags/Lead_scoring_inference_pipeline/utils.py
[2025-02-14 19:06:53,715] {logging_mixin.py:115} INFO - [2025-02-14 19:06:53,715] {utils.py:145} INFO - Note: NumExpr detected 64 cores but "NUMEXPR_MAX_THREADS" not set, so enforcing safe limit of 8.
[2025-02-14 19:06:53,715] {logging_mixin.py:115} INFO - [2025-02-14 19:06:53,715] {utils.py:157} INFO - NumExpr defaulting to 8 threads.
[2025-02-14 19:06:53,884] {processor.py:653} WARNING - No viable dags retrieved from /home/airflow/dags/Lead_scoring_inference_pipeline/utils.py
[2025-02-14 19:06:53,892] {processor.py:161} INFO - Processing /home/airflow/dags/Lead_scoring_inference_pipeline/utils.py took 0.974 seconds
[2025-02-14 19:07:26,288] {processor.py:153} INFO - Started process (PID=3158) to work on /home/airflow/dags/Lead_scoring_inference_pipeline/utils.py
[2025-02-14 19:07:26,288] {processor.py:641} INFO - Processing file /home/airflow/dags/Lead_scoring_inference_pipeline/utils.py for tasks to queue
[2025-02-14 19:07:26,289] {logging_mixin.py:115} INFO - [2025-02-14 19:07:26,289] {dagbag.py:508} INFO - Filling up the DagBag from /home/airflow/dags/Lead_scoring_inference_pipeline/utils.py
[2025-02-14 19:07:27,061] {logging_mixin.py:115} INFO - [2025-02-14 19:07:27,061] {utils.py:145} INFO - Note: NumExpr detected 64 cores but "NUMEXPR_MAX_THREADS" not set, so enforcing safe limit of 8.
[2025-02-14 19:07:27,061] {logging_mixin.py:115} INFO - [2025-02-14 19:07:27,061] {utils.py:157} INFO - NumExpr defaulting to 8 threads.
[2025-02-14 19:07:27,225] {processor.py:653} WARNING - No viable dags retrieved from /home/airflow/dags/Lead_scoring_inference_pipeline/utils.py
[2025-02-14 19:07:27,233] {processor.py:161} INFO - Processing /home/airflow/dags/Lead_scoring_inference_pipeline/utils.py took 0.948 seconds
[2025-02-14 19:08:24,357] {processor.py:153} INFO - Started process (PID=3270) to work on /home/airflow/dags/Lead_scoring_inference_pipeline/utils.py
[2025-02-14 19:08:24,358] {processor.py:641} INFO - Processing file /home/airflow/dags/Lead_scoring_inference_pipeline/utils.py for tasks to queue
[2025-02-14 19:08:24,359] {logging_mixin.py:115} INFO - [2025-02-14 19:08:24,359] {dagbag.py:508} INFO - Filling up the DagBag from /home/airflow/dags/Lead_scoring_inference_pipeline/utils.py
[2025-02-14 19:08:25,074] {logging_mixin.py:115} INFO - [2025-02-14 19:08:25,074] {utils.py:145} INFO - Note: NumExpr detected 64 cores but "NUMEXPR_MAX_THREADS" not set, so enforcing safe limit of 8.
[2025-02-14 19:08:25,075] {logging_mixin.py:115} INFO - [2025-02-14 19:08:25,075] {utils.py:157} INFO - NumExpr defaulting to 8 threads.
[2025-02-14 19:08:25,243] {processor.py:653} WARNING - No viable dags retrieved from /home/airflow/dags/Lead_scoring_inference_pipeline/utils.py
[2025-02-14 19:08:25,251] {processor.py:161} INFO - Processing /home/airflow/dags/Lead_scoring_inference_pipeline/utils.py took 0.897 seconds
[2025-02-14 19:09:20,540] {processor.py:153} INFO - Started process (PID=3381) to work on /home/airflow/dags/Lead_scoring_inference_pipeline/utils.py
[2025-02-14 19:09:20,541] {processor.py:641} INFO - Processing file /home/airflow/dags/Lead_scoring_inference_pipeline/utils.py for tasks to queue
[2025-02-14 19:09:20,542] {logging_mixin.py:115} INFO - [2025-02-14 19:09:20,542] {dagbag.py:508} INFO - Filling up the DagBag from /home/airflow/dags/Lead_scoring_inference_pipeline/utils.py
[2025-02-14 19:09:21,247] {logging_mixin.py:115} INFO - [2025-02-14 19:09:21,247] {utils.py:145} INFO - Note: NumExpr detected 64 cores but "NUMEXPR_MAX_THREADS" not set, so enforcing safe limit of 8.
[2025-02-14 19:09:21,247] {logging_mixin.py:115} INFO - [2025-02-14 19:09:21,247] {utils.py:157} INFO - NumExpr defaulting to 8 threads.
[2025-02-14 19:09:21,417] {processor.py:653} WARNING - No viable dags retrieved from /home/airflow/dags/Lead_scoring_inference_pipeline/utils.py
[2025-02-14 19:09:21,489] {processor.py:161} INFO - Processing /home/airflow/dags/Lead_scoring_inference_pipeline/utils.py took 0.952 seconds
[2025-02-14 19:10:30,461] {processor.py:153} INFO - Started process (PID=3610) to work on /home/airflow/dags/Lead_scoring_inference_pipeline/utils.py
[2025-02-14 19:10:30,462] {processor.py:641} INFO - Processing file /home/airflow/dags/Lead_scoring_inference_pipeline/utils.py for tasks to queue
[2025-02-14 19:10:30,463] {logging_mixin.py:115} INFO - [2025-02-14 19:10:30,463] {dagbag.py:508} INFO - Filling up the DagBag from /home/airflow/dags/Lead_scoring_inference_pipeline/utils.py
[2025-02-14 19:10:31,184] {logging_mixin.py:115} INFO - [2025-02-14 19:10:31,184] {utils.py:145} INFO - Note: NumExpr detected 64 cores but "NUMEXPR_MAX_THREADS" not set, so enforcing safe limit of 8.
[2025-02-14 19:10:31,184] {logging_mixin.py:115} INFO - [2025-02-14 19:10:31,184] {utils.py:157} INFO - NumExpr defaulting to 8 threads.
[2025-02-14 19:10:31,353] {processor.py:653} WARNING - No viable dags retrieved from /home/airflow/dags/Lead_scoring_inference_pipeline/utils.py
[2025-02-14 19:10:31,362] {processor.py:161} INFO - Processing /home/airflow/dags/Lead_scoring_inference_pipeline/utils.py took 0.904 seconds
[2025-02-14 19:11:58,494] {processor.py:153} INFO - Started process (PID=3709) to work on /home/airflow/dags/Lead_scoring_inference_pipeline/utils.py
[2025-02-14 19:11:58,495] {processor.py:641} INFO - Processing file /home/airflow/dags/Lead_scoring_inference_pipeline/utils.py for tasks to queue
[2025-02-14 19:11:58,496] {logging_mixin.py:115} INFO - [2025-02-14 19:11:58,495] {dagbag.py:508} INFO - Filling up the DagBag from /home/airflow/dags/Lead_scoring_inference_pipeline/utils.py
[2025-02-14 19:11:59,216] {logging_mixin.py:115} INFO - [2025-02-14 19:11:59,216] {utils.py:145} INFO - Note: NumExpr detected 64 cores but "NUMEXPR_MAX_THREADS" not set, so enforcing safe limit of 8.
[2025-02-14 19:11:59,217] {logging_mixin.py:115} INFO - [2025-02-14 19:11:59,216] {utils.py:157} INFO - NumExpr defaulting to 8 threads.
[2025-02-14 19:11:59,497] {processor.py:653} WARNING - No viable dags retrieved from /home/airflow/dags/Lead_scoring_inference_pipeline/utils.py
[2025-02-14 19:11:59,506] {processor.py:161} INFO - Processing /home/airflow/dags/Lead_scoring_inference_pipeline/utils.py took 1.015 seconds
