[2025-02-14 18:54:28,045] {taskinstance.py:1179} INFO - Dependencies all met for <TaskInstance: TK_Lead_Scoring_Data_Engineering_Pipeline.loading_data manual__2025-02-14T18:54:19.179278+00:00 [queued]>
[2025-02-14 18:54:28,049] {taskinstance.py:1179} INFO - Dependencies all met for <TaskInstance: TK_Lead_Scoring_Data_Engineering_Pipeline.loading_data manual__2025-02-14T18:54:19.179278+00:00 [queued]>
[2025-02-14 18:54:28,049] {taskinstance.py:1376} INFO - 
--------------------------------------------------------------------------------
[2025-02-14 18:54:28,050] {taskinstance.py:1377} INFO - Starting attempt 1 of 2
[2025-02-14 18:54:28,050] {taskinstance.py:1378} INFO - 
--------------------------------------------------------------------------------
[2025-02-14 18:54:28,077] {taskinstance.py:1397} INFO - Executing <Task(PythonOperator): loading_data> on 2025-02-14 18:54:19.179278+00:00
[2025-02-14 18:54:28,081] {standard_task_runner.py:52} INFO - Started process 2151 to run task
[2025-02-14 18:54:28,085] {standard_task_runner.py:79} INFO - Running: ['airflow', 'tasks', 'run', 'TK_Lead_Scoring_Data_Engineering_Pipeline', 'loading_data', 'manual__2025-02-14T18:54:19.179278+00:00', '--job-id', '66', '--raw', '--subdir', 'DAGS_FOLDER/Lead_scoring_data_pipeline/.ipynb_checkpoints/lead_scoring_data_pipeline-checkpoint.py', '--cfg-path', '/tmp/tmph8l037qs', '--error-file', '/tmp/tmpelnh7ecg']
[2025-02-14 18:54:28,086] {standard_task_runner.py:80} INFO - Job 66: Subtask loading_data
[2025-02-14 18:54:28,142] {task_command.py:371} INFO - Running <TaskInstance: TK_Lead_Scoring_Data_Engineering_Pipeline.loading_data manual__2025-02-14T18:54:19.179278+00:00 [running]> on host c9e5903262b9
[2025-02-14 18:54:28,221] {taskinstance.py:1589} INFO - Exporting the following env vars:
AIRFLOW_CTX_DAG_OWNER=airflow
AIRFLOW_CTX_DAG_ID=TK_Lead_Scoring_Data_Engineering_Pipeline
AIRFLOW_CTX_TASK_ID=loading_data
AIRFLOW_CTX_EXECUTION_DATE=2025-02-14T18:54:19.179278+00:00
AIRFLOW_CTX_TRY_NUMBER=1
AIRFLOW_CTX_DAG_RUN_ID=manual__2025-02-14T18:54:19.179278+00:00
[2025-02-14 18:54:28,947] {python.py:173} INFO - Done. Returned value was: None
[2025-02-14 18:54:28,953] {taskinstance.py:1415} INFO - Marking task as SUCCESS. dag_id=TK_Lead_Scoring_Data_Engineering_Pipeline, task_id=loading_data, execution_date=20250214T185419, start_date=20250214T185428, end_date=20250214T185428
[2025-02-14 18:54:29,019] {local_task_job.py:156} INFO - Task exited with return code 0
[2025-02-14 18:54:29,102] {local_task_job.py:273} INFO - 1 downstream tasks scheduled from follow-on schedule check
