[2025-02-14 13:59:21,701] {processor.py:153} INFO - Started process (PID=1815) to work on /home/airflow/dags/Lead_scoring_data_pipeline/.ipynb_checkpoints/constants-checkpoint.py
[2025-02-14 13:59:21,702] {processor.py:641} INFO - Processing file /home/airflow/dags/Lead_scoring_data_pipeline/.ipynb_checkpoints/constants-checkpoint.py for tasks to queue
[2025-02-14 13:59:21,702] {logging_mixin.py:115} INFO - [2025-02-14 13:59:21,702] {dagbag.py:508} INFO - Filling up the DagBag from /home/airflow/dags/Lead_scoring_data_pipeline/.ipynb_checkpoints/constants-checkpoint.py
[2025-02-14 13:59:21,704] {processor.py:653} WARNING - No viable dags retrieved from /home/airflow/dags/Lead_scoring_data_pipeline/.ipynb_checkpoints/constants-checkpoint.py
[2025-02-14 13:59:21,715] {processor.py:161} INFO - Processing /home/airflow/dags/Lead_scoring_data_pipeline/.ipynb_checkpoints/constants-checkpoint.py took 0.017 seconds
[2025-02-14 14:00:06,849] {processor.py:153} INFO - Started process (PID=1852) to work on /home/airflow/dags/Lead_scoring_data_pipeline/.ipynb_checkpoints/constants-checkpoint.py
[2025-02-14 14:00:06,850] {processor.py:641} INFO - Processing file /home/airflow/dags/Lead_scoring_data_pipeline/.ipynb_checkpoints/constants-checkpoint.py for tasks to queue
[2025-02-14 14:00:06,851] {logging_mixin.py:115} INFO - [2025-02-14 14:00:06,851] {dagbag.py:508} INFO - Filling up the DagBag from /home/airflow/dags/Lead_scoring_data_pipeline/.ipynb_checkpoints/constants-checkpoint.py
[2025-02-14 14:00:06,852] {processor.py:653} WARNING - No viable dags retrieved from /home/airflow/dags/Lead_scoring_data_pipeline/.ipynb_checkpoints/constants-checkpoint.py
[2025-02-14 14:00:06,863] {processor.py:161} INFO - Processing /home/airflow/dags/Lead_scoring_data_pipeline/.ipynb_checkpoints/constants-checkpoint.py took 0.018 seconds
[2025-02-14 14:00:43,177] {processor.py:153} INFO - Started process (PID=1880) to work on /home/airflow/dags/Lead_scoring_data_pipeline/.ipynb_checkpoints/constants-checkpoint.py
[2025-02-14 14:00:43,177] {processor.py:641} INFO - Processing file /home/airflow/dags/Lead_scoring_data_pipeline/.ipynb_checkpoints/constants-checkpoint.py for tasks to queue
[2025-02-14 14:00:43,178] {logging_mixin.py:115} INFO - [2025-02-14 14:00:43,178] {dagbag.py:508} INFO - Filling up the DagBag from /home/airflow/dags/Lead_scoring_data_pipeline/.ipynb_checkpoints/constants-checkpoint.py
[2025-02-14 14:00:43,179] {processor.py:653} WARNING - No viable dags retrieved from /home/airflow/dags/Lead_scoring_data_pipeline/.ipynb_checkpoints/constants-checkpoint.py
[2025-02-14 14:00:43,190] {processor.py:161} INFO - Processing /home/airflow/dags/Lead_scoring_data_pipeline/.ipynb_checkpoints/constants-checkpoint.py took 0.016 seconds
[2025-02-14 14:01:23,917] {processor.py:153} INFO - Started process (PID=1917) to work on /home/airflow/dags/Lead_scoring_data_pipeline/.ipynb_checkpoints/constants-checkpoint.py
[2025-02-14 14:01:23,919] {processor.py:641} INFO - Processing file /home/airflow/dags/Lead_scoring_data_pipeline/.ipynb_checkpoints/constants-checkpoint.py for tasks to queue
[2025-02-14 14:01:23,919] {logging_mixin.py:115} INFO - [2025-02-14 14:01:23,919] {dagbag.py:508} INFO - Filling up the DagBag from /home/airflow/dags/Lead_scoring_data_pipeline/.ipynb_checkpoints/constants-checkpoint.py
[2025-02-14 14:01:23,921] {processor.py:653} WARNING - No viable dags retrieved from /home/airflow/dags/Lead_scoring_data_pipeline/.ipynb_checkpoints/constants-checkpoint.py
[2025-02-14 14:01:23,931] {processor.py:161} INFO - Processing /home/airflow/dags/Lead_scoring_data_pipeline/.ipynb_checkpoints/constants-checkpoint.py took 0.018 seconds
[2025-02-14 14:01:54,616] {processor.py:153} INFO - Started process (PID=1946) to work on /home/airflow/dags/Lead_scoring_data_pipeline/.ipynb_checkpoints/constants-checkpoint.py
[2025-02-14 14:01:54,616] {processor.py:641} INFO - Processing file /home/airflow/dags/Lead_scoring_data_pipeline/.ipynb_checkpoints/constants-checkpoint.py for tasks to queue
[2025-02-14 14:01:54,617] {logging_mixin.py:115} INFO - [2025-02-14 14:01:54,617] {dagbag.py:508} INFO - Filling up the DagBag from /home/airflow/dags/Lead_scoring_data_pipeline/.ipynb_checkpoints/constants-checkpoint.py
[2025-02-14 14:01:54,618] {processor.py:653} WARNING - No viable dags retrieved from /home/airflow/dags/Lead_scoring_data_pipeline/.ipynb_checkpoints/constants-checkpoint.py
[2025-02-14 14:01:54,628] {processor.py:161} INFO - Processing /home/airflow/dags/Lead_scoring_data_pipeline/.ipynb_checkpoints/constants-checkpoint.py took 0.016 seconds
[2025-02-14 14:02:29,255] {processor.py:153} INFO - Started process (PID=1976) to work on /home/airflow/dags/Lead_scoring_data_pipeline/.ipynb_checkpoints/constants-checkpoint.py
[2025-02-14 14:02:29,257] {processor.py:641} INFO - Processing file /home/airflow/dags/Lead_scoring_data_pipeline/.ipynb_checkpoints/constants-checkpoint.py for tasks to queue
[2025-02-14 14:02:29,257] {logging_mixin.py:115} INFO - [2025-02-14 14:02:29,257] {dagbag.py:508} INFO - Filling up the DagBag from /home/airflow/dags/Lead_scoring_data_pipeline/.ipynb_checkpoints/constants-checkpoint.py
[2025-02-14 14:02:29,259] {processor.py:653} WARNING - No viable dags retrieved from /home/airflow/dags/Lead_scoring_data_pipeline/.ipynb_checkpoints/constants-checkpoint.py
[2025-02-14 14:02:29,271] {processor.py:161} INFO - Processing /home/airflow/dags/Lead_scoring_data_pipeline/.ipynb_checkpoints/constants-checkpoint.py took 0.020 seconds
[2025-02-14 14:03:03,620] {processor.py:153} INFO - Started process (PID=2007) to work on /home/airflow/dags/Lead_scoring_data_pipeline/.ipynb_checkpoints/constants-checkpoint.py
[2025-02-14 14:03:03,622] {processor.py:641} INFO - Processing file /home/airflow/dags/Lead_scoring_data_pipeline/.ipynb_checkpoints/constants-checkpoint.py for tasks to queue
[2025-02-14 14:03:03,623] {logging_mixin.py:115} INFO - [2025-02-14 14:03:03,623] {dagbag.py:508} INFO - Filling up the DagBag from /home/airflow/dags/Lead_scoring_data_pipeline/.ipynb_checkpoints/constants-checkpoint.py
[2025-02-14 14:03:03,624] {processor.py:653} WARNING - No viable dags retrieved from /home/airflow/dags/Lead_scoring_data_pipeline/.ipynb_checkpoints/constants-checkpoint.py
[2025-02-14 14:03:03,635] {processor.py:161} INFO - Processing /home/airflow/dags/Lead_scoring_data_pipeline/.ipynb_checkpoints/constants-checkpoint.py took 0.018 seconds
[2025-02-14 14:03:41,752] {processor.py:153} INFO - Started process (PID=2041) to work on /home/airflow/dags/Lead_scoring_data_pipeline/.ipynb_checkpoints/constants-checkpoint.py
[2025-02-14 14:03:41,755] {processor.py:641} INFO - Processing file /home/airflow/dags/Lead_scoring_data_pipeline/.ipynb_checkpoints/constants-checkpoint.py for tasks to queue
[2025-02-14 14:03:41,755] {logging_mixin.py:115} INFO - [2025-02-14 14:03:41,755] {dagbag.py:508} INFO - Filling up the DagBag from /home/airflow/dags/Lead_scoring_data_pipeline/.ipynb_checkpoints/constants-checkpoint.py
[2025-02-14 14:03:41,757] {processor.py:653} WARNING - No viable dags retrieved from /home/airflow/dags/Lead_scoring_data_pipeline/.ipynb_checkpoints/constants-checkpoint.py
[2025-02-14 14:03:41,767] {processor.py:161} INFO - Processing /home/airflow/dags/Lead_scoring_data_pipeline/.ipynb_checkpoints/constants-checkpoint.py took 0.018 seconds
[2025-02-14 14:05:09,977] {processor.py:153} INFO - Started process (PID=2160) to work on /home/airflow/dags/Lead_scoring_data_pipeline/.ipynb_checkpoints/constants-checkpoint.py
[2025-02-14 14:05:09,979] {processor.py:641} INFO - Processing file /home/airflow/dags/Lead_scoring_data_pipeline/.ipynb_checkpoints/constants-checkpoint.py for tasks to queue
[2025-02-14 14:05:09,980] {logging_mixin.py:115} INFO - [2025-02-14 14:05:09,980] {dagbag.py:508} INFO - Filling up the DagBag from /home/airflow/dags/Lead_scoring_data_pipeline/.ipynb_checkpoints/constants-checkpoint.py
[2025-02-14 14:05:09,981] {processor.py:653} WARNING - No viable dags retrieved from /home/airflow/dags/Lead_scoring_data_pipeline/.ipynb_checkpoints/constants-checkpoint.py
[2025-02-14 14:05:09,992] {processor.py:161} INFO - Processing /home/airflow/dags/Lead_scoring_data_pipeline/.ipynb_checkpoints/constants-checkpoint.py took 0.018 seconds
[2025-02-14 14:05:52,678] {processor.py:153} INFO - Started process (PID=2214) to work on /home/airflow/dags/Lead_scoring_data_pipeline/.ipynb_checkpoints/constants-checkpoint.py
[2025-02-14 14:05:52,680] {processor.py:641} INFO - Processing file /home/airflow/dags/Lead_scoring_data_pipeline/.ipynb_checkpoints/constants-checkpoint.py for tasks to queue
[2025-02-14 14:05:52,681] {logging_mixin.py:115} INFO - [2025-02-14 14:05:52,681] {dagbag.py:508} INFO - Filling up the DagBag from /home/airflow/dags/Lead_scoring_data_pipeline/.ipynb_checkpoints/constants-checkpoint.py
[2025-02-14 14:05:52,682] {processor.py:653} WARNING - No viable dags retrieved from /home/airflow/dags/Lead_scoring_data_pipeline/.ipynb_checkpoints/constants-checkpoint.py
[2025-02-14 14:05:52,692] {processor.py:161} INFO - Processing /home/airflow/dags/Lead_scoring_data_pipeline/.ipynb_checkpoints/constants-checkpoint.py took 0.017 seconds
[2025-02-14 14:06:36,734] {processor.py:153} INFO - Started process (PID=2268) to work on /home/airflow/dags/Lead_scoring_data_pipeline/.ipynb_checkpoints/constants-checkpoint.py
[2025-02-14 14:06:36,736] {processor.py:641} INFO - Processing file /home/airflow/dags/Lead_scoring_data_pipeline/.ipynb_checkpoints/constants-checkpoint.py for tasks to queue
[2025-02-14 14:06:36,736] {logging_mixin.py:115} INFO - [2025-02-14 14:06:36,736] {dagbag.py:508} INFO - Filling up the DagBag from /home/airflow/dags/Lead_scoring_data_pipeline/.ipynb_checkpoints/constants-checkpoint.py
[2025-02-14 14:06:36,738] {processor.py:653} WARNING - No viable dags retrieved from /home/airflow/dags/Lead_scoring_data_pipeline/.ipynb_checkpoints/constants-checkpoint.py
[2025-02-14 14:06:36,749] {processor.py:161} INFO - Processing /home/airflow/dags/Lead_scoring_data_pipeline/.ipynb_checkpoints/constants-checkpoint.py took 0.018 seconds
[2025-02-14 14:07:26,349] {processor.py:153} INFO - Started process (PID=2309) to work on /home/airflow/dags/Lead_scoring_data_pipeline/.ipynb_checkpoints/constants-checkpoint.py
[2025-02-14 14:07:26,351] {processor.py:641} INFO - Processing file /home/airflow/dags/Lead_scoring_data_pipeline/.ipynb_checkpoints/constants-checkpoint.py for tasks to queue
[2025-02-14 14:07:26,351] {logging_mixin.py:115} INFO - [2025-02-14 14:07:26,351] {dagbag.py:508} INFO - Filling up the DagBag from /home/airflow/dags/Lead_scoring_data_pipeline/.ipynb_checkpoints/constants-checkpoint.py
[2025-02-14 14:07:26,352] {processor.py:653} WARNING - No viable dags retrieved from /home/airflow/dags/Lead_scoring_data_pipeline/.ipynb_checkpoints/constants-checkpoint.py
[2025-02-14 14:07:26,363] {processor.py:161} INFO - Processing /home/airflow/dags/Lead_scoring_data_pipeline/.ipynb_checkpoints/constants-checkpoint.py took 0.017 seconds
[2025-02-14 14:07:58,313] {processor.py:153} INFO - Started process (PID=2336) to work on /home/airflow/dags/Lead_scoring_data_pipeline/.ipynb_checkpoints/constants-checkpoint.py
[2025-02-14 14:07:58,314] {processor.py:641} INFO - Processing file /home/airflow/dags/Lead_scoring_data_pipeline/.ipynb_checkpoints/constants-checkpoint.py for tasks to queue
[2025-02-14 14:07:58,315] {logging_mixin.py:115} INFO - [2025-02-14 14:07:58,315] {dagbag.py:508} INFO - Filling up the DagBag from /home/airflow/dags/Lead_scoring_data_pipeline/.ipynb_checkpoints/constants-checkpoint.py
[2025-02-14 14:07:58,316] {processor.py:653} WARNING - No viable dags retrieved from /home/airflow/dags/Lead_scoring_data_pipeline/.ipynb_checkpoints/constants-checkpoint.py
[2025-02-14 14:07:58,327] {processor.py:161} INFO - Processing /home/airflow/dags/Lead_scoring_data_pipeline/.ipynb_checkpoints/constants-checkpoint.py took 0.017 seconds
[2025-02-14 14:09:03,633] {processor.py:153} INFO - Started process (PID=2418) to work on /home/airflow/dags/Lead_scoring_data_pipeline/.ipynb_checkpoints/constants-checkpoint.py
[2025-02-14 14:09:03,635] {processor.py:641} INFO - Processing file /home/airflow/dags/Lead_scoring_data_pipeline/.ipynb_checkpoints/constants-checkpoint.py for tasks to queue
[2025-02-14 14:09:03,635] {logging_mixin.py:115} INFO - [2025-02-14 14:09:03,635] {dagbag.py:508} INFO - Filling up the DagBag from /home/airflow/dags/Lead_scoring_data_pipeline/.ipynb_checkpoints/constants-checkpoint.py
[2025-02-14 14:09:03,636] {processor.py:653} WARNING - No viable dags retrieved from /home/airflow/dags/Lead_scoring_data_pipeline/.ipynb_checkpoints/constants-checkpoint.py
[2025-02-14 14:09:03,701] {processor.py:161} INFO - Processing /home/airflow/dags/Lead_scoring_data_pipeline/.ipynb_checkpoints/constants-checkpoint.py took 0.071 seconds
[2025-02-14 14:09:46,593] {processor.py:153} INFO - Started process (PID=2456) to work on /home/airflow/dags/Lead_scoring_data_pipeline/.ipynb_checkpoints/constants-checkpoint.py
[2025-02-14 14:09:46,595] {processor.py:641} INFO - Processing file /home/airflow/dags/Lead_scoring_data_pipeline/.ipynb_checkpoints/constants-checkpoint.py for tasks to queue
[2025-02-14 14:09:46,596] {logging_mixin.py:115} INFO - [2025-02-14 14:09:46,596] {dagbag.py:508} INFO - Filling up the DagBag from /home/airflow/dags/Lead_scoring_data_pipeline/.ipynb_checkpoints/constants-checkpoint.py
[2025-02-14 14:09:46,597] {processor.py:653} WARNING - No viable dags retrieved from /home/airflow/dags/Lead_scoring_data_pipeline/.ipynb_checkpoints/constants-checkpoint.py
[2025-02-14 14:09:46,607] {processor.py:161} INFO - Processing /home/airflow/dags/Lead_scoring_data_pipeline/.ipynb_checkpoints/constants-checkpoint.py took 0.017 seconds
[2025-02-14 14:10:27,152] {processor.py:153} INFO - Started process (PID=2490) to work on /home/airflow/dags/Lead_scoring_data_pipeline/.ipynb_checkpoints/constants-checkpoint.py
[2025-02-14 14:10:27,155] {processor.py:641} INFO - Processing file /home/airflow/dags/Lead_scoring_data_pipeline/.ipynb_checkpoints/constants-checkpoint.py for tasks to queue
[2025-02-14 14:10:27,155] {logging_mixin.py:115} INFO - [2025-02-14 14:10:27,155] {dagbag.py:508} INFO - Filling up the DagBag from /home/airflow/dags/Lead_scoring_data_pipeline/.ipynb_checkpoints/constants-checkpoint.py
[2025-02-14 14:10:27,157] {processor.py:653} WARNING - No viable dags retrieved from /home/airflow/dags/Lead_scoring_data_pipeline/.ipynb_checkpoints/constants-checkpoint.py
[2025-02-14 14:10:27,167] {processor.py:161} INFO - Processing /home/airflow/dags/Lead_scoring_data_pipeline/.ipynb_checkpoints/constants-checkpoint.py took 0.017 seconds
[2025-02-14 14:11:12,849] {processor.py:153} INFO - Started process (PID=2531) to work on /home/airflow/dags/Lead_scoring_data_pipeline/.ipynb_checkpoints/constants-checkpoint.py
[2025-02-14 14:11:12,851] {processor.py:641} INFO - Processing file /home/airflow/dags/Lead_scoring_data_pipeline/.ipynb_checkpoints/constants-checkpoint.py for tasks to queue
[2025-02-14 14:11:12,851] {logging_mixin.py:115} INFO - [2025-02-14 14:11:12,851] {dagbag.py:508} INFO - Filling up the DagBag from /home/airflow/dags/Lead_scoring_data_pipeline/.ipynb_checkpoints/constants-checkpoint.py
[2025-02-14 14:11:12,853] {processor.py:653} WARNING - No viable dags retrieved from /home/airflow/dags/Lead_scoring_data_pipeline/.ipynb_checkpoints/constants-checkpoint.py
[2025-02-14 14:11:12,863] {processor.py:161} INFO - Processing /home/airflow/dags/Lead_scoring_data_pipeline/.ipynb_checkpoints/constants-checkpoint.py took 0.017 seconds
[2025-02-14 14:11:56,772] {processor.py:153} INFO - Started process (PID=2585) to work on /home/airflow/dags/Lead_scoring_data_pipeline/.ipynb_checkpoints/constants-checkpoint.py
[2025-02-14 14:11:56,774] {processor.py:641} INFO - Processing file /home/airflow/dags/Lead_scoring_data_pipeline/.ipynb_checkpoints/constants-checkpoint.py for tasks to queue
[2025-02-14 14:11:56,775] {logging_mixin.py:115} INFO - [2025-02-14 14:11:56,775] {dagbag.py:508} INFO - Filling up the DagBag from /home/airflow/dags/Lead_scoring_data_pipeline/.ipynb_checkpoints/constants-checkpoint.py
[2025-02-14 14:11:56,776] {processor.py:653} WARNING - No viable dags retrieved from /home/airflow/dags/Lead_scoring_data_pipeline/.ipynb_checkpoints/constants-checkpoint.py
[2025-02-14 14:11:56,787] {processor.py:161} INFO - Processing /home/airflow/dags/Lead_scoring_data_pipeline/.ipynb_checkpoints/constants-checkpoint.py took 0.017 seconds
[2025-02-14 14:12:35,262] {processor.py:153} INFO - Started process (PID=2635) to work on /home/airflow/dags/Lead_scoring_data_pipeline/.ipynb_checkpoints/constants-checkpoint.py
[2025-02-14 14:12:35,263] {processor.py:641} INFO - Processing file /home/airflow/dags/Lead_scoring_data_pipeline/.ipynb_checkpoints/constants-checkpoint.py for tasks to queue
[2025-02-14 14:12:35,264] {logging_mixin.py:115} INFO - [2025-02-14 14:12:35,264] {dagbag.py:508} INFO - Filling up the DagBag from /home/airflow/dags/Lead_scoring_data_pipeline/.ipynb_checkpoints/constants-checkpoint.py
[2025-02-14 14:12:35,265] {processor.py:653} WARNING - No viable dags retrieved from /home/airflow/dags/Lead_scoring_data_pipeline/.ipynb_checkpoints/constants-checkpoint.py
[2025-02-14 14:12:35,275] {processor.py:161} INFO - Processing /home/airflow/dags/Lead_scoring_data_pipeline/.ipynb_checkpoints/constants-checkpoint.py took 0.016 seconds
[2025-02-14 14:13:17,536] {processor.py:153} INFO - Started process (PID=2704) to work on /home/airflow/dags/Lead_scoring_data_pipeline/.ipynb_checkpoints/constants-checkpoint.py
[2025-02-14 14:13:17,538] {processor.py:641} INFO - Processing file /home/airflow/dags/Lead_scoring_data_pipeline/.ipynb_checkpoints/constants-checkpoint.py for tasks to queue
[2025-02-14 14:13:17,539] {logging_mixin.py:115} INFO - [2025-02-14 14:13:17,539] {dagbag.py:508} INFO - Filling up the DagBag from /home/airflow/dags/Lead_scoring_data_pipeline/.ipynb_checkpoints/constants-checkpoint.py
[2025-02-14 14:13:17,540] {processor.py:653} WARNING - No viable dags retrieved from /home/airflow/dags/Lead_scoring_data_pipeline/.ipynb_checkpoints/constants-checkpoint.py
[2025-02-14 14:13:17,551] {processor.py:161} INFO - Processing /home/airflow/dags/Lead_scoring_data_pipeline/.ipynb_checkpoints/constants-checkpoint.py took 0.017 seconds
[2025-02-14 14:14:00,055] {processor.py:153} INFO - Started process (PID=2757) to work on /home/airflow/dags/Lead_scoring_data_pipeline/.ipynb_checkpoints/constants-checkpoint.py
[2025-02-14 14:14:00,076] {processor.py:641} INFO - Processing file /home/airflow/dags/Lead_scoring_data_pipeline/.ipynb_checkpoints/constants-checkpoint.py for tasks to queue
[2025-02-14 14:14:00,076] {logging_mixin.py:115} INFO - [2025-02-14 14:14:00,076] {dagbag.py:508} INFO - Filling up the DagBag from /home/airflow/dags/Lead_scoring_data_pipeline/.ipynb_checkpoints/constants-checkpoint.py
[2025-02-14 14:14:00,077] {processor.py:653} WARNING - No viable dags retrieved from /home/airflow/dags/Lead_scoring_data_pipeline/.ipynb_checkpoints/constants-checkpoint.py
[2025-02-14 14:14:00,084] {processor.py:161} INFO - Processing /home/airflow/dags/Lead_scoring_data_pipeline/.ipynb_checkpoints/constants-checkpoint.py took 0.033 seconds
[2025-02-14 14:14:38,632] {processor.py:153} INFO - Started process (PID=2809) to work on /home/airflow/dags/Lead_scoring_data_pipeline/.ipynb_checkpoints/constants-checkpoint.py
[2025-02-14 14:14:38,634] {processor.py:641} INFO - Processing file /home/airflow/dags/Lead_scoring_data_pipeline/.ipynb_checkpoints/constants-checkpoint.py for tasks to queue
[2025-02-14 14:14:38,635] {logging_mixin.py:115} INFO - [2025-02-14 14:14:38,635] {dagbag.py:508} INFO - Filling up the DagBag from /home/airflow/dags/Lead_scoring_data_pipeline/.ipynb_checkpoints/constants-checkpoint.py
[2025-02-14 14:14:38,636] {processor.py:653} WARNING - No viable dags retrieved from /home/airflow/dags/Lead_scoring_data_pipeline/.ipynb_checkpoints/constants-checkpoint.py
[2025-02-14 14:14:38,647] {processor.py:161} INFO - Processing /home/airflow/dags/Lead_scoring_data_pipeline/.ipynb_checkpoints/constants-checkpoint.py took 0.018 seconds
[2025-02-14 14:15:19,026] {processor.py:153} INFO - Started process (PID=2863) to work on /home/airflow/dags/Lead_scoring_data_pipeline/.ipynb_checkpoints/constants-checkpoint.py
[2025-02-14 14:15:19,028] {processor.py:641} INFO - Processing file /home/airflow/dags/Lead_scoring_data_pipeline/.ipynb_checkpoints/constants-checkpoint.py for tasks to queue
[2025-02-14 14:15:19,028] {logging_mixin.py:115} INFO - [2025-02-14 14:15:19,028] {dagbag.py:508} INFO - Filling up the DagBag from /home/airflow/dags/Lead_scoring_data_pipeline/.ipynb_checkpoints/constants-checkpoint.py
[2025-02-14 14:15:19,030] {processor.py:653} WARNING - No viable dags retrieved from /home/airflow/dags/Lead_scoring_data_pipeline/.ipynb_checkpoints/constants-checkpoint.py
[2025-02-14 14:15:19,043] {processor.py:161} INFO - Processing /home/airflow/dags/Lead_scoring_data_pipeline/.ipynb_checkpoints/constants-checkpoint.py took 0.020 seconds
[2025-02-14 14:16:00,300] {processor.py:153} INFO - Started process (PID=2918) to work on /home/airflow/dags/Lead_scoring_data_pipeline/.ipynb_checkpoints/constants-checkpoint.py
[2025-02-14 14:16:00,302] {processor.py:641} INFO - Processing file /home/airflow/dags/Lead_scoring_data_pipeline/.ipynb_checkpoints/constants-checkpoint.py for tasks to queue
[2025-02-14 14:16:00,303] {logging_mixin.py:115} INFO - [2025-02-14 14:16:00,302] {dagbag.py:508} INFO - Filling up the DagBag from /home/airflow/dags/Lead_scoring_data_pipeline/.ipynb_checkpoints/constants-checkpoint.py
[2025-02-14 14:16:00,304] {processor.py:653} WARNING - No viable dags retrieved from /home/airflow/dags/Lead_scoring_data_pipeline/.ipynb_checkpoints/constants-checkpoint.py
[2025-02-14 14:16:00,315] {processor.py:161} INFO - Processing /home/airflow/dags/Lead_scoring_data_pipeline/.ipynb_checkpoints/constants-checkpoint.py took 0.017 seconds
[2025-02-14 14:16:26,958] {processor.py:153} INFO - Started process (PID=2995) to work on /home/airflow/dags/Lead_scoring_data_pipeline/.ipynb_checkpoints/constants-checkpoint.py
[2025-02-14 14:16:26,958] {processor.py:641} INFO - Processing file /home/airflow/dags/Lead_scoring_data_pipeline/.ipynb_checkpoints/constants-checkpoint.py for tasks to queue
[2025-02-14 14:16:26,959] {logging_mixin.py:115} INFO - [2025-02-14 14:16:26,959] {dagbag.py:508} INFO - Filling up the DagBag from /home/airflow/dags/Lead_scoring_data_pipeline/.ipynb_checkpoints/constants-checkpoint.py
[2025-02-14 14:16:26,960] {processor.py:653} WARNING - No viable dags retrieved from /home/airflow/dags/Lead_scoring_data_pipeline/.ipynb_checkpoints/constants-checkpoint.py
[2025-02-14 14:16:26,990] {processor.py:161} INFO - Processing /home/airflow/dags/Lead_scoring_data_pipeline/.ipynb_checkpoints/constants-checkpoint.py took 0.036 seconds
[2025-02-14 14:17:15,984] {processor.py:153} INFO - Started process (PID=3049) to work on /home/airflow/dags/Lead_scoring_data_pipeline/.ipynb_checkpoints/constants-checkpoint.py
[2025-02-14 14:17:15,986] {processor.py:641} INFO - Processing file /home/airflow/dags/Lead_scoring_data_pipeline/.ipynb_checkpoints/constants-checkpoint.py for tasks to queue
[2025-02-14 14:17:15,986] {logging_mixin.py:115} INFO - [2025-02-14 14:17:15,986] {dagbag.py:508} INFO - Filling up the DagBag from /home/airflow/dags/Lead_scoring_data_pipeline/.ipynb_checkpoints/constants-checkpoint.py
[2025-02-14 14:17:15,987] {processor.py:653} WARNING - No viable dags retrieved from /home/airflow/dags/Lead_scoring_data_pipeline/.ipynb_checkpoints/constants-checkpoint.py
[2025-02-14 14:17:15,998] {processor.py:161} INFO - Processing /home/airflow/dags/Lead_scoring_data_pipeline/.ipynb_checkpoints/constants-checkpoint.py took 0.017 seconds
[2025-02-14 14:17:59,921] {processor.py:153} INFO - Started process (PID=3103) to work on /home/airflow/dags/Lead_scoring_data_pipeline/.ipynb_checkpoints/constants-checkpoint.py
[2025-02-14 14:17:59,922] {processor.py:641} INFO - Processing file /home/airflow/dags/Lead_scoring_data_pipeline/.ipynb_checkpoints/constants-checkpoint.py for tasks to queue
[2025-02-14 14:17:59,922] {logging_mixin.py:115} INFO - [2025-02-14 14:17:59,922] {dagbag.py:508} INFO - Filling up the DagBag from /home/airflow/dags/Lead_scoring_data_pipeline/.ipynb_checkpoints/constants-checkpoint.py
[2025-02-14 14:17:59,923] {processor.py:653} WARNING - No viable dags retrieved from /home/airflow/dags/Lead_scoring_data_pipeline/.ipynb_checkpoints/constants-checkpoint.py
[2025-02-14 14:17:59,934] {processor.py:161} INFO - Processing /home/airflow/dags/Lead_scoring_data_pipeline/.ipynb_checkpoints/constants-checkpoint.py took 0.016 seconds
[2025-02-14 14:18:44,865] {processor.py:153} INFO - Started process (PID=3187) to work on /home/airflow/dags/Lead_scoring_data_pipeline/.ipynb_checkpoints/constants-checkpoint.py
[2025-02-14 14:18:44,866] {processor.py:641} INFO - Processing file /home/airflow/dags/Lead_scoring_data_pipeline/.ipynb_checkpoints/constants-checkpoint.py for tasks to queue
[2025-02-14 14:18:44,867] {logging_mixin.py:115} INFO - [2025-02-14 14:18:44,867] {dagbag.py:508} INFO - Filling up the DagBag from /home/airflow/dags/Lead_scoring_data_pipeline/.ipynb_checkpoints/constants-checkpoint.py
[2025-02-14 14:18:44,868] {processor.py:653} WARNING - No viable dags retrieved from /home/airflow/dags/Lead_scoring_data_pipeline/.ipynb_checkpoints/constants-checkpoint.py
[2025-02-14 14:18:44,879] {processor.py:161} INFO - Processing /home/airflow/dags/Lead_scoring_data_pipeline/.ipynb_checkpoints/constants-checkpoint.py took 0.017 seconds
[2025-02-14 14:20:35,681] {processor.py:153} INFO - Started process (PID=3278) to work on /home/airflow/dags/Lead_scoring_data_pipeline/.ipynb_checkpoints/constants-checkpoint.py
[2025-02-14 14:20:35,682] {processor.py:641} INFO - Processing file /home/airflow/dags/Lead_scoring_data_pipeline/.ipynb_checkpoints/constants-checkpoint.py for tasks to queue
[2025-02-14 14:20:35,683] {logging_mixin.py:115} INFO - [2025-02-14 14:20:35,683] {dagbag.py:508} INFO - Filling up the DagBag from /home/airflow/dags/Lead_scoring_data_pipeline/.ipynb_checkpoints/constants-checkpoint.py
[2025-02-14 14:20:35,684] {processor.py:653} WARNING - No viable dags retrieved from /home/airflow/dags/Lead_scoring_data_pipeline/.ipynb_checkpoints/constants-checkpoint.py
[2025-02-14 14:20:35,693] {processor.py:161} INFO - Processing /home/airflow/dags/Lead_scoring_data_pipeline/.ipynb_checkpoints/constants-checkpoint.py took 0.015 seconds
[2025-02-14 14:21:18,816] {processor.py:153} INFO - Started process (PID=3334) to work on /home/airflow/dags/Lead_scoring_data_pipeline/.ipynb_checkpoints/constants-checkpoint.py
[2025-02-14 14:21:18,818] {processor.py:641} INFO - Processing file /home/airflow/dags/Lead_scoring_data_pipeline/.ipynb_checkpoints/constants-checkpoint.py for tasks to queue
[2025-02-14 14:21:18,818] {logging_mixin.py:115} INFO - [2025-02-14 14:21:18,818] {dagbag.py:508} INFO - Filling up the DagBag from /home/airflow/dags/Lead_scoring_data_pipeline/.ipynb_checkpoints/constants-checkpoint.py
[2025-02-14 14:21:18,820] {processor.py:653} WARNING - No viable dags retrieved from /home/airflow/dags/Lead_scoring_data_pipeline/.ipynb_checkpoints/constants-checkpoint.py
[2025-02-14 14:21:18,830] {processor.py:161} INFO - Processing /home/airflow/dags/Lead_scoring_data_pipeline/.ipynb_checkpoints/constants-checkpoint.py took 0.017 seconds
[2025-02-14 14:22:05,204] {processor.py:153} INFO - Started process (PID=3388) to work on /home/airflow/dags/Lead_scoring_data_pipeline/.ipynb_checkpoints/constants-checkpoint.py
[2025-02-14 14:22:05,206] {processor.py:641} INFO - Processing file /home/airflow/dags/Lead_scoring_data_pipeline/.ipynb_checkpoints/constants-checkpoint.py for tasks to queue
[2025-02-14 14:22:05,206] {logging_mixin.py:115} INFO - [2025-02-14 14:22:05,206] {dagbag.py:508} INFO - Filling up the DagBag from /home/airflow/dags/Lead_scoring_data_pipeline/.ipynb_checkpoints/constants-checkpoint.py
[2025-02-14 14:22:05,208] {processor.py:653} WARNING - No viable dags retrieved from /home/airflow/dags/Lead_scoring_data_pipeline/.ipynb_checkpoints/constants-checkpoint.py
[2025-02-14 14:22:05,218] {processor.py:161} INFO - Processing /home/airflow/dags/Lead_scoring_data_pipeline/.ipynb_checkpoints/constants-checkpoint.py took 0.017 seconds
[2025-02-14 14:22:49,814] {processor.py:153} INFO - Started process (PID=3442) to work on /home/airflow/dags/Lead_scoring_data_pipeline/.ipynb_checkpoints/constants-checkpoint.py
[2025-02-14 14:22:49,814] {processor.py:641} INFO - Processing file /home/airflow/dags/Lead_scoring_data_pipeline/.ipynb_checkpoints/constants-checkpoint.py for tasks to queue
[2025-02-14 14:22:49,815] {logging_mixin.py:115} INFO - [2025-02-14 14:22:49,815] {dagbag.py:508} INFO - Filling up the DagBag from /home/airflow/dags/Lead_scoring_data_pipeline/.ipynb_checkpoints/constants-checkpoint.py
[2025-02-14 14:22:49,816] {processor.py:653} WARNING - No viable dags retrieved from /home/airflow/dags/Lead_scoring_data_pipeline/.ipynb_checkpoints/constants-checkpoint.py
[2025-02-14 14:22:49,827] {processor.py:161} INFO - Processing /home/airflow/dags/Lead_scoring_data_pipeline/.ipynb_checkpoints/constants-checkpoint.py took 0.017 seconds
[2025-02-14 14:23:24,610] {processor.py:153} INFO - Started process (PID=3535) to work on /home/airflow/dags/Lead_scoring_data_pipeline/.ipynb_checkpoints/constants-checkpoint.py
[2025-02-14 14:23:24,610] {processor.py:641} INFO - Processing file /home/airflow/dags/Lead_scoring_data_pipeline/.ipynb_checkpoints/constants-checkpoint.py for tasks to queue
[2025-02-14 14:23:24,610] {logging_mixin.py:115} INFO - [2025-02-14 14:23:24,610] {dagbag.py:508} INFO - Filling up the DagBag from /home/airflow/dags/Lead_scoring_data_pipeline/.ipynb_checkpoints/constants-checkpoint.py
[2025-02-14 14:23:24,612] {processor.py:653} WARNING - No viable dags retrieved from /home/airflow/dags/Lead_scoring_data_pipeline/.ipynb_checkpoints/constants-checkpoint.py
[2025-02-14 14:23:24,649] {processor.py:161} INFO - Processing /home/airflow/dags/Lead_scoring_data_pipeline/.ipynb_checkpoints/constants-checkpoint.py took 0.043 seconds
[2025-02-14 14:24:05,648] {processor.py:153} INFO - Started process (PID=3589) to work on /home/airflow/dags/Lead_scoring_data_pipeline/.ipynb_checkpoints/constants-checkpoint.py
[2025-02-14 14:24:05,649] {processor.py:641} INFO - Processing file /home/airflow/dags/Lead_scoring_data_pipeline/.ipynb_checkpoints/constants-checkpoint.py for tasks to queue
[2025-02-14 14:24:05,650] {logging_mixin.py:115} INFO - [2025-02-14 14:24:05,650] {dagbag.py:508} INFO - Filling up the DagBag from /home/airflow/dags/Lead_scoring_data_pipeline/.ipynb_checkpoints/constants-checkpoint.py
[2025-02-14 14:24:05,651] {processor.py:653} WARNING - No viable dags retrieved from /home/airflow/dags/Lead_scoring_data_pipeline/.ipynb_checkpoints/constants-checkpoint.py
[2025-02-14 14:24:05,661] {processor.py:161} INFO - Processing /home/airflow/dags/Lead_scoring_data_pipeline/.ipynb_checkpoints/constants-checkpoint.py took 0.017 seconds
[2025-02-14 14:24:44,490] {processor.py:153} INFO - Started process (PID=3639) to work on /home/airflow/dags/Lead_scoring_data_pipeline/.ipynb_checkpoints/constants-checkpoint.py
[2025-02-14 14:24:44,491] {processor.py:641} INFO - Processing file /home/airflow/dags/Lead_scoring_data_pipeline/.ipynb_checkpoints/constants-checkpoint.py for tasks to queue
[2025-02-14 14:24:44,492] {logging_mixin.py:115} INFO - [2025-02-14 14:24:44,492] {dagbag.py:508} INFO - Filling up the DagBag from /home/airflow/dags/Lead_scoring_data_pipeline/.ipynb_checkpoints/constants-checkpoint.py
[2025-02-14 14:24:44,493] {processor.py:653} WARNING - No viable dags retrieved from /home/airflow/dags/Lead_scoring_data_pipeline/.ipynb_checkpoints/constants-checkpoint.py
[2025-02-14 14:24:44,504] {processor.py:161} INFO - Processing /home/airflow/dags/Lead_scoring_data_pipeline/.ipynb_checkpoints/constants-checkpoint.py took 0.017 seconds
[2025-02-14 14:25:31,276] {processor.py:153} INFO - Started process (PID=3693) to work on /home/airflow/dags/Lead_scoring_data_pipeline/.ipynb_checkpoints/constants-checkpoint.py
[2025-02-14 14:25:31,278] {processor.py:641} INFO - Processing file /home/airflow/dags/Lead_scoring_data_pipeline/.ipynb_checkpoints/constants-checkpoint.py for tasks to queue
[2025-02-14 14:25:31,279] {logging_mixin.py:115} INFO - [2025-02-14 14:25:31,279] {dagbag.py:508} INFO - Filling up the DagBag from /home/airflow/dags/Lead_scoring_data_pipeline/.ipynb_checkpoints/constants-checkpoint.py
[2025-02-14 14:25:31,280] {processor.py:653} WARNING - No viable dags retrieved from /home/airflow/dags/Lead_scoring_data_pipeline/.ipynb_checkpoints/constants-checkpoint.py
[2025-02-14 14:25:31,291] {processor.py:161} INFO - Processing /home/airflow/dags/Lead_scoring_data_pipeline/.ipynb_checkpoints/constants-checkpoint.py took 0.018 seconds
[2025-02-14 14:26:14,376] {processor.py:153} INFO - Started process (PID=3747) to work on /home/airflow/dags/Lead_scoring_data_pipeline/.ipynb_checkpoints/constants-checkpoint.py
[2025-02-14 14:26:14,377] {processor.py:641} INFO - Processing file /home/airflow/dags/Lead_scoring_data_pipeline/.ipynb_checkpoints/constants-checkpoint.py for tasks to queue
[2025-02-14 14:26:14,378] {logging_mixin.py:115} INFO - [2025-02-14 14:26:14,378] {dagbag.py:508} INFO - Filling up the DagBag from /home/airflow/dags/Lead_scoring_data_pipeline/.ipynb_checkpoints/constants-checkpoint.py
[2025-02-14 14:26:14,379] {processor.py:653} WARNING - No viable dags retrieved from /home/airflow/dags/Lead_scoring_data_pipeline/.ipynb_checkpoints/constants-checkpoint.py
[2025-02-14 14:26:14,389] {processor.py:161} INFO - Processing /home/airflow/dags/Lead_scoring_data_pipeline/.ipynb_checkpoints/constants-checkpoint.py took 0.017 seconds
[2025-02-14 14:26:55,208] {processor.py:153} INFO - Started process (PID=3798) to work on /home/airflow/dags/Lead_scoring_data_pipeline/.ipynb_checkpoints/constants-checkpoint.py
[2025-02-14 14:26:55,210] {processor.py:641} INFO - Processing file /home/airflow/dags/Lead_scoring_data_pipeline/.ipynb_checkpoints/constants-checkpoint.py for tasks to queue
[2025-02-14 14:26:55,211] {logging_mixin.py:115} INFO - [2025-02-14 14:26:55,210] {dagbag.py:508} INFO - Filling up the DagBag from /home/airflow/dags/Lead_scoring_data_pipeline/.ipynb_checkpoints/constants-checkpoint.py
[2025-02-14 14:26:55,212] {processor.py:653} WARNING - No viable dags retrieved from /home/airflow/dags/Lead_scoring_data_pipeline/.ipynb_checkpoints/constants-checkpoint.py
[2025-02-14 14:26:55,222] {processor.py:161} INFO - Processing /home/airflow/dags/Lead_scoring_data_pipeline/.ipynb_checkpoints/constants-checkpoint.py took 0.016 seconds
[2025-02-14 14:27:40,185] {processor.py:153} INFO - Started process (PID=3852) to work on /home/airflow/dags/Lead_scoring_data_pipeline/.ipynb_checkpoints/constants-checkpoint.py
[2025-02-14 14:27:40,185] {processor.py:641} INFO - Processing file /home/airflow/dags/Lead_scoring_data_pipeline/.ipynb_checkpoints/constants-checkpoint.py for tasks to queue
[2025-02-14 14:27:40,186] {logging_mixin.py:115} INFO - [2025-02-14 14:27:40,186] {dagbag.py:508} INFO - Filling up the DagBag from /home/airflow/dags/Lead_scoring_data_pipeline/.ipynb_checkpoints/constants-checkpoint.py
[2025-02-14 14:27:40,187] {processor.py:653} WARNING - No viable dags retrieved from /home/airflow/dags/Lead_scoring_data_pipeline/.ipynb_checkpoints/constants-checkpoint.py
[2025-02-14 14:27:40,197] {processor.py:161} INFO - Processing /home/airflow/dags/Lead_scoring_data_pipeline/.ipynb_checkpoints/constants-checkpoint.py took 0.016 seconds
[2025-02-14 14:28:24,692] {processor.py:153} INFO - Started process (PID=3906) to work on /home/airflow/dags/Lead_scoring_data_pipeline/.ipynb_checkpoints/constants-checkpoint.py
[2025-02-14 14:28:24,694] {processor.py:641} INFO - Processing file /home/airflow/dags/Lead_scoring_data_pipeline/.ipynb_checkpoints/constants-checkpoint.py for tasks to queue
[2025-02-14 14:28:24,694] {logging_mixin.py:115} INFO - [2025-02-14 14:28:24,694] {dagbag.py:508} INFO - Filling up the DagBag from /home/airflow/dags/Lead_scoring_data_pipeline/.ipynb_checkpoints/constants-checkpoint.py
[2025-02-14 14:28:24,695] {processor.py:653} WARNING - No viable dags retrieved from /home/airflow/dags/Lead_scoring_data_pipeline/.ipynb_checkpoints/constants-checkpoint.py
[2025-02-14 14:28:24,706] {processor.py:161} INFO - Processing /home/airflow/dags/Lead_scoring_data_pipeline/.ipynb_checkpoints/constants-checkpoint.py took 0.017 seconds
[2025-02-14 14:29:06,725] {processor.py:153} INFO - Started process (PID=3960) to work on /home/airflow/dags/Lead_scoring_data_pipeline/.ipynb_checkpoints/constants-checkpoint.py
[2025-02-14 14:29:06,727] {processor.py:641} INFO - Processing file /home/airflow/dags/Lead_scoring_data_pipeline/.ipynb_checkpoints/constants-checkpoint.py for tasks to queue
[2025-02-14 14:29:06,727] {logging_mixin.py:115} INFO - [2025-02-14 14:29:06,727] {dagbag.py:508} INFO - Filling up the DagBag from /home/airflow/dags/Lead_scoring_data_pipeline/.ipynb_checkpoints/constants-checkpoint.py
[2025-02-14 14:29:06,729] {processor.py:653} WARNING - No viable dags retrieved from /home/airflow/dags/Lead_scoring_data_pipeline/.ipynb_checkpoints/constants-checkpoint.py
[2025-02-14 14:29:06,739] {processor.py:161} INFO - Processing /home/airflow/dags/Lead_scoring_data_pipeline/.ipynb_checkpoints/constants-checkpoint.py took 0.017 seconds
[2025-02-14 14:29:37,689] {processor.py:153} INFO - Started process (PID=4006) to work on /home/airflow/dags/Lead_scoring_data_pipeline/.ipynb_checkpoints/constants-checkpoint.py
[2025-02-14 14:29:37,689] {processor.py:641} INFO - Processing file /home/airflow/dags/Lead_scoring_data_pipeline/.ipynb_checkpoints/constants-checkpoint.py for tasks to queue
[2025-02-14 14:29:37,689] {logging_mixin.py:115} INFO - [2025-02-14 14:29:37,689] {dagbag.py:508} INFO - Filling up the DagBag from /home/airflow/dags/Lead_scoring_data_pipeline/.ipynb_checkpoints/constants-checkpoint.py
[2025-02-14 14:29:37,691] {processor.py:653} WARNING - No viable dags retrieved from /home/airflow/dags/Lead_scoring_data_pipeline/.ipynb_checkpoints/constants-checkpoint.py
[2025-02-14 14:29:37,701] {processor.py:161} INFO - Processing /home/airflow/dags/Lead_scoring_data_pipeline/.ipynb_checkpoints/constants-checkpoint.py took 0.016 seconds
[2025-02-14 14:30:09,492] {processor.py:153} INFO - Started process (PID=4052) to work on /home/airflow/dags/Lead_scoring_data_pipeline/.ipynb_checkpoints/constants-checkpoint.py
[2025-02-14 14:30:09,494] {processor.py:641} INFO - Processing file /home/airflow/dags/Lead_scoring_data_pipeline/.ipynb_checkpoints/constants-checkpoint.py for tasks to queue
[2025-02-14 14:30:09,494] {logging_mixin.py:115} INFO - [2025-02-14 14:30:09,494] {dagbag.py:508} INFO - Filling up the DagBag from /home/airflow/dags/Lead_scoring_data_pipeline/.ipynb_checkpoints/constants-checkpoint.py
[2025-02-14 14:30:09,496] {processor.py:653} WARNING - No viable dags retrieved from /home/airflow/dags/Lead_scoring_data_pipeline/.ipynb_checkpoints/constants-checkpoint.py
[2025-02-14 14:30:09,506] {processor.py:161} INFO - Processing /home/airflow/dags/Lead_scoring_data_pipeline/.ipynb_checkpoints/constants-checkpoint.py took 0.017 seconds
[2025-02-14 14:30:45,216] {processor.py:153} INFO - Started process (PID=4103) to work on /home/airflow/dags/Lead_scoring_data_pipeline/.ipynb_checkpoints/constants-checkpoint.py
[2025-02-14 14:30:45,218] {processor.py:641} INFO - Processing file /home/airflow/dags/Lead_scoring_data_pipeline/.ipynb_checkpoints/constants-checkpoint.py for tasks to queue
[2025-02-14 14:30:45,218] {logging_mixin.py:115} INFO - [2025-02-14 14:30:45,218] {dagbag.py:508} INFO - Filling up the DagBag from /home/airflow/dags/Lead_scoring_data_pipeline/.ipynb_checkpoints/constants-checkpoint.py
[2025-02-14 14:30:45,220] {processor.py:653} WARNING - No viable dags retrieved from /home/airflow/dags/Lead_scoring_data_pipeline/.ipynb_checkpoints/constants-checkpoint.py
[2025-02-14 14:30:45,230] {processor.py:161} INFO - Processing /home/airflow/dags/Lead_scoring_data_pipeline/.ipynb_checkpoints/constants-checkpoint.py took 0.017 seconds
[2025-02-14 14:31:20,520] {processor.py:153} INFO - Started process (PID=4154) to work on /home/airflow/dags/Lead_scoring_data_pipeline/.ipynb_checkpoints/constants-checkpoint.py
[2025-02-14 14:31:20,521] {processor.py:641} INFO - Processing file /home/airflow/dags/Lead_scoring_data_pipeline/.ipynb_checkpoints/constants-checkpoint.py for tasks to queue
[2025-02-14 14:31:20,522] {logging_mixin.py:115} INFO - [2025-02-14 14:31:20,522] {dagbag.py:508} INFO - Filling up the DagBag from /home/airflow/dags/Lead_scoring_data_pipeline/.ipynb_checkpoints/constants-checkpoint.py
[2025-02-14 14:31:20,523] {processor.py:653} WARNING - No viable dags retrieved from /home/airflow/dags/Lead_scoring_data_pipeline/.ipynb_checkpoints/constants-checkpoint.py
[2025-02-14 14:31:20,536] {processor.py:161} INFO - Processing /home/airflow/dags/Lead_scoring_data_pipeline/.ipynb_checkpoints/constants-checkpoint.py took 0.020 seconds
[2025-02-14 14:33:15,305] {processor.py:153} INFO - Started process (PID=4346) to work on /home/airflow/dags/Lead_scoring_data_pipeline/.ipynb_checkpoints/constants-checkpoint.py
[2025-02-14 14:33:15,306] {processor.py:641} INFO - Processing file /home/airflow/dags/Lead_scoring_data_pipeline/.ipynb_checkpoints/constants-checkpoint.py for tasks to queue
[2025-02-14 14:33:15,307] {logging_mixin.py:115} INFO - [2025-02-14 14:33:15,307] {dagbag.py:508} INFO - Filling up the DagBag from /home/airflow/dags/Lead_scoring_data_pipeline/.ipynb_checkpoints/constants-checkpoint.py
[2025-02-14 14:33:15,308] {processor.py:653} WARNING - No viable dags retrieved from /home/airflow/dags/Lead_scoring_data_pipeline/.ipynb_checkpoints/constants-checkpoint.py
[2025-02-14 14:33:15,319] {processor.py:161} INFO - Processing /home/airflow/dags/Lead_scoring_data_pipeline/.ipynb_checkpoints/constants-checkpoint.py took 0.017 seconds
[2025-02-14 14:33:49,356] {processor.py:153} INFO - Started process (PID=4393) to work on /home/airflow/dags/Lead_scoring_data_pipeline/.ipynb_checkpoints/constants-checkpoint.py
[2025-02-14 14:33:49,357] {processor.py:641} INFO - Processing file /home/airflow/dags/Lead_scoring_data_pipeline/.ipynb_checkpoints/constants-checkpoint.py for tasks to queue
[2025-02-14 14:33:49,358] {logging_mixin.py:115} INFO - [2025-02-14 14:33:49,358] {dagbag.py:508} INFO - Filling up the DagBag from /home/airflow/dags/Lead_scoring_data_pipeline/.ipynb_checkpoints/constants-checkpoint.py
[2025-02-14 14:33:49,359] {processor.py:653} WARNING - No viable dags retrieved from /home/airflow/dags/Lead_scoring_data_pipeline/.ipynb_checkpoints/constants-checkpoint.py
[2025-02-14 14:33:49,369] {processor.py:161} INFO - Processing /home/airflow/dags/Lead_scoring_data_pipeline/.ipynb_checkpoints/constants-checkpoint.py took 0.016 seconds
[2025-02-14 14:34:24,080] {processor.py:153} INFO - Started process (PID=4441) to work on /home/airflow/dags/Lead_scoring_data_pipeline/.ipynb_checkpoints/constants-checkpoint.py
[2025-02-14 14:34:24,080] {processor.py:641} INFO - Processing file /home/airflow/dags/Lead_scoring_data_pipeline/.ipynb_checkpoints/constants-checkpoint.py for tasks to queue
[2025-02-14 14:34:24,081] {logging_mixin.py:115} INFO - [2025-02-14 14:34:24,081] {dagbag.py:508} INFO - Filling up the DagBag from /home/airflow/dags/Lead_scoring_data_pipeline/.ipynb_checkpoints/constants-checkpoint.py
[2025-02-14 14:34:24,082] {processor.py:653} WARNING - No viable dags retrieved from /home/airflow/dags/Lead_scoring_data_pipeline/.ipynb_checkpoints/constants-checkpoint.py
[2025-02-14 14:34:24,093] {processor.py:161} INFO - Processing /home/airflow/dags/Lead_scoring_data_pipeline/.ipynb_checkpoints/constants-checkpoint.py took 0.016 seconds
[2025-02-14 14:34:59,102] {processor.py:153} INFO - Started process (PID=4490) to work on /home/airflow/dags/Lead_scoring_data_pipeline/.ipynb_checkpoints/constants-checkpoint.py
[2025-02-14 14:34:59,102] {processor.py:641} INFO - Processing file /home/airflow/dags/Lead_scoring_data_pipeline/.ipynb_checkpoints/constants-checkpoint.py for tasks to queue
[2025-02-14 14:34:59,103] {logging_mixin.py:115} INFO - [2025-02-14 14:34:59,103] {dagbag.py:508} INFO - Filling up the DagBag from /home/airflow/dags/Lead_scoring_data_pipeline/.ipynb_checkpoints/constants-checkpoint.py
[2025-02-14 14:34:59,104] {processor.py:653} WARNING - No viable dags retrieved from /home/airflow/dags/Lead_scoring_data_pipeline/.ipynb_checkpoints/constants-checkpoint.py
[2025-02-14 14:34:59,115] {processor.py:161} INFO - Processing /home/airflow/dags/Lead_scoring_data_pipeline/.ipynb_checkpoints/constants-checkpoint.py took 0.016 seconds
[2025-02-14 14:35:35,710] {processor.py:153} INFO - Started process (PID=4543) to work on /home/airflow/dags/Lead_scoring_data_pipeline/.ipynb_checkpoints/constants-checkpoint.py
[2025-02-14 14:35:35,710] {processor.py:641} INFO - Processing file /home/airflow/dags/Lead_scoring_data_pipeline/.ipynb_checkpoints/constants-checkpoint.py for tasks to queue
[2025-02-14 14:35:35,710] {logging_mixin.py:115} INFO - [2025-02-14 14:35:35,710] {dagbag.py:508} INFO - Filling up the DagBag from /home/airflow/dags/Lead_scoring_data_pipeline/.ipynb_checkpoints/constants-checkpoint.py
[2025-02-14 14:35:35,712] {processor.py:653} WARNING - No viable dags retrieved from /home/airflow/dags/Lead_scoring_data_pipeline/.ipynb_checkpoints/constants-checkpoint.py
[2025-02-14 14:35:35,722] {processor.py:161} INFO - Processing /home/airflow/dags/Lead_scoring_data_pipeline/.ipynb_checkpoints/constants-checkpoint.py took 0.015 seconds
[2025-02-14 14:36:18,389] {processor.py:153} INFO - Started process (PID=4597) to work on /home/airflow/dags/Lead_scoring_data_pipeline/.ipynb_checkpoints/constants-checkpoint.py
[2025-02-14 14:36:18,390] {processor.py:641} INFO - Processing file /home/airflow/dags/Lead_scoring_data_pipeline/.ipynb_checkpoints/constants-checkpoint.py for tasks to queue
[2025-02-14 14:36:18,391] {logging_mixin.py:115} INFO - [2025-02-14 14:36:18,391] {dagbag.py:508} INFO - Filling up the DagBag from /home/airflow/dags/Lead_scoring_data_pipeline/.ipynb_checkpoints/constants-checkpoint.py
[2025-02-14 14:36:18,392] {processor.py:653} WARNING - No viable dags retrieved from /home/airflow/dags/Lead_scoring_data_pipeline/.ipynb_checkpoints/constants-checkpoint.py
[2025-02-14 14:36:18,403] {processor.py:161} INFO - Processing /home/airflow/dags/Lead_scoring_data_pipeline/.ipynb_checkpoints/constants-checkpoint.py took 0.017 seconds
[2025-02-14 14:36:56,053] {processor.py:153} INFO - Started process (PID=4648) to work on /home/airflow/dags/Lead_scoring_data_pipeline/.ipynb_checkpoints/constants-checkpoint.py
[2025-02-14 14:36:56,054] {processor.py:641} INFO - Processing file /home/airflow/dags/Lead_scoring_data_pipeline/.ipynb_checkpoints/constants-checkpoint.py for tasks to queue
[2025-02-14 14:36:56,055] {logging_mixin.py:115} INFO - [2025-02-14 14:36:56,055] {dagbag.py:508} INFO - Filling up the DagBag from /home/airflow/dags/Lead_scoring_data_pipeline/.ipynb_checkpoints/constants-checkpoint.py
[2025-02-14 14:36:56,056] {processor.py:653} WARNING - No viable dags retrieved from /home/airflow/dags/Lead_scoring_data_pipeline/.ipynb_checkpoints/constants-checkpoint.py
[2025-02-14 14:36:56,066] {processor.py:161} INFO - Processing /home/airflow/dags/Lead_scoring_data_pipeline/.ipynb_checkpoints/constants-checkpoint.py took 0.016 seconds
[2025-02-14 14:37:36,765] {processor.py:153} INFO - Started process (PID=4702) to work on /home/airflow/dags/Lead_scoring_data_pipeline/.ipynb_checkpoints/constants-checkpoint.py
[2025-02-14 14:37:37,016] {processor.py:641} INFO - Processing file /home/airflow/dags/Lead_scoring_data_pipeline/.ipynb_checkpoints/constants-checkpoint.py for tasks to queue
[2025-02-14 14:37:37,017] {logging_mixin.py:115} INFO - [2025-02-14 14:37:37,016] {dagbag.py:508} INFO - Filling up the DagBag from /home/airflow/dags/Lead_scoring_data_pipeline/.ipynb_checkpoints/constants-checkpoint.py
[2025-02-14 14:37:37,018] {processor.py:653} WARNING - No viable dags retrieved from /home/airflow/dags/Lead_scoring_data_pipeline/.ipynb_checkpoints/constants-checkpoint.py
[2025-02-14 14:37:37,029] {processor.py:161} INFO - Processing /home/airflow/dags/Lead_scoring_data_pipeline/.ipynb_checkpoints/constants-checkpoint.py took 0.267 seconds
[2025-02-14 14:41:54,804] {processor.py:153} INFO - Started process (PID=4749) to work on /home/airflow/dags/Lead_scoring_data_pipeline/.ipynb_checkpoints/constants-checkpoint.py
[2025-02-14 14:41:54,806] {processor.py:641} INFO - Processing file /home/airflow/dags/Lead_scoring_data_pipeline/.ipynb_checkpoints/constants-checkpoint.py for tasks to queue
[2025-02-14 14:41:54,806] {logging_mixin.py:115} INFO - [2025-02-14 14:41:54,806] {dagbag.py:508} INFO - Filling up the DagBag from /home/airflow/dags/Lead_scoring_data_pipeline/.ipynb_checkpoints/constants-checkpoint.py
[2025-02-14 14:41:54,807] {processor.py:653} WARNING - No viable dags retrieved from /home/airflow/dags/Lead_scoring_data_pipeline/.ipynb_checkpoints/constants-checkpoint.py
[2025-02-14 14:41:54,818] {processor.py:161} INFO - Processing /home/airflow/dags/Lead_scoring_data_pipeline/.ipynb_checkpoints/constants-checkpoint.py took 0.017 seconds
[2025-02-14 14:42:40,156] {processor.py:153} INFO - Started process (PID=4843) to work on /home/airflow/dags/Lead_scoring_data_pipeline/.ipynb_checkpoints/constants-checkpoint.py
[2025-02-14 14:42:40,157] {processor.py:641} INFO - Processing file /home/airflow/dags/Lead_scoring_data_pipeline/.ipynb_checkpoints/constants-checkpoint.py for tasks to queue
[2025-02-14 14:42:40,158] {logging_mixin.py:115} INFO - [2025-02-14 14:42:40,158] {dagbag.py:508} INFO - Filling up the DagBag from /home/airflow/dags/Lead_scoring_data_pipeline/.ipynb_checkpoints/constants-checkpoint.py
[2025-02-14 14:42:40,159] {processor.py:653} WARNING - No viable dags retrieved from /home/airflow/dags/Lead_scoring_data_pipeline/.ipynb_checkpoints/constants-checkpoint.py
[2025-02-14 14:42:40,170] {processor.py:161} INFO - Processing /home/airflow/dags/Lead_scoring_data_pipeline/.ipynb_checkpoints/constants-checkpoint.py took 0.017 seconds
[2025-02-14 17:09:15,664] {processor.py:153} INFO - Started process (PID=6313) to work on /home/airflow/dags/Lead_scoring_data_pipeline/.ipynb_checkpoints/constants-checkpoint.py
[2025-02-14 17:09:15,666] {processor.py:641} INFO - Processing file /home/airflow/dags/Lead_scoring_data_pipeline/.ipynb_checkpoints/constants-checkpoint.py for tasks to queue
[2025-02-14 17:09:15,666] {logging_mixin.py:115} INFO - [2025-02-14 17:09:15,666] {dagbag.py:508} INFO - Filling up the DagBag from /home/airflow/dags/Lead_scoring_data_pipeline/.ipynb_checkpoints/constants-checkpoint.py
[2025-02-14 17:09:15,668] {processor.py:653} WARNING - No viable dags retrieved from /home/airflow/dags/Lead_scoring_data_pipeline/.ipynb_checkpoints/constants-checkpoint.py
[2025-02-14 17:09:15,679] {processor.py:161} INFO - Processing /home/airflow/dags/Lead_scoring_data_pipeline/.ipynb_checkpoints/constants-checkpoint.py took 0.019 seconds
[2025-02-14 17:10:10,397] {processor.py:153} INFO - Started process (PID=6415) to work on /home/airflow/dags/Lead_scoring_data_pipeline/.ipynb_checkpoints/constants-checkpoint.py
[2025-02-14 17:10:10,397] {processor.py:641} INFO - Processing file /home/airflow/dags/Lead_scoring_data_pipeline/.ipynb_checkpoints/constants-checkpoint.py for tasks to queue
[2025-02-14 17:10:10,398] {logging_mixin.py:115} INFO - [2025-02-14 17:10:10,398] {dagbag.py:508} INFO - Filling up the DagBag from /home/airflow/dags/Lead_scoring_data_pipeline/.ipynb_checkpoints/constants-checkpoint.py
[2025-02-14 17:10:10,399] {processor.py:653} WARNING - No viable dags retrieved from /home/airflow/dags/Lead_scoring_data_pipeline/.ipynb_checkpoints/constants-checkpoint.py
[2025-02-14 17:10:10,410] {processor.py:161} INFO - Processing /home/airflow/dags/Lead_scoring_data_pipeline/.ipynb_checkpoints/constants-checkpoint.py took 0.016 seconds
[2025-02-14 17:11:33,196] {processor.py:153} INFO - Started process (PID=6561) to work on /home/airflow/dags/Lead_scoring_data_pipeline/.ipynb_checkpoints/constants-checkpoint.py
[2025-02-14 17:11:33,197] {processor.py:641} INFO - Processing file /home/airflow/dags/Lead_scoring_data_pipeline/.ipynb_checkpoints/constants-checkpoint.py for tasks to queue
[2025-02-14 17:11:33,197] {logging_mixin.py:115} INFO - [2025-02-14 17:11:33,197] {dagbag.py:508} INFO - Filling up the DagBag from /home/airflow/dags/Lead_scoring_data_pipeline/.ipynb_checkpoints/constants-checkpoint.py
[2025-02-14 17:11:33,199] {processor.py:653} WARNING - No viable dags retrieved from /home/airflow/dags/Lead_scoring_data_pipeline/.ipynb_checkpoints/constants-checkpoint.py
[2025-02-14 17:11:33,211] {processor.py:161} INFO - Processing /home/airflow/dags/Lead_scoring_data_pipeline/.ipynb_checkpoints/constants-checkpoint.py took 0.018 seconds
[2025-02-14 17:12:22,543] {processor.py:153} INFO - Started process (PID=6630) to work on /home/airflow/dags/Lead_scoring_data_pipeline/.ipynb_checkpoints/constants-checkpoint.py
[2025-02-14 17:12:22,545] {processor.py:641} INFO - Processing file /home/airflow/dags/Lead_scoring_data_pipeline/.ipynb_checkpoints/constants-checkpoint.py for tasks to queue
[2025-02-14 17:12:22,546] {logging_mixin.py:115} INFO - [2025-02-14 17:12:22,546] {dagbag.py:508} INFO - Filling up the DagBag from /home/airflow/dags/Lead_scoring_data_pipeline/.ipynb_checkpoints/constants-checkpoint.py
[2025-02-14 17:12:22,547] {processor.py:653} WARNING - No viable dags retrieved from /home/airflow/dags/Lead_scoring_data_pipeline/.ipynb_checkpoints/constants-checkpoint.py
[2025-02-14 17:12:22,559] {processor.py:161} INFO - Processing /home/airflow/dags/Lead_scoring_data_pipeline/.ipynb_checkpoints/constants-checkpoint.py took 0.019 seconds
[2025-02-14 17:13:12,978] {processor.py:153} INFO - Started process (PID=6699) to work on /home/airflow/dags/Lead_scoring_data_pipeline/.ipynb_checkpoints/constants-checkpoint.py
[2025-02-14 17:13:12,980] {processor.py:641} INFO - Processing file /home/airflow/dags/Lead_scoring_data_pipeline/.ipynb_checkpoints/constants-checkpoint.py for tasks to queue
[2025-02-14 17:13:12,980] {logging_mixin.py:115} INFO - [2025-02-14 17:13:12,980] {dagbag.py:508} INFO - Filling up the DagBag from /home/airflow/dags/Lead_scoring_data_pipeline/.ipynb_checkpoints/constants-checkpoint.py
[2025-02-14 17:13:12,982] {processor.py:653} WARNING - No viable dags retrieved from /home/airflow/dags/Lead_scoring_data_pipeline/.ipynb_checkpoints/constants-checkpoint.py
[2025-02-14 17:13:12,993] {processor.py:161} INFO - Processing /home/airflow/dags/Lead_scoring_data_pipeline/.ipynb_checkpoints/constants-checkpoint.py took 0.018 seconds
[2025-02-14 17:14:07,011] {processor.py:153} INFO - Started process (PID=6770) to work on /home/airflow/dags/Lead_scoring_data_pipeline/.ipynb_checkpoints/constants-checkpoint.py
[2025-02-14 17:14:07,013] {processor.py:641} INFO - Processing file /home/airflow/dags/Lead_scoring_data_pipeline/.ipynb_checkpoints/constants-checkpoint.py for tasks to queue
[2025-02-14 17:14:07,014] {logging_mixin.py:115} INFO - [2025-02-14 17:14:07,013] {dagbag.py:508} INFO - Filling up the DagBag from /home/airflow/dags/Lead_scoring_data_pipeline/.ipynb_checkpoints/constants-checkpoint.py
[2025-02-14 17:14:07,015] {processor.py:653} WARNING - No viable dags retrieved from /home/airflow/dags/Lead_scoring_data_pipeline/.ipynb_checkpoints/constants-checkpoint.py
[2025-02-14 17:14:07,027] {processor.py:161} INFO - Processing /home/airflow/dags/Lead_scoring_data_pipeline/.ipynb_checkpoints/constants-checkpoint.py took 0.019 seconds
[2025-02-14 17:14:54,471] {processor.py:153} INFO - Started process (PID=6843) to work on /home/airflow/dags/Lead_scoring_data_pipeline/.ipynb_checkpoints/constants-checkpoint.py
[2025-02-14 17:14:54,473] {processor.py:641} INFO - Processing file /home/airflow/dags/Lead_scoring_data_pipeline/.ipynb_checkpoints/constants-checkpoint.py for tasks to queue
[2025-02-14 17:14:54,473] {logging_mixin.py:115} INFO - [2025-02-14 17:14:54,473] {dagbag.py:508} INFO - Filling up the DagBag from /home/airflow/dags/Lead_scoring_data_pipeline/.ipynb_checkpoints/constants-checkpoint.py
[2025-02-14 17:14:54,475] {processor.py:653} WARNING - No viable dags retrieved from /home/airflow/dags/Lead_scoring_data_pipeline/.ipynb_checkpoints/constants-checkpoint.py
[2025-02-14 17:14:54,487] {processor.py:161} INFO - Processing /home/airflow/dags/Lead_scoring_data_pipeline/.ipynb_checkpoints/constants-checkpoint.py took 0.019 seconds
[2025-02-14 17:15:35,226] {processor.py:153} INFO - Started process (PID=6911) to work on /home/airflow/dags/Lead_scoring_data_pipeline/.ipynb_checkpoints/constants-checkpoint.py
[2025-02-14 17:15:35,227] {processor.py:641} INFO - Processing file /home/airflow/dags/Lead_scoring_data_pipeline/.ipynb_checkpoints/constants-checkpoint.py for tasks to queue
[2025-02-14 17:15:35,228] {logging_mixin.py:115} INFO - [2025-02-14 17:15:35,228] {dagbag.py:508} INFO - Filling up the DagBag from /home/airflow/dags/Lead_scoring_data_pipeline/.ipynb_checkpoints/constants-checkpoint.py
[2025-02-14 17:15:35,229] {processor.py:653} WARNING - No viable dags retrieved from /home/airflow/dags/Lead_scoring_data_pipeline/.ipynb_checkpoints/constants-checkpoint.py
[2025-02-14 17:15:35,241] {processor.py:161} INFO - Processing /home/airflow/dags/Lead_scoring_data_pipeline/.ipynb_checkpoints/constants-checkpoint.py took 0.019 seconds
[2025-02-14 17:16:20,633] {processor.py:153} INFO - Started process (PID=7150) to work on /home/airflow/dags/Lead_scoring_data_pipeline/.ipynb_checkpoints/constants-checkpoint.py
[2025-02-14 17:16:20,635] {processor.py:641} INFO - Processing file /home/airflow/dags/Lead_scoring_data_pipeline/.ipynb_checkpoints/constants-checkpoint.py for tasks to queue
[2025-02-14 17:16:20,635] {logging_mixin.py:115} INFO - [2025-02-14 17:16:20,635] {dagbag.py:508} INFO - Filling up the DagBag from /home/airflow/dags/Lead_scoring_data_pipeline/.ipynb_checkpoints/constants-checkpoint.py
[2025-02-14 17:16:20,637] {processor.py:653} WARNING - No viable dags retrieved from /home/airflow/dags/Lead_scoring_data_pipeline/.ipynb_checkpoints/constants-checkpoint.py
[2025-02-14 17:16:20,649] {processor.py:161} INFO - Processing /home/airflow/dags/Lead_scoring_data_pipeline/.ipynb_checkpoints/constants-checkpoint.py took 0.019 seconds
[2025-02-14 18:17:00,658] {processor.py:153} INFO - Started process (PID=7809) to work on /home/airflow/dags/Lead_scoring_data_pipeline/.ipynb_checkpoints/constants-checkpoint.py
[2025-02-14 18:17:00,660] {processor.py:641} INFO - Processing file /home/airflow/dags/Lead_scoring_data_pipeline/.ipynb_checkpoints/constants-checkpoint.py for tasks to queue
[2025-02-14 18:17:00,660] {logging_mixin.py:115} INFO - [2025-02-14 18:17:00,660] {dagbag.py:508} INFO - Filling up the DagBag from /home/airflow/dags/Lead_scoring_data_pipeline/.ipynb_checkpoints/constants-checkpoint.py
[2025-02-14 18:17:00,662] {processor.py:653} WARNING - No viable dags retrieved from /home/airflow/dags/Lead_scoring_data_pipeline/.ipynb_checkpoints/constants-checkpoint.py
[2025-02-14 18:17:00,867] {processor.py:161} INFO - Processing /home/airflow/dags/Lead_scoring_data_pipeline/.ipynb_checkpoints/constants-checkpoint.py took 0.213 seconds
[2025-02-14 18:18:54,956] {processor.py:153} INFO - Started process (PID=7994) to work on /home/airflow/dags/Lead_scoring_data_pipeline/.ipynb_checkpoints/constants-checkpoint.py
[2025-02-14 18:18:54,957] {processor.py:641} INFO - Processing file /home/airflow/dags/Lead_scoring_data_pipeline/.ipynb_checkpoints/constants-checkpoint.py for tasks to queue
[2025-02-14 18:18:54,958] {logging_mixin.py:115} INFO - [2025-02-14 18:18:54,958] {dagbag.py:508} INFO - Filling up the DagBag from /home/airflow/dags/Lead_scoring_data_pipeline/.ipynb_checkpoints/constants-checkpoint.py
[2025-02-14 18:18:54,960] {processor.py:653} WARNING - No viable dags retrieved from /home/airflow/dags/Lead_scoring_data_pipeline/.ipynb_checkpoints/constants-checkpoint.py
[2025-02-14 18:18:55,146] {processor.py:161} INFO - Processing /home/airflow/dags/Lead_scoring_data_pipeline/.ipynb_checkpoints/constants-checkpoint.py took 0.194 seconds
[2025-02-14 18:20:10,075] {processor.py:153} INFO - Started process (PID=8125) to work on /home/airflow/dags/Lead_scoring_data_pipeline/.ipynb_checkpoints/constants-checkpoint.py
[2025-02-14 18:20:10,077] {processor.py:641} INFO - Processing file /home/airflow/dags/Lead_scoring_data_pipeline/.ipynb_checkpoints/constants-checkpoint.py for tasks to queue
[2025-02-14 18:20:10,078] {logging_mixin.py:115} INFO - [2025-02-14 18:20:10,077] {dagbag.py:508} INFO - Filling up the DagBag from /home/airflow/dags/Lead_scoring_data_pipeline/.ipynb_checkpoints/constants-checkpoint.py
[2025-02-14 18:20:10,079] {processor.py:653} WARNING - No viable dags retrieved from /home/airflow/dags/Lead_scoring_data_pipeline/.ipynb_checkpoints/constants-checkpoint.py
[2025-02-14 18:20:10,267] {processor.py:161} INFO - Processing /home/airflow/dags/Lead_scoring_data_pipeline/.ipynb_checkpoints/constants-checkpoint.py took 0.195 seconds
[2025-02-14 18:21:22,658] {processor.py:153} INFO - Started process (PID=8249) to work on /home/airflow/dags/Lead_scoring_data_pipeline/.ipynb_checkpoints/constants-checkpoint.py
[2025-02-14 18:21:22,660] {processor.py:641} INFO - Processing file /home/airflow/dags/Lead_scoring_data_pipeline/.ipynb_checkpoints/constants-checkpoint.py for tasks to queue
[2025-02-14 18:21:22,661] {logging_mixin.py:115} INFO - [2025-02-14 18:21:22,661] {dagbag.py:508} INFO - Filling up the DagBag from /home/airflow/dags/Lead_scoring_data_pipeline/.ipynb_checkpoints/constants-checkpoint.py
[2025-02-14 18:21:22,662] {processor.py:653} WARNING - No viable dags retrieved from /home/airflow/dags/Lead_scoring_data_pipeline/.ipynb_checkpoints/constants-checkpoint.py
[2025-02-14 18:21:22,853] {processor.py:161} INFO - Processing /home/airflow/dags/Lead_scoring_data_pipeline/.ipynb_checkpoints/constants-checkpoint.py took 0.198 seconds
[2025-02-14 18:22:26,768] {processor.py:153} INFO - Started process (PID=8366) to work on /home/airflow/dags/Lead_scoring_data_pipeline/.ipynb_checkpoints/constants-checkpoint.py
[2025-02-14 18:22:26,770] {processor.py:641} INFO - Processing file /home/airflow/dags/Lead_scoring_data_pipeline/.ipynb_checkpoints/constants-checkpoint.py for tasks to queue
[2025-02-14 18:22:26,770] {logging_mixin.py:115} INFO - [2025-02-14 18:22:26,770] {dagbag.py:508} INFO - Filling up the DagBag from /home/airflow/dags/Lead_scoring_data_pipeline/.ipynb_checkpoints/constants-checkpoint.py
[2025-02-14 18:22:26,772] {processor.py:653} WARNING - No viable dags retrieved from /home/airflow/dags/Lead_scoring_data_pipeline/.ipynb_checkpoints/constants-checkpoint.py
[2025-02-14 18:22:26,785] {processor.py:161} INFO - Processing /home/airflow/dags/Lead_scoring_data_pipeline/.ipynb_checkpoints/constants-checkpoint.py took 0.020 seconds
[2025-02-14 18:23:28,033] {processor.py:153} INFO - Started process (PID=8479) to work on /home/airflow/dags/Lead_scoring_data_pipeline/.ipynb_checkpoints/constants-checkpoint.py
[2025-02-14 18:23:28,035] {processor.py:641} INFO - Processing file /home/airflow/dags/Lead_scoring_data_pipeline/.ipynb_checkpoints/constants-checkpoint.py for tasks to queue
[2025-02-14 18:23:28,036] {logging_mixin.py:115} INFO - [2025-02-14 18:23:28,035] {dagbag.py:508} INFO - Filling up the DagBag from /home/airflow/dags/Lead_scoring_data_pipeline/.ipynb_checkpoints/constants-checkpoint.py
[2025-02-14 18:23:28,037] {processor.py:653} WARNING - No viable dags retrieved from /home/airflow/dags/Lead_scoring_data_pipeline/.ipynb_checkpoints/constants-checkpoint.py
[2025-02-14 18:23:28,050] {processor.py:161} INFO - Processing /home/airflow/dags/Lead_scoring_data_pipeline/.ipynb_checkpoints/constants-checkpoint.py took 0.020 seconds
[2025-02-14 18:24:30,138] {processor.py:153} INFO - Started process (PID=8620) to work on /home/airflow/dags/Lead_scoring_data_pipeline/.ipynb_checkpoints/constants-checkpoint.py
[2025-02-14 18:24:30,140] {processor.py:641} INFO - Processing file /home/airflow/dags/Lead_scoring_data_pipeline/.ipynb_checkpoints/constants-checkpoint.py for tasks to queue
[2025-02-14 18:24:30,140] {logging_mixin.py:115} INFO - [2025-02-14 18:24:30,140] {dagbag.py:508} INFO - Filling up the DagBag from /home/airflow/dags/Lead_scoring_data_pipeline/.ipynb_checkpoints/constants-checkpoint.py
[2025-02-14 18:24:30,141] {processor.py:653} WARNING - No viable dags retrieved from /home/airflow/dags/Lead_scoring_data_pipeline/.ipynb_checkpoints/constants-checkpoint.py
[2025-02-14 18:24:30,152] {processor.py:161} INFO - Processing /home/airflow/dags/Lead_scoring_data_pipeline/.ipynb_checkpoints/constants-checkpoint.py took 0.018 seconds
[2025-02-14 18:29:38,616] {processor.py:153} INFO - Started process (PID=8650) to work on /home/airflow/dags/Lead_scoring_data_pipeline/.ipynb_checkpoints/constants-checkpoint.py
[2025-02-14 18:29:38,673] {processor.py:641} INFO - Processing file /home/airflow/dags/Lead_scoring_data_pipeline/.ipynb_checkpoints/constants-checkpoint.py for tasks to queue
[2025-02-14 18:29:38,673] {logging_mixin.py:115} INFO - [2025-02-14 18:29:38,673] {dagbag.py:508} INFO - Filling up the DagBag from /home/airflow/dags/Lead_scoring_data_pipeline/.ipynb_checkpoints/constants-checkpoint.py
[2025-02-14 18:29:38,675] {processor.py:653} WARNING - No viable dags retrieved from /home/airflow/dags/Lead_scoring_data_pipeline/.ipynb_checkpoints/constants-checkpoint.py
[2025-02-14 18:29:38,816] {processor.py:161} INFO - Processing /home/airflow/dags/Lead_scoring_data_pipeline/.ipynb_checkpoints/constants-checkpoint.py took 0.203 seconds
[2025-02-14 18:31:06,430] {processor.py:153} INFO - Started process (PID=8918) to work on /home/airflow/dags/Lead_scoring_data_pipeline/.ipynb_checkpoints/constants-checkpoint.py
[2025-02-14 18:31:06,431] {processor.py:641} INFO - Processing file /home/airflow/dags/Lead_scoring_data_pipeline/.ipynb_checkpoints/constants-checkpoint.py for tasks to queue
[2025-02-14 18:31:06,432] {logging_mixin.py:115} INFO - [2025-02-14 18:31:06,432] {dagbag.py:508} INFO - Filling up the DagBag from /home/airflow/dags/Lead_scoring_data_pipeline/.ipynb_checkpoints/constants-checkpoint.py
[2025-02-14 18:31:06,433] {processor.py:653} WARNING - No viable dags retrieved from /home/airflow/dags/Lead_scoring_data_pipeline/.ipynb_checkpoints/constants-checkpoint.py
[2025-02-14 18:31:06,558] {processor.py:161} INFO - Processing /home/airflow/dags/Lead_scoring_data_pipeline/.ipynb_checkpoints/constants-checkpoint.py took 0.132 seconds
[2025-02-14 18:32:04,245] {processor.py:153} INFO - Started process (PID=9085) to work on /home/airflow/dags/Lead_scoring_data_pipeline/.ipynb_checkpoints/constants-checkpoint.py
[2025-02-14 18:32:04,247] {processor.py:641} INFO - Processing file /home/airflow/dags/Lead_scoring_data_pipeline/.ipynb_checkpoints/constants-checkpoint.py for tasks to queue
[2025-02-14 18:32:04,248] {logging_mixin.py:115} INFO - [2025-02-14 18:32:04,248] {dagbag.py:508} INFO - Filling up the DagBag from /home/airflow/dags/Lead_scoring_data_pipeline/.ipynb_checkpoints/constants-checkpoint.py
[2025-02-14 18:32:04,249] {processor.py:653} WARNING - No viable dags retrieved from /home/airflow/dags/Lead_scoring_data_pipeline/.ipynb_checkpoints/constants-checkpoint.py
[2025-02-14 18:32:04,384] {processor.py:161} INFO - Processing /home/airflow/dags/Lead_scoring_data_pipeline/.ipynb_checkpoints/constants-checkpoint.py took 0.141 seconds
[2025-02-14 18:33:07,797] {processor.py:153} INFO - Started process (PID=9292) to work on /home/airflow/dags/Lead_scoring_data_pipeline/.ipynb_checkpoints/constants-checkpoint.py
[2025-02-14 18:33:07,798] {processor.py:641} INFO - Processing file /home/airflow/dags/Lead_scoring_data_pipeline/.ipynb_checkpoints/constants-checkpoint.py for tasks to queue
[2025-02-14 18:33:07,798] {logging_mixin.py:115} INFO - [2025-02-14 18:33:07,798] {dagbag.py:508} INFO - Filling up the DagBag from /home/airflow/dags/Lead_scoring_data_pipeline/.ipynb_checkpoints/constants-checkpoint.py
[2025-02-14 18:33:07,799] {processor.py:653} WARNING - No viable dags retrieved from /home/airflow/dags/Lead_scoring_data_pipeline/.ipynb_checkpoints/constants-checkpoint.py
[2025-02-14 18:33:07,932] {processor.py:161} INFO - Processing /home/airflow/dags/Lead_scoring_data_pipeline/.ipynb_checkpoints/constants-checkpoint.py took 0.137 seconds
[2025-02-14 18:33:56,108] {processor.py:153} INFO - Started process (PID=9411) to work on /home/airflow/dags/Lead_scoring_data_pipeline/.ipynb_checkpoints/constants-checkpoint.py
[2025-02-14 18:33:56,108] {processor.py:641} INFO - Processing file /home/airflow/dags/Lead_scoring_data_pipeline/.ipynb_checkpoints/constants-checkpoint.py for tasks to queue
[2025-02-14 18:33:56,109] {logging_mixin.py:115} INFO - [2025-02-14 18:33:56,109] {dagbag.py:508} INFO - Filling up the DagBag from /home/airflow/dags/Lead_scoring_data_pipeline/.ipynb_checkpoints/constants-checkpoint.py
[2025-02-14 18:33:56,110] {processor.py:653} WARNING - No viable dags retrieved from /home/airflow/dags/Lead_scoring_data_pipeline/.ipynb_checkpoints/constants-checkpoint.py
[2025-02-14 18:33:56,247] {processor.py:161} INFO - Processing /home/airflow/dags/Lead_scoring_data_pipeline/.ipynb_checkpoints/constants-checkpoint.py took 0.143 seconds
[2025-02-14 18:34:29,228] {processor.py:153} INFO - Started process (PID=9483) to work on /home/airflow/dags/Lead_scoring_data_pipeline/.ipynb_checkpoints/constants-checkpoint.py
[2025-02-14 18:34:29,230] {processor.py:641} INFO - Processing file /home/airflow/dags/Lead_scoring_data_pipeline/.ipynb_checkpoints/constants-checkpoint.py for tasks to queue
[2025-02-14 18:34:29,231] {logging_mixin.py:115} INFO - [2025-02-14 18:34:29,231] {dagbag.py:508} INFO - Filling up the DagBag from /home/airflow/dags/Lead_scoring_data_pipeline/.ipynb_checkpoints/constants-checkpoint.py
[2025-02-14 18:34:29,232] {processor.py:653} WARNING - No viable dags retrieved from /home/airflow/dags/Lead_scoring_data_pipeline/.ipynb_checkpoints/constants-checkpoint.py
[2025-02-14 18:34:29,352] {processor.py:161} INFO - Processing /home/airflow/dags/Lead_scoring_data_pipeline/.ipynb_checkpoints/constants-checkpoint.py took 0.127 seconds
[2025-02-14 18:35:28,856] {processor.py:153} INFO - Started process (PID=9615) to work on /home/airflow/dags/Lead_scoring_data_pipeline/.ipynb_checkpoints/constants-checkpoint.py
[2025-02-14 18:35:28,857] {processor.py:641} INFO - Processing file /home/airflow/dags/Lead_scoring_data_pipeline/.ipynb_checkpoints/constants-checkpoint.py for tasks to queue
[2025-02-14 18:35:28,858] {logging_mixin.py:115} INFO - [2025-02-14 18:35:28,858] {dagbag.py:508} INFO - Filling up the DagBag from /home/airflow/dags/Lead_scoring_data_pipeline/.ipynb_checkpoints/constants-checkpoint.py
[2025-02-14 18:35:28,859] {processor.py:653} WARNING - No viable dags retrieved from /home/airflow/dags/Lead_scoring_data_pipeline/.ipynb_checkpoints/constants-checkpoint.py
[2025-02-14 18:35:28,870] {processor.py:161} INFO - Processing /home/airflow/dags/Lead_scoring_data_pipeline/.ipynb_checkpoints/constants-checkpoint.py took 0.017 seconds
[2025-02-14 18:36:26,724] {processor.py:153} INFO - Started process (PID=9893) to work on /home/airflow/dags/Lead_scoring_data_pipeline/.ipynb_checkpoints/constants-checkpoint.py
[2025-02-14 18:36:26,726] {processor.py:641} INFO - Processing file /home/airflow/dags/Lead_scoring_data_pipeline/.ipynb_checkpoints/constants-checkpoint.py for tasks to queue
[2025-02-14 18:36:26,726] {logging_mixin.py:115} INFO - [2025-02-14 18:36:26,726] {dagbag.py:508} INFO - Filling up the DagBag from /home/airflow/dags/Lead_scoring_data_pipeline/.ipynb_checkpoints/constants-checkpoint.py
[2025-02-14 18:36:26,728] {processor.py:653} WARNING - No viable dags retrieved from /home/airflow/dags/Lead_scoring_data_pipeline/.ipynb_checkpoints/constants-checkpoint.py
[2025-02-14 18:36:26,738] {processor.py:161} INFO - Processing /home/airflow/dags/Lead_scoring_data_pipeline/.ipynb_checkpoints/constants-checkpoint.py took 0.017 seconds
[2025-02-14 18:39:18,132] {processor.py:153} INFO - Started process (PID=572) to work on /home/airflow/dags/Lead_scoring_data_pipeline/.ipynb_checkpoints/constants-checkpoint.py
[2025-02-14 18:39:18,135] {processor.py:641} INFO - Processing file /home/airflow/dags/Lead_scoring_data_pipeline/.ipynb_checkpoints/constants-checkpoint.py for tasks to queue
[2025-02-14 18:39:18,135] {logging_mixin.py:115} INFO - [2025-02-14 18:39:18,135] {dagbag.py:508} INFO - Filling up the DagBag from /home/airflow/dags/Lead_scoring_data_pipeline/.ipynb_checkpoints/constants-checkpoint.py
[2025-02-14 18:39:18,137] {processor.py:653} WARNING - No viable dags retrieved from /home/airflow/dags/Lead_scoring_data_pipeline/.ipynb_checkpoints/constants-checkpoint.py
[2025-02-14 18:39:18,266] {processor.py:161} INFO - Processing /home/airflow/dags/Lead_scoring_data_pipeline/.ipynb_checkpoints/constants-checkpoint.py took 0.136 seconds
[2025-02-14 18:40:41,025] {processor.py:153} INFO - Started process (PID=1005) to work on /home/airflow/dags/Lead_scoring_data_pipeline/.ipynb_checkpoints/constants-checkpoint.py
[2025-02-14 18:40:41,027] {processor.py:641} INFO - Processing file /home/airflow/dags/Lead_scoring_data_pipeline/.ipynb_checkpoints/constants-checkpoint.py for tasks to queue
[2025-02-14 18:40:41,028] {logging_mixin.py:115} INFO - [2025-02-14 18:40:41,028] {dagbag.py:508} INFO - Filling up the DagBag from /home/airflow/dags/Lead_scoring_data_pipeline/.ipynb_checkpoints/constants-checkpoint.py
[2025-02-14 18:40:41,029] {processor.py:653} WARNING - No viable dags retrieved from /home/airflow/dags/Lead_scoring_data_pipeline/.ipynb_checkpoints/constants-checkpoint.py
[2025-02-14 18:40:41,174] {processor.py:161} INFO - Processing /home/airflow/dags/Lead_scoring_data_pipeline/.ipynb_checkpoints/constants-checkpoint.py took 0.152 seconds
[2025-02-14 18:41:43,317] {processor.py:153} INFO - Started process (PID=1117) to work on /home/airflow/dags/Lead_scoring_data_pipeline/.ipynb_checkpoints/constants-checkpoint.py
[2025-02-14 18:41:43,318] {processor.py:641} INFO - Processing file /home/airflow/dags/Lead_scoring_data_pipeline/.ipynb_checkpoints/constants-checkpoint.py for tasks to queue
[2025-02-14 18:41:43,319] {logging_mixin.py:115} INFO - [2025-02-14 18:41:43,319] {dagbag.py:508} INFO - Filling up the DagBag from /home/airflow/dags/Lead_scoring_data_pipeline/.ipynb_checkpoints/constants-checkpoint.py
[2025-02-14 18:41:43,320] {processor.py:653} WARNING - No viable dags retrieved from /home/airflow/dags/Lead_scoring_data_pipeline/.ipynb_checkpoints/constants-checkpoint.py
[2025-02-14 18:41:43,457] {processor.py:161} INFO - Processing /home/airflow/dags/Lead_scoring_data_pipeline/.ipynb_checkpoints/constants-checkpoint.py took 0.143 seconds
[2025-02-14 18:42:47,289] {processor.py:153} INFO - Started process (PID=1229) to work on /home/airflow/dags/Lead_scoring_data_pipeline/.ipynb_checkpoints/constants-checkpoint.py
[2025-02-14 18:42:47,289] {processor.py:641} INFO - Processing file /home/airflow/dags/Lead_scoring_data_pipeline/.ipynb_checkpoints/constants-checkpoint.py for tasks to queue
[2025-02-14 18:42:47,290] {logging_mixin.py:115} INFO - [2025-02-14 18:42:47,290] {dagbag.py:508} INFO - Filling up the DagBag from /home/airflow/dags/Lead_scoring_data_pipeline/.ipynb_checkpoints/constants-checkpoint.py
[2025-02-14 18:42:47,291] {processor.py:653} WARNING - No viable dags retrieved from /home/airflow/dags/Lead_scoring_data_pipeline/.ipynb_checkpoints/constants-checkpoint.py
[2025-02-14 18:42:47,420] {processor.py:161} INFO - Processing /home/airflow/dags/Lead_scoring_data_pipeline/.ipynb_checkpoints/constants-checkpoint.py took 0.134 seconds
[2025-02-14 18:43:23,321] {processor.py:153} INFO - Started process (PID=1316) to work on /home/airflow/dags/Lead_scoring_data_pipeline/.ipynb_checkpoints/constants-checkpoint.py
[2025-02-14 18:43:23,321] {processor.py:641} INFO - Processing file /home/airflow/dags/Lead_scoring_data_pipeline/.ipynb_checkpoints/constants-checkpoint.py for tasks to queue
[2025-02-14 18:43:23,322] {logging_mixin.py:115} INFO - [2025-02-14 18:43:23,322] {dagbag.py:508} INFO - Filling up the DagBag from /home/airflow/dags/Lead_scoring_data_pipeline/.ipynb_checkpoints/constants-checkpoint.py
[2025-02-14 18:43:23,323] {processor.py:653} WARNING - No viable dags retrieved from /home/airflow/dags/Lead_scoring_data_pipeline/.ipynb_checkpoints/constants-checkpoint.py
[2025-02-14 18:43:23,450] {processor.py:161} INFO - Processing /home/airflow/dags/Lead_scoring_data_pipeline/.ipynb_checkpoints/constants-checkpoint.py took 0.132 seconds
[2025-02-14 18:43:56,525] {processor.py:153} INFO - Started process (PID=1363) to work on /home/airflow/dags/Lead_scoring_data_pipeline/.ipynb_checkpoints/constants-checkpoint.py
[2025-02-14 18:43:56,527] {processor.py:641} INFO - Processing file /home/airflow/dags/Lead_scoring_data_pipeline/.ipynb_checkpoints/constants-checkpoint.py for tasks to queue
[2025-02-14 18:43:56,527] {logging_mixin.py:115} INFO - [2025-02-14 18:43:56,527] {dagbag.py:508} INFO - Filling up the DagBag from /home/airflow/dags/Lead_scoring_data_pipeline/.ipynb_checkpoints/constants-checkpoint.py
[2025-02-14 18:43:56,529] {processor.py:653} WARNING - No viable dags retrieved from /home/airflow/dags/Lead_scoring_data_pipeline/.ipynb_checkpoints/constants-checkpoint.py
[2025-02-14 18:43:56,654] {processor.py:161} INFO - Processing /home/airflow/dags/Lead_scoring_data_pipeline/.ipynb_checkpoints/constants-checkpoint.py took 0.132 seconds
[2025-02-14 18:44:54,221] {processor.py:153} INFO - Started process (PID=1474) to work on /home/airflow/dags/Lead_scoring_data_pipeline/.ipynb_checkpoints/constants-checkpoint.py
[2025-02-14 18:44:54,222] {processor.py:641} INFO - Processing file /home/airflow/dags/Lead_scoring_data_pipeline/.ipynb_checkpoints/constants-checkpoint.py for tasks to queue
[2025-02-14 18:44:54,223] {logging_mixin.py:115} INFO - [2025-02-14 18:44:54,223] {dagbag.py:508} INFO - Filling up the DagBag from /home/airflow/dags/Lead_scoring_data_pipeline/.ipynb_checkpoints/constants-checkpoint.py
[2025-02-14 18:44:54,224] {processor.py:653} WARNING - No viable dags retrieved from /home/airflow/dags/Lead_scoring_data_pipeline/.ipynb_checkpoints/constants-checkpoint.py
[2025-02-14 18:44:54,235] {processor.py:161} INFO - Processing /home/airflow/dags/Lead_scoring_data_pipeline/.ipynb_checkpoints/constants-checkpoint.py took 0.018 seconds
[2025-02-14 18:45:46,220] {processor.py:153} INFO - Started process (PID=1582) to work on /home/airflow/dags/Lead_scoring_data_pipeline/.ipynb_checkpoints/constants-checkpoint.py
[2025-02-14 18:45:46,222] {processor.py:641} INFO - Processing file /home/airflow/dags/Lead_scoring_data_pipeline/.ipynb_checkpoints/constants-checkpoint.py for tasks to queue
[2025-02-14 18:45:46,222] {logging_mixin.py:115} INFO - [2025-02-14 18:45:46,222] {dagbag.py:508} INFO - Filling up the DagBag from /home/airflow/dags/Lead_scoring_data_pipeline/.ipynb_checkpoints/constants-checkpoint.py
[2025-02-14 18:45:46,224] {processor.py:653} WARNING - No viable dags retrieved from /home/airflow/dags/Lead_scoring_data_pipeline/.ipynb_checkpoints/constants-checkpoint.py
[2025-02-14 18:45:46,235] {processor.py:161} INFO - Processing /home/airflow/dags/Lead_scoring_data_pipeline/.ipynb_checkpoints/constants-checkpoint.py took 0.018 seconds
[2025-02-14 18:46:38,661] {processor.py:153} INFO - Started process (PID=1689) to work on /home/airflow/dags/Lead_scoring_data_pipeline/.ipynb_checkpoints/constants-checkpoint.py
[2025-02-14 18:46:38,663] {processor.py:641} INFO - Processing file /home/airflow/dags/Lead_scoring_data_pipeline/.ipynb_checkpoints/constants-checkpoint.py for tasks to queue
[2025-02-14 18:46:38,664] {logging_mixin.py:115} INFO - [2025-02-14 18:46:38,664] {dagbag.py:508} INFO - Filling up the DagBag from /home/airflow/dags/Lead_scoring_data_pipeline/.ipynb_checkpoints/constants-checkpoint.py
[2025-02-14 18:46:38,665] {processor.py:653} WARNING - No viable dags retrieved from /home/airflow/dags/Lead_scoring_data_pipeline/.ipynb_checkpoints/constants-checkpoint.py
[2025-02-14 18:46:38,675] {processor.py:161} INFO - Processing /home/airflow/dags/Lead_scoring_data_pipeline/.ipynb_checkpoints/constants-checkpoint.py took 0.017 seconds
[2025-02-14 18:49:11,057] {processor.py:153} INFO - Started process (PID=1788) to work on /home/airflow/dags/Lead_scoring_data_pipeline/.ipynb_checkpoints/constants-checkpoint.py
[2025-02-14 18:49:11,059] {processor.py:641} INFO - Processing file /home/airflow/dags/Lead_scoring_data_pipeline/.ipynb_checkpoints/constants-checkpoint.py for tasks to queue
[2025-02-14 18:49:11,059] {logging_mixin.py:115} INFO - [2025-02-14 18:49:11,059] {dagbag.py:508} INFO - Filling up the DagBag from /home/airflow/dags/Lead_scoring_data_pipeline/.ipynb_checkpoints/constants-checkpoint.py
[2025-02-14 18:49:11,061] {processor.py:653} WARNING - No viable dags retrieved from /home/airflow/dags/Lead_scoring_data_pipeline/.ipynb_checkpoints/constants-checkpoint.py
[2025-02-14 18:49:11,072] {processor.py:161} INFO - Processing /home/airflow/dags/Lead_scoring_data_pipeline/.ipynb_checkpoints/constants-checkpoint.py took 0.018 seconds
[2025-02-14 18:51:32,259] {processor.py:153} INFO - Started process (PID=1932) to work on /home/airflow/dags/Lead_scoring_data_pipeline/.ipynb_checkpoints/constants-checkpoint.py
[2025-02-14 18:51:32,261] {processor.py:641} INFO - Processing file /home/airflow/dags/Lead_scoring_data_pipeline/.ipynb_checkpoints/constants-checkpoint.py for tasks to queue
[2025-02-14 18:51:32,262] {logging_mixin.py:115} INFO - [2025-02-14 18:51:32,262] {dagbag.py:508} INFO - Filling up the DagBag from /home/airflow/dags/Lead_scoring_data_pipeline/.ipynb_checkpoints/constants-checkpoint.py
[2025-02-14 18:51:32,263] {processor.py:653} WARNING - No viable dags retrieved from /home/airflow/dags/Lead_scoring_data_pipeline/.ipynb_checkpoints/constants-checkpoint.py
[2025-02-14 18:51:32,274] {processor.py:161} INFO - Processing /home/airflow/dags/Lead_scoring_data_pipeline/.ipynb_checkpoints/constants-checkpoint.py took 0.017 seconds
[2025-02-14 18:52:42,805] {processor.py:153} INFO - Started process (PID=1978) to work on /home/airflow/dags/Lead_scoring_data_pipeline/.ipynb_checkpoints/constants-checkpoint.py
[2025-02-14 18:52:42,807] {processor.py:641} INFO - Processing file /home/airflow/dags/Lead_scoring_data_pipeline/.ipynb_checkpoints/constants-checkpoint.py for tasks to queue
[2025-02-14 18:52:42,808] {logging_mixin.py:115} INFO - [2025-02-14 18:52:42,808] {dagbag.py:508} INFO - Filling up the DagBag from /home/airflow/dags/Lead_scoring_data_pipeline/.ipynb_checkpoints/constants-checkpoint.py
[2025-02-14 18:52:42,809] {processor.py:653} WARNING - No viable dags retrieved from /home/airflow/dags/Lead_scoring_data_pipeline/.ipynb_checkpoints/constants-checkpoint.py
[2025-02-14 18:52:42,820] {processor.py:161} INFO - Processing /home/airflow/dags/Lead_scoring_data_pipeline/.ipynb_checkpoints/constants-checkpoint.py took 0.018 seconds
[2025-02-14 18:53:52,120] {processor.py:153} INFO - Started process (PID=2016) to work on /home/airflow/dags/Lead_scoring_data_pipeline/.ipynb_checkpoints/constants-checkpoint.py
[2025-02-14 18:53:52,122] {processor.py:641} INFO - Processing file /home/airflow/dags/Lead_scoring_data_pipeline/.ipynb_checkpoints/constants-checkpoint.py for tasks to queue
[2025-02-14 18:53:52,123] {logging_mixin.py:115} INFO - [2025-02-14 18:53:52,123] {dagbag.py:508} INFO - Filling up the DagBag from /home/airflow/dags/Lead_scoring_data_pipeline/.ipynb_checkpoints/constants-checkpoint.py
[2025-02-14 18:53:52,124] {processor.py:653} WARNING - No viable dags retrieved from /home/airflow/dags/Lead_scoring_data_pipeline/.ipynb_checkpoints/constants-checkpoint.py
[2025-02-14 18:53:52,135] {processor.py:161} INFO - Processing /home/airflow/dags/Lead_scoring_data_pipeline/.ipynb_checkpoints/constants-checkpoint.py took 0.018 seconds
[2025-02-14 18:55:05,638] {processor.py:153} INFO - Started process (PID=2253) to work on /home/airflow/dags/Lead_scoring_data_pipeline/.ipynb_checkpoints/constants-checkpoint.py
[2025-02-14 18:55:05,640] {processor.py:641} INFO - Processing file /home/airflow/dags/Lead_scoring_data_pipeline/.ipynb_checkpoints/constants-checkpoint.py for tasks to queue
[2025-02-14 18:55:05,640] {logging_mixin.py:115} INFO - [2025-02-14 18:55:05,640] {dagbag.py:508} INFO - Filling up the DagBag from /home/airflow/dags/Lead_scoring_data_pipeline/.ipynb_checkpoints/constants-checkpoint.py
[2025-02-14 18:55:05,642] {processor.py:653} WARNING - No viable dags retrieved from /home/airflow/dags/Lead_scoring_data_pipeline/.ipynb_checkpoints/constants-checkpoint.py
[2025-02-14 18:55:05,652] {processor.py:161} INFO - Processing /home/airflow/dags/Lead_scoring_data_pipeline/.ipynb_checkpoints/constants-checkpoint.py took 0.017 seconds
[2025-02-14 18:57:49,029] {processor.py:153} INFO - Started process (PID=2377) to work on /home/airflow/dags/Lead_scoring_data_pipeline/.ipynb_checkpoints/constants-checkpoint.py
[2025-02-14 18:57:49,031] {processor.py:641} INFO - Processing file /home/airflow/dags/Lead_scoring_data_pipeline/.ipynb_checkpoints/constants-checkpoint.py for tasks to queue
[2025-02-14 18:57:49,031] {logging_mixin.py:115} INFO - [2025-02-14 18:57:49,031] {dagbag.py:508} INFO - Filling up the DagBag from /home/airflow/dags/Lead_scoring_data_pipeline/.ipynb_checkpoints/constants-checkpoint.py
[2025-02-14 18:57:49,033] {processor.py:653} WARNING - No viable dags retrieved from /home/airflow/dags/Lead_scoring_data_pipeline/.ipynb_checkpoints/constants-checkpoint.py
[2025-02-14 18:57:49,043] {processor.py:161} INFO - Processing /home/airflow/dags/Lead_scoring_data_pipeline/.ipynb_checkpoints/constants-checkpoint.py took 0.018 seconds
[2025-02-14 18:59:58,801] {processor.py:153} INFO - Started process (PID=2418) to work on /home/airflow/dags/Lead_scoring_data_pipeline/.ipynb_checkpoints/constants-checkpoint.py
[2025-02-14 18:59:58,803] {processor.py:641} INFO - Processing file /home/airflow/dags/Lead_scoring_data_pipeline/.ipynb_checkpoints/constants-checkpoint.py for tasks to queue
[2025-02-14 18:59:58,804] {logging_mixin.py:115} INFO - [2025-02-14 18:59:58,804] {dagbag.py:508} INFO - Filling up the DagBag from /home/airflow/dags/Lead_scoring_data_pipeline/.ipynb_checkpoints/constants-checkpoint.py
[2025-02-14 18:59:58,805] {processor.py:653} WARNING - No viable dags retrieved from /home/airflow/dags/Lead_scoring_data_pipeline/.ipynb_checkpoints/constants-checkpoint.py
[2025-02-14 18:59:58,816] {processor.py:161} INFO - Processing /home/airflow/dags/Lead_scoring_data_pipeline/.ipynb_checkpoints/constants-checkpoint.py took 0.018 seconds
[2025-02-14 19:01:15,481] {processor.py:153} INFO - Started process (PID=2492) to work on /home/airflow/dags/Lead_scoring_data_pipeline/.ipynb_checkpoints/constants-checkpoint.py
[2025-02-14 19:01:15,483] {processor.py:641} INFO - Processing file /home/airflow/dags/Lead_scoring_data_pipeline/.ipynb_checkpoints/constants-checkpoint.py for tasks to queue
[2025-02-14 19:01:15,483] {logging_mixin.py:115} INFO - [2025-02-14 19:01:15,483] {dagbag.py:508} INFO - Filling up the DagBag from /home/airflow/dags/Lead_scoring_data_pipeline/.ipynb_checkpoints/constants-checkpoint.py
[2025-02-14 19:01:15,485] {processor.py:653} WARNING - No viable dags retrieved from /home/airflow/dags/Lead_scoring_data_pipeline/.ipynb_checkpoints/constants-checkpoint.py
[2025-02-14 19:01:15,495] {processor.py:161} INFO - Processing /home/airflow/dags/Lead_scoring_data_pipeline/.ipynb_checkpoints/constants-checkpoint.py took 0.017 seconds
[2025-02-14 19:02:35,966] {processor.py:153} INFO - Started process (PID=2579) to work on /home/airflow/dags/Lead_scoring_data_pipeline/.ipynb_checkpoints/constants-checkpoint.py
[2025-02-14 19:02:35,966] {processor.py:641} INFO - Processing file /home/airflow/dags/Lead_scoring_data_pipeline/.ipynb_checkpoints/constants-checkpoint.py for tasks to queue
[2025-02-14 19:02:35,967] {logging_mixin.py:115} INFO - [2025-02-14 19:02:35,967] {dagbag.py:508} INFO - Filling up the DagBag from /home/airflow/dags/Lead_scoring_data_pipeline/.ipynb_checkpoints/constants-checkpoint.py
[2025-02-14 19:02:35,968] {processor.py:653} WARNING - No viable dags retrieved from /home/airflow/dags/Lead_scoring_data_pipeline/.ipynb_checkpoints/constants-checkpoint.py
[2025-02-14 19:02:36,094] {processor.py:161} INFO - Processing /home/airflow/dags/Lead_scoring_data_pipeline/.ipynb_checkpoints/constants-checkpoint.py took 0.131 seconds
[2025-02-14 19:03:38,134] {processor.py:153} INFO - Started process (PID=2729) to work on /home/airflow/dags/Lead_scoring_data_pipeline/.ipynb_checkpoints/constants-checkpoint.py
[2025-02-14 19:03:38,134] {processor.py:641} INFO - Processing file /home/airflow/dags/Lead_scoring_data_pipeline/.ipynb_checkpoints/constants-checkpoint.py for tasks to queue
[2025-02-14 19:03:38,135] {logging_mixin.py:115} INFO - [2025-02-14 19:03:38,135] {dagbag.py:508} INFO - Filling up the DagBag from /home/airflow/dags/Lead_scoring_data_pipeline/.ipynb_checkpoints/constants-checkpoint.py
[2025-02-14 19:03:38,136] {processor.py:653} WARNING - No viable dags retrieved from /home/airflow/dags/Lead_scoring_data_pipeline/.ipynb_checkpoints/constants-checkpoint.py
[2025-02-14 19:03:38,263] {processor.py:161} INFO - Processing /home/airflow/dags/Lead_scoring_data_pipeline/.ipynb_checkpoints/constants-checkpoint.py took 0.132 seconds
[2025-02-14 19:04:10,437] {processor.py:153} INFO - Started process (PID=2815) to work on /home/airflow/dags/Lead_scoring_data_pipeline/.ipynb_checkpoints/constants-checkpoint.py
[2025-02-14 19:04:10,437] {processor.py:641} INFO - Processing file /home/airflow/dags/Lead_scoring_data_pipeline/.ipynb_checkpoints/constants-checkpoint.py for tasks to queue
[2025-02-14 19:04:10,438] {logging_mixin.py:115} INFO - [2025-02-14 19:04:10,438] {dagbag.py:508} INFO - Filling up the DagBag from /home/airflow/dags/Lead_scoring_data_pipeline/.ipynb_checkpoints/constants-checkpoint.py
[2025-02-14 19:04:10,439] {processor.py:653} WARNING - No viable dags retrieved from /home/airflow/dags/Lead_scoring_data_pipeline/.ipynb_checkpoints/constants-checkpoint.py
[2025-02-14 19:04:10,565] {processor.py:161} INFO - Processing /home/airflow/dags/Lead_scoring_data_pipeline/.ipynb_checkpoints/constants-checkpoint.py took 0.131 seconds
[2025-02-14 19:05:12,837] {processor.py:153} INFO - Started process (PID=2928) to work on /home/airflow/dags/Lead_scoring_data_pipeline/.ipynb_checkpoints/constants-checkpoint.py
[2025-02-14 19:05:12,839] {processor.py:641} INFO - Processing file /home/airflow/dags/Lead_scoring_data_pipeline/.ipynb_checkpoints/constants-checkpoint.py for tasks to queue
[2025-02-14 19:05:12,839] {logging_mixin.py:115} INFO - [2025-02-14 19:05:12,839] {dagbag.py:508} INFO - Filling up the DagBag from /home/airflow/dags/Lead_scoring_data_pipeline/.ipynb_checkpoints/constants-checkpoint.py
[2025-02-14 19:05:12,841] {processor.py:653} WARNING - No viable dags retrieved from /home/airflow/dags/Lead_scoring_data_pipeline/.ipynb_checkpoints/constants-checkpoint.py
[2025-02-14 19:05:12,967] {processor.py:161} INFO - Processing /home/airflow/dags/Lead_scoring_data_pipeline/.ipynb_checkpoints/constants-checkpoint.py took 0.133 seconds
[2025-02-14 19:05:46,672] {processor.py:153} INFO - Started process (PID=2956) to work on /home/airflow/dags/Lead_scoring_data_pipeline/.ipynb_checkpoints/constants-checkpoint.py
[2025-02-14 19:05:46,673] {processor.py:641} INFO - Processing file /home/airflow/dags/Lead_scoring_data_pipeline/.ipynb_checkpoints/constants-checkpoint.py for tasks to queue
[2025-02-14 19:05:46,673] {logging_mixin.py:115} INFO - [2025-02-14 19:05:46,673] {dagbag.py:508} INFO - Filling up the DagBag from /home/airflow/dags/Lead_scoring_data_pipeline/.ipynb_checkpoints/constants-checkpoint.py
[2025-02-14 19:05:46,674] {processor.py:653} WARNING - No viable dags retrieved from /home/airflow/dags/Lead_scoring_data_pipeline/.ipynb_checkpoints/constants-checkpoint.py
[2025-02-14 19:05:46,802] {processor.py:161} INFO - Processing /home/airflow/dags/Lead_scoring_data_pipeline/.ipynb_checkpoints/constants-checkpoint.py took 0.133 seconds
[2025-02-14 19:06:20,093] {processor.py:153} INFO - Started process (PID=3043) to work on /home/airflow/dags/Lead_scoring_data_pipeline/.ipynb_checkpoints/constants-checkpoint.py
[2025-02-14 19:06:20,093] {processor.py:641} INFO - Processing file /home/airflow/dags/Lead_scoring_data_pipeline/.ipynb_checkpoints/constants-checkpoint.py for tasks to queue
[2025-02-14 19:06:20,094] {logging_mixin.py:115} INFO - [2025-02-14 19:06:20,093] {dagbag.py:508} INFO - Filling up the DagBag from /home/airflow/dags/Lead_scoring_data_pipeline/.ipynb_checkpoints/constants-checkpoint.py
[2025-02-14 19:06:20,095] {processor.py:653} WARNING - No viable dags retrieved from /home/airflow/dags/Lead_scoring_data_pipeline/.ipynb_checkpoints/constants-checkpoint.py
[2025-02-14 19:06:20,235] {processor.py:161} INFO - Processing /home/airflow/dags/Lead_scoring_data_pipeline/.ipynb_checkpoints/constants-checkpoint.py took 0.146 seconds
[2025-02-14 19:06:51,656] {processor.py:153} INFO - Started process (PID=3070) to work on /home/airflow/dags/Lead_scoring_data_pipeline/.ipynb_checkpoints/constants-checkpoint.py
[2025-02-14 19:06:51,658] {processor.py:641} INFO - Processing file /home/airflow/dags/Lead_scoring_data_pipeline/.ipynb_checkpoints/constants-checkpoint.py for tasks to queue
[2025-02-14 19:06:51,659] {logging_mixin.py:115} INFO - [2025-02-14 19:06:51,658] {dagbag.py:508} INFO - Filling up the DagBag from /home/airflow/dags/Lead_scoring_data_pipeline/.ipynb_checkpoints/constants-checkpoint.py
[2025-02-14 19:06:51,660] {processor.py:653} WARNING - No viable dags retrieved from /home/airflow/dags/Lead_scoring_data_pipeline/.ipynb_checkpoints/constants-checkpoint.py
[2025-02-14 19:06:51,790] {processor.py:161} INFO - Processing /home/airflow/dags/Lead_scoring_data_pipeline/.ipynb_checkpoints/constants-checkpoint.py took 0.137 seconds
[2025-02-14 19:07:25,388] {processor.py:153} INFO - Started process (PID=3157) to work on /home/airflow/dags/Lead_scoring_data_pipeline/.ipynb_checkpoints/constants-checkpoint.py
[2025-02-14 19:07:25,399] {processor.py:641} INFO - Processing file /home/airflow/dags/Lead_scoring_data_pipeline/.ipynb_checkpoints/constants-checkpoint.py for tasks to queue
[2025-02-14 19:07:25,400] {logging_mixin.py:115} INFO - [2025-02-14 19:07:25,399] {dagbag.py:508} INFO - Filling up the DagBag from /home/airflow/dags/Lead_scoring_data_pipeline/.ipynb_checkpoints/constants-checkpoint.py
[2025-02-14 19:07:25,401] {processor.py:653} WARNING - No viable dags retrieved from /home/airflow/dags/Lead_scoring_data_pipeline/.ipynb_checkpoints/constants-checkpoint.py
[2025-02-14 19:07:25,534] {processor.py:161} INFO - Processing /home/airflow/dags/Lead_scoring_data_pipeline/.ipynb_checkpoints/constants-checkpoint.py took 0.149 seconds
[2025-02-14 19:08:23,192] {processor.py:153} INFO - Started process (PID=3269) to work on /home/airflow/dags/Lead_scoring_data_pipeline/.ipynb_checkpoints/constants-checkpoint.py
[2025-02-14 19:08:23,193] {processor.py:641} INFO - Processing file /home/airflow/dags/Lead_scoring_data_pipeline/.ipynb_checkpoints/constants-checkpoint.py for tasks to queue
[2025-02-14 19:08:23,194] {logging_mixin.py:115} INFO - [2025-02-14 19:08:23,194] {dagbag.py:508} INFO - Filling up the DagBag from /home/airflow/dags/Lead_scoring_data_pipeline/.ipynb_checkpoints/constants-checkpoint.py
[2025-02-14 19:08:23,195] {processor.py:653} WARNING - No viable dags retrieved from /home/airflow/dags/Lead_scoring_data_pipeline/.ipynb_checkpoints/constants-checkpoint.py
[2025-02-14 19:08:23,206] {processor.py:161} INFO - Processing /home/airflow/dags/Lead_scoring_data_pipeline/.ipynb_checkpoints/constants-checkpoint.py took 0.017 seconds
[2025-02-14 19:09:19,374] {processor.py:153} INFO - Started process (PID=3380) to work on /home/airflow/dags/Lead_scoring_data_pipeline/.ipynb_checkpoints/constants-checkpoint.py
[2025-02-14 19:09:19,375] {processor.py:641} INFO - Processing file /home/airflow/dags/Lead_scoring_data_pipeline/.ipynb_checkpoints/constants-checkpoint.py for tasks to queue
[2025-02-14 19:09:19,376] {logging_mixin.py:115} INFO - [2025-02-14 19:09:19,376] {dagbag.py:508} INFO - Filling up the DagBag from /home/airflow/dags/Lead_scoring_data_pipeline/.ipynb_checkpoints/constants-checkpoint.py
[2025-02-14 19:09:19,377] {processor.py:653} WARNING - No viable dags retrieved from /home/airflow/dags/Lead_scoring_data_pipeline/.ipynb_checkpoints/constants-checkpoint.py
[2025-02-14 19:09:19,388] {processor.py:161} INFO - Processing /home/airflow/dags/Lead_scoring_data_pipeline/.ipynb_checkpoints/constants-checkpoint.py took 0.018 seconds
[2025-02-14 19:10:29,290] {processor.py:153} INFO - Started process (PID=3609) to work on /home/airflow/dags/Lead_scoring_data_pipeline/.ipynb_checkpoints/constants-checkpoint.py
[2025-02-14 19:10:29,291] {processor.py:641} INFO - Processing file /home/airflow/dags/Lead_scoring_data_pipeline/.ipynb_checkpoints/constants-checkpoint.py for tasks to queue
[2025-02-14 19:10:29,292] {logging_mixin.py:115} INFO - [2025-02-14 19:10:29,292] {dagbag.py:508} INFO - Filling up the DagBag from /home/airflow/dags/Lead_scoring_data_pipeline/.ipynb_checkpoints/constants-checkpoint.py
[2025-02-14 19:10:29,293] {processor.py:653} WARNING - No viable dags retrieved from /home/airflow/dags/Lead_scoring_data_pipeline/.ipynb_checkpoints/constants-checkpoint.py
[2025-02-14 19:10:29,304] {processor.py:161} INFO - Processing /home/airflow/dags/Lead_scoring_data_pipeline/.ipynb_checkpoints/constants-checkpoint.py took 0.018 seconds
[2025-02-14 19:11:57,301] {processor.py:153} INFO - Started process (PID=3708) to work on /home/airflow/dags/Lead_scoring_data_pipeline/.ipynb_checkpoints/constants-checkpoint.py
[2025-02-14 19:11:57,303] {processor.py:641} INFO - Processing file /home/airflow/dags/Lead_scoring_data_pipeline/.ipynb_checkpoints/constants-checkpoint.py for tasks to queue
[2025-02-14 19:11:57,304] {logging_mixin.py:115} INFO - [2025-02-14 19:11:57,304] {dagbag.py:508} INFO - Filling up the DagBag from /home/airflow/dags/Lead_scoring_data_pipeline/.ipynb_checkpoints/constants-checkpoint.py
[2025-02-14 19:11:57,305] {processor.py:653} WARNING - No viable dags retrieved from /home/airflow/dags/Lead_scoring_data_pipeline/.ipynb_checkpoints/constants-checkpoint.py
[2025-02-14 19:11:57,316] {processor.py:161} INFO - Processing /home/airflow/dags/Lead_scoring_data_pipeline/.ipynb_checkpoints/constants-checkpoint.py took 0.017 seconds
