[2025-02-14 18:16:37,788] {processor.py:153} INFO - Started process (PID=7531) to work on /home/airflow/dags/Lead_scoring_inference_pipeline/.ipynb_checkpoints/constants-checkpoint.py
[2025-02-14 18:16:37,788] {processor.py:641} INFO - Processing file /home/airflow/dags/Lead_scoring_inference_pipeline/.ipynb_checkpoints/constants-checkpoint.py for tasks to queue
[2025-02-14 18:16:37,789] {logging_mixin.py:115} INFO - [2025-02-14 18:16:37,789] {dagbag.py:508} INFO - Filling up the DagBag from /home/airflow/dags/Lead_scoring_inference_pipeline/.ipynb_checkpoints/constants-checkpoint.py
[2025-02-14 18:16:37,791] {processor.py:653} WARNING - No viable dags retrieved from /home/airflow/dags/Lead_scoring_inference_pipeline/.ipynb_checkpoints/constants-checkpoint.py
[2025-02-14 18:16:37,990] {processor.py:161} INFO - Processing /home/airflow/dags/Lead_scoring_inference_pipeline/.ipynb_checkpoints/constants-checkpoint.py took 0.206 seconds
[2025-02-14 18:18:30,951] {processor.py:153} INFO - Started process (PID=7919) to work on /home/airflow/dags/Lead_scoring_inference_pipeline/.ipynb_checkpoints/constants-checkpoint.py
[2025-02-14 18:18:30,953] {processor.py:641} INFO - Processing file /home/airflow/dags/Lead_scoring_inference_pipeline/.ipynb_checkpoints/constants-checkpoint.py for tasks to queue
[2025-02-14 18:18:30,954] {logging_mixin.py:115} INFO - [2025-02-14 18:18:30,954] {dagbag.py:508} INFO - Filling up the DagBag from /home/airflow/dags/Lead_scoring_inference_pipeline/.ipynb_checkpoints/constants-checkpoint.py
[2025-02-14 18:18:30,955] {processor.py:653} WARNING - No viable dags retrieved from /home/airflow/dags/Lead_scoring_inference_pipeline/.ipynb_checkpoints/constants-checkpoint.py
[2025-02-14 18:18:31,142] {processor.py:161} INFO - Processing /home/airflow/dags/Lead_scoring_inference_pipeline/.ipynb_checkpoints/constants-checkpoint.py took 0.194 seconds
[2025-02-14 18:19:10,242] {processor.py:153} INFO - Started process (PID=8007) to work on /home/airflow/dags/Lead_scoring_inference_pipeline/.ipynb_checkpoints/constants-checkpoint.py
[2025-02-14 18:19:10,243] {processor.py:641} INFO - Processing file /home/airflow/dags/Lead_scoring_inference_pipeline/.ipynb_checkpoints/constants-checkpoint.py for tasks to queue
[2025-02-14 18:19:10,244] {logging_mixin.py:115} INFO - [2025-02-14 18:19:10,244] {dagbag.py:508} INFO - Filling up the DagBag from /home/airflow/dags/Lead_scoring_inference_pipeline/.ipynb_checkpoints/constants-checkpoint.py
[2025-02-14 18:19:10,246] {processor.py:653} WARNING - No viable dags retrieved from /home/airflow/dags/Lead_scoring_inference_pipeline/.ipynb_checkpoints/constants-checkpoint.py
[2025-02-14 18:19:10,435] {processor.py:161} INFO - Processing /home/airflow/dags/Lead_scoring_inference_pipeline/.ipynb_checkpoints/constants-checkpoint.py took 0.197 seconds
[2025-02-14 18:19:47,876] {processor.py:153} INFO - Started process (PID=8059) to work on /home/airflow/dags/Lead_scoring_inference_pipeline/.ipynb_checkpoints/constants-checkpoint.py
[2025-02-14 18:19:47,878] {processor.py:641} INFO - Processing file /home/airflow/dags/Lead_scoring_inference_pipeline/.ipynb_checkpoints/constants-checkpoint.py for tasks to queue
[2025-02-14 18:19:47,879] {logging_mixin.py:115} INFO - [2025-02-14 18:19:47,878] {dagbag.py:508} INFO - Filling up the DagBag from /home/airflow/dags/Lead_scoring_inference_pipeline/.ipynb_checkpoints/constants-checkpoint.py
[2025-02-14 18:19:47,880] {processor.py:653} WARNING - No viable dags retrieved from /home/airflow/dags/Lead_scoring_inference_pipeline/.ipynb_checkpoints/constants-checkpoint.py
[2025-02-14 18:19:48,070] {processor.py:161} INFO - Processing /home/airflow/dags/Lead_scoring_inference_pipeline/.ipynb_checkpoints/constants-checkpoint.py took 0.198 seconds
[2025-02-14 18:20:24,493] {processor.py:153} INFO - Started process (PID=8138) to work on /home/airflow/dags/Lead_scoring_inference_pipeline/.ipynb_checkpoints/constants-checkpoint.py
[2025-02-14 18:20:24,494] {processor.py:641} INFO - Processing file /home/airflow/dags/Lead_scoring_inference_pipeline/.ipynb_checkpoints/constants-checkpoint.py for tasks to queue
[2025-02-14 18:20:24,495] {logging_mixin.py:115} INFO - [2025-02-14 18:20:24,495] {dagbag.py:508} INFO - Filling up the DagBag from /home/airflow/dags/Lead_scoring_inference_pipeline/.ipynb_checkpoints/constants-checkpoint.py
[2025-02-14 18:20:24,497] {processor.py:653} WARNING - No viable dags retrieved from /home/airflow/dags/Lead_scoring_inference_pipeline/.ipynb_checkpoints/constants-checkpoint.py
[2025-02-14 18:20:24,684] {processor.py:161} INFO - Processing /home/airflow/dags/Lead_scoring_inference_pipeline/.ipynb_checkpoints/constants-checkpoint.py took 0.194 seconds
[2025-02-14 18:21:00,900] {processor.py:153} INFO - Started process (PID=8181) to work on /home/airflow/dags/Lead_scoring_inference_pipeline/.ipynb_checkpoints/constants-checkpoint.py
[2025-02-14 18:21:00,902] {processor.py:641} INFO - Processing file /home/airflow/dags/Lead_scoring_inference_pipeline/.ipynb_checkpoints/constants-checkpoint.py for tasks to queue
[2025-02-14 18:21:00,903] {logging_mixin.py:115} INFO - [2025-02-14 18:21:00,903] {dagbag.py:508} INFO - Filling up the DagBag from /home/airflow/dags/Lead_scoring_inference_pipeline/.ipynb_checkpoints/constants-checkpoint.py
[2025-02-14 18:21:00,904] {processor.py:653} WARNING - No viable dags retrieved from /home/airflow/dags/Lead_scoring_inference_pipeline/.ipynb_checkpoints/constants-checkpoint.py
[2025-02-14 18:21:01,105] {processor.py:161} INFO - Processing /home/airflow/dags/Lead_scoring_inference_pipeline/.ipynb_checkpoints/constants-checkpoint.py took 0.208 seconds
[2025-02-14 18:21:39,137] {processor.py:153} INFO - Started process (PID=8264) to work on /home/airflow/dags/Lead_scoring_inference_pipeline/.ipynb_checkpoints/constants-checkpoint.py
[2025-02-14 18:21:39,138] {processor.py:641} INFO - Processing file /home/airflow/dags/Lead_scoring_inference_pipeline/.ipynb_checkpoints/constants-checkpoint.py for tasks to queue
[2025-02-14 18:21:39,139] {logging_mixin.py:115} INFO - [2025-02-14 18:21:39,139] {dagbag.py:508} INFO - Filling up the DagBag from /home/airflow/dags/Lead_scoring_inference_pipeline/.ipynb_checkpoints/constants-checkpoint.py
[2025-02-14 18:21:39,141] {processor.py:653} WARNING - No viable dags retrieved from /home/airflow/dags/Lead_scoring_inference_pipeline/.ipynb_checkpoints/constants-checkpoint.py
[2025-02-14 18:21:39,153] {processor.py:161} INFO - Processing /home/airflow/dags/Lead_scoring_inference_pipeline/.ipynb_checkpoints/constants-checkpoint.py took 0.020 seconds
[2025-02-14 18:22:11,863] {processor.py:153} INFO - Started process (PID=8317) to work on /home/airflow/dags/Lead_scoring_inference_pipeline/.ipynb_checkpoints/constants-checkpoint.py
[2025-02-14 18:22:11,864] {processor.py:641} INFO - Processing file /home/airflow/dags/Lead_scoring_inference_pipeline/.ipynb_checkpoints/constants-checkpoint.py for tasks to queue
[2025-02-14 18:22:11,865] {logging_mixin.py:115} INFO - [2025-02-14 18:22:11,865] {dagbag.py:508} INFO - Filling up the DagBag from /home/airflow/dags/Lead_scoring_inference_pipeline/.ipynb_checkpoints/constants-checkpoint.py
[2025-02-14 18:22:11,867] {processor.py:653} WARNING - No viable dags retrieved from /home/airflow/dags/Lead_scoring_inference_pipeline/.ipynb_checkpoints/constants-checkpoint.py
[2025-02-14 18:22:11,880] {processor.py:161} INFO - Processing /home/airflow/dags/Lead_scoring_inference_pipeline/.ipynb_checkpoints/constants-checkpoint.py took 0.021 seconds
[2025-02-14 18:22:39,477] {processor.py:153} INFO - Started process (PID=8379) to work on /home/airflow/dags/Lead_scoring_inference_pipeline/.ipynb_checkpoints/constants-checkpoint.py
[2025-02-14 18:22:39,477] {processor.py:641} INFO - Processing file /home/airflow/dags/Lead_scoring_inference_pipeline/.ipynb_checkpoints/constants-checkpoint.py for tasks to queue
[2025-02-14 18:22:39,478] {logging_mixin.py:115} INFO - [2025-02-14 18:22:39,478] {dagbag.py:508} INFO - Filling up the DagBag from /home/airflow/dags/Lead_scoring_inference_pipeline/.ipynb_checkpoints/constants-checkpoint.py
[2025-02-14 18:22:39,480] {processor.py:653} WARNING - No viable dags retrieved from /home/airflow/dags/Lead_scoring_inference_pipeline/.ipynb_checkpoints/constants-checkpoint.py
[2025-02-14 18:22:39,493] {processor.py:161} INFO - Processing /home/airflow/dags/Lead_scoring_inference_pipeline/.ipynb_checkpoints/constants-checkpoint.py took 0.020 seconds
[2025-02-14 18:23:13,642] {processor.py:153} INFO - Started process (PID=8440) to work on /home/airflow/dags/Lead_scoring_inference_pipeline/.ipynb_checkpoints/constants-checkpoint.py
[2025-02-14 18:23:13,643] {processor.py:641} INFO - Processing file /home/airflow/dags/Lead_scoring_inference_pipeline/.ipynb_checkpoints/constants-checkpoint.py for tasks to queue
[2025-02-14 18:23:13,644] {logging_mixin.py:115} INFO - [2025-02-14 18:23:13,644] {dagbag.py:508} INFO - Filling up the DagBag from /home/airflow/dags/Lead_scoring_inference_pipeline/.ipynb_checkpoints/constants-checkpoint.py
[2025-02-14 18:23:13,646] {processor.py:653} WARNING - No viable dags retrieved from /home/airflow/dags/Lead_scoring_inference_pipeline/.ipynb_checkpoints/constants-checkpoint.py
[2025-02-14 18:23:13,658] {processor.py:161} INFO - Processing /home/airflow/dags/Lead_scoring_inference_pipeline/.ipynb_checkpoints/constants-checkpoint.py took 0.020 seconds
[2025-02-14 18:24:19,412] {processor.py:153} INFO - Started process (PID=8581) to work on /home/airflow/dags/Lead_scoring_inference_pipeline/.ipynb_checkpoints/constants-checkpoint.py
[2025-02-14 18:24:19,414] {processor.py:641} INFO - Processing file /home/airflow/dags/Lead_scoring_inference_pipeline/.ipynb_checkpoints/constants-checkpoint.py for tasks to queue
[2025-02-14 18:24:19,414] {logging_mixin.py:115} INFO - [2025-02-14 18:24:19,414] {dagbag.py:508} INFO - Filling up the DagBag from /home/airflow/dags/Lead_scoring_inference_pipeline/.ipynb_checkpoints/constants-checkpoint.py
[2025-02-14 18:24:19,416] {processor.py:653} WARNING - No viable dags retrieved from /home/airflow/dags/Lead_scoring_inference_pipeline/.ipynb_checkpoints/constants-checkpoint.py
[2025-02-14 18:24:19,427] {processor.py:161} INFO - Processing /home/airflow/dags/Lead_scoring_inference_pipeline/.ipynb_checkpoints/constants-checkpoint.py took 0.018 seconds
[2025-02-14 18:29:45,508] {processor.py:153} INFO - Started process (PID=8708) to work on /home/airflow/dags/Lead_scoring_inference_pipeline/.ipynb_checkpoints/constants-checkpoint.py
[2025-02-14 18:29:45,510] {processor.py:641} INFO - Processing file /home/airflow/dags/Lead_scoring_inference_pipeline/.ipynb_checkpoints/constants-checkpoint.py for tasks to queue
[2025-02-14 18:29:45,510] {logging_mixin.py:115} INFO - [2025-02-14 18:29:45,510] {dagbag.py:508} INFO - Filling up the DagBag from /home/airflow/dags/Lead_scoring_inference_pipeline/.ipynb_checkpoints/constants-checkpoint.py
[2025-02-14 18:29:45,512] {processor.py:653} WARNING - No viable dags retrieved from /home/airflow/dags/Lead_scoring_inference_pipeline/.ipynb_checkpoints/constants-checkpoint.py
[2025-02-14 18:29:45,631] {processor.py:161} INFO - Processing /home/airflow/dags/Lead_scoring_inference_pipeline/.ipynb_checkpoints/constants-checkpoint.py took 0.125 seconds
[2025-02-14 18:31:12,212] {processor.py:153} INFO - Started process (PID=8938) to work on /home/airflow/dags/Lead_scoring_inference_pipeline/.ipynb_checkpoints/constants-checkpoint.py
[2025-02-14 18:31:12,214] {processor.py:641} INFO - Processing file /home/airflow/dags/Lead_scoring_inference_pipeline/.ipynb_checkpoints/constants-checkpoint.py for tasks to queue
[2025-02-14 18:31:12,214] {logging_mixin.py:115} INFO - [2025-02-14 18:31:12,214] {dagbag.py:508} INFO - Filling up the DagBag from /home/airflow/dags/Lead_scoring_inference_pipeline/.ipynb_checkpoints/constants-checkpoint.py
[2025-02-14 18:31:12,216] {processor.py:653} WARNING - No viable dags retrieved from /home/airflow/dags/Lead_scoring_inference_pipeline/.ipynb_checkpoints/constants-checkpoint.py
[2025-02-14 18:31:12,335] {processor.py:161} INFO - Processing /home/airflow/dags/Lead_scoring_inference_pipeline/.ipynb_checkpoints/constants-checkpoint.py took 0.126 seconds
[2025-02-14 18:32:09,560] {processor.py:153} INFO - Started process (PID=9105) to work on /home/airflow/dags/Lead_scoring_inference_pipeline/.ipynb_checkpoints/constants-checkpoint.py
[2025-02-14 18:32:09,562] {processor.py:641} INFO - Processing file /home/airflow/dags/Lead_scoring_inference_pipeline/.ipynb_checkpoints/constants-checkpoint.py for tasks to queue
[2025-02-14 18:32:09,562] {logging_mixin.py:115} INFO - [2025-02-14 18:32:09,562] {dagbag.py:508} INFO - Filling up the DagBag from /home/airflow/dags/Lead_scoring_inference_pipeline/.ipynb_checkpoints/constants-checkpoint.py
[2025-02-14 18:32:09,564] {processor.py:653} WARNING - No viable dags retrieved from /home/airflow/dags/Lead_scoring_inference_pipeline/.ipynb_checkpoints/constants-checkpoint.py
[2025-02-14 18:32:09,704] {processor.py:161} INFO - Processing /home/airflow/dags/Lead_scoring_inference_pipeline/.ipynb_checkpoints/constants-checkpoint.py took 0.147 seconds
[2025-02-14 18:33:14,164] {processor.py:153} INFO - Started process (PID=9312) to work on /home/airflow/dags/Lead_scoring_inference_pipeline/.ipynb_checkpoints/constants-checkpoint.py
[2025-02-14 18:33:14,166] {processor.py:641} INFO - Processing file /home/airflow/dags/Lead_scoring_inference_pipeline/.ipynb_checkpoints/constants-checkpoint.py for tasks to queue
[2025-02-14 18:33:14,167] {logging_mixin.py:115} INFO - [2025-02-14 18:33:14,167] {dagbag.py:508} INFO - Filling up the DagBag from /home/airflow/dags/Lead_scoring_inference_pipeline/.ipynb_checkpoints/constants-checkpoint.py
[2025-02-14 18:33:14,168] {processor.py:653} WARNING - No viable dags retrieved from /home/airflow/dags/Lead_scoring_inference_pipeline/.ipynb_checkpoints/constants-checkpoint.py
[2025-02-14 18:33:14,297] {processor.py:161} INFO - Processing /home/airflow/dags/Lead_scoring_inference_pipeline/.ipynb_checkpoints/constants-checkpoint.py took 0.135 seconds
[2025-02-14 18:34:01,392] {processor.py:153} INFO - Started process (PID=9431) to work on /home/airflow/dags/Lead_scoring_inference_pipeline/.ipynb_checkpoints/constants-checkpoint.py
[2025-02-14 18:34:01,394] {processor.py:641} INFO - Processing file /home/airflow/dags/Lead_scoring_inference_pipeline/.ipynb_checkpoints/constants-checkpoint.py for tasks to queue
[2025-02-14 18:34:01,394] {logging_mixin.py:115} INFO - [2025-02-14 18:34:01,394] {dagbag.py:508} INFO - Filling up the DagBag from /home/airflow/dags/Lead_scoring_inference_pipeline/.ipynb_checkpoints/constants-checkpoint.py
[2025-02-14 18:34:01,396] {processor.py:653} WARNING - No viable dags retrieved from /home/airflow/dags/Lead_scoring_inference_pipeline/.ipynb_checkpoints/constants-checkpoint.py
[2025-02-14 18:34:01,536] {processor.py:161} INFO - Processing /home/airflow/dags/Lead_scoring_inference_pipeline/.ipynb_checkpoints/constants-checkpoint.py took 0.147 seconds
[2025-02-14 18:35:00,026] {processor.py:153} INFO - Started process (PID=9542) to work on /home/airflow/dags/Lead_scoring_inference_pipeline/.ipynb_checkpoints/constants-checkpoint.py
[2025-02-14 18:35:00,027] {processor.py:641} INFO - Processing file /home/airflow/dags/Lead_scoring_inference_pipeline/.ipynb_checkpoints/constants-checkpoint.py for tasks to queue
[2025-02-14 18:35:00,028] {logging_mixin.py:115} INFO - [2025-02-14 18:35:00,028] {dagbag.py:508} INFO - Filling up the DagBag from /home/airflow/dags/Lead_scoring_inference_pipeline/.ipynb_checkpoints/constants-checkpoint.py
[2025-02-14 18:35:00,029] {processor.py:653} WARNING - No viable dags retrieved from /home/airflow/dags/Lead_scoring_inference_pipeline/.ipynb_checkpoints/constants-checkpoint.py
[2025-02-14 18:35:00,040] {processor.py:161} INFO - Processing /home/airflow/dags/Lead_scoring_inference_pipeline/.ipynb_checkpoints/constants-checkpoint.py took 0.017 seconds
[2025-02-14 18:36:00,124] {processor.py:153} INFO - Started process (PID=9841) to work on /home/airflow/dags/Lead_scoring_inference_pipeline/.ipynb_checkpoints/constants-checkpoint.py
[2025-02-14 18:36:00,126] {processor.py:641} INFO - Processing file /home/airflow/dags/Lead_scoring_inference_pipeline/.ipynb_checkpoints/constants-checkpoint.py for tasks to queue
[2025-02-14 18:36:00,126] {logging_mixin.py:115} INFO - [2025-02-14 18:36:00,126] {dagbag.py:508} INFO - Filling up the DagBag from /home/airflow/dags/Lead_scoring_inference_pipeline/.ipynb_checkpoints/constants-checkpoint.py
[2025-02-14 18:36:00,128] {processor.py:653} WARNING - No viable dags retrieved from /home/airflow/dags/Lead_scoring_inference_pipeline/.ipynb_checkpoints/constants-checkpoint.py
[2025-02-14 18:36:00,138] {processor.py:161} INFO - Processing /home/airflow/dags/Lead_scoring_inference_pipeline/.ipynb_checkpoints/constants-checkpoint.py took 0.017 seconds
[2025-02-14 18:39:24,860] {processor.py:153} INFO - Started process (PID=757) to work on /home/airflow/dags/Lead_scoring_inference_pipeline/.ipynb_checkpoints/constants-checkpoint.py
[2025-02-14 18:39:24,862] {processor.py:641} INFO - Processing file /home/airflow/dags/Lead_scoring_inference_pipeline/.ipynb_checkpoints/constants-checkpoint.py for tasks to queue
[2025-02-14 18:39:24,863] {logging_mixin.py:115} INFO - [2025-02-14 18:39:24,862] {dagbag.py:508} INFO - Filling up the DagBag from /home/airflow/dags/Lead_scoring_inference_pipeline/.ipynb_checkpoints/constants-checkpoint.py
[2025-02-14 18:39:24,864] {processor.py:653} WARNING - No viable dags retrieved from /home/airflow/dags/Lead_scoring_inference_pipeline/.ipynb_checkpoints/constants-checkpoint.py
[2025-02-14 18:39:24,994] {processor.py:161} INFO - Processing /home/airflow/dags/Lead_scoring_inference_pipeline/.ipynb_checkpoints/constants-checkpoint.py took 0.137 seconds
[2025-02-14 18:40:47,081] {processor.py:153} INFO - Started process (PID=1025) to work on /home/airflow/dags/Lead_scoring_inference_pipeline/.ipynb_checkpoints/constants-checkpoint.py
[2025-02-14 18:40:47,083] {processor.py:641} INFO - Processing file /home/airflow/dags/Lead_scoring_inference_pipeline/.ipynb_checkpoints/constants-checkpoint.py for tasks to queue
[2025-02-14 18:40:47,084] {logging_mixin.py:115} INFO - [2025-02-14 18:40:47,083] {dagbag.py:508} INFO - Filling up the DagBag from /home/airflow/dags/Lead_scoring_inference_pipeline/.ipynb_checkpoints/constants-checkpoint.py
[2025-02-14 18:40:47,085] {processor.py:653} WARNING - No viable dags retrieved from /home/airflow/dags/Lead_scoring_inference_pipeline/.ipynb_checkpoints/constants-checkpoint.py
[2025-02-14 18:40:47,222] {processor.py:161} INFO - Processing /home/airflow/dags/Lead_scoring_inference_pipeline/.ipynb_checkpoints/constants-checkpoint.py took 0.144 seconds
[2025-02-14 18:41:49,514] {processor.py:153} INFO - Started process (PID=1137) to work on /home/airflow/dags/Lead_scoring_inference_pipeline/.ipynb_checkpoints/constants-checkpoint.py
[2025-02-14 18:41:49,516] {processor.py:641} INFO - Processing file /home/airflow/dags/Lead_scoring_inference_pipeline/.ipynb_checkpoints/constants-checkpoint.py for tasks to queue
[2025-02-14 18:41:49,516] {logging_mixin.py:115} INFO - [2025-02-14 18:41:49,516] {dagbag.py:508} INFO - Filling up the DagBag from /home/airflow/dags/Lead_scoring_inference_pipeline/.ipynb_checkpoints/constants-checkpoint.py
[2025-02-14 18:41:49,518] {processor.py:653} WARNING - No viable dags retrieved from /home/airflow/dags/Lead_scoring_inference_pipeline/.ipynb_checkpoints/constants-checkpoint.py
[2025-02-14 18:41:49,664] {processor.py:161} INFO - Processing /home/airflow/dags/Lead_scoring_inference_pipeline/.ipynb_checkpoints/constants-checkpoint.py took 0.153 seconds
[2025-02-14 18:42:53,977] {processor.py:153} INFO - Started process (PID=1249) to work on /home/airflow/dags/Lead_scoring_inference_pipeline/.ipynb_checkpoints/constants-checkpoint.py
[2025-02-14 18:42:53,978] {processor.py:641} INFO - Processing file /home/airflow/dags/Lead_scoring_inference_pipeline/.ipynb_checkpoints/constants-checkpoint.py for tasks to queue
[2025-02-14 18:42:53,979] {logging_mixin.py:115} INFO - [2025-02-14 18:42:53,979] {dagbag.py:508} INFO - Filling up the DagBag from /home/airflow/dags/Lead_scoring_inference_pipeline/.ipynb_checkpoints/constants-checkpoint.py
[2025-02-14 18:42:53,980] {processor.py:653} WARNING - No viable dags retrieved from /home/airflow/dags/Lead_scoring_inference_pipeline/.ipynb_checkpoints/constants-checkpoint.py
[2025-02-14 18:42:54,115] {processor.py:161} INFO - Processing /home/airflow/dags/Lead_scoring_inference_pipeline/.ipynb_checkpoints/constants-checkpoint.py took 0.142 seconds
[2025-02-14 18:43:59,048] {processor.py:153} INFO - Started process (PID=1365) to work on /home/airflow/dags/Lead_scoring_inference_pipeline/.ipynb_checkpoints/constants-checkpoint.py
[2025-02-14 18:43:59,050] {processor.py:641} INFO - Processing file /home/airflow/dags/Lead_scoring_inference_pipeline/.ipynb_checkpoints/constants-checkpoint.py for tasks to queue
[2025-02-14 18:43:59,051] {logging_mixin.py:115} INFO - [2025-02-14 18:43:59,051] {dagbag.py:508} INFO - Filling up the DagBag from /home/airflow/dags/Lead_scoring_inference_pipeline/.ipynb_checkpoints/constants-checkpoint.py
[2025-02-14 18:43:59,052] {processor.py:653} WARNING - No viable dags retrieved from /home/airflow/dags/Lead_scoring_inference_pipeline/.ipynb_checkpoints/constants-checkpoint.py
[2025-02-14 18:43:59,180] {processor.py:161} INFO - Processing /home/airflow/dags/Lead_scoring_inference_pipeline/.ipynb_checkpoints/constants-checkpoint.py took 0.134 seconds
[2025-02-14 18:44:56,549] {processor.py:153} INFO - Started process (PID=1476) to work on /home/airflow/dags/Lead_scoring_inference_pipeline/.ipynb_checkpoints/constants-checkpoint.py
[2025-02-14 18:44:56,551] {processor.py:641} INFO - Processing file /home/airflow/dags/Lead_scoring_inference_pipeline/.ipynb_checkpoints/constants-checkpoint.py for tasks to queue
[2025-02-14 18:44:56,551] {logging_mixin.py:115} INFO - [2025-02-14 18:44:56,551] {dagbag.py:508} INFO - Filling up the DagBag from /home/airflow/dags/Lead_scoring_inference_pipeline/.ipynb_checkpoints/constants-checkpoint.py
[2025-02-14 18:44:56,553] {processor.py:653} WARNING - No viable dags retrieved from /home/airflow/dags/Lead_scoring_inference_pipeline/.ipynb_checkpoints/constants-checkpoint.py
[2025-02-14 18:44:56,564] {processor.py:161} INFO - Processing /home/airflow/dags/Lead_scoring_inference_pipeline/.ipynb_checkpoints/constants-checkpoint.py took 0.018 seconds
[2025-02-14 18:45:47,609] {processor.py:153} INFO - Started process (PID=1584) to work on /home/airflow/dags/Lead_scoring_inference_pipeline/.ipynb_checkpoints/constants-checkpoint.py
[2025-02-14 18:45:47,611] {processor.py:641} INFO - Processing file /home/airflow/dags/Lead_scoring_inference_pipeline/.ipynb_checkpoints/constants-checkpoint.py for tasks to queue
[2025-02-14 18:45:47,611] {logging_mixin.py:115} INFO - [2025-02-14 18:45:47,611] {dagbag.py:508} INFO - Filling up the DagBag from /home/airflow/dags/Lead_scoring_inference_pipeline/.ipynb_checkpoints/constants-checkpoint.py
[2025-02-14 18:45:47,613] {processor.py:653} WARNING - No viable dags retrieved from /home/airflow/dags/Lead_scoring_inference_pipeline/.ipynb_checkpoints/constants-checkpoint.py
[2025-02-14 18:45:47,624] {processor.py:161} INFO - Processing /home/airflow/dags/Lead_scoring_inference_pipeline/.ipynb_checkpoints/constants-checkpoint.py took 0.018 seconds
[2025-02-14 18:46:40,997] {processor.py:153} INFO - Started process (PID=1691) to work on /home/airflow/dags/Lead_scoring_inference_pipeline/.ipynb_checkpoints/constants-checkpoint.py
[2025-02-14 18:46:40,999] {processor.py:641} INFO - Processing file /home/airflow/dags/Lead_scoring_inference_pipeline/.ipynb_checkpoints/constants-checkpoint.py for tasks to queue
[2025-02-14 18:46:40,999] {logging_mixin.py:115} INFO - [2025-02-14 18:46:40,999] {dagbag.py:508} INFO - Filling up the DagBag from /home/airflow/dags/Lead_scoring_inference_pipeline/.ipynb_checkpoints/constants-checkpoint.py
[2025-02-14 18:46:41,001] {processor.py:653} WARNING - No viable dags retrieved from /home/airflow/dags/Lead_scoring_inference_pipeline/.ipynb_checkpoints/constants-checkpoint.py
[2025-02-14 18:46:41,012] {processor.py:161} INFO - Processing /home/airflow/dags/Lead_scoring_inference_pipeline/.ipynb_checkpoints/constants-checkpoint.py took 0.018 seconds
[2025-02-14 18:53:58,640] {processor.py:153} INFO - Started process (PID=2036) to work on /home/airflow/dags/Lead_scoring_inference_pipeline/.ipynb_checkpoints/constants-checkpoint.py
[2025-02-14 18:53:58,642] {processor.py:641} INFO - Processing file /home/airflow/dags/Lead_scoring_inference_pipeline/.ipynb_checkpoints/constants-checkpoint.py for tasks to queue
[2025-02-14 18:53:58,642] {logging_mixin.py:115} INFO - [2025-02-14 18:53:58,642] {dagbag.py:508} INFO - Filling up the DagBag from /home/airflow/dags/Lead_scoring_inference_pipeline/.ipynb_checkpoints/constants-checkpoint.py
[2025-02-14 18:53:58,644] {processor.py:653} WARNING - No viable dags retrieved from /home/airflow/dags/Lead_scoring_inference_pipeline/.ipynb_checkpoints/constants-checkpoint.py
[2025-02-14 18:53:58,654] {processor.py:161} INFO - Processing /home/airflow/dags/Lead_scoring_inference_pipeline/.ipynb_checkpoints/constants-checkpoint.py took 0.017 seconds
[2025-02-14 18:55:10,482] {processor.py:153} INFO - Started process (PID=2273) to work on /home/airflow/dags/Lead_scoring_inference_pipeline/.ipynb_checkpoints/constants-checkpoint.py
[2025-02-14 18:55:10,484] {processor.py:641} INFO - Processing file /home/airflow/dags/Lead_scoring_inference_pipeline/.ipynb_checkpoints/constants-checkpoint.py for tasks to queue
[2025-02-14 18:55:10,484] {logging_mixin.py:115} INFO - [2025-02-14 18:55:10,484] {dagbag.py:508} INFO - Filling up the DagBag from /home/airflow/dags/Lead_scoring_inference_pipeline/.ipynb_checkpoints/constants-checkpoint.py
[2025-02-14 18:55:10,485] {processor.py:653} WARNING - No viable dags retrieved from /home/airflow/dags/Lead_scoring_inference_pipeline/.ipynb_checkpoints/constants-checkpoint.py
[2025-02-14 18:55:10,496] {processor.py:161} INFO - Processing /home/airflow/dags/Lead_scoring_inference_pipeline/.ipynb_checkpoints/constants-checkpoint.py took 0.017 seconds
[2025-02-14 19:00:10,504] {processor.py:153} INFO - Started process (PID=2472) to work on /home/airflow/dags/Lead_scoring_inference_pipeline/.ipynb_checkpoints/constants-checkpoint.py
[2025-02-14 19:00:10,507] {processor.py:641} INFO - Processing file /home/airflow/dags/Lead_scoring_inference_pipeline/.ipynb_checkpoints/constants-checkpoint.py for tasks to queue
[2025-02-14 19:00:10,507] {logging_mixin.py:115} INFO - [2025-02-14 19:00:10,507] {dagbag.py:508} INFO - Filling up the DagBag from /home/airflow/dags/Lead_scoring_inference_pipeline/.ipynb_checkpoints/constants-checkpoint.py
[2025-02-14 19:00:10,509] {processor.py:653} WARNING - No viable dags retrieved from /home/airflow/dags/Lead_scoring_inference_pipeline/.ipynb_checkpoints/constants-checkpoint.py
[2025-02-14 19:00:10,519] {processor.py:161} INFO - Processing /home/airflow/dags/Lead_scoring_inference_pipeline/.ipynb_checkpoints/constants-checkpoint.py took 0.018 seconds
[2025-02-14 19:02:43,006] {processor.py:153} INFO - Started process (PID=2637) to work on /home/airflow/dags/Lead_scoring_inference_pipeline/.ipynb_checkpoints/constants-checkpoint.py
[2025-02-14 19:02:43,008] {processor.py:641} INFO - Processing file /home/airflow/dags/Lead_scoring_inference_pipeline/.ipynb_checkpoints/constants-checkpoint.py for tasks to queue
[2025-02-14 19:02:43,009] {logging_mixin.py:115} INFO - [2025-02-14 19:02:43,009] {dagbag.py:508} INFO - Filling up the DagBag from /home/airflow/dags/Lead_scoring_inference_pipeline/.ipynb_checkpoints/constants-checkpoint.py
[2025-02-14 19:02:43,010] {processor.py:653} WARNING - No viable dags retrieved from /home/airflow/dags/Lead_scoring_inference_pipeline/.ipynb_checkpoints/constants-checkpoint.py
[2025-02-14 19:02:43,148] {processor.py:161} INFO - Processing /home/airflow/dags/Lead_scoring_inference_pipeline/.ipynb_checkpoints/constants-checkpoint.py took 0.145 seconds
[2025-02-14 19:03:44,737] {processor.py:153} INFO - Started process (PID=2749) to work on /home/airflow/dags/Lead_scoring_inference_pipeline/.ipynb_checkpoints/constants-checkpoint.py
[2025-02-14 19:03:44,739] {processor.py:641} INFO - Processing file /home/airflow/dags/Lead_scoring_inference_pipeline/.ipynb_checkpoints/constants-checkpoint.py for tasks to queue
[2025-02-14 19:03:44,739] {logging_mixin.py:115} INFO - [2025-02-14 19:03:44,739] {dagbag.py:508} INFO - Filling up the DagBag from /home/airflow/dags/Lead_scoring_inference_pipeline/.ipynb_checkpoints/constants-checkpoint.py
[2025-02-14 19:03:44,740] {processor.py:653} WARNING - No viable dags retrieved from /home/airflow/dags/Lead_scoring_inference_pipeline/.ipynb_checkpoints/constants-checkpoint.py
[2025-02-14 19:03:44,864] {processor.py:161} INFO - Processing /home/airflow/dags/Lead_scoring_inference_pipeline/.ipynb_checkpoints/constants-checkpoint.py took 0.130 seconds
[2025-02-14 19:04:47,196] {processor.py:153} INFO - Started process (PID=2862) to work on /home/airflow/dags/Lead_scoring_inference_pipeline/.ipynb_checkpoints/constants-checkpoint.py
[2025-02-14 19:04:47,198] {processor.py:641} INFO - Processing file /home/airflow/dags/Lead_scoring_inference_pipeline/.ipynb_checkpoints/constants-checkpoint.py for tasks to queue
[2025-02-14 19:04:47,198] {logging_mixin.py:115} INFO - [2025-02-14 19:04:47,198] {dagbag.py:508} INFO - Filling up the DagBag from /home/airflow/dags/Lead_scoring_inference_pipeline/.ipynb_checkpoints/constants-checkpoint.py
[2025-02-14 19:04:47,200] {processor.py:653} WARNING - No viable dags retrieved from /home/airflow/dags/Lead_scoring_inference_pipeline/.ipynb_checkpoints/constants-checkpoint.py
[2025-02-14 19:04:47,329] {processor.py:161} INFO - Processing /home/airflow/dags/Lead_scoring_inference_pipeline/.ipynb_checkpoints/constants-checkpoint.py took 0.136 seconds
[2025-02-14 19:05:52,653] {processor.py:153} INFO - Started process (PID=2976) to work on /home/airflow/dags/Lead_scoring_inference_pipeline/.ipynb_checkpoints/constants-checkpoint.py
[2025-02-14 19:05:52,655] {processor.py:641} INFO - Processing file /home/airflow/dags/Lead_scoring_inference_pipeline/.ipynb_checkpoints/constants-checkpoint.py for tasks to queue
[2025-02-14 19:05:52,655] {logging_mixin.py:115} INFO - [2025-02-14 19:05:52,655] {dagbag.py:508} INFO - Filling up the DagBag from /home/airflow/dags/Lead_scoring_inference_pipeline/.ipynb_checkpoints/constants-checkpoint.py
[2025-02-14 19:05:52,657] {processor.py:653} WARNING - No viable dags retrieved from /home/airflow/dags/Lead_scoring_inference_pipeline/.ipynb_checkpoints/constants-checkpoint.py
[2025-02-14 19:05:52,788] {processor.py:161} INFO - Processing /home/airflow/dags/Lead_scoring_inference_pipeline/.ipynb_checkpoints/constants-checkpoint.py took 0.139 seconds
[2025-02-14 19:06:56,949] {processor.py:153} INFO - Started process (PID=3090) to work on /home/airflow/dags/Lead_scoring_inference_pipeline/.ipynb_checkpoints/constants-checkpoint.py
[2025-02-14 19:06:56,951] {processor.py:641} INFO - Processing file /home/airflow/dags/Lead_scoring_inference_pipeline/.ipynb_checkpoints/constants-checkpoint.py for tasks to queue
[2025-02-14 19:06:56,952] {logging_mixin.py:115} INFO - [2025-02-14 19:06:56,951] {dagbag.py:508} INFO - Filling up the DagBag from /home/airflow/dags/Lead_scoring_inference_pipeline/.ipynb_checkpoints/constants-checkpoint.py
[2025-02-14 19:06:56,953] {processor.py:653} WARNING - No viable dags retrieved from /home/airflow/dags/Lead_scoring_inference_pipeline/.ipynb_checkpoints/constants-checkpoint.py
[2025-02-14 19:06:57,079] {processor.py:161} INFO - Processing /home/airflow/dags/Lead_scoring_inference_pipeline/.ipynb_checkpoints/constants-checkpoint.py took 0.133 seconds
[2025-02-14 19:07:56,894] {processor.py:153} INFO - Started process (PID=3202) to work on /home/airflow/dags/Lead_scoring_inference_pipeline/.ipynb_checkpoints/constants-checkpoint.py
[2025-02-14 19:07:56,896] {processor.py:641} INFO - Processing file /home/airflow/dags/Lead_scoring_inference_pipeline/.ipynb_checkpoints/constants-checkpoint.py for tasks to queue
[2025-02-14 19:07:56,897] {logging_mixin.py:115} INFO - [2025-02-14 19:07:56,897] {dagbag.py:508} INFO - Filling up the DagBag from /home/airflow/dags/Lead_scoring_inference_pipeline/.ipynb_checkpoints/constants-checkpoint.py
[2025-02-14 19:07:56,898] {processor.py:653} WARNING - No viable dags retrieved from /home/airflow/dags/Lead_scoring_inference_pipeline/.ipynb_checkpoints/constants-checkpoint.py
[2025-02-14 19:07:56,909] {processor.py:161} INFO - Processing /home/airflow/dags/Lead_scoring_inference_pipeline/.ipynb_checkpoints/constants-checkpoint.py took 0.018 seconds
[2025-02-14 19:08:53,416] {processor.py:153} INFO - Started process (PID=3313) to work on /home/airflow/dags/Lead_scoring_inference_pipeline/.ipynb_checkpoints/constants-checkpoint.py
[2025-02-14 19:08:53,418] {processor.py:641} INFO - Processing file /home/airflow/dags/Lead_scoring_inference_pipeline/.ipynb_checkpoints/constants-checkpoint.py for tasks to queue
[2025-02-14 19:08:53,419] {logging_mixin.py:115} INFO - [2025-02-14 19:08:53,418] {dagbag.py:508} INFO - Filling up the DagBag from /home/airflow/dags/Lead_scoring_inference_pipeline/.ipynb_checkpoints/constants-checkpoint.py
[2025-02-14 19:08:53,420] {processor.py:653} WARNING - No viable dags retrieved from /home/airflow/dags/Lead_scoring_inference_pipeline/.ipynb_checkpoints/constants-checkpoint.py
[2025-02-14 19:08:53,431] {processor.py:161} INFO - Processing /home/airflow/dags/Lead_scoring_inference_pipeline/.ipynb_checkpoints/constants-checkpoint.py took 0.018 seconds
[2025-02-14 19:09:48,596] {processor.py:153} INFO - Started process (PID=3423) to work on /home/airflow/dags/Lead_scoring_inference_pipeline/.ipynb_checkpoints/constants-checkpoint.py
[2025-02-14 19:09:48,598] {processor.py:641} INFO - Processing file /home/airflow/dags/Lead_scoring_inference_pipeline/.ipynb_checkpoints/constants-checkpoint.py for tasks to queue
[2025-02-14 19:09:48,598] {logging_mixin.py:115} INFO - [2025-02-14 19:09:48,598] {dagbag.py:508} INFO - Filling up the DagBag from /home/airflow/dags/Lead_scoring_inference_pipeline/.ipynb_checkpoints/constants-checkpoint.py
[2025-02-14 19:09:48,599] {processor.py:653} WARNING - No viable dags retrieved from /home/airflow/dags/Lead_scoring_inference_pipeline/.ipynb_checkpoints/constants-checkpoint.py
[2025-02-14 19:09:48,610] {processor.py:161} INFO - Processing /home/airflow/dags/Lead_scoring_inference_pipeline/.ipynb_checkpoints/constants-checkpoint.py took 0.018 seconds
[2025-02-14 19:10:35,456] {processor.py:153} INFO - Started process (PID=3629) to work on /home/airflow/dags/Lead_scoring_inference_pipeline/.ipynb_checkpoints/constants-checkpoint.py
[2025-02-14 19:10:35,458] {processor.py:641} INFO - Processing file /home/airflow/dags/Lead_scoring_inference_pipeline/.ipynb_checkpoints/constants-checkpoint.py for tasks to queue
[2025-02-14 19:10:35,459] {logging_mixin.py:115} INFO - [2025-02-14 19:10:35,458] {dagbag.py:508} INFO - Filling up the DagBag from /home/airflow/dags/Lead_scoring_inference_pipeline/.ipynb_checkpoints/constants-checkpoint.py
[2025-02-14 19:10:35,460] {processor.py:653} WARNING - No viable dags retrieved from /home/airflow/dags/Lead_scoring_inference_pipeline/.ipynb_checkpoints/constants-checkpoint.py
[2025-02-14 19:10:35,506] {processor.py:161} INFO - Processing /home/airflow/dags/Lead_scoring_inference_pipeline/.ipynb_checkpoints/constants-checkpoint.py took 0.053 seconds
