[2025-02-14 18:16:41,485] {processor.py:153} INFO - Started process (PID=7706) to work on /home/airflow/dags/Lead_scoring_inference_pipeline/.ipynb_checkpoints/lead_scoring_inference_pipeline-checkpoint.py
[2025-02-14 18:16:41,485] {processor.py:641} INFO - Processing file /home/airflow/dags/Lead_scoring_inference_pipeline/.ipynb_checkpoints/lead_scoring_inference_pipeline-checkpoint.py for tasks to queue
[2025-02-14 18:16:41,486] {logging_mixin.py:115} INFO - [2025-02-14 18:16:41,486] {dagbag.py:508} INFO - Filling up the DagBag from /home/airflow/dags/Lead_scoring_inference_pipeline/.ipynb_checkpoints/lead_scoring_inference_pipeline-checkpoint.py
[2025-02-14 18:16:42,782] {logging_mixin.py:115} INFO - [2025-02-14 18:16:42,782] {utils.py:145} INFO - Note: NumExpr detected 64 cores but "NUMEXPR_MAX_THREADS" not set, so enforcing safe limit of 8.
[2025-02-14 18:16:42,782] {logging_mixin.py:115} INFO - [2025-02-14 18:16:42,782] {utils.py:157} INFO - NumExpr defaulting to 8 threads.
[2025-02-14 18:16:43,067] {processor.py:651} INFO - DAG(s) dict_keys(['Lead_scoring_inference_pipeline']) retrieved from /home/airflow/dags/Lead_scoring_inference_pipeline/.ipynb_checkpoints/lead_scoring_inference_pipeline-checkpoint.py
[2025-02-14 18:16:43,077] {logging_mixin.py:115} INFO - [2025-02-14 18:16:43,077] {dag.py:2420} INFO - Sync 1 DAGs
[2025-02-14 18:16:43,098] {logging_mixin.py:115} INFO - [2025-02-14 18:16:43,098] {dag.py:2968} INFO - Setting next_dagrun for Lead_scoring_inference_pipeline to 2025-02-14T17:00:00+00:00, run_after=2025-02-14T18:00:00+00:00
[2025-02-14 18:16:43,125] {processor.py:161} INFO - Processing /home/airflow/dags/Lead_scoring_inference_pipeline/.ipynb_checkpoints/lead_scoring_inference_pipeline-checkpoint.py took 1.644 seconds
[2025-02-14 18:18:34,247] {processor.py:153} INFO - Started process (PID=7929) to work on /home/airflow/dags/Lead_scoring_inference_pipeline/.ipynb_checkpoints/lead_scoring_inference_pipeline-checkpoint.py
[2025-02-14 18:18:34,249] {processor.py:641} INFO - Processing file /home/airflow/dags/Lead_scoring_inference_pipeline/.ipynb_checkpoints/lead_scoring_inference_pipeline-checkpoint.py for tasks to queue
[2025-02-14 18:18:34,250] {logging_mixin.py:115} INFO - [2025-02-14 18:18:34,250] {dagbag.py:508} INFO - Filling up the DagBag from /home/airflow/dags/Lead_scoring_inference_pipeline/.ipynb_checkpoints/lead_scoring_inference_pipeline-checkpoint.py
[2025-02-14 18:18:35,555] {logging_mixin.py:115} INFO - [2025-02-14 18:18:35,555] {utils.py:145} INFO - Note: NumExpr detected 64 cores but "NUMEXPR_MAX_THREADS" not set, so enforcing safe limit of 8.
[2025-02-14 18:18:35,555] {logging_mixin.py:115} INFO - [2025-02-14 18:18:35,555] {utils.py:157} INFO - NumExpr defaulting to 8 threads.
[2025-02-14 18:18:35,838] {processor.py:651} INFO - DAG(s) dict_keys(['Lead_scoring_inference_pipeline']) retrieved from /home/airflow/dags/Lead_scoring_inference_pipeline/.ipynb_checkpoints/lead_scoring_inference_pipeline-checkpoint.py
[2025-02-14 18:18:35,887] {logging_mixin.py:115} INFO - [2025-02-14 18:18:35,886] {dag.py:2420} INFO - Sync 1 DAGs
[2025-02-14 18:18:35,905] {logging_mixin.py:115} INFO - [2025-02-14 18:18:35,905] {dag.py:2968} INFO - Setting next_dagrun for Lead_scoring_inference_pipeline to 2025-02-14T18:00:00+00:00, run_after=2025-02-14T19:00:00+00:00
[2025-02-14 18:18:35,933] {processor.py:161} INFO - Processing /home/airflow/dags/Lead_scoring_inference_pipeline/.ipynb_checkpoints/lead_scoring_inference_pipeline-checkpoint.py took 1.690 seconds
[2025-02-14 18:19:14,242] {processor.py:153} INFO - Started process (PID=8017) to work on /home/airflow/dags/Lead_scoring_inference_pipeline/.ipynb_checkpoints/lead_scoring_inference_pipeline-checkpoint.py
[2025-02-14 18:19:14,243] {processor.py:641} INFO - Processing file /home/airflow/dags/Lead_scoring_inference_pipeline/.ipynb_checkpoints/lead_scoring_inference_pipeline-checkpoint.py for tasks to queue
[2025-02-14 18:19:14,244] {logging_mixin.py:115} INFO - [2025-02-14 18:19:14,244] {dagbag.py:508} INFO - Filling up the DagBag from /home/airflow/dags/Lead_scoring_inference_pipeline/.ipynb_checkpoints/lead_scoring_inference_pipeline-checkpoint.py
[2025-02-14 18:19:15,540] {logging_mixin.py:115} INFO - [2025-02-14 18:19:15,539] {utils.py:145} INFO - Note: NumExpr detected 64 cores but "NUMEXPR_MAX_THREADS" not set, so enforcing safe limit of 8.
[2025-02-14 18:19:15,540] {logging_mixin.py:115} INFO - [2025-02-14 18:19:15,540] {utils.py:157} INFO - NumExpr defaulting to 8 threads.
[2025-02-14 18:19:15,822] {processor.py:651} INFO - DAG(s) dict_keys(['Lead_scoring_inference_pipeline']) retrieved from /home/airflow/dags/Lead_scoring_inference_pipeline/.ipynb_checkpoints/lead_scoring_inference_pipeline-checkpoint.py
[2025-02-14 18:19:15,832] {logging_mixin.py:115} INFO - [2025-02-14 18:19:15,831] {dag.py:2420} INFO - Sync 1 DAGs
[2025-02-14 18:19:15,853] {logging_mixin.py:115} INFO - [2025-02-14 18:19:15,853] {dag.py:2968} INFO - Setting next_dagrun for Lead_scoring_inference_pipeline to 2025-02-14T18:00:00+00:00, run_after=2025-02-14T19:00:00+00:00
[2025-02-14 18:19:15,877] {processor.py:161} INFO - Processing /home/airflow/dags/Lead_scoring_inference_pipeline/.ipynb_checkpoints/lead_scoring_inference_pipeline-checkpoint.py took 1.639 seconds
[2025-02-14 18:19:52,352] {processor.py:153} INFO - Started process (PID=8069) to work on /home/airflow/dags/Lead_scoring_inference_pipeline/.ipynb_checkpoints/lead_scoring_inference_pipeline-checkpoint.py
[2025-02-14 18:19:52,354] {processor.py:641} INFO - Processing file /home/airflow/dags/Lead_scoring_inference_pipeline/.ipynb_checkpoints/lead_scoring_inference_pipeline-checkpoint.py for tasks to queue
[2025-02-14 18:19:52,355] {logging_mixin.py:115} INFO - [2025-02-14 18:19:52,354] {dagbag.py:508} INFO - Filling up the DagBag from /home/airflow/dags/Lead_scoring_inference_pipeline/.ipynb_checkpoints/lead_scoring_inference_pipeline-checkpoint.py
[2025-02-14 18:19:53,648] {logging_mixin.py:115} INFO - [2025-02-14 18:19:53,648] {utils.py:145} INFO - Note: NumExpr detected 64 cores but "NUMEXPR_MAX_THREADS" not set, so enforcing safe limit of 8.
[2025-02-14 18:19:53,648] {logging_mixin.py:115} INFO - [2025-02-14 18:19:53,648] {utils.py:157} INFO - NumExpr defaulting to 8 threads.
[2025-02-14 18:19:53,932] {processor.py:651} INFO - DAG(s) dict_keys(['Lead_scoring_inference_pipeline']) retrieved from /home/airflow/dags/Lead_scoring_inference_pipeline/.ipynb_checkpoints/lead_scoring_inference_pipeline-checkpoint.py
[2025-02-14 18:19:53,981] {logging_mixin.py:115} INFO - [2025-02-14 18:19:53,980] {dag.py:2420} INFO - Sync 1 DAGs
[2025-02-14 18:19:53,999] {logging_mixin.py:115} INFO - [2025-02-14 18:19:53,999] {dag.py:2968} INFO - Setting next_dagrun for Lead_scoring_inference_pipeline to 2025-02-14T18:00:00+00:00, run_after=2025-02-14T19:00:00+00:00
[2025-02-14 18:19:54,031] {processor.py:161} INFO - Processing /home/airflow/dags/Lead_scoring_inference_pipeline/.ipynb_checkpoints/lead_scoring_inference_pipeline-checkpoint.py took 1.683 seconds
[2025-02-14 18:21:03,917] {processor.py:153} INFO - Started process (PID=8191) to work on /home/airflow/dags/Lead_scoring_inference_pipeline/.ipynb_checkpoints/lead_scoring_inference_pipeline-checkpoint.py
[2025-02-14 18:21:03,919] {processor.py:641} INFO - Processing file /home/airflow/dags/Lead_scoring_inference_pipeline/.ipynb_checkpoints/lead_scoring_inference_pipeline-checkpoint.py for tasks to queue
[2025-02-14 18:21:03,920] {logging_mixin.py:115} INFO - [2025-02-14 18:21:03,919] {dagbag.py:508} INFO - Filling up the DagBag from /home/airflow/dags/Lead_scoring_inference_pipeline/.ipynb_checkpoints/lead_scoring_inference_pipeline-checkpoint.py
[2025-02-14 18:21:05,223] {logging_mixin.py:115} INFO - [2025-02-14 18:21:05,223] {utils.py:145} INFO - Note: NumExpr detected 64 cores but "NUMEXPR_MAX_THREADS" not set, so enforcing safe limit of 8.
[2025-02-14 18:21:05,223] {logging_mixin.py:115} INFO - [2025-02-14 18:21:05,223] {utils.py:157} INFO - NumExpr defaulting to 8 threads.
[2025-02-14 18:21:05,505] {processor.py:651} INFO - DAG(s) dict_keys(['Lead_scoring_inference_pipeline']) retrieved from /home/airflow/dags/Lead_scoring_inference_pipeline/.ipynb_checkpoints/lead_scoring_inference_pipeline-checkpoint.py
[2025-02-14 18:21:05,554] {logging_mixin.py:115} INFO - [2025-02-14 18:21:05,553] {dag.py:2420} INFO - Sync 1 DAGs
[2025-02-14 18:21:05,572] {logging_mixin.py:115} INFO - [2025-02-14 18:21:05,572] {dag.py:2968} INFO - Setting next_dagrun for Lead_scoring_inference_pipeline to 2025-02-14T18:00:00+00:00, run_after=2025-02-14T19:00:00+00:00
[2025-02-14 18:21:05,597] {processor.py:161} INFO - Processing /home/airflow/dags/Lead_scoring_inference_pipeline/.ipynb_checkpoints/lead_scoring_inference_pipeline-checkpoint.py took 1.684 seconds
[2025-02-14 18:21:42,238] {processor.py:153} INFO - Started process (PID=8274) to work on /home/airflow/dags/Lead_scoring_inference_pipeline/.ipynb_checkpoints/lead_scoring_inference_pipeline-checkpoint.py
[2025-02-14 18:21:42,240] {processor.py:641} INFO - Processing file /home/airflow/dags/Lead_scoring_inference_pipeline/.ipynb_checkpoints/lead_scoring_inference_pipeline-checkpoint.py for tasks to queue
[2025-02-14 18:21:42,241] {logging_mixin.py:115} INFO - [2025-02-14 18:21:42,241] {dagbag.py:508} INFO - Filling up the DagBag from /home/airflow/dags/Lead_scoring_inference_pipeline/.ipynb_checkpoints/lead_scoring_inference_pipeline-checkpoint.py
[2025-02-14 18:21:43,408] {logging_mixin.py:115} INFO - [2025-02-14 18:21:43,408] {utils.py:145} INFO - Note: NumExpr detected 64 cores but "NUMEXPR_MAX_THREADS" not set, so enforcing safe limit of 8.
[2025-02-14 18:21:43,408] {logging_mixin.py:115} INFO - [2025-02-14 18:21:43,408] {utils.py:157} INFO - NumExpr defaulting to 8 threads.
[2025-02-14 18:21:43,691] {processor.py:651} INFO - DAG(s) dict_keys(['Lead_scoring_inference_pipeline']) retrieved from /home/airflow/dags/Lead_scoring_inference_pipeline/.ipynb_checkpoints/lead_scoring_inference_pipeline-checkpoint.py
[2025-02-14 18:21:43,701] {logging_mixin.py:115} INFO - [2025-02-14 18:21:43,701] {dag.py:2420} INFO - Sync 1 DAGs
[2025-02-14 18:21:43,721] {logging_mixin.py:115} INFO - [2025-02-14 18:21:43,721] {dag.py:2968} INFO - Setting next_dagrun for Lead_scoring_inference_pipeline to 2025-02-14T18:00:00+00:00, run_after=2025-02-14T19:00:00+00:00
[2025-02-14 18:21:43,745] {processor.py:161} INFO - Processing /home/airflow/dags/Lead_scoring_inference_pipeline/.ipynb_checkpoints/lead_scoring_inference_pipeline-checkpoint.py took 1.510 seconds
[2025-02-14 18:22:43,327] {processor.py:153} INFO - Started process (PID=8389) to work on /home/airflow/dags/Lead_scoring_inference_pipeline/.ipynb_checkpoints/lead_scoring_inference_pipeline-checkpoint.py
[2025-02-14 18:22:43,328] {processor.py:641} INFO - Processing file /home/airflow/dags/Lead_scoring_inference_pipeline/.ipynb_checkpoints/lead_scoring_inference_pipeline-checkpoint.py for tasks to queue
[2025-02-14 18:22:43,329] {logging_mixin.py:115} INFO - [2025-02-14 18:22:43,329] {dagbag.py:508} INFO - Filling up the DagBag from /home/airflow/dags/Lead_scoring_inference_pipeline/.ipynb_checkpoints/lead_scoring_inference_pipeline-checkpoint.py
[2025-02-14 18:22:44,497] {logging_mixin.py:115} INFO - [2025-02-14 18:22:44,496] {utils.py:145} INFO - Note: NumExpr detected 64 cores but "NUMEXPR_MAX_THREADS" not set, so enforcing safe limit of 8.
[2025-02-14 18:22:44,497] {logging_mixin.py:115} INFO - [2025-02-14 18:22:44,497] {utils.py:157} INFO - NumExpr defaulting to 8 threads.
[2025-02-14 18:22:44,782] {processor.py:651} INFO - DAG(s) dict_keys(['Lead_scoring_inference_pipeline']) retrieved from /home/airflow/dags/Lead_scoring_inference_pipeline/.ipynb_checkpoints/lead_scoring_inference_pipeline-checkpoint.py
[2025-02-14 18:22:44,829] {logging_mixin.py:115} INFO - [2025-02-14 18:22:44,829] {dag.py:2420} INFO - Sync 1 DAGs
[2025-02-14 18:22:44,848] {logging_mixin.py:115} INFO - [2025-02-14 18:22:44,848] {dag.py:2968} INFO - Setting next_dagrun for Lead_scoring_inference_pipeline to 2025-02-14T18:00:00+00:00, run_after=2025-02-14T19:00:00+00:00
[2025-02-14 18:22:44,926] {processor.py:161} INFO - Processing /home/airflow/dags/Lead_scoring_inference_pipeline/.ipynb_checkpoints/lead_scoring_inference_pipeline-checkpoint.py took 1.602 seconds
[2025-02-14 18:23:50,371] {processor.py:153} INFO - Started process (PID=8525) to work on /home/airflow/dags/Lead_scoring_inference_pipeline/.ipynb_checkpoints/lead_scoring_inference_pipeline-checkpoint.py
[2025-02-14 18:23:50,373] {processor.py:641} INFO - Processing file /home/airflow/dags/Lead_scoring_inference_pipeline/.ipynb_checkpoints/lead_scoring_inference_pipeline-checkpoint.py for tasks to queue
[2025-02-14 18:23:50,373] {logging_mixin.py:115} INFO - [2025-02-14 18:23:50,373] {dagbag.py:508} INFO - Filling up the DagBag from /home/airflow/dags/Lead_scoring_inference_pipeline/.ipynb_checkpoints/lead_scoring_inference_pipeline-checkpoint.py
[2025-02-14 18:23:51,540] {logging_mixin.py:115} INFO - [2025-02-14 18:23:51,539] {utils.py:145} INFO - Note: NumExpr detected 64 cores but "NUMEXPR_MAX_THREADS" not set, so enforcing safe limit of 8.
[2025-02-14 18:23:51,540] {logging_mixin.py:115} INFO - [2025-02-14 18:23:51,540] {utils.py:157} INFO - NumExpr defaulting to 8 threads.
[2025-02-14 18:23:51,823] {processor.py:651} INFO - DAG(s) dict_keys(['Lead_scoring_inference_pipeline']) retrieved from /home/airflow/dags/Lead_scoring_inference_pipeline/.ipynb_checkpoints/lead_scoring_inference_pipeline-checkpoint.py
[2025-02-14 18:23:51,833] {logging_mixin.py:115} INFO - [2025-02-14 18:23:51,833] {dag.py:2420} INFO - Sync 1 DAGs
[2025-02-14 18:23:51,854] {logging_mixin.py:115} INFO - [2025-02-14 18:23:51,854] {dag.py:2968} INFO - Setting next_dagrun for Lead_scoring_inference_pipeline to 2025-02-14T18:00:00+00:00, run_after=2025-02-14T19:00:00+00:00
[2025-02-14 18:23:51,876] {processor.py:161} INFO - Processing /home/airflow/dags/Lead_scoring_inference_pipeline/.ipynb_checkpoints/lead_scoring_inference_pipeline-checkpoint.py took 1.509 seconds
[2025-02-14 18:29:48,272] {processor.py:153} INFO - Started process (PID=8718) to work on /home/airflow/dags/Lead_scoring_inference_pipeline/.ipynb_checkpoints/lead_scoring_inference_pipeline-checkpoint.py
[2025-02-14 18:29:48,274] {processor.py:641} INFO - Processing file /home/airflow/dags/Lead_scoring_inference_pipeline/.ipynb_checkpoints/lead_scoring_inference_pipeline-checkpoint.py for tasks to queue
[2025-02-14 18:29:48,275] {logging_mixin.py:115} INFO - [2025-02-14 18:29:48,275] {dagbag.py:508} INFO - Filling up the DagBag from /home/airflow/dags/Lead_scoring_inference_pipeline/.ipynb_checkpoints/lead_scoring_inference_pipeline-checkpoint.py
[2025-02-14 18:29:49,049] {logging_mixin.py:115} INFO - [2025-02-14 18:29:49,049] {utils.py:145} INFO - Note: NumExpr detected 64 cores but "NUMEXPR_MAX_THREADS" not set, so enforcing safe limit of 8.
[2025-02-14 18:29:49,050] {logging_mixin.py:115} INFO - [2025-02-14 18:29:49,050] {utils.py:157} INFO - NumExpr defaulting to 8 threads.
[2025-02-14 18:29:49,224] {processor.py:651} INFO - DAG(s) dict_keys(['Lead_scoring_inference_pipeline']) retrieved from /home/airflow/dags/Lead_scoring_inference_pipeline/.ipynb_checkpoints/lead_scoring_inference_pipeline-checkpoint.py
[2025-02-14 18:29:49,256] {logging_mixin.py:115} INFO - [2025-02-14 18:29:49,256] {dag.py:2420} INFO - Sync 1 DAGs
[2025-02-14 18:29:49,268] {logging_mixin.py:115} INFO - [2025-02-14 18:29:49,268] {dag.py:2968} INFO - Setting next_dagrun for Lead_scoring_inference_pipeline to 2025-02-14T18:00:00+00:00, run_after=2025-02-14T19:00:00+00:00
[2025-02-14 18:29:49,293] {processor.py:161} INFO - Processing /home/airflow/dags/Lead_scoring_inference_pipeline/.ipynb_checkpoints/lead_scoring_inference_pipeline-checkpoint.py took 1.023 seconds
[2025-02-14 18:31:14,869] {processor.py:153} INFO - Started process (PID=8948) to work on /home/airflow/dags/Lead_scoring_inference_pipeline/.ipynb_checkpoints/lead_scoring_inference_pipeline-checkpoint.py
[2025-02-14 18:31:14,871] {processor.py:641} INFO - Processing file /home/airflow/dags/Lead_scoring_inference_pipeline/.ipynb_checkpoints/lead_scoring_inference_pipeline-checkpoint.py for tasks to queue
[2025-02-14 18:31:14,872] {logging_mixin.py:115} INFO - [2025-02-14 18:31:14,871] {dagbag.py:508} INFO - Filling up the DagBag from /home/airflow/dags/Lead_scoring_inference_pipeline/.ipynb_checkpoints/lead_scoring_inference_pipeline-checkpoint.py
[2025-02-14 18:31:15,634] {logging_mixin.py:115} INFO - [2025-02-14 18:31:15,634] {utils.py:145} INFO - Note: NumExpr detected 64 cores but "NUMEXPR_MAX_THREADS" not set, so enforcing safe limit of 8.
[2025-02-14 18:31:15,635] {logging_mixin.py:115} INFO - [2025-02-14 18:31:15,635] {utils.py:157} INFO - NumExpr defaulting to 8 threads.
[2025-02-14 18:31:15,804] {processor.py:651} INFO - DAG(s) dict_keys(['Lead_scoring_inference_pipeline']) retrieved from /home/airflow/dags/Lead_scoring_inference_pipeline/.ipynb_checkpoints/lead_scoring_inference_pipeline-checkpoint.py
[2025-02-14 18:31:15,812] {logging_mixin.py:115} INFO - [2025-02-14 18:31:15,811] {dag.py:2420} INFO - Sync 1 DAGs
[2025-02-14 18:31:15,825] {logging_mixin.py:115} INFO - [2025-02-14 18:31:15,824] {dag.py:2968} INFO - Setting next_dagrun for Lead_scoring_inference_pipeline to 2025-02-14T18:00:00+00:00, run_after=2025-02-14T19:00:00+00:00
[2025-02-14 18:31:15,940] {processor.py:161} INFO - Processing /home/airflow/dags/Lead_scoring_inference_pipeline/.ipynb_checkpoints/lead_scoring_inference_pipeline-checkpoint.py took 1.073 seconds
[2025-02-14 18:32:13,093] {processor.py:153} INFO - Started process (PID=9115) to work on /home/airflow/dags/Lead_scoring_inference_pipeline/.ipynb_checkpoints/lead_scoring_inference_pipeline-checkpoint.py
[2025-02-14 18:32:13,095] {processor.py:641} INFO - Processing file /home/airflow/dags/Lead_scoring_inference_pipeline/.ipynb_checkpoints/lead_scoring_inference_pipeline-checkpoint.py for tasks to queue
[2025-02-14 18:32:13,095] {logging_mixin.py:115} INFO - [2025-02-14 18:32:13,095] {dagbag.py:508} INFO - Filling up the DagBag from /home/airflow/dags/Lead_scoring_inference_pipeline/.ipynb_checkpoints/lead_scoring_inference_pipeline-checkpoint.py
[2025-02-14 18:32:13,856] {logging_mixin.py:115} INFO - [2025-02-14 18:32:13,856] {utils.py:145} INFO - Note: NumExpr detected 64 cores but "NUMEXPR_MAX_THREADS" not set, so enforcing safe limit of 8.
[2025-02-14 18:32:13,856] {logging_mixin.py:115} INFO - [2025-02-14 18:32:13,856] {utils.py:157} INFO - NumExpr defaulting to 8 threads.
[2025-02-14 18:32:14,022] {processor.py:651} INFO - DAG(s) dict_keys(['Lead_scoring_inference_pipeline']) retrieved from /home/airflow/dags/Lead_scoring_inference_pipeline/.ipynb_checkpoints/lead_scoring_inference_pipeline-checkpoint.py
[2025-02-14 18:32:14,053] {logging_mixin.py:115} INFO - [2025-02-14 18:32:14,053] {dag.py:2420} INFO - Sync 1 DAGs
[2025-02-14 18:32:14,064] {logging_mixin.py:115} INFO - [2025-02-14 18:32:14,064] {dag.py:2968} INFO - Setting next_dagrun for Lead_scoring_inference_pipeline to 2025-02-14T18:00:00+00:00, run_after=2025-02-14T19:00:00+00:00
[2025-02-14 18:32:14,092] {processor.py:161} INFO - Processing /home/airflow/dags/Lead_scoring_inference_pipeline/.ipynb_checkpoints/lead_scoring_inference_pipeline-checkpoint.py took 1.002 seconds
[2025-02-14 18:33:17,140] {processor.py:153} INFO - Started process (PID=9322) to work on /home/airflow/dags/Lead_scoring_inference_pipeline/.ipynb_checkpoints/lead_scoring_inference_pipeline-checkpoint.py
[2025-02-14 18:33:17,142] {processor.py:641} INFO - Processing file /home/airflow/dags/Lead_scoring_inference_pipeline/.ipynb_checkpoints/lead_scoring_inference_pipeline-checkpoint.py for tasks to queue
[2025-02-14 18:33:17,142] {logging_mixin.py:115} INFO - [2025-02-14 18:33:17,142] {dagbag.py:508} INFO - Filling up the DagBag from /home/airflow/dags/Lead_scoring_inference_pipeline/.ipynb_checkpoints/lead_scoring_inference_pipeline-checkpoint.py
[2025-02-14 18:33:17,923] {logging_mixin.py:115} INFO - [2025-02-14 18:33:17,923] {utils.py:145} INFO - Note: NumExpr detected 64 cores but "NUMEXPR_MAX_THREADS" not set, so enforcing safe limit of 8.
[2025-02-14 18:33:17,924] {logging_mixin.py:115} INFO - [2025-02-14 18:33:17,924] {utils.py:157} INFO - NumExpr defaulting to 8 threads.
[2025-02-14 18:33:18,091] {processor.py:651} INFO - DAG(s) dict_keys(['Lead_scoring_inference_pipeline']) retrieved from /home/airflow/dags/Lead_scoring_inference_pipeline/.ipynb_checkpoints/lead_scoring_inference_pipeline-checkpoint.py
[2025-02-14 18:33:18,099] {logging_mixin.py:115} INFO - [2025-02-14 18:33:18,099] {dag.py:2420} INFO - Sync 1 DAGs
[2025-02-14 18:33:18,112] {logging_mixin.py:115} INFO - [2025-02-14 18:33:18,112] {dag.py:2968} INFO - Setting next_dagrun for Lead_scoring_inference_pipeline to 2025-02-14T18:00:00+00:00, run_after=2025-02-14T19:00:00+00:00
[2025-02-14 18:33:18,136] {processor.py:161} INFO - Processing /home/airflow/dags/Lead_scoring_inference_pipeline/.ipynb_checkpoints/lead_scoring_inference_pipeline-checkpoint.py took 0.998 seconds
[2025-02-14 18:34:04,812] {processor.py:153} INFO - Started process (PID=9441) to work on /home/airflow/dags/Lead_scoring_inference_pipeline/.ipynb_checkpoints/lead_scoring_inference_pipeline-checkpoint.py
[2025-02-14 18:34:04,814] {processor.py:641} INFO - Processing file /home/airflow/dags/Lead_scoring_inference_pipeline/.ipynb_checkpoints/lead_scoring_inference_pipeline-checkpoint.py for tasks to queue
[2025-02-14 18:34:04,814] {logging_mixin.py:115} INFO - [2025-02-14 18:34:04,814] {dagbag.py:508} INFO - Filling up the DagBag from /home/airflow/dags/Lead_scoring_inference_pipeline/.ipynb_checkpoints/lead_scoring_inference_pipeline-checkpoint.py
[2025-02-14 18:34:05,586] {logging_mixin.py:115} INFO - [2025-02-14 18:34:05,585] {utils.py:145} INFO - Note: NumExpr detected 64 cores but "NUMEXPR_MAX_THREADS" not set, so enforcing safe limit of 8.
[2025-02-14 18:34:05,586] {logging_mixin.py:115} INFO - [2025-02-14 18:34:05,586] {utils.py:157} INFO - NumExpr defaulting to 8 threads.
[2025-02-14 18:34:05,753] {processor.py:651} INFO - DAG(s) dict_keys(['Lead_scoring_inference_pipeline']) retrieved from /home/airflow/dags/Lead_scoring_inference_pipeline/.ipynb_checkpoints/lead_scoring_inference_pipeline-checkpoint.py
[2025-02-14 18:34:05,783] {logging_mixin.py:115} INFO - [2025-02-14 18:34:05,783] {dag.py:2420} INFO - Sync 1 DAGs
[2025-02-14 18:34:05,794] {logging_mixin.py:115} INFO - [2025-02-14 18:34:05,794] {dag.py:2968} INFO - Setting next_dagrun for Lead_scoring_inference_pipeline to 2025-02-14T18:00:00+00:00, run_after=2025-02-14T19:00:00+00:00
[2025-02-14 18:34:05,814] {processor.py:161} INFO - Processing /home/airflow/dags/Lead_scoring_inference_pipeline/.ipynb_checkpoints/lead_scoring_inference_pipeline-checkpoint.py took 1.005 seconds
[2025-02-14 18:35:03,264] {processor.py:153} INFO - Started process (PID=9552) to work on /home/airflow/dags/Lead_scoring_inference_pipeline/.ipynb_checkpoints/lead_scoring_inference_pipeline-checkpoint.py
[2025-02-14 18:35:03,266] {processor.py:641} INFO - Processing file /home/airflow/dags/Lead_scoring_inference_pipeline/.ipynb_checkpoints/lead_scoring_inference_pipeline-checkpoint.py for tasks to queue
[2025-02-14 18:35:03,267] {logging_mixin.py:115} INFO - [2025-02-14 18:35:03,267] {dagbag.py:508} INFO - Filling up the DagBag from /home/airflow/dags/Lead_scoring_inference_pipeline/.ipynb_checkpoints/lead_scoring_inference_pipeline-checkpoint.py
[2025-02-14 18:35:03,976] {logging_mixin.py:115} INFO - [2025-02-14 18:35:03,976] {utils.py:145} INFO - Note: NumExpr detected 64 cores but "NUMEXPR_MAX_THREADS" not set, so enforcing safe limit of 8.
[2025-02-14 18:35:03,976] {logging_mixin.py:115} INFO - [2025-02-14 18:35:03,976] {utils.py:157} INFO - NumExpr defaulting to 8 threads.
[2025-02-14 18:35:04,147] {processor.py:651} INFO - DAG(s) dict_keys(['Lead_scoring_inference_pipeline']) retrieved from /home/airflow/dags/Lead_scoring_inference_pipeline/.ipynb_checkpoints/lead_scoring_inference_pipeline-checkpoint.py
[2025-02-14 18:35:04,155] {logging_mixin.py:115} INFO - [2025-02-14 18:35:04,155] {dag.py:2420} INFO - Sync 1 DAGs
[2025-02-14 18:35:04,169] {logging_mixin.py:115} INFO - [2025-02-14 18:35:04,169] {dag.py:2968} INFO - Setting next_dagrun for Lead_scoring_inference_pipeline to 2025-02-14T18:00:00+00:00, run_after=2025-02-14T19:00:00+00:00
[2025-02-14 18:35:05,245] {processor.py:161} INFO - Processing /home/airflow/dags/Lead_scoring_inference_pipeline/.ipynb_checkpoints/lead_scoring_inference_pipeline-checkpoint.py took 1.984 seconds
[2025-02-14 18:36:03,205] {processor.py:153} INFO - Started process (PID=9851) to work on /home/airflow/dags/Lead_scoring_inference_pipeline/.ipynb_checkpoints/lead_scoring_inference_pipeline-checkpoint.py
[2025-02-14 18:36:03,206] {processor.py:641} INFO - Processing file /home/airflow/dags/Lead_scoring_inference_pipeline/.ipynb_checkpoints/lead_scoring_inference_pipeline-checkpoint.py for tasks to queue
[2025-02-14 18:36:03,207] {logging_mixin.py:115} INFO - [2025-02-14 18:36:03,207] {dagbag.py:508} INFO - Filling up the DagBag from /home/airflow/dags/Lead_scoring_inference_pipeline/.ipynb_checkpoints/lead_scoring_inference_pipeline-checkpoint.py
[2025-02-14 18:36:03,898] {logging_mixin.py:115} INFO - [2025-02-14 18:36:03,898] {utils.py:145} INFO - Note: NumExpr detected 64 cores but "NUMEXPR_MAX_THREADS" not set, so enforcing safe limit of 8.
[2025-02-14 18:36:03,898] {logging_mixin.py:115} INFO - [2025-02-14 18:36:03,898] {utils.py:157} INFO - NumExpr defaulting to 8 threads.
[2025-02-14 18:36:04,073] {processor.py:651} INFO - DAG(s) dict_keys(['Lead_scoring_inference_pipeline']) retrieved from /home/airflow/dags/Lead_scoring_inference_pipeline/.ipynb_checkpoints/lead_scoring_inference_pipeline-checkpoint.py
[2025-02-14 18:36:04,103] {logging_mixin.py:115} INFO - [2025-02-14 18:36:04,103] {dag.py:2420} INFO - Sync 1 DAGs
[2025-02-14 18:36:04,115] {logging_mixin.py:115} INFO - [2025-02-14 18:36:04,115] {dag.py:2968} INFO - Setting next_dagrun for Lead_scoring_inference_pipeline to 2025-02-14T18:00:00+00:00, run_after=2025-02-14T19:00:00+00:00
[2025-02-14 18:36:04,140] {processor.py:161} INFO - Processing /home/airflow/dags/Lead_scoring_inference_pipeline/.ipynb_checkpoints/lead_scoring_inference_pipeline-checkpoint.py took 0.939 seconds
[2025-02-14 18:39:27,594] {processor.py:153} INFO - Started process (PID=767) to work on /home/airflow/dags/Lead_scoring_inference_pipeline/.ipynb_checkpoints/lead_scoring_inference_pipeline-checkpoint.py
[2025-02-14 18:39:27,596] {processor.py:641} INFO - Processing file /home/airflow/dags/Lead_scoring_inference_pipeline/.ipynb_checkpoints/lead_scoring_inference_pipeline-checkpoint.py for tasks to queue
[2025-02-14 18:39:27,596] {logging_mixin.py:115} INFO - [2025-02-14 18:39:27,596] {dagbag.py:508} INFO - Filling up the DagBag from /home/airflow/dags/Lead_scoring_inference_pipeline/.ipynb_checkpoints/lead_scoring_inference_pipeline-checkpoint.py
[2025-02-14 18:39:28,377] {logging_mixin.py:115} INFO - [2025-02-14 18:39:28,377] {utils.py:145} INFO - Note: NumExpr detected 64 cores but "NUMEXPR_MAX_THREADS" not set, so enforcing safe limit of 8.
[2025-02-14 18:39:28,377] {logging_mixin.py:115} INFO - [2025-02-14 18:39:28,377] {utils.py:157} INFO - NumExpr defaulting to 8 threads.
[2025-02-14 18:39:28,544] {processor.py:651} INFO - DAG(s) dict_keys(['Lead_scoring_inference_pipeline']) retrieved from /home/airflow/dags/Lead_scoring_inference_pipeline/.ipynb_checkpoints/lead_scoring_inference_pipeline-checkpoint.py
[2025-02-14 18:39:28,552] {logging_mixin.py:115} INFO - [2025-02-14 18:39:28,551] {dag.py:2420} INFO - Sync 1 DAGs
[2025-02-14 18:39:28,565] {logging_mixin.py:115} INFO - [2025-02-14 18:39:28,565] {dag.py:2968} INFO - Setting next_dagrun for Lead_scoring_inference_pipeline to 2025-02-14T18:00:00+00:00, run_after=2025-02-14T19:00:00+00:00
[2025-02-14 18:39:28,584] {processor.py:161} INFO - Processing /home/airflow/dags/Lead_scoring_inference_pipeline/.ipynb_checkpoints/lead_scoring_inference_pipeline-checkpoint.py took 0.993 seconds
[2025-02-14 18:40:49,820] {processor.py:153} INFO - Started process (PID=1035) to work on /home/airflow/dags/Lead_scoring_inference_pipeline/.ipynb_checkpoints/lead_scoring_inference_pipeline-checkpoint.py
[2025-02-14 18:40:49,822] {processor.py:641} INFO - Processing file /home/airflow/dags/Lead_scoring_inference_pipeline/.ipynb_checkpoints/lead_scoring_inference_pipeline-checkpoint.py for tasks to queue
[2025-02-14 18:40:49,822] {logging_mixin.py:115} INFO - [2025-02-14 18:40:49,822] {dagbag.py:508} INFO - Filling up the DagBag from /home/airflow/dags/Lead_scoring_inference_pipeline/.ipynb_checkpoints/lead_scoring_inference_pipeline-checkpoint.py
[2025-02-14 18:40:50,603] {logging_mixin.py:115} INFO - [2025-02-14 18:40:50,603] {utils.py:145} INFO - Note: NumExpr detected 64 cores but "NUMEXPR_MAX_THREADS" not set, so enforcing safe limit of 8.
[2025-02-14 18:40:50,603] {logging_mixin.py:115} INFO - [2025-02-14 18:40:50,603] {utils.py:157} INFO - NumExpr defaulting to 8 threads.
[2025-02-14 18:40:50,772] {processor.py:651} INFO - DAG(s) dict_keys(['Lead_scoring_inference_pipeline']) retrieved from /home/airflow/dags/Lead_scoring_inference_pipeline/.ipynb_checkpoints/lead_scoring_inference_pipeline-checkpoint.py
[2025-02-14 18:40:50,803] {logging_mixin.py:115} INFO - [2025-02-14 18:40:50,803] {dag.py:2420} INFO - Sync 1 DAGs
[2025-02-14 18:40:50,815] {logging_mixin.py:115} INFO - [2025-02-14 18:40:50,815] {dag.py:2968} INFO - Setting next_dagrun for Lead_scoring_inference_pipeline to 2025-02-14T18:00:00+00:00, run_after=2025-02-14T19:00:00+00:00
[2025-02-14 18:40:50,837] {processor.py:161} INFO - Processing /home/airflow/dags/Lead_scoring_inference_pipeline/.ipynb_checkpoints/lead_scoring_inference_pipeline-checkpoint.py took 1.020 seconds
[2025-02-14 18:41:52,272] {processor.py:153} INFO - Started process (PID=1147) to work on /home/airflow/dags/Lead_scoring_inference_pipeline/.ipynb_checkpoints/lead_scoring_inference_pipeline-checkpoint.py
[2025-02-14 18:41:52,274] {processor.py:641} INFO - Processing file /home/airflow/dags/Lead_scoring_inference_pipeline/.ipynb_checkpoints/lead_scoring_inference_pipeline-checkpoint.py for tasks to queue
[2025-02-14 18:41:52,275] {logging_mixin.py:115} INFO - [2025-02-14 18:41:52,274] {dagbag.py:508} INFO - Filling up the DagBag from /home/airflow/dags/Lead_scoring_inference_pipeline/.ipynb_checkpoints/lead_scoring_inference_pipeline-checkpoint.py
[2025-02-14 18:41:53,056] {logging_mixin.py:115} INFO - [2025-02-14 18:41:53,056] {utils.py:145} INFO - Note: NumExpr detected 64 cores but "NUMEXPR_MAX_THREADS" not set, so enforcing safe limit of 8.
[2025-02-14 18:41:53,056] {logging_mixin.py:115} INFO - [2025-02-14 18:41:53,056] {utils.py:157} INFO - NumExpr defaulting to 8 threads.
[2025-02-14 18:41:53,226] {processor.py:651} INFO - DAG(s) dict_keys(['Lead_scoring_inference_pipeline']) retrieved from /home/airflow/dags/Lead_scoring_inference_pipeline/.ipynb_checkpoints/lead_scoring_inference_pipeline-checkpoint.py
[2025-02-14 18:41:53,234] {logging_mixin.py:115} INFO - [2025-02-14 18:41:53,233] {dag.py:2420} INFO - Sync 1 DAGs
[2025-02-14 18:41:53,247] {logging_mixin.py:115} INFO - [2025-02-14 18:41:53,247] {dag.py:2968} INFO - Setting next_dagrun for Lead_scoring_inference_pipeline to 2025-02-14T18:00:00+00:00, run_after=2025-02-14T19:00:00+00:00
[2025-02-14 18:41:53,267] {processor.py:161} INFO - Processing /home/airflow/dags/Lead_scoring_inference_pipeline/.ipynb_checkpoints/lead_scoring_inference_pipeline-checkpoint.py took 0.997 seconds
[2025-02-14 18:42:56,753] {processor.py:153} INFO - Started process (PID=1259) to work on /home/airflow/dags/Lead_scoring_inference_pipeline/.ipynb_checkpoints/lead_scoring_inference_pipeline-checkpoint.py
[2025-02-14 18:42:56,760] {processor.py:641} INFO - Processing file /home/airflow/dags/Lead_scoring_inference_pipeline/.ipynb_checkpoints/lead_scoring_inference_pipeline-checkpoint.py for tasks to queue
[2025-02-14 18:42:56,760] {logging_mixin.py:115} INFO - [2025-02-14 18:42:56,760] {dagbag.py:508} INFO - Filling up the DagBag from /home/airflow/dags/Lead_scoring_inference_pipeline/.ipynb_checkpoints/lead_scoring_inference_pipeline-checkpoint.py
[2025-02-14 18:42:57,535] {logging_mixin.py:115} INFO - [2025-02-14 18:42:57,535] {utils.py:145} INFO - Note: NumExpr detected 64 cores but "NUMEXPR_MAX_THREADS" not set, so enforcing safe limit of 8.
[2025-02-14 18:42:57,535] {logging_mixin.py:115} INFO - [2025-02-14 18:42:57,535] {utils.py:157} INFO - NumExpr defaulting to 8 threads.
[2025-02-14 18:42:57,704] {processor.py:651} INFO - DAG(s) dict_keys(['Lead_scoring_inference_pipeline']) retrieved from /home/airflow/dags/Lead_scoring_inference_pipeline/.ipynb_checkpoints/lead_scoring_inference_pipeline-checkpoint.py
[2025-02-14 18:42:57,735] {logging_mixin.py:115} INFO - [2025-02-14 18:42:57,735] {dag.py:2420} INFO - Sync 1 DAGs
[2025-02-14 18:42:57,746] {logging_mixin.py:115} INFO - [2025-02-14 18:42:57,746] {dag.py:2968} INFO - Setting next_dagrun for Lead_scoring_inference_pipeline to 2025-02-14T18:00:00+00:00, run_after=2025-02-14T19:00:00+00:00
[2025-02-14 18:42:57,841] {processor.py:161} INFO - Processing /home/airflow/dags/Lead_scoring_inference_pipeline/.ipynb_checkpoints/lead_scoring_inference_pipeline-checkpoint.py took 1.091 seconds
[2025-02-14 18:44:02,517] {processor.py:153} INFO - Started process (PID=1375) to work on /home/airflow/dags/Lead_scoring_inference_pipeline/.ipynb_checkpoints/lead_scoring_inference_pipeline-checkpoint.py
[2025-02-14 18:44:02,519] {processor.py:641} INFO - Processing file /home/airflow/dags/Lead_scoring_inference_pipeline/.ipynb_checkpoints/lead_scoring_inference_pipeline-checkpoint.py for tasks to queue
[2025-02-14 18:44:02,519] {logging_mixin.py:115} INFO - [2025-02-14 18:44:02,519] {dagbag.py:508} INFO - Filling up the DagBag from /home/airflow/dags/Lead_scoring_inference_pipeline/.ipynb_checkpoints/lead_scoring_inference_pipeline-checkpoint.py
[2025-02-14 18:44:03,306] {logging_mixin.py:115} INFO - [2025-02-14 18:44:03,306] {utils.py:145} INFO - Note: NumExpr detected 64 cores but "NUMEXPR_MAX_THREADS" not set, so enforcing safe limit of 8.
[2025-02-14 18:44:03,306] {logging_mixin.py:115} INFO - [2025-02-14 18:44:03,306] {utils.py:157} INFO - NumExpr defaulting to 8 threads.
[2025-02-14 18:44:03,475] {processor.py:651} INFO - DAG(s) dict_keys(['Lead_scoring_inference_pipeline']) retrieved from /home/airflow/dags/Lead_scoring_inference_pipeline/.ipynb_checkpoints/lead_scoring_inference_pipeline-checkpoint.py
[2025-02-14 18:44:03,483] {logging_mixin.py:115} INFO - [2025-02-14 18:44:03,483] {dag.py:2420} INFO - Sync 1 DAGs
[2025-02-14 18:44:03,496] {logging_mixin.py:115} INFO - [2025-02-14 18:44:03,496] {dag.py:2968} INFO - Setting next_dagrun for Lead_scoring_inference_pipeline to 2025-02-14T18:00:00+00:00, run_after=2025-02-14T19:00:00+00:00
[2025-02-14 18:44:03,516] {processor.py:161} INFO - Processing /home/airflow/dags/Lead_scoring_inference_pipeline/.ipynb_checkpoints/lead_scoring_inference_pipeline-checkpoint.py took 1.003 seconds
[2025-02-14 18:44:59,785] {processor.py:153} INFO - Started process (PID=1486) to work on /home/airflow/dags/Lead_scoring_inference_pipeline/.ipynb_checkpoints/lead_scoring_inference_pipeline-checkpoint.py
[2025-02-14 18:44:59,787] {processor.py:641} INFO - Processing file /home/airflow/dags/Lead_scoring_inference_pipeline/.ipynb_checkpoints/lead_scoring_inference_pipeline-checkpoint.py for tasks to queue
[2025-02-14 18:44:59,788] {logging_mixin.py:115} INFO - [2025-02-14 18:44:59,788] {dagbag.py:508} INFO - Filling up the DagBag from /home/airflow/dags/Lead_scoring_inference_pipeline/.ipynb_checkpoints/lead_scoring_inference_pipeline-checkpoint.py
[2025-02-14 18:45:00,501] {logging_mixin.py:115} INFO - [2025-02-14 18:45:00,501] {utils.py:145} INFO - Note: NumExpr detected 64 cores but "NUMEXPR_MAX_THREADS" not set, so enforcing safe limit of 8.
[2025-02-14 18:45:00,502] {logging_mixin.py:115} INFO - [2025-02-14 18:45:00,502] {utils.py:157} INFO - NumExpr defaulting to 8 threads.
[2025-02-14 18:45:00,671] {processor.py:651} INFO - DAG(s) dict_keys(['Lead_scoring_inference_pipeline']) retrieved from /home/airflow/dags/Lead_scoring_inference_pipeline/.ipynb_checkpoints/lead_scoring_inference_pipeline-checkpoint.py
[2025-02-14 18:45:00,701] {logging_mixin.py:115} INFO - [2025-02-14 18:45:00,701] {dag.py:2420} INFO - Sync 1 DAGs
[2025-02-14 18:45:00,712] {logging_mixin.py:115} INFO - [2025-02-14 18:45:00,712] {dag.py:2968} INFO - Setting next_dagrun for Lead_scoring_inference_pipeline to 2025-02-14T18:00:00+00:00, run_after=2025-02-14T19:00:00+00:00
[2025-02-14 18:45:00,736] {processor.py:161} INFO - Processing /home/airflow/dags/Lead_scoring_inference_pipeline/.ipynb_checkpoints/lead_scoring_inference_pipeline-checkpoint.py took 0.954 seconds
[2025-02-14 18:45:50,821] {processor.py:153} INFO - Started process (PID=1594) to work on /home/airflow/dags/Lead_scoring_inference_pipeline/.ipynb_checkpoints/lead_scoring_inference_pipeline-checkpoint.py
[2025-02-14 18:45:50,823] {processor.py:641} INFO - Processing file /home/airflow/dags/Lead_scoring_inference_pipeline/.ipynb_checkpoints/lead_scoring_inference_pipeline-checkpoint.py for tasks to queue
[2025-02-14 18:45:50,823] {logging_mixin.py:115} INFO - [2025-02-14 18:45:50,823] {dagbag.py:508} INFO - Filling up the DagBag from /home/airflow/dags/Lead_scoring_inference_pipeline/.ipynb_checkpoints/lead_scoring_inference_pipeline-checkpoint.py
[2025-02-14 18:45:51,534] {logging_mixin.py:115} INFO - [2025-02-14 18:45:51,534] {utils.py:145} INFO - Note: NumExpr detected 64 cores but "NUMEXPR_MAX_THREADS" not set, so enforcing safe limit of 8.
[2025-02-14 18:45:51,534] {logging_mixin.py:115} INFO - [2025-02-14 18:45:51,534] {utils.py:157} INFO - NumExpr defaulting to 8 threads.
[2025-02-14 18:45:51,703] {processor.py:651} INFO - DAG(s) dict_keys(['Lead_scoring_inference_pipeline']) retrieved from /home/airflow/dags/Lead_scoring_inference_pipeline/.ipynb_checkpoints/lead_scoring_inference_pipeline-checkpoint.py
[2025-02-14 18:45:51,711] {logging_mixin.py:115} INFO - [2025-02-14 18:45:51,711] {dag.py:2420} INFO - Sync 1 DAGs
[2025-02-14 18:45:51,724] {logging_mixin.py:115} INFO - [2025-02-14 18:45:51,723] {dag.py:2968} INFO - Setting next_dagrun for Lead_scoring_inference_pipeline to 2025-02-14T18:00:00+00:00, run_after=2025-02-14T19:00:00+00:00
[2025-02-14 18:45:51,762] {processor.py:161} INFO - Processing /home/airflow/dags/Lead_scoring_inference_pipeline/.ipynb_checkpoints/lead_scoring_inference_pipeline-checkpoint.py took 0.945 seconds
[2025-02-14 18:46:44,214] {processor.py:153} INFO - Started process (PID=1701) to work on /home/airflow/dags/Lead_scoring_inference_pipeline/.ipynb_checkpoints/lead_scoring_inference_pipeline-checkpoint.py
[2025-02-14 18:46:44,216] {processor.py:641} INFO - Processing file /home/airflow/dags/Lead_scoring_inference_pipeline/.ipynb_checkpoints/lead_scoring_inference_pipeline-checkpoint.py for tasks to queue
[2025-02-14 18:46:44,216] {logging_mixin.py:115} INFO - [2025-02-14 18:46:44,216] {dagbag.py:508} INFO - Filling up the DagBag from /home/airflow/dags/Lead_scoring_inference_pipeline/.ipynb_checkpoints/lead_scoring_inference_pipeline-checkpoint.py
[2025-02-14 18:46:44,921] {logging_mixin.py:115} INFO - [2025-02-14 18:46:44,921] {utils.py:145} INFO - Note: NumExpr detected 64 cores but "NUMEXPR_MAX_THREADS" not set, so enforcing safe limit of 8.
[2025-02-14 18:46:44,921] {logging_mixin.py:115} INFO - [2025-02-14 18:46:44,921] {utils.py:157} INFO - NumExpr defaulting to 8 threads.
[2025-02-14 18:46:45,090] {processor.py:651} INFO - DAG(s) dict_keys(['Lead_scoring_inference_pipeline']) retrieved from /home/airflow/dags/Lead_scoring_inference_pipeline/.ipynb_checkpoints/lead_scoring_inference_pipeline-checkpoint.py
[2025-02-14 18:46:45,118] {logging_mixin.py:115} INFO - [2025-02-14 18:46:45,118] {dag.py:2420} INFO - Sync 1 DAGs
[2025-02-14 18:46:45,129] {logging_mixin.py:115} INFO - [2025-02-14 18:46:45,129] {dag.py:2968} INFO - Setting next_dagrun for Lead_scoring_inference_pipeline to 2025-02-14T18:00:00+00:00, run_after=2025-02-14T19:00:00+00:00
[2025-02-14 18:46:45,173] {processor.py:161} INFO - Processing /home/airflow/dags/Lead_scoring_inference_pipeline/.ipynb_checkpoints/lead_scoring_inference_pipeline-checkpoint.py took 0.962 seconds
[2025-02-14 18:54:00,908] {processor.py:153} INFO - Started process (PID=2046) to work on /home/airflow/dags/Lead_scoring_inference_pipeline/.ipynb_checkpoints/lead_scoring_inference_pipeline-checkpoint.py
[2025-02-14 18:54:00,910] {processor.py:641} INFO - Processing file /home/airflow/dags/Lead_scoring_inference_pipeline/.ipynb_checkpoints/lead_scoring_inference_pipeline-checkpoint.py for tasks to queue
[2025-02-14 18:54:00,910] {logging_mixin.py:115} INFO - [2025-02-14 18:54:00,910] {dagbag.py:508} INFO - Filling up the DagBag from /home/airflow/dags/Lead_scoring_inference_pipeline/.ipynb_checkpoints/lead_scoring_inference_pipeline-checkpoint.py
[2025-02-14 18:54:01,654] {logging_mixin.py:115} INFO - [2025-02-14 18:54:01,654] {utils.py:145} INFO - Note: NumExpr detected 64 cores but "NUMEXPR_MAX_THREADS" not set, so enforcing safe limit of 8.
[2025-02-14 18:54:01,654] {logging_mixin.py:115} INFO - [2025-02-14 18:54:01,654] {utils.py:157} INFO - NumExpr defaulting to 8 threads.
[2025-02-14 18:54:01,823] {processor.py:651} INFO - DAG(s) dict_keys(['Lead_scoring_inference_pipeline']) retrieved from /home/airflow/dags/Lead_scoring_inference_pipeline/.ipynb_checkpoints/lead_scoring_inference_pipeline-checkpoint.py
[2025-02-14 18:54:01,831] {logging_mixin.py:115} INFO - [2025-02-14 18:54:01,831] {dag.py:2420} INFO - Sync 1 DAGs
[2025-02-14 18:54:01,842] {logging_mixin.py:115} INFO - [2025-02-14 18:54:01,842] {dag.py:2968} INFO - Setting next_dagrun for Lead_scoring_inference_pipeline to 2025-02-14T18:00:00+00:00, run_after=2025-02-14T19:00:00+00:00
[2025-02-14 18:54:01,861] {processor.py:161} INFO - Processing /home/airflow/dags/Lead_scoring_inference_pipeline/.ipynb_checkpoints/lead_scoring_inference_pipeline-checkpoint.py took 0.956 seconds
[2025-02-14 18:55:13,313] {processor.py:153} INFO - Started process (PID=2283) to work on /home/airflow/dags/Lead_scoring_inference_pipeline/.ipynb_checkpoints/lead_scoring_inference_pipeline-checkpoint.py
[2025-02-14 18:55:13,315] {processor.py:641} INFO - Processing file /home/airflow/dags/Lead_scoring_inference_pipeline/.ipynb_checkpoints/lead_scoring_inference_pipeline-checkpoint.py for tasks to queue
[2025-02-14 18:55:13,315] {logging_mixin.py:115} INFO - [2025-02-14 18:55:13,315] {dagbag.py:508} INFO - Filling up the DagBag from /home/airflow/dags/Lead_scoring_inference_pipeline/.ipynb_checkpoints/lead_scoring_inference_pipeline-checkpoint.py
[2025-02-14 18:55:14,048] {logging_mixin.py:115} INFO - [2025-02-14 18:55:14,048] {utils.py:145} INFO - Note: NumExpr detected 64 cores but "NUMEXPR_MAX_THREADS" not set, so enforcing safe limit of 8.
[2025-02-14 18:55:14,049] {logging_mixin.py:115} INFO - [2025-02-14 18:55:14,049] {utils.py:157} INFO - NumExpr defaulting to 8 threads.
[2025-02-14 18:55:14,220] {processor.py:651} INFO - DAG(s) dict_keys(['Lead_scoring_inference_pipeline']) retrieved from /home/airflow/dags/Lead_scoring_inference_pipeline/.ipynb_checkpoints/lead_scoring_inference_pipeline-checkpoint.py
[2025-02-14 18:55:14,251] {logging_mixin.py:115} INFO - [2025-02-14 18:55:14,250] {dag.py:2420} INFO - Sync 1 DAGs
[2025-02-14 18:55:14,260] {logging_mixin.py:115} INFO - [2025-02-14 18:55:14,260] {dag.py:2968} INFO - Setting next_dagrun for Lead_scoring_inference_pipeline to 2025-02-14T18:00:00+00:00, run_after=2025-02-14T19:00:00+00:00
[2025-02-14 18:55:14,309] {processor.py:161} INFO - Processing /home/airflow/dags/Lead_scoring_inference_pipeline/.ipynb_checkpoints/lead_scoring_inference_pipeline-checkpoint.py took 0.999 seconds
[2025-02-14 19:02:45,665] {processor.py:153} INFO - Started process (PID=2647) to work on /home/airflow/dags/Lead_scoring_inference_pipeline/.ipynb_checkpoints/lead_scoring_inference_pipeline-checkpoint.py
[2025-02-14 19:02:45,667] {processor.py:641} INFO - Processing file /home/airflow/dags/Lead_scoring_inference_pipeline/.ipynb_checkpoints/lead_scoring_inference_pipeline-checkpoint.py for tasks to queue
[2025-02-14 19:02:45,667] {logging_mixin.py:115} INFO - [2025-02-14 19:02:45,667] {dagbag.py:508} INFO - Filling up the DagBag from /home/airflow/dags/Lead_scoring_inference_pipeline/.ipynb_checkpoints/lead_scoring_inference_pipeline-checkpoint.py
[2025-02-14 19:02:46,463] {logging_mixin.py:115} INFO - [2025-02-14 19:02:46,463] {utils.py:145} INFO - Note: NumExpr detected 64 cores but "NUMEXPR_MAX_THREADS" not set, so enforcing safe limit of 8.
[2025-02-14 19:02:46,463] {logging_mixin.py:115} INFO - [2025-02-14 19:02:46,463] {utils.py:157} INFO - NumExpr defaulting to 8 threads.
[2025-02-14 19:02:46,638] {processor.py:651} INFO - DAG(s) dict_keys(['Lead_scoring_inference_pipeline']) retrieved from /home/airflow/dags/Lead_scoring_inference_pipeline/.ipynb_checkpoints/lead_scoring_inference_pipeline-checkpoint.py
[2025-02-14 19:02:46,651] {logging_mixin.py:115} INFO - [2025-02-14 19:02:46,651] {dag.py:2420} INFO - Sync 1 DAGs
[2025-02-14 19:02:46,665] {logging_mixin.py:115} INFO - [2025-02-14 19:02:46,665] {dag.py:2968} INFO - Setting next_dagrun for Lead_scoring_inference_pipeline to 2025-02-14T19:00:00+00:00, run_after=2025-02-14T20:00:00+00:00
[2025-02-14 19:02:46,683] {processor.py:161} INFO - Processing /home/airflow/dags/Lead_scoring_inference_pipeline/.ipynb_checkpoints/lead_scoring_inference_pipeline-checkpoint.py took 1.021 seconds
[2025-02-14 19:03:47,133] {processor.py:153} INFO - Started process (PID=2759) to work on /home/airflow/dags/Lead_scoring_inference_pipeline/.ipynb_checkpoints/lead_scoring_inference_pipeline-checkpoint.py
[2025-02-14 19:03:47,135] {processor.py:641} INFO - Processing file /home/airflow/dags/Lead_scoring_inference_pipeline/.ipynb_checkpoints/lead_scoring_inference_pipeline-checkpoint.py for tasks to queue
[2025-02-14 19:03:47,135] {logging_mixin.py:115} INFO - [2025-02-14 19:03:47,135] {dagbag.py:508} INFO - Filling up the DagBag from /home/airflow/dags/Lead_scoring_inference_pipeline/.ipynb_checkpoints/lead_scoring_inference_pipeline-checkpoint.py
[2025-02-14 19:03:47,907] {logging_mixin.py:115} INFO - [2025-02-14 19:03:47,907] {utils.py:145} INFO - Note: NumExpr detected 64 cores but "NUMEXPR_MAX_THREADS" not set, so enforcing safe limit of 8.
[2025-02-14 19:03:47,907] {logging_mixin.py:115} INFO - [2025-02-14 19:03:47,907] {utils.py:157} INFO - NumExpr defaulting to 8 threads.
[2025-02-14 19:03:48,074] {processor.py:651} INFO - DAG(s) dict_keys(['Lead_scoring_inference_pipeline']) retrieved from /home/airflow/dags/Lead_scoring_inference_pipeline/.ipynb_checkpoints/lead_scoring_inference_pipeline-checkpoint.py
[2025-02-14 19:03:48,107] {logging_mixin.py:115} INFO - [2025-02-14 19:03:48,107] {dag.py:2420} INFO - Sync 1 DAGs
[2025-02-14 19:03:48,119] {logging_mixin.py:115} INFO - [2025-02-14 19:03:48,118] {dag.py:2968} INFO - Setting next_dagrun for Lead_scoring_inference_pipeline to 2025-02-14T19:00:00+00:00, run_after=2025-02-14T20:00:00+00:00
[2025-02-14 19:03:48,141] {processor.py:161} INFO - Processing /home/airflow/dags/Lead_scoring_inference_pipeline/.ipynb_checkpoints/lead_scoring_inference_pipeline-checkpoint.py took 1.011 seconds
[2025-02-14 19:04:49,869] {processor.py:153} INFO - Started process (PID=2872) to work on /home/airflow/dags/Lead_scoring_inference_pipeline/.ipynb_checkpoints/lead_scoring_inference_pipeline-checkpoint.py
[2025-02-14 19:04:49,871] {processor.py:641} INFO - Processing file /home/airflow/dags/Lead_scoring_inference_pipeline/.ipynb_checkpoints/lead_scoring_inference_pipeline-checkpoint.py for tasks to queue
[2025-02-14 19:04:49,871] {logging_mixin.py:115} INFO - [2025-02-14 19:04:49,871] {dagbag.py:508} INFO - Filling up the DagBag from /home/airflow/dags/Lead_scoring_inference_pipeline/.ipynb_checkpoints/lead_scoring_inference_pipeline-checkpoint.py
[2025-02-14 19:04:50,659] {logging_mixin.py:115} INFO - [2025-02-14 19:04:50,659] {utils.py:145} INFO - Note: NumExpr detected 64 cores but "NUMEXPR_MAX_THREADS" not set, so enforcing safe limit of 8.
[2025-02-14 19:04:50,660] {logging_mixin.py:115} INFO - [2025-02-14 19:04:50,660] {utils.py:157} INFO - NumExpr defaulting to 8 threads.
[2025-02-14 19:04:50,834] {processor.py:651} INFO - DAG(s) dict_keys(['Lead_scoring_inference_pipeline']) retrieved from /home/airflow/dags/Lead_scoring_inference_pipeline/.ipynb_checkpoints/lead_scoring_inference_pipeline-checkpoint.py
[2025-02-14 19:04:50,842] {logging_mixin.py:115} INFO - [2025-02-14 19:04:50,842] {dag.py:2420} INFO - Sync 1 DAGs
[2025-02-14 19:04:50,856] {logging_mixin.py:115} INFO - [2025-02-14 19:04:50,856] {dag.py:2968} INFO - Setting next_dagrun for Lead_scoring_inference_pipeline to 2025-02-14T19:00:00+00:00, run_after=2025-02-14T20:00:00+00:00
[2025-02-14 19:04:50,874] {processor.py:161} INFO - Processing /home/airflow/dags/Lead_scoring_inference_pipeline/.ipynb_checkpoints/lead_scoring_inference_pipeline-checkpoint.py took 1.008 seconds
[2025-02-14 19:05:55,998] {processor.py:153} INFO - Started process (PID=2986) to work on /home/airflow/dags/Lead_scoring_inference_pipeline/.ipynb_checkpoints/lead_scoring_inference_pipeline-checkpoint.py
[2025-02-14 19:05:55,999] {processor.py:641} INFO - Processing file /home/airflow/dags/Lead_scoring_inference_pipeline/.ipynb_checkpoints/lead_scoring_inference_pipeline-checkpoint.py for tasks to queue
[2025-02-14 19:05:56,000] {logging_mixin.py:115} INFO - [2025-02-14 19:05:56,000] {dagbag.py:508} INFO - Filling up the DagBag from /home/airflow/dags/Lead_scoring_inference_pipeline/.ipynb_checkpoints/lead_scoring_inference_pipeline-checkpoint.py
[2025-02-14 19:05:56,787] {logging_mixin.py:115} INFO - [2025-02-14 19:05:56,787] {utils.py:145} INFO - Note: NumExpr detected 64 cores but "NUMEXPR_MAX_THREADS" not set, so enforcing safe limit of 8.
[2025-02-14 19:05:56,787] {logging_mixin.py:115} INFO - [2025-02-14 19:05:56,787] {utils.py:157} INFO - NumExpr defaulting to 8 threads.
[2025-02-14 19:05:56,953] {processor.py:651} INFO - DAG(s) dict_keys(['Lead_scoring_inference_pipeline']) retrieved from /home/airflow/dags/Lead_scoring_inference_pipeline/.ipynb_checkpoints/lead_scoring_inference_pipeline-checkpoint.py
[2025-02-14 19:05:56,985] {logging_mixin.py:115} INFO - [2025-02-14 19:05:56,984] {dag.py:2420} INFO - Sync 1 DAGs
[2025-02-14 19:05:56,996] {logging_mixin.py:115} INFO - [2025-02-14 19:05:56,996] {dag.py:2968} INFO - Setting next_dagrun for Lead_scoring_inference_pipeline to 2025-02-14T19:00:00+00:00, run_after=2025-02-14T20:00:00+00:00
[2025-02-14 19:05:57,017] {processor.py:161} INFO - Processing /home/airflow/dags/Lead_scoring_inference_pipeline/.ipynb_checkpoints/lead_scoring_inference_pipeline-checkpoint.py took 1.023 seconds
[2025-02-14 19:07:00,356] {processor.py:153} INFO - Started process (PID=3100) to work on /home/airflow/dags/Lead_scoring_inference_pipeline/.ipynb_checkpoints/lead_scoring_inference_pipeline-checkpoint.py
[2025-02-14 19:07:00,358] {processor.py:641} INFO - Processing file /home/airflow/dags/Lead_scoring_inference_pipeline/.ipynb_checkpoints/lead_scoring_inference_pipeline-checkpoint.py for tasks to queue
[2025-02-14 19:07:00,359] {logging_mixin.py:115} INFO - [2025-02-14 19:07:00,359] {dagbag.py:508} INFO - Filling up the DagBag from /home/airflow/dags/Lead_scoring_inference_pipeline/.ipynb_checkpoints/lead_scoring_inference_pipeline-checkpoint.py
[2025-02-14 19:07:01,136] {logging_mixin.py:115} INFO - [2025-02-14 19:07:01,136] {utils.py:145} INFO - Note: NumExpr detected 64 cores but "NUMEXPR_MAX_THREADS" not set, so enforcing safe limit of 8.
[2025-02-14 19:07:01,136] {logging_mixin.py:115} INFO - [2025-02-14 19:07:01,136] {utils.py:157} INFO - NumExpr defaulting to 8 threads.
[2025-02-14 19:07:01,308] {processor.py:651} INFO - DAG(s) dict_keys(['Lead_scoring_inference_pipeline']) retrieved from /home/airflow/dags/Lead_scoring_inference_pipeline/.ipynb_checkpoints/lead_scoring_inference_pipeline-checkpoint.py
[2025-02-14 19:07:01,316] {logging_mixin.py:115} INFO - [2025-02-14 19:07:01,316] {dag.py:2420} INFO - Sync 1 DAGs
[2025-02-14 19:07:01,329] {logging_mixin.py:115} INFO - [2025-02-14 19:07:01,329] {dag.py:2968} INFO - Setting next_dagrun for Lead_scoring_inference_pipeline to 2025-02-14T19:00:00+00:00, run_after=2025-02-14T20:00:00+00:00
[2025-02-14 19:07:01,349] {processor.py:161} INFO - Processing /home/airflow/dags/Lead_scoring_inference_pipeline/.ipynb_checkpoints/lead_scoring_inference_pipeline-checkpoint.py took 0.996 seconds
[2025-02-14 19:07:59,577] {processor.py:153} INFO - Started process (PID=3212) to work on /home/airflow/dags/Lead_scoring_inference_pipeline/.ipynb_checkpoints/lead_scoring_inference_pipeline-checkpoint.py
[2025-02-14 19:07:59,583] {processor.py:641} INFO - Processing file /home/airflow/dags/Lead_scoring_inference_pipeline/.ipynb_checkpoints/lead_scoring_inference_pipeline-checkpoint.py for tasks to queue
[2025-02-14 19:07:59,583] {logging_mixin.py:115} INFO - [2025-02-14 19:07:59,583] {dagbag.py:508} INFO - Filling up the DagBag from /home/airflow/dags/Lead_scoring_inference_pipeline/.ipynb_checkpoints/lead_scoring_inference_pipeline-checkpoint.py
[2025-02-14 19:08:00,301] {logging_mixin.py:115} INFO - [2025-02-14 19:08:00,301] {utils.py:145} INFO - Note: NumExpr detected 64 cores but "NUMEXPR_MAX_THREADS" not set, so enforcing safe limit of 8.
[2025-02-14 19:08:00,301] {logging_mixin.py:115} INFO - [2025-02-14 19:08:00,301] {utils.py:157} INFO - NumExpr defaulting to 8 threads.
[2025-02-14 19:08:00,470] {processor.py:651} INFO - DAG(s) dict_keys(['Lead_scoring_inference_pipeline']) retrieved from /home/airflow/dags/Lead_scoring_inference_pipeline/.ipynb_checkpoints/lead_scoring_inference_pipeline-checkpoint.py
[2025-02-14 19:08:00,501] {logging_mixin.py:115} INFO - [2025-02-14 19:08:00,501] {dag.py:2420} INFO - Sync 1 DAGs
[2025-02-14 19:08:00,512] {logging_mixin.py:115} INFO - [2025-02-14 19:08:00,512] {dag.py:2968} INFO - Setting next_dagrun for Lead_scoring_inference_pipeline to 2025-02-14T19:00:00+00:00, run_after=2025-02-14T20:00:00+00:00
[2025-02-14 19:08:00,532] {processor.py:161} INFO - Processing /home/airflow/dags/Lead_scoring_inference_pipeline/.ipynb_checkpoints/lead_scoring_inference_pipeline-checkpoint.py took 0.958 seconds
[2025-02-14 19:08:56,650] {processor.py:153} INFO - Started process (PID=3323) to work on /home/airflow/dags/Lead_scoring_inference_pipeline/.ipynb_checkpoints/lead_scoring_inference_pipeline-checkpoint.py
[2025-02-14 19:08:56,652] {processor.py:641} INFO - Processing file /home/airflow/dags/Lead_scoring_inference_pipeline/.ipynb_checkpoints/lead_scoring_inference_pipeline-checkpoint.py for tasks to queue
[2025-02-14 19:08:56,652] {logging_mixin.py:115} INFO - [2025-02-14 19:08:56,652] {dagbag.py:508} INFO - Filling up the DagBag from /home/airflow/dags/Lead_scoring_inference_pipeline/.ipynb_checkpoints/lead_scoring_inference_pipeline-checkpoint.py
[2025-02-14 19:08:57,369] {logging_mixin.py:115} INFO - [2025-02-14 19:08:57,369] {utils.py:145} INFO - Note: NumExpr detected 64 cores but "NUMEXPR_MAX_THREADS" not set, so enforcing safe limit of 8.
[2025-02-14 19:08:57,370] {logging_mixin.py:115} INFO - [2025-02-14 19:08:57,370] {utils.py:157} INFO - NumExpr defaulting to 8 threads.
[2025-02-14 19:08:57,543] {processor.py:651} INFO - DAG(s) dict_keys(['Lead_scoring_inference_pipeline']) retrieved from /home/airflow/dags/Lead_scoring_inference_pipeline/.ipynb_checkpoints/lead_scoring_inference_pipeline-checkpoint.py
[2025-02-14 19:08:57,551] {logging_mixin.py:115} INFO - [2025-02-14 19:08:57,550] {dag.py:2420} INFO - Sync 1 DAGs
[2025-02-14 19:08:57,563] {logging_mixin.py:115} INFO - [2025-02-14 19:08:57,563] {dag.py:2968} INFO - Setting next_dagrun for Lead_scoring_inference_pipeline to 2025-02-14T19:00:00+00:00, run_after=2025-02-14T20:00:00+00:00
[2025-02-14 19:08:57,581] {processor.py:161} INFO - Processing /home/airflow/dags/Lead_scoring_inference_pipeline/.ipynb_checkpoints/lead_scoring_inference_pipeline-checkpoint.py took 0.934 seconds
[2025-02-14 19:09:54,820] {processor.py:153} INFO - Started process (PID=3467) to work on /home/airflow/dags/Lead_scoring_inference_pipeline/.ipynb_checkpoints/lead_scoring_inference_pipeline-checkpoint.py
[2025-02-14 19:09:54,822] {processor.py:641} INFO - Processing file /home/airflow/dags/Lead_scoring_inference_pipeline/.ipynb_checkpoints/lead_scoring_inference_pipeline-checkpoint.py for tasks to queue
[2025-02-14 19:09:54,823] {logging_mixin.py:115} INFO - [2025-02-14 19:09:54,823] {dagbag.py:508} INFO - Filling up the DagBag from /home/airflow/dags/Lead_scoring_inference_pipeline/.ipynb_checkpoints/lead_scoring_inference_pipeline-checkpoint.py
[2025-02-14 19:09:55,538] {logging_mixin.py:115} INFO - [2025-02-14 19:09:55,538] {utils.py:145} INFO - Note: NumExpr detected 64 cores but "NUMEXPR_MAX_THREADS" not set, so enforcing safe limit of 8.
[2025-02-14 19:09:55,539] {logging_mixin.py:115} INFO - [2025-02-14 19:09:55,539] {utils.py:157} INFO - NumExpr defaulting to 8 threads.
[2025-02-14 19:09:55,708] {processor.py:651} INFO - DAG(s) dict_keys(['Lead_scoring_inference_pipeline']) retrieved from /home/airflow/dags/Lead_scoring_inference_pipeline/.ipynb_checkpoints/lead_scoring_inference_pipeline-checkpoint.py
[2025-02-14 19:09:55,739] {logging_mixin.py:115} INFO - [2025-02-14 19:09:55,738] {dag.py:2420} INFO - Sync 1 DAGs
[2025-02-14 19:09:55,750] {logging_mixin.py:115} INFO - [2025-02-14 19:09:55,750] {dag.py:2968} INFO - Setting next_dagrun for Lead_scoring_inference_pipeline to 2025-02-14T19:00:00+00:00, run_after=2025-02-14T20:00:00+00:00
[2025-02-14 19:09:55,851] {processor.py:161} INFO - Processing /home/airflow/dags/Lead_scoring_inference_pipeline/.ipynb_checkpoints/lead_scoring_inference_pipeline-checkpoint.py took 1.034 seconds
[2025-02-14 19:10:38,289] {processor.py:153} INFO - Started process (PID=3639) to work on /home/airflow/dags/Lead_scoring_inference_pipeline/.ipynb_checkpoints/lead_scoring_inference_pipeline-checkpoint.py
[2025-02-14 19:10:38,290] {processor.py:641} INFO - Processing file /home/airflow/dags/Lead_scoring_inference_pipeline/.ipynb_checkpoints/lead_scoring_inference_pipeline-checkpoint.py for tasks to queue
[2025-02-14 19:10:38,291] {logging_mixin.py:115} INFO - [2025-02-14 19:10:38,291] {dagbag.py:508} INFO - Filling up the DagBag from /home/airflow/dags/Lead_scoring_inference_pipeline/.ipynb_checkpoints/lead_scoring_inference_pipeline-checkpoint.py
[2025-02-14 19:10:39,013] {logging_mixin.py:115} INFO - [2025-02-14 19:10:39,013] {utils.py:145} INFO - Note: NumExpr detected 64 cores but "NUMEXPR_MAX_THREADS" not set, so enforcing safe limit of 8.
[2025-02-14 19:10:39,013] {logging_mixin.py:115} INFO - [2025-02-14 19:10:39,013] {utils.py:157} INFO - NumExpr defaulting to 8 threads.
[2025-02-14 19:10:39,182] {processor.py:651} INFO - DAG(s) dict_keys(['Lead_scoring_inference_pipeline']) retrieved from /home/airflow/dags/Lead_scoring_inference_pipeline/.ipynb_checkpoints/lead_scoring_inference_pipeline-checkpoint.py
[2025-02-14 19:10:39,189] {logging_mixin.py:115} INFO - [2025-02-14 19:10:39,189] {dag.py:2420} INFO - Sync 1 DAGs
[2025-02-14 19:10:39,202] {logging_mixin.py:115} INFO - [2025-02-14 19:10:39,202] {dag.py:2968} INFO - Setting next_dagrun for Lead_scoring_inference_pipeline to 2025-02-14T19:00:00+00:00, run_after=2025-02-14T20:00:00+00:00
[2025-02-14 19:10:39,221] {processor.py:161} INFO - Processing /home/airflow/dags/Lead_scoring_inference_pipeline/.ipynb_checkpoints/lead_scoring_inference_pipeline-checkpoint.py took 0.935 seconds
