[2025-02-14 18:16:46,481] {processor.py:153} INFO - Started process (PID=7726) to work on /home/airflow/dags/Lead_scoring_inference_pipeline/.ipynb_checkpoints/utils-checkpoint.py
[2025-02-14 18:16:46,482] {processor.py:641} INFO - Processing file /home/airflow/dags/Lead_scoring_inference_pipeline/.ipynb_checkpoints/utils-checkpoint.py for tasks to queue
[2025-02-14 18:16:46,483] {logging_mixin.py:115} INFO - [2025-02-14 18:16:46,483] {dagbag.py:508} INFO - Filling up the DagBag from /home/airflow/dags/Lead_scoring_inference_pipeline/.ipynb_checkpoints/utils-checkpoint.py
[2025-02-14 18:16:47,681] {logging_mixin.py:115} INFO - [2025-02-14 18:16:47,681] {utils.py:145} INFO - Note: NumExpr detected 64 cores but "NUMEXPR_MAX_THREADS" not set, so enforcing safe limit of 8.
[2025-02-14 18:16:47,681] {logging_mixin.py:115} INFO - [2025-02-14 18:16:47,681] {utils.py:157} INFO - NumExpr defaulting to 8 threads.
[2025-02-14 18:16:47,862] {processor.py:653} WARNING - No viable dags retrieved from /home/airflow/dags/Lead_scoring_inference_pipeline/.ipynb_checkpoints/utils-checkpoint.py
[2025-02-14 18:16:47,873] {processor.py:161} INFO - Processing /home/airflow/dags/Lead_scoring_inference_pipeline/.ipynb_checkpoints/utils-checkpoint.py took 1.395 seconds
[2025-02-14 18:18:38,244] {processor.py:153} INFO - Started process (PID=7947) to work on /home/airflow/dags/Lead_scoring_inference_pipeline/.ipynb_checkpoints/utils-checkpoint.py
[2025-02-14 18:18:38,251] {processor.py:641} INFO - Processing file /home/airflow/dags/Lead_scoring_inference_pipeline/.ipynb_checkpoints/utils-checkpoint.py for tasks to queue
[2025-02-14 18:18:38,251] {logging_mixin.py:115} INFO - [2025-02-14 18:18:38,251] {dagbag.py:508} INFO - Filling up the DagBag from /home/airflow/dags/Lead_scoring_inference_pipeline/.ipynb_checkpoints/utils-checkpoint.py
[2025-02-14 18:18:39,083] {logging_mixin.py:115} INFO - [2025-02-14 18:18:39,083] {utils.py:145} INFO - Note: NumExpr detected 64 cores but "NUMEXPR_MAX_THREADS" not set, so enforcing safe limit of 8.
[2025-02-14 18:18:39,083] {logging_mixin.py:115} INFO - [2025-02-14 18:18:39,083] {utils.py:157} INFO - NumExpr defaulting to 8 threads.
[2025-02-14 18:18:39,256] {processor.py:653} WARNING - No viable dags retrieved from /home/airflow/dags/Lead_scoring_inference_pipeline/.ipynb_checkpoints/utils-checkpoint.py
[2025-02-14 18:18:39,264] {processor.py:161} INFO - Processing /home/airflow/dags/Lead_scoring_inference_pipeline/.ipynb_checkpoints/utils-checkpoint.py took 1.023 seconds
[2025-02-14 18:19:55,171] {processor.py:153} INFO - Started process (PID=8078) to work on /home/airflow/dags/Lead_scoring_inference_pipeline/.ipynb_checkpoints/utils-checkpoint.py
[2025-02-14 18:19:55,173] {processor.py:641} INFO - Processing file /home/airflow/dags/Lead_scoring_inference_pipeline/.ipynb_checkpoints/utils-checkpoint.py for tasks to queue
[2025-02-14 18:19:55,173] {logging_mixin.py:115} INFO - [2025-02-14 18:19:55,173] {dagbag.py:508} INFO - Filling up the DagBag from /home/airflow/dags/Lead_scoring_inference_pipeline/.ipynb_checkpoints/utils-checkpoint.py
[2025-02-14 18:19:56,464] {logging_mixin.py:115} INFO - [2025-02-14 18:19:56,464] {utils.py:145} INFO - Note: NumExpr detected 64 cores but "NUMEXPR_MAX_THREADS" not set, so enforcing safe limit of 8.
[2025-02-14 18:19:56,465] {logging_mixin.py:115} INFO - [2025-02-14 18:19:56,465] {utils.py:157} INFO - NumExpr defaulting to 8 threads.
[2025-02-14 18:19:56,743] {processor.py:653} WARNING - No viable dags retrieved from /home/airflow/dags/Lead_scoring_inference_pipeline/.ipynb_checkpoints/utils-checkpoint.py
[2025-02-14 18:19:56,755] {processor.py:161} INFO - Processing /home/airflow/dags/Lead_scoring_inference_pipeline/.ipynb_checkpoints/utils-checkpoint.py took 1.588 seconds
[2025-02-14 18:21:06,721] {processor.py:153} INFO - Started process (PID=8200) to work on /home/airflow/dags/Lead_scoring_inference_pipeline/.ipynb_checkpoints/utils-checkpoint.py
[2025-02-14 18:21:06,722] {processor.py:641} INFO - Processing file /home/airflow/dags/Lead_scoring_inference_pipeline/.ipynb_checkpoints/utils-checkpoint.py for tasks to queue
[2025-02-14 18:21:06,723] {logging_mixin.py:115} INFO - [2025-02-14 18:21:06,723] {dagbag.py:508} INFO - Filling up the DagBag from /home/airflow/dags/Lead_scoring_inference_pipeline/.ipynb_checkpoints/utils-checkpoint.py
[2025-02-14 18:21:08,013] {logging_mixin.py:115} INFO - [2025-02-14 18:21:08,012] {utils.py:145} INFO - Note: NumExpr detected 64 cores but "NUMEXPR_MAX_THREADS" not set, so enforcing safe limit of 8.
[2025-02-14 18:21:08,013] {logging_mixin.py:115} INFO - [2025-02-14 18:21:08,013] {utils.py:157} INFO - NumExpr defaulting to 8 threads.
[2025-02-14 18:21:08,294] {processor.py:653} WARNING - No viable dags retrieved from /home/airflow/dags/Lead_scoring_inference_pipeline/.ipynb_checkpoints/utils-checkpoint.py
[2025-02-14 18:21:08,306] {processor.py:161} INFO - Processing /home/airflow/dags/Lead_scoring_inference_pipeline/.ipynb_checkpoints/utils-checkpoint.py took 1.589 seconds
[2025-02-14 18:22:12,163] {processor.py:153} INFO - Started process (PID=8318) to work on /home/airflow/dags/Lead_scoring_inference_pipeline/.ipynb_checkpoints/utils-checkpoint.py
[2025-02-14 18:22:12,165] {processor.py:641} INFO - Processing file /home/airflow/dags/Lead_scoring_inference_pipeline/.ipynb_checkpoints/utils-checkpoint.py for tasks to queue
[2025-02-14 18:22:12,166] {logging_mixin.py:115} INFO - [2025-02-14 18:22:12,166] {dagbag.py:508} INFO - Filling up the DagBag from /home/airflow/dags/Lead_scoring_inference_pipeline/.ipynb_checkpoints/utils-checkpoint.py
[2025-02-14 18:22:13,328] {logging_mixin.py:115} INFO - [2025-02-14 18:22:13,328] {utils.py:145} INFO - Note: NumExpr detected 64 cores but "NUMEXPR_MAX_THREADS" not set, so enforcing safe limit of 8.
[2025-02-14 18:22:13,328] {logging_mixin.py:115} INFO - [2025-02-14 18:22:13,328] {utils.py:157} INFO - NumExpr defaulting to 8 threads.
[2025-02-14 18:22:13,607] {processor.py:653} WARNING - No viable dags retrieved from /home/airflow/dags/Lead_scoring_inference_pipeline/.ipynb_checkpoints/utils-checkpoint.py
[2025-02-14 18:22:13,619] {processor.py:161} INFO - Processing /home/airflow/dags/Lead_scoring_inference_pipeline/.ipynb_checkpoints/utils-checkpoint.py took 1.459 seconds
[2025-02-14 18:23:10,810] {processor.py:153} INFO - Started process (PID=8430) to work on /home/airflow/dags/Lead_scoring_inference_pipeline/.ipynb_checkpoints/utils-checkpoint.py
[2025-02-14 18:23:10,812] {processor.py:641} INFO - Processing file /home/airflow/dags/Lead_scoring_inference_pipeline/.ipynb_checkpoints/utils-checkpoint.py for tasks to queue
[2025-02-14 18:23:10,812] {logging_mixin.py:115} INFO - [2025-02-14 18:23:10,812] {dagbag.py:508} INFO - Filling up the DagBag from /home/airflow/dags/Lead_scoring_inference_pipeline/.ipynb_checkpoints/utils-checkpoint.py
[2025-02-14 18:23:11,977] {logging_mixin.py:115} INFO - [2025-02-14 18:23:11,977] {utils.py:145} INFO - Note: NumExpr detected 64 cores but "NUMEXPR_MAX_THREADS" not set, so enforcing safe limit of 8.
[2025-02-14 18:23:11,977] {logging_mixin.py:115} INFO - [2025-02-14 18:23:11,977] {utils.py:157} INFO - NumExpr defaulting to 8 threads.
[2025-02-14 18:23:12,257] {processor.py:653} WARNING - No viable dags retrieved from /home/airflow/dags/Lead_scoring_inference_pipeline/.ipynb_checkpoints/utils-checkpoint.py
[2025-02-14 18:23:12,269] {processor.py:161} INFO - Processing /home/airflow/dags/Lead_scoring_inference_pipeline/.ipynb_checkpoints/utils-checkpoint.py took 1.462 seconds
[2025-02-14 18:23:45,114] {processor.py:153} INFO - Started process (PID=8504) to work on /home/airflow/dags/Lead_scoring_inference_pipeline/.ipynb_checkpoints/utils-checkpoint.py
[2025-02-14 18:23:45,116] {processor.py:641} INFO - Processing file /home/airflow/dags/Lead_scoring_inference_pipeline/.ipynb_checkpoints/utils-checkpoint.py for tasks to queue
[2025-02-14 18:23:45,117] {logging_mixin.py:115} INFO - [2025-02-14 18:23:45,116] {dagbag.py:508} INFO - Filling up the DagBag from /home/airflow/dags/Lead_scoring_inference_pipeline/.ipynb_checkpoints/utils-checkpoint.py
[2025-02-14 18:23:46,288] {logging_mixin.py:115} INFO - [2025-02-14 18:23:46,288] {utils.py:145} INFO - Note: NumExpr detected 64 cores but "NUMEXPR_MAX_THREADS" not set, so enforcing safe limit of 8.
[2025-02-14 18:23:46,288] {logging_mixin.py:115} INFO - [2025-02-14 18:23:46,288] {utils.py:157} INFO - NumExpr defaulting to 8 threads.
[2025-02-14 18:23:46,567] {processor.py:653} WARNING - No viable dags retrieved from /home/airflow/dags/Lead_scoring_inference_pipeline/.ipynb_checkpoints/utils-checkpoint.py
[2025-02-14 18:23:46,580] {processor.py:161} INFO - Processing /home/airflow/dags/Lead_scoring_inference_pipeline/.ipynb_checkpoints/utils-checkpoint.py took 1.469 seconds
[2025-02-14 18:24:16,376] {processor.py:153} INFO - Started process (PID=8571) to work on /home/airflow/dags/Lead_scoring_inference_pipeline/.ipynb_checkpoints/utils-checkpoint.py
[2025-02-14 18:24:16,376] {processor.py:641} INFO - Processing file /home/airflow/dags/Lead_scoring_inference_pipeline/.ipynb_checkpoints/utils-checkpoint.py for tasks to queue
[2025-02-14 18:24:16,377] {logging_mixin.py:115} INFO - [2025-02-14 18:24:16,377] {dagbag.py:508} INFO - Filling up the DagBag from /home/airflow/dags/Lead_scoring_inference_pipeline/.ipynb_checkpoints/utils-checkpoint.py
[2025-02-14 18:24:17,069] {logging_mixin.py:115} INFO - [2025-02-14 18:24:17,069] {utils.py:145} INFO - Note: NumExpr detected 64 cores but "NUMEXPR_MAX_THREADS" not set, so enforcing safe limit of 8.
[2025-02-14 18:24:17,069] {logging_mixin.py:115} INFO - [2025-02-14 18:24:17,069] {utils.py:157} INFO - NumExpr defaulting to 8 threads.
[2025-02-14 18:24:17,232] {processor.py:653} WARNING - No viable dags retrieved from /home/airflow/dags/Lead_scoring_inference_pipeline/.ipynb_checkpoints/utils-checkpoint.py
[2025-02-14 18:24:17,241] {processor.py:161} INFO - Processing /home/airflow/dags/Lead_scoring_inference_pipeline/.ipynb_checkpoints/utils-checkpoint.py took 0.868 seconds
[2025-02-14 18:29:42,015] {processor.py:153} INFO - Started process (PID=8670) to work on /home/airflow/dags/Lead_scoring_inference_pipeline/.ipynb_checkpoints/utils-checkpoint.py
[2025-02-14 18:29:42,017] {processor.py:641} INFO - Processing file /home/airflow/dags/Lead_scoring_inference_pipeline/.ipynb_checkpoints/utils-checkpoint.py for tasks to queue
[2025-02-14 18:29:42,018] {logging_mixin.py:115} INFO - [2025-02-14 18:29:42,018] {dagbag.py:508} INFO - Filling up the DagBag from /home/airflow/dags/Lead_scoring_inference_pipeline/.ipynb_checkpoints/utils-checkpoint.py
[2025-02-14 18:29:42,941] {logging_mixin.py:115} INFO - [2025-02-14 18:29:42,941] {utils.py:145} INFO - Note: NumExpr detected 64 cores but "NUMEXPR_MAX_THREADS" not set, so enforcing safe limit of 8.
[2025-02-14 18:29:42,941] {logging_mixin.py:115} INFO - [2025-02-14 18:29:42,941] {utils.py:157} INFO - NumExpr defaulting to 8 threads.
[2025-02-14 18:29:43,112] {processor.py:653} WARNING - No viable dags retrieved from /home/airflow/dags/Lead_scoring_inference_pipeline/.ipynb_checkpoints/utils-checkpoint.py
[2025-02-14 18:29:43,121] {processor.py:161} INFO - Processing /home/airflow/dags/Lead_scoring_inference_pipeline/.ipynb_checkpoints/utils-checkpoint.py took 1.108 seconds
[2025-02-14 18:31:09,164] {processor.py:153} INFO - Started process (PID=8928) to work on /home/airflow/dags/Lead_scoring_inference_pipeline/.ipynb_checkpoints/utils-checkpoint.py
[2025-02-14 18:31:09,166] {processor.py:641} INFO - Processing file /home/airflow/dags/Lead_scoring_inference_pipeline/.ipynb_checkpoints/utils-checkpoint.py for tasks to queue
[2025-02-14 18:31:09,166] {logging_mixin.py:115} INFO - [2025-02-14 18:31:09,166] {dagbag.py:508} INFO - Filling up the DagBag from /home/airflow/dags/Lead_scoring_inference_pipeline/.ipynb_checkpoints/utils-checkpoint.py
[2025-02-14 18:31:09,949] {logging_mixin.py:115} INFO - [2025-02-14 18:31:09,949] {utils.py:145} INFO - Note: NumExpr detected 64 cores but "NUMEXPR_MAX_THREADS" not set, so enforcing safe limit of 8.
[2025-02-14 18:31:09,949] {logging_mixin.py:115} INFO - [2025-02-14 18:31:09,949] {utils.py:157} INFO - NumExpr defaulting to 8 threads.
[2025-02-14 18:31:10,114] {processor.py:653} WARNING - No viable dags retrieved from /home/airflow/dags/Lead_scoring_inference_pipeline/.ipynb_checkpoints/utils-checkpoint.py
[2025-02-14 18:31:10,123] {processor.py:161} INFO - Processing /home/airflow/dags/Lead_scoring_inference_pipeline/.ipynb_checkpoints/utils-checkpoint.py took 0.962 seconds
[2025-02-14 18:32:06,636] {processor.py:153} INFO - Started process (PID=9095) to work on /home/airflow/dags/Lead_scoring_inference_pipeline/.ipynb_checkpoints/utils-checkpoint.py
[2025-02-14 18:32:06,638] {processor.py:641} INFO - Processing file /home/airflow/dags/Lead_scoring_inference_pipeline/.ipynb_checkpoints/utils-checkpoint.py for tasks to queue
[2025-02-14 18:32:06,638] {logging_mixin.py:115} INFO - [2025-02-14 18:32:06,638] {dagbag.py:508} INFO - Filling up the DagBag from /home/airflow/dags/Lead_scoring_inference_pipeline/.ipynb_checkpoints/utils-checkpoint.py
[2025-02-14 18:32:07,406] {logging_mixin.py:115} INFO - [2025-02-14 18:32:07,406] {utils.py:145} INFO - Note: NumExpr detected 64 cores but "NUMEXPR_MAX_THREADS" not set, so enforcing safe limit of 8.
[2025-02-14 18:32:07,406] {logging_mixin.py:115} INFO - [2025-02-14 18:32:07,406] {utils.py:157} INFO - NumExpr defaulting to 8 threads.
[2025-02-14 18:32:07,573] {processor.py:653} WARNING - No viable dags retrieved from /home/airflow/dags/Lead_scoring_inference_pipeline/.ipynb_checkpoints/utils-checkpoint.py
[2025-02-14 18:32:07,581] {processor.py:161} INFO - Processing /home/airflow/dags/Lead_scoring_inference_pipeline/.ipynb_checkpoints/utils-checkpoint.py took 0.948 seconds
[2025-02-14 18:33:11,081] {processor.py:153} INFO - Started process (PID=9302) to work on /home/airflow/dags/Lead_scoring_inference_pipeline/.ipynb_checkpoints/utils-checkpoint.py
[2025-02-14 18:33:11,083] {processor.py:641} INFO - Processing file /home/airflow/dags/Lead_scoring_inference_pipeline/.ipynb_checkpoints/utils-checkpoint.py for tasks to queue
[2025-02-14 18:33:11,083] {logging_mixin.py:115} INFO - [2025-02-14 18:33:11,083] {dagbag.py:508} INFO - Filling up the DagBag from /home/airflow/dags/Lead_scoring_inference_pipeline/.ipynb_checkpoints/utils-checkpoint.py
[2025-02-14 18:33:11,863] {logging_mixin.py:115} INFO - [2025-02-14 18:33:11,863] {utils.py:145} INFO - Note: NumExpr detected 64 cores but "NUMEXPR_MAX_THREADS" not set, so enforcing safe limit of 8.
[2025-02-14 18:33:11,863] {logging_mixin.py:115} INFO - [2025-02-14 18:33:11,863] {utils.py:157} INFO - NumExpr defaulting to 8 threads.
[2025-02-14 18:33:12,032] {processor.py:653} WARNING - No viable dags retrieved from /home/airflow/dags/Lead_scoring_inference_pipeline/.ipynb_checkpoints/utils-checkpoint.py
[2025-02-14 18:33:12,041] {processor.py:161} INFO - Processing /home/airflow/dags/Lead_scoring_inference_pipeline/.ipynb_checkpoints/utils-checkpoint.py took 0.963 seconds
[2025-02-14 18:33:58,689] {processor.py:153} INFO - Started process (PID=9421) to work on /home/airflow/dags/Lead_scoring_inference_pipeline/.ipynb_checkpoints/utils-checkpoint.py
[2025-02-14 18:33:58,691] {processor.py:641} INFO - Processing file /home/airflow/dags/Lead_scoring_inference_pipeline/.ipynb_checkpoints/utils-checkpoint.py for tasks to queue
[2025-02-14 18:33:58,692] {logging_mixin.py:115} INFO - [2025-02-14 18:33:58,692] {dagbag.py:508} INFO - Filling up the DagBag from /home/airflow/dags/Lead_scoring_inference_pipeline/.ipynb_checkpoints/utils-checkpoint.py
[2025-02-14 18:33:59,461] {logging_mixin.py:115} INFO - [2025-02-14 18:33:59,461] {utils.py:145} INFO - Note: NumExpr detected 64 cores but "NUMEXPR_MAX_THREADS" not set, so enforcing safe limit of 8.
[2025-02-14 18:33:59,461] {logging_mixin.py:115} INFO - [2025-02-14 18:33:59,461] {utils.py:157} INFO - NumExpr defaulting to 8 threads.
[2025-02-14 18:33:59,633] {processor.py:653} WARNING - No viable dags retrieved from /home/airflow/dags/Lead_scoring_inference_pipeline/.ipynb_checkpoints/utils-checkpoint.py
[2025-02-14 18:33:59,642] {processor.py:161} INFO - Processing /home/airflow/dags/Lead_scoring_inference_pipeline/.ipynb_checkpoints/utils-checkpoint.py took 0.955 seconds
[2025-02-14 18:34:57,684] {processor.py:153} INFO - Started process (PID=9532) to work on /home/airflow/dags/Lead_scoring_inference_pipeline/.ipynb_checkpoints/utils-checkpoint.py
[2025-02-14 18:34:57,685] {processor.py:641} INFO - Processing file /home/airflow/dags/Lead_scoring_inference_pipeline/.ipynb_checkpoints/utils-checkpoint.py for tasks to queue
[2025-02-14 18:34:57,686] {logging_mixin.py:115} INFO - [2025-02-14 18:34:57,686] {dagbag.py:508} INFO - Filling up the DagBag from /home/airflow/dags/Lead_scoring_inference_pipeline/.ipynb_checkpoints/utils-checkpoint.py
[2025-02-14 18:34:58,379] {logging_mixin.py:115} INFO - [2025-02-14 18:34:58,379] {utils.py:145} INFO - Note: NumExpr detected 64 cores but "NUMEXPR_MAX_THREADS" not set, so enforcing safe limit of 8.
[2025-02-14 18:34:58,379] {logging_mixin.py:115} INFO - [2025-02-14 18:34:58,379] {utils.py:157} INFO - NumExpr defaulting to 8 threads.
[2025-02-14 18:34:58,549] {processor.py:653} WARNING - No viable dags retrieved from /home/airflow/dags/Lead_scoring_inference_pipeline/.ipynb_checkpoints/utils-checkpoint.py
[2025-02-14 18:34:58,564] {processor.py:161} INFO - Processing /home/airflow/dags/Lead_scoring_inference_pipeline/.ipynb_checkpoints/utils-checkpoint.py took 0.884 seconds
[2025-02-14 18:35:57,437] {processor.py:153} INFO - Started process (PID=9831) to work on /home/airflow/dags/Lead_scoring_inference_pipeline/.ipynb_checkpoints/utils-checkpoint.py
[2025-02-14 18:35:57,438] {processor.py:641} INFO - Processing file /home/airflow/dags/Lead_scoring_inference_pipeline/.ipynb_checkpoints/utils-checkpoint.py for tasks to queue
[2025-02-14 18:35:57,439] {logging_mixin.py:115} INFO - [2025-02-14 18:35:57,439] {dagbag.py:508} INFO - Filling up the DagBag from /home/airflow/dags/Lead_scoring_inference_pipeline/.ipynb_checkpoints/utils-checkpoint.py
[2025-02-14 18:35:58,145] {logging_mixin.py:115} INFO - [2025-02-14 18:35:58,145] {utils.py:145} INFO - Note: NumExpr detected 64 cores but "NUMEXPR_MAX_THREADS" not set, so enforcing safe limit of 8.
[2025-02-14 18:35:58,145] {logging_mixin.py:115} INFO - [2025-02-14 18:35:58,145] {utils.py:157} INFO - NumExpr defaulting to 8 threads.
[2025-02-14 18:35:58,315] {processor.py:653} WARNING - No viable dags retrieved from /home/airflow/dags/Lead_scoring_inference_pipeline/.ipynb_checkpoints/utils-checkpoint.py
[2025-02-14 18:35:58,324] {processor.py:161} INFO - Processing /home/airflow/dags/Lead_scoring_inference_pipeline/.ipynb_checkpoints/utils-checkpoint.py took 0.890 seconds
[2025-02-14 18:39:21,537] {processor.py:153} INFO - Started process (PID=582) to work on /home/airflow/dags/Lead_scoring_inference_pipeline/.ipynb_checkpoints/utils-checkpoint.py
[2025-02-14 18:39:21,538] {processor.py:641} INFO - Processing file /home/airflow/dags/Lead_scoring_inference_pipeline/.ipynb_checkpoints/utils-checkpoint.py for tasks to queue
[2025-02-14 18:39:21,539] {logging_mixin.py:115} INFO - [2025-02-14 18:39:21,539] {dagbag.py:508} INFO - Filling up the DagBag from /home/airflow/dags/Lead_scoring_inference_pipeline/.ipynb_checkpoints/utils-checkpoint.py
[2025-02-14 18:39:22,321] {logging_mixin.py:115} INFO - [2025-02-14 18:39:22,321] {utils.py:145} INFO - Note: NumExpr detected 64 cores but "NUMEXPR_MAX_THREADS" not set, so enforcing safe limit of 8.
[2025-02-14 18:39:22,321] {logging_mixin.py:115} INFO - [2025-02-14 18:39:22,321] {utils.py:157} INFO - NumExpr defaulting to 8 threads.
[2025-02-14 18:39:22,488] {processor.py:653} WARNING - No viable dags retrieved from /home/airflow/dags/Lead_scoring_inference_pipeline/.ipynb_checkpoints/utils-checkpoint.py
[2025-02-14 18:39:22,496] {processor.py:161} INFO - Processing /home/airflow/dags/Lead_scoring_inference_pipeline/.ipynb_checkpoints/utils-checkpoint.py took 0.963 seconds
[2025-02-14 18:40:43,757] {processor.py:153} INFO - Started process (PID=1015) to work on /home/airflow/dags/Lead_scoring_inference_pipeline/.ipynb_checkpoints/utils-checkpoint.py
[2025-02-14 18:40:43,758] {processor.py:641} INFO - Processing file /home/airflow/dags/Lead_scoring_inference_pipeline/.ipynb_checkpoints/utils-checkpoint.py for tasks to queue
[2025-02-14 18:40:43,759] {logging_mixin.py:115} INFO - [2025-02-14 18:40:43,759] {dagbag.py:508} INFO - Filling up the DagBag from /home/airflow/dags/Lead_scoring_inference_pipeline/.ipynb_checkpoints/utils-checkpoint.py
[2025-02-14 18:40:44,536] {logging_mixin.py:115} INFO - [2025-02-14 18:40:44,536] {utils.py:145} INFO - Note: NumExpr detected 64 cores but "NUMEXPR_MAX_THREADS" not set, so enforcing safe limit of 8.
[2025-02-14 18:40:44,536] {logging_mixin.py:115} INFO - [2025-02-14 18:40:44,536] {utils.py:157} INFO - NumExpr defaulting to 8 threads.
[2025-02-14 18:40:44,701] {processor.py:653} WARNING - No viable dags retrieved from /home/airflow/dags/Lead_scoring_inference_pipeline/.ipynb_checkpoints/utils-checkpoint.py
[2025-02-14 18:40:44,710] {processor.py:161} INFO - Processing /home/airflow/dags/Lead_scoring_inference_pipeline/.ipynb_checkpoints/utils-checkpoint.py took 0.956 seconds
[2025-02-14 18:41:46,078] {processor.py:153} INFO - Started process (PID=1127) to work on /home/airflow/dags/Lead_scoring_inference_pipeline/.ipynb_checkpoints/utils-checkpoint.py
[2025-02-14 18:41:46,080] {processor.py:641} INFO - Processing file /home/airflow/dags/Lead_scoring_inference_pipeline/.ipynb_checkpoints/utils-checkpoint.py for tasks to queue
[2025-02-14 18:41:46,080] {logging_mixin.py:115} INFO - [2025-02-14 18:41:46,080] {dagbag.py:508} INFO - Filling up the DagBag from /home/airflow/dags/Lead_scoring_inference_pipeline/.ipynb_checkpoints/utils-checkpoint.py
[2025-02-14 18:41:46,855] {logging_mixin.py:115} INFO - [2025-02-14 18:41:46,855] {utils.py:145} INFO - Note: NumExpr detected 64 cores but "NUMEXPR_MAX_THREADS" not set, so enforcing safe limit of 8.
[2025-02-14 18:41:46,856] {logging_mixin.py:115} INFO - [2025-02-14 18:41:46,856] {utils.py:157} INFO - NumExpr defaulting to 8 threads.
[2025-02-14 18:41:47,021] {processor.py:653} WARNING - No viable dags retrieved from /home/airflow/dags/Lead_scoring_inference_pipeline/.ipynb_checkpoints/utils-checkpoint.py
[2025-02-14 18:41:47,030] {processor.py:161} INFO - Processing /home/airflow/dags/Lead_scoring_inference_pipeline/.ipynb_checkpoints/utils-checkpoint.py took 0.955 seconds
[2025-02-14 18:42:50,664] {processor.py:153} INFO - Started process (PID=1239) to work on /home/airflow/dags/Lead_scoring_inference_pipeline/.ipynb_checkpoints/utils-checkpoint.py
[2025-02-14 18:42:50,666] {processor.py:641} INFO - Processing file /home/airflow/dags/Lead_scoring_inference_pipeline/.ipynb_checkpoints/utils-checkpoint.py for tasks to queue
[2025-02-14 18:42:50,666] {logging_mixin.py:115} INFO - [2025-02-14 18:42:50,666] {dagbag.py:508} INFO - Filling up the DagBag from /home/airflow/dags/Lead_scoring_inference_pipeline/.ipynb_checkpoints/utils-checkpoint.py
[2025-02-14 18:42:51,461] {logging_mixin.py:115} INFO - [2025-02-14 18:42:51,461] {utils.py:145} INFO - Note: NumExpr detected 64 cores but "NUMEXPR_MAX_THREADS" not set, so enforcing safe limit of 8.
[2025-02-14 18:42:51,461] {logging_mixin.py:115} INFO - [2025-02-14 18:42:51,461] {utils.py:157} INFO - NumExpr defaulting to 8 threads.
[2025-02-14 18:42:51,627] {processor.py:653} WARNING - No viable dags retrieved from /home/airflow/dags/Lead_scoring_inference_pipeline/.ipynb_checkpoints/utils-checkpoint.py
[2025-02-14 18:42:51,635] {processor.py:161} INFO - Processing /home/airflow/dags/Lead_scoring_inference_pipeline/.ipynb_checkpoints/utils-checkpoint.py took 0.974 seconds
[2025-02-14 18:43:26,629] {processor.py:153} INFO - Started process (PID=1326) to work on /home/airflow/dags/Lead_scoring_inference_pipeline/.ipynb_checkpoints/utils-checkpoint.py
[2025-02-14 18:43:26,635] {processor.py:641} INFO - Processing file /home/airflow/dags/Lead_scoring_inference_pipeline/.ipynb_checkpoints/utils-checkpoint.py for tasks to queue
[2025-02-14 18:43:26,635] {logging_mixin.py:115} INFO - [2025-02-14 18:43:26,635] {dagbag.py:508} INFO - Filling up the DagBag from /home/airflow/dags/Lead_scoring_inference_pipeline/.ipynb_checkpoints/utils-checkpoint.py
[2025-02-14 18:43:27,419] {logging_mixin.py:115} INFO - [2025-02-14 18:43:27,419] {utils.py:145} INFO - Note: NumExpr detected 64 cores but "NUMEXPR_MAX_THREADS" not set, so enforcing safe limit of 8.
[2025-02-14 18:43:27,420] {logging_mixin.py:115} INFO - [2025-02-14 18:43:27,420] {utils.py:157} INFO - NumExpr defaulting to 8 threads.
[2025-02-14 18:43:27,589] {processor.py:653} WARNING - No viable dags retrieved from /home/airflow/dags/Lead_scoring_inference_pipeline/.ipynb_checkpoints/utils-checkpoint.py
[2025-02-14 18:43:27,598] {processor.py:161} INFO - Processing /home/airflow/dags/Lead_scoring_inference_pipeline/.ipynb_checkpoints/utils-checkpoint.py took 0.972 seconds
[2025-02-14 18:44:26,257] {processor.py:153} INFO - Started process (PID=1440) to work on /home/airflow/dags/Lead_scoring_inference_pipeline/.ipynb_checkpoints/utils-checkpoint.py
[2025-02-14 18:44:26,258] {processor.py:641} INFO - Processing file /home/airflow/dags/Lead_scoring_inference_pipeline/.ipynb_checkpoints/utils-checkpoint.py for tasks to queue
[2025-02-14 18:44:26,259] {logging_mixin.py:115} INFO - [2025-02-14 18:44:26,259] {dagbag.py:508} INFO - Filling up the DagBag from /home/airflow/dags/Lead_scoring_inference_pipeline/.ipynb_checkpoints/utils-checkpoint.py
[2025-02-14 18:44:26,965] {logging_mixin.py:115} INFO - [2025-02-14 18:44:26,965] {utils.py:145} INFO - Note: NumExpr detected 64 cores but "NUMEXPR_MAX_THREADS" not set, so enforcing safe limit of 8.
[2025-02-14 18:44:26,965] {logging_mixin.py:115} INFO - [2025-02-14 18:44:26,965] {utils.py:157} INFO - NumExpr defaulting to 8 threads.
[2025-02-14 18:44:27,131] {processor.py:653} WARNING - No viable dags retrieved from /home/airflow/dags/Lead_scoring_inference_pipeline/.ipynb_checkpoints/utils-checkpoint.py
[2025-02-14 18:44:27,140] {processor.py:161} INFO - Processing /home/airflow/dags/Lead_scoring_inference_pipeline/.ipynb_checkpoints/utils-checkpoint.py took 0.887 seconds
[2025-02-14 18:45:21,056] {processor.py:153} INFO - Started process (PID=1550) to work on /home/airflow/dags/Lead_scoring_inference_pipeline/.ipynb_checkpoints/utils-checkpoint.py
[2025-02-14 18:45:21,058] {processor.py:641} INFO - Processing file /home/airflow/dags/Lead_scoring_inference_pipeline/.ipynb_checkpoints/utils-checkpoint.py for tasks to queue
[2025-02-14 18:45:21,058] {logging_mixin.py:115} INFO - [2025-02-14 18:45:21,058] {dagbag.py:508} INFO - Filling up the DagBag from /home/airflow/dags/Lead_scoring_inference_pipeline/.ipynb_checkpoints/utils-checkpoint.py
[2025-02-14 18:45:21,781] {logging_mixin.py:115} INFO - [2025-02-14 18:45:21,781] {utils.py:145} INFO - Note: NumExpr detected 64 cores but "NUMEXPR_MAX_THREADS" not set, so enforcing safe limit of 8.
[2025-02-14 18:45:21,781] {logging_mixin.py:115} INFO - [2025-02-14 18:45:21,781] {utils.py:157} INFO - NumExpr defaulting to 8 threads.
[2025-02-14 18:45:21,946] {processor.py:653} WARNING - No viable dags retrieved from /home/airflow/dags/Lead_scoring_inference_pipeline/.ipynb_checkpoints/utils-checkpoint.py
[2025-02-14 18:45:21,956] {processor.py:161} INFO - Processing /home/airflow/dags/Lead_scoring_inference_pipeline/.ipynb_checkpoints/utils-checkpoint.py took 0.903 seconds
[2025-02-14 18:46:12,958] {processor.py:153} INFO - Started process (PID=1657) to work on /home/airflow/dags/Lead_scoring_inference_pipeline/.ipynb_checkpoints/utils-checkpoint.py
[2025-02-14 18:46:12,959] {processor.py:641} INFO - Processing file /home/airflow/dags/Lead_scoring_inference_pipeline/.ipynb_checkpoints/utils-checkpoint.py for tasks to queue
[2025-02-14 18:46:12,960] {logging_mixin.py:115} INFO - [2025-02-14 18:46:12,960] {dagbag.py:508} INFO - Filling up the DagBag from /home/airflow/dags/Lead_scoring_inference_pipeline/.ipynb_checkpoints/utils-checkpoint.py
[2025-02-14 18:46:13,669] {logging_mixin.py:115} INFO - [2025-02-14 18:46:13,669] {utils.py:145} INFO - Note: NumExpr detected 64 cores but "NUMEXPR_MAX_THREADS" not set, so enforcing safe limit of 8.
[2025-02-14 18:46:13,670] {logging_mixin.py:115} INFO - [2025-02-14 18:46:13,670] {utils.py:157} INFO - NumExpr defaulting to 8 threads.
[2025-02-14 18:46:13,833] {processor.py:653} WARNING - No viable dags retrieved from /home/airflow/dags/Lead_scoring_inference_pipeline/.ipynb_checkpoints/utils-checkpoint.py
[2025-02-14 18:46:13,843] {processor.py:161} INFO - Processing /home/airflow/dags/Lead_scoring_inference_pipeline/.ipynb_checkpoints/utils-checkpoint.py took 0.888 seconds
[2025-02-14 18:49:14,333] {processor.py:153} INFO - Started process (PID=1798) to work on /home/airflow/dags/Lead_scoring_inference_pipeline/.ipynb_checkpoints/utils-checkpoint.py
[2025-02-14 18:49:14,335] {processor.py:641} INFO - Processing file /home/airflow/dags/Lead_scoring_inference_pipeline/.ipynb_checkpoints/utils-checkpoint.py for tasks to queue
[2025-02-14 18:49:14,336] {logging_mixin.py:115} INFO - [2025-02-14 18:49:14,336] {dagbag.py:508} INFO - Filling up the DagBag from /home/airflow/dags/Lead_scoring_inference_pipeline/.ipynb_checkpoints/utils-checkpoint.py
[2025-02-14 18:49:15,092] {logging_mixin.py:115} INFO - [2025-02-14 18:49:15,092] {utils.py:145} INFO - Note: NumExpr detected 64 cores but "NUMEXPR_MAX_THREADS" not set, so enforcing safe limit of 8.
[2025-02-14 18:49:15,092] {logging_mixin.py:115} INFO - [2025-02-14 18:49:15,092] {utils.py:157} INFO - NumExpr defaulting to 8 threads.
[2025-02-14 18:49:15,258] {processor.py:653} WARNING - No viable dags retrieved from /home/airflow/dags/Lead_scoring_inference_pipeline/.ipynb_checkpoints/utils-checkpoint.py
[2025-02-14 18:49:15,267] {processor.py:161} INFO - Processing /home/airflow/dags/Lead_scoring_inference_pipeline/.ipynb_checkpoints/utils-checkpoint.py took 0.937 seconds
[2025-02-14 18:52:46,130] {processor.py:153} INFO - Started process (PID=1988) to work on /home/airflow/dags/Lead_scoring_inference_pipeline/.ipynb_checkpoints/utils-checkpoint.py
[2025-02-14 18:52:46,132] {processor.py:641} INFO - Processing file /home/airflow/dags/Lead_scoring_inference_pipeline/.ipynb_checkpoints/utils-checkpoint.py for tasks to queue
[2025-02-14 18:52:46,132] {logging_mixin.py:115} INFO - [2025-02-14 18:52:46,132] {dagbag.py:508} INFO - Filling up the DagBag from /home/airflow/dags/Lead_scoring_inference_pipeline/.ipynb_checkpoints/utils-checkpoint.py
[2025-02-14 18:52:46,842] {logging_mixin.py:115} INFO - [2025-02-14 18:52:46,842] {utils.py:145} INFO - Note: NumExpr detected 64 cores but "NUMEXPR_MAX_THREADS" not set, so enforcing safe limit of 8.
[2025-02-14 18:52:46,842] {logging_mixin.py:115} INFO - [2025-02-14 18:52:46,842] {utils.py:157} INFO - NumExpr defaulting to 8 threads.
[2025-02-14 18:52:47,012] {processor.py:653} WARNING - No viable dags retrieved from /home/airflow/dags/Lead_scoring_inference_pipeline/.ipynb_checkpoints/utils-checkpoint.py
[2025-02-14 18:52:47,021] {processor.py:161} INFO - Processing /home/airflow/dags/Lead_scoring_inference_pipeline/.ipynb_checkpoints/utils-checkpoint.py took 0.893 seconds
[2025-02-14 18:53:55,349] {processor.py:153} INFO - Started process (PID=2026) to work on /home/airflow/dags/Lead_scoring_inference_pipeline/.ipynb_checkpoints/utils-checkpoint.py
[2025-02-14 18:53:55,351] {processor.py:641} INFO - Processing file /home/airflow/dags/Lead_scoring_inference_pipeline/.ipynb_checkpoints/utils-checkpoint.py for tasks to queue
[2025-02-14 18:53:55,351] {logging_mixin.py:115} INFO - [2025-02-14 18:53:55,351] {dagbag.py:508} INFO - Filling up the DagBag from /home/airflow/dags/Lead_scoring_inference_pipeline/.ipynb_checkpoints/utils-checkpoint.py
[2025-02-14 18:53:56,085] {logging_mixin.py:115} INFO - [2025-02-14 18:53:56,085] {utils.py:145} INFO - Note: NumExpr detected 64 cores but "NUMEXPR_MAX_THREADS" not set, so enforcing safe limit of 8.
[2025-02-14 18:53:56,085] {logging_mixin.py:115} INFO - [2025-02-14 18:53:56,085] {utils.py:157} INFO - NumExpr defaulting to 8 threads.
[2025-02-14 18:53:56,253] {processor.py:653} WARNING - No viable dags retrieved from /home/airflow/dags/Lead_scoring_inference_pipeline/.ipynb_checkpoints/utils-checkpoint.py
[2025-02-14 18:53:56,261] {processor.py:161} INFO - Processing /home/airflow/dags/Lead_scoring_inference_pipeline/.ipynb_checkpoints/utils-checkpoint.py took 0.915 seconds
[2025-02-14 18:55:07,318] {processor.py:153} INFO - Started process (PID=2263) to work on /home/airflow/dags/Lead_scoring_inference_pipeline/.ipynb_checkpoints/utils-checkpoint.py
[2025-02-14 18:55:07,320] {processor.py:641} INFO - Processing file /home/airflow/dags/Lead_scoring_inference_pipeline/.ipynb_checkpoints/utils-checkpoint.py for tasks to queue
[2025-02-14 18:55:07,320] {logging_mixin.py:115} INFO - [2025-02-14 18:55:07,320] {dagbag.py:508} INFO - Filling up the DagBag from /home/airflow/dags/Lead_scoring_inference_pipeline/.ipynb_checkpoints/utils-checkpoint.py
[2025-02-14 18:55:08,038] {logging_mixin.py:115} INFO - [2025-02-14 18:55:08,037] {utils.py:145} INFO - Note: NumExpr detected 64 cores but "NUMEXPR_MAX_THREADS" not set, so enforcing safe limit of 8.
[2025-02-14 18:55:08,038] {logging_mixin.py:115} INFO - [2025-02-14 18:55:08,038] {utils.py:157} INFO - NumExpr defaulting to 8 threads.
[2025-02-14 18:55:08,205] {processor.py:653} WARNING - No viable dags retrieved from /home/airflow/dags/Lead_scoring_inference_pipeline/.ipynb_checkpoints/utils-checkpoint.py
[2025-02-14 18:55:08,214] {processor.py:161} INFO - Processing /home/airflow/dags/Lead_scoring_inference_pipeline/.ipynb_checkpoints/utils-checkpoint.py took 0.899 seconds
[2025-02-14 18:57:52,350] {processor.py:153} INFO - Started process (PID=2387) to work on /home/airflow/dags/Lead_scoring_inference_pipeline/.ipynb_checkpoints/utils-checkpoint.py
[2025-02-14 18:57:52,351] {processor.py:641} INFO - Processing file /home/airflow/dags/Lead_scoring_inference_pipeline/.ipynb_checkpoints/utils-checkpoint.py for tasks to queue
[2025-02-14 18:57:52,352] {logging_mixin.py:115} INFO - [2025-02-14 18:57:52,352] {dagbag.py:508} INFO - Filling up the DagBag from /home/airflow/dags/Lead_scoring_inference_pipeline/.ipynb_checkpoints/utils-checkpoint.py
[2025-02-14 18:57:53,048] {logging_mixin.py:115} INFO - [2025-02-14 18:57:53,048] {utils.py:145} INFO - Note: NumExpr detected 64 cores but "NUMEXPR_MAX_THREADS" not set, so enforcing safe limit of 8.
[2025-02-14 18:57:53,048] {logging_mixin.py:115} INFO - [2025-02-14 18:57:53,048] {utils.py:157} INFO - NumExpr defaulting to 8 threads.
[2025-02-14 18:57:53,214] {processor.py:653} WARNING - No viable dags retrieved from /home/airflow/dags/Lead_scoring_inference_pipeline/.ipynb_checkpoints/utils-checkpoint.py
[2025-02-14 18:57:53,222] {processor.py:161} INFO - Processing /home/airflow/dags/Lead_scoring_inference_pipeline/.ipynb_checkpoints/utils-checkpoint.py took 0.875 seconds
[2025-02-14 19:00:01,926] {processor.py:153} INFO - Started process (PID=2428) to work on /home/airflow/dags/Lead_scoring_inference_pipeline/.ipynb_checkpoints/utils-checkpoint.py
[2025-02-14 19:00:01,928] {processor.py:641} INFO - Processing file /home/airflow/dags/Lead_scoring_inference_pipeline/.ipynb_checkpoints/utils-checkpoint.py for tasks to queue
[2025-02-14 19:00:01,928] {logging_mixin.py:115} INFO - [2025-02-14 19:00:01,928] {dagbag.py:508} INFO - Filling up the DagBag from /home/airflow/dags/Lead_scoring_inference_pipeline/.ipynb_checkpoints/utils-checkpoint.py
[2025-02-14 19:00:02,627] {logging_mixin.py:115} INFO - [2025-02-14 19:00:02,627] {utils.py:145} INFO - Note: NumExpr detected 64 cores but "NUMEXPR_MAX_THREADS" not set, so enforcing safe limit of 8.
[2025-02-14 19:00:02,627] {logging_mixin.py:115} INFO - [2025-02-14 19:00:02,627] {utils.py:157} INFO - NumExpr defaulting to 8 threads.
[2025-02-14 19:00:02,792] {processor.py:653} WARNING - No viable dags retrieved from /home/airflow/dags/Lead_scoring_inference_pipeline/.ipynb_checkpoints/utils-checkpoint.py
[2025-02-14 19:00:02,800] {processor.py:161} INFO - Processing /home/airflow/dags/Lead_scoring_inference_pipeline/.ipynb_checkpoints/utils-checkpoint.py took 0.877 seconds
[2025-02-14 19:01:18,768] {processor.py:153} INFO - Started process (PID=2502) to work on /home/airflow/dags/Lead_scoring_inference_pipeline/.ipynb_checkpoints/utils-checkpoint.py
[2025-02-14 19:01:18,770] {processor.py:641} INFO - Processing file /home/airflow/dags/Lead_scoring_inference_pipeline/.ipynb_checkpoints/utils-checkpoint.py for tasks to queue
[2025-02-14 19:01:18,770] {logging_mixin.py:115} INFO - [2025-02-14 19:01:18,770] {dagbag.py:508} INFO - Filling up the DagBag from /home/airflow/dags/Lead_scoring_inference_pipeline/.ipynb_checkpoints/utils-checkpoint.py
[2025-02-14 19:01:19,490] {logging_mixin.py:115} INFO - [2025-02-14 19:01:19,490] {utils.py:145} INFO - Note: NumExpr detected 64 cores but "NUMEXPR_MAX_THREADS" not set, so enforcing safe limit of 8.
[2025-02-14 19:01:19,490] {logging_mixin.py:115} INFO - [2025-02-14 19:01:19,490] {utils.py:157} INFO - NumExpr defaulting to 8 threads.
[2025-02-14 19:01:19,658] {processor.py:653} WARNING - No viable dags retrieved from /home/airflow/dags/Lead_scoring_inference_pipeline/.ipynb_checkpoints/utils-checkpoint.py
[2025-02-14 19:01:19,667] {processor.py:161} INFO - Processing /home/airflow/dags/Lead_scoring_inference_pipeline/.ipynb_checkpoints/utils-checkpoint.py took 0.902 seconds
[2025-02-14 19:02:39,314] {processor.py:153} INFO - Started process (PID=2599) to work on /home/airflow/dags/Lead_scoring_inference_pipeline/.ipynb_checkpoints/utils-checkpoint.py
[2025-02-14 19:02:39,315] {processor.py:641} INFO - Processing file /home/airflow/dags/Lead_scoring_inference_pipeline/.ipynb_checkpoints/utils-checkpoint.py for tasks to queue
[2025-02-14 19:02:39,316] {logging_mixin.py:115} INFO - [2025-02-14 19:02:39,316] {dagbag.py:508} INFO - Filling up the DagBag from /home/airflow/dags/Lead_scoring_inference_pipeline/.ipynb_checkpoints/utils-checkpoint.py
[2025-02-14 19:02:40,300] {logging_mixin.py:115} INFO - [2025-02-14 19:02:40,300] {utils.py:145} INFO - Note: NumExpr detected 64 cores but "NUMEXPR_MAX_THREADS" not set, so enforcing safe limit of 8.
[2025-02-14 19:02:40,300] {logging_mixin.py:115} INFO - [2025-02-14 19:02:40,300] {utils.py:157} INFO - NumExpr defaulting to 8 threads.
[2025-02-14 19:02:40,585] {processor.py:653} WARNING - No viable dags retrieved from /home/airflow/dags/Lead_scoring_inference_pipeline/.ipynb_checkpoints/utils-checkpoint.py
[2025-02-14 19:02:40,594] {processor.py:161} INFO - Processing /home/airflow/dags/Lead_scoring_inference_pipeline/.ipynb_checkpoints/utils-checkpoint.py took 1.284 seconds
[2025-02-14 19:03:41,446] {processor.py:153} INFO - Started process (PID=2739) to work on /home/airflow/dags/Lead_scoring_inference_pipeline/.ipynb_checkpoints/utils-checkpoint.py
[2025-02-14 19:03:41,447] {processor.py:641} INFO - Processing file /home/airflow/dags/Lead_scoring_inference_pipeline/.ipynb_checkpoints/utils-checkpoint.py for tasks to queue
[2025-02-14 19:03:41,448] {logging_mixin.py:115} INFO - [2025-02-14 19:03:41,448] {dagbag.py:508} INFO - Filling up the DagBag from /home/airflow/dags/Lead_scoring_inference_pipeline/.ipynb_checkpoints/utils-checkpoint.py
[2025-02-14 19:03:42,220] {logging_mixin.py:115} INFO - [2025-02-14 19:03:42,220] {utils.py:145} INFO - Note: NumExpr detected 64 cores but "NUMEXPR_MAX_THREADS" not set, so enforcing safe limit of 8.
[2025-02-14 19:03:42,220] {logging_mixin.py:115} INFO - [2025-02-14 19:03:42,220] {utils.py:157} INFO - NumExpr defaulting to 8 threads.
[2025-02-14 19:03:42,384] {processor.py:653} WARNING - No viable dags retrieved from /home/airflow/dags/Lead_scoring_inference_pipeline/.ipynb_checkpoints/utils-checkpoint.py
[2025-02-14 19:03:42,392] {processor.py:161} INFO - Processing /home/airflow/dags/Lead_scoring_inference_pipeline/.ipynb_checkpoints/utils-checkpoint.py took 0.950 seconds
[2025-02-14 19:04:44,073] {processor.py:153} INFO - Started process (PID=2852) to work on /home/airflow/dags/Lead_scoring_inference_pipeline/.ipynb_checkpoints/utils-checkpoint.py
[2025-02-14 19:04:44,075] {processor.py:641} INFO - Processing file /home/airflow/dags/Lead_scoring_inference_pipeline/.ipynb_checkpoints/utils-checkpoint.py for tasks to queue
[2025-02-14 19:04:44,075] {logging_mixin.py:115} INFO - [2025-02-14 19:04:44,075] {dagbag.py:508} INFO - Filling up the DagBag from /home/airflow/dags/Lead_scoring_inference_pipeline/.ipynb_checkpoints/utils-checkpoint.py
[2025-02-14 19:04:44,864] {logging_mixin.py:115} INFO - [2025-02-14 19:04:44,864] {utils.py:145} INFO - Note: NumExpr detected 64 cores but "NUMEXPR_MAX_THREADS" not set, so enforcing safe limit of 8.
[2025-02-14 19:04:44,864] {logging_mixin.py:115} INFO - [2025-02-14 19:04:44,864] {utils.py:157} INFO - NumExpr defaulting to 8 threads.
[2025-02-14 19:04:45,033] {processor.py:653} WARNING - No viable dags retrieved from /home/airflow/dags/Lead_scoring_inference_pipeline/.ipynb_checkpoints/utils-checkpoint.py
[2025-02-14 19:04:45,042] {processor.py:161} INFO - Processing /home/airflow/dags/Lead_scoring_inference_pipeline/.ipynb_checkpoints/utils-checkpoint.py took 0.972 seconds
[2025-02-14 19:05:49,982] {processor.py:153} INFO - Started process (PID=2966) to work on /home/airflow/dags/Lead_scoring_inference_pipeline/.ipynb_checkpoints/utils-checkpoint.py
[2025-02-14 19:05:49,984] {processor.py:641} INFO - Processing file /home/airflow/dags/Lead_scoring_inference_pipeline/.ipynb_checkpoints/utils-checkpoint.py for tasks to queue
[2025-02-14 19:05:49,984] {logging_mixin.py:115} INFO - [2025-02-14 19:05:49,984] {dagbag.py:508} INFO - Filling up the DagBag from /home/airflow/dags/Lead_scoring_inference_pipeline/.ipynb_checkpoints/utils-checkpoint.py
[2025-02-14 19:05:50,790] {logging_mixin.py:115} INFO - [2025-02-14 19:05:50,790] {utils.py:145} INFO - Note: NumExpr detected 64 cores but "NUMEXPR_MAX_THREADS" not set, so enforcing safe limit of 8.
[2025-02-14 19:05:50,790] {logging_mixin.py:115} INFO - [2025-02-14 19:05:50,790] {utils.py:157} INFO - NumExpr defaulting to 8 threads.
[2025-02-14 19:05:50,954] {processor.py:653} WARNING - No viable dags retrieved from /home/airflow/dags/Lead_scoring_inference_pipeline/.ipynb_checkpoints/utils-checkpoint.py
[2025-02-14 19:05:50,963] {processor.py:161} INFO - Processing /home/airflow/dags/Lead_scoring_inference_pipeline/.ipynb_checkpoints/utils-checkpoint.py took 0.984 seconds
[2025-02-14 19:06:54,174] {processor.py:153} INFO - Started process (PID=3080) to work on /home/airflow/dags/Lead_scoring_inference_pipeline/.ipynb_checkpoints/utils-checkpoint.py
[2025-02-14 19:06:54,175] {processor.py:641} INFO - Processing file /home/airflow/dags/Lead_scoring_inference_pipeline/.ipynb_checkpoints/utils-checkpoint.py for tasks to queue
[2025-02-14 19:06:54,176] {logging_mixin.py:115} INFO - [2025-02-14 19:06:54,176] {dagbag.py:508} INFO - Filling up the DagBag from /home/airflow/dags/Lead_scoring_inference_pipeline/.ipynb_checkpoints/utils-checkpoint.py
[2025-02-14 19:06:54,955] {logging_mixin.py:115} INFO - [2025-02-14 19:06:54,955] {utils.py:145} INFO - Note: NumExpr detected 64 cores but "NUMEXPR_MAX_THREADS" not set, so enforcing safe limit of 8.
[2025-02-14 19:06:54,955] {logging_mixin.py:115} INFO - [2025-02-14 19:06:54,955] {utils.py:157} INFO - NumExpr defaulting to 8 threads.
[2025-02-14 19:06:55,120] {processor.py:653} WARNING - No viable dags retrieved from /home/airflow/dags/Lead_scoring_inference_pipeline/.ipynb_checkpoints/utils-checkpoint.py
[2025-02-14 19:06:55,129] {processor.py:161} INFO - Processing /home/airflow/dags/Lead_scoring_inference_pipeline/.ipynb_checkpoints/utils-checkpoint.py took 0.958 seconds
[2025-02-14 19:07:53,756] {processor.py:153} INFO - Started process (PID=3192) to work on /home/airflow/dags/Lead_scoring_inference_pipeline/.ipynb_checkpoints/utils-checkpoint.py
[2025-02-14 19:07:53,764] {processor.py:641} INFO - Processing file /home/airflow/dags/Lead_scoring_inference_pipeline/.ipynb_checkpoints/utils-checkpoint.py for tasks to queue
[2025-02-14 19:07:53,764] {logging_mixin.py:115} INFO - [2025-02-14 19:07:53,764] {dagbag.py:508} INFO - Filling up the DagBag from /home/airflow/dags/Lead_scoring_inference_pipeline/.ipynb_checkpoints/utils-checkpoint.py
[2025-02-14 19:07:54,464] {logging_mixin.py:115} INFO - [2025-02-14 19:07:54,464] {utils.py:145} INFO - Note: NumExpr detected 64 cores but "NUMEXPR_MAX_THREADS" not set, so enforcing safe limit of 8.
[2025-02-14 19:07:54,464] {logging_mixin.py:115} INFO - [2025-02-14 19:07:54,464] {utils.py:157} INFO - NumExpr defaulting to 8 threads.
[2025-02-14 19:07:54,628] {processor.py:653} WARNING - No viable dags retrieved from /home/airflow/dags/Lead_scoring_inference_pipeline/.ipynb_checkpoints/utils-checkpoint.py
[2025-02-14 19:07:54,638] {processor.py:161} INFO - Processing /home/airflow/dags/Lead_scoring_inference_pipeline/.ipynb_checkpoints/utils-checkpoint.py took 0.885 seconds
[2025-02-14 19:08:50,505] {processor.py:153} INFO - Started process (PID=3303) to work on /home/airflow/dags/Lead_scoring_inference_pipeline/.ipynb_checkpoints/utils-checkpoint.py
[2025-02-14 19:08:50,507] {processor.py:641} INFO - Processing file /home/airflow/dags/Lead_scoring_inference_pipeline/.ipynb_checkpoints/utils-checkpoint.py for tasks to queue
[2025-02-14 19:08:50,507] {logging_mixin.py:115} INFO - [2025-02-14 19:08:50,507] {dagbag.py:508} INFO - Filling up the DagBag from /home/airflow/dags/Lead_scoring_inference_pipeline/.ipynb_checkpoints/utils-checkpoint.py
[2025-02-14 19:08:51,236] {logging_mixin.py:115} INFO - [2025-02-14 19:08:51,236] {utils.py:145} INFO - Note: NumExpr detected 64 cores but "NUMEXPR_MAX_THREADS" not set, so enforcing safe limit of 8.
[2025-02-14 19:08:51,236] {logging_mixin.py:115} INFO - [2025-02-14 19:08:51,236] {utils.py:157} INFO - NumExpr defaulting to 8 threads.
[2025-02-14 19:08:51,402] {processor.py:653} WARNING - No viable dags retrieved from /home/airflow/dags/Lead_scoring_inference_pipeline/.ipynb_checkpoints/utils-checkpoint.py
[2025-02-14 19:08:51,412] {processor.py:161} INFO - Processing /home/airflow/dags/Lead_scoring_inference_pipeline/.ipynb_checkpoints/utils-checkpoint.py took 0.910 seconds
[2025-02-14 19:09:45,713] {processor.py:153} INFO - Started process (PID=3413) to work on /home/airflow/dags/Lead_scoring_inference_pipeline/.ipynb_checkpoints/utils-checkpoint.py
[2025-02-14 19:09:45,714] {processor.py:641} INFO - Processing file /home/airflow/dags/Lead_scoring_inference_pipeline/.ipynb_checkpoints/utils-checkpoint.py for tasks to queue
[2025-02-14 19:09:45,715] {logging_mixin.py:115} INFO - [2025-02-14 19:09:45,715] {dagbag.py:508} INFO - Filling up the DagBag from /home/airflow/dags/Lead_scoring_inference_pipeline/.ipynb_checkpoints/utils-checkpoint.py
[2025-02-14 19:09:46,427] {logging_mixin.py:115} INFO - [2025-02-14 19:09:46,427] {utils.py:145} INFO - Note: NumExpr detected 64 cores but "NUMEXPR_MAX_THREADS" not set, so enforcing safe limit of 8.
[2025-02-14 19:09:46,427] {logging_mixin.py:115} INFO - [2025-02-14 19:09:46,427] {utils.py:157} INFO - NumExpr defaulting to 8 threads.
[2025-02-14 19:09:46,595] {processor.py:653} WARNING - No viable dags retrieved from /home/airflow/dags/Lead_scoring_inference_pipeline/.ipynb_checkpoints/utils-checkpoint.py
[2025-02-14 19:09:46,604] {processor.py:161} INFO - Processing /home/airflow/dags/Lead_scoring_inference_pipeline/.ipynb_checkpoints/utils-checkpoint.py took 0.895 seconds
[2025-02-14 19:10:32,128] {processor.py:153} INFO - Started process (PID=3619) to work on /home/airflow/dags/Lead_scoring_inference_pipeline/.ipynb_checkpoints/utils-checkpoint.py
[2025-02-14 19:10:32,130] {processor.py:641} INFO - Processing file /home/airflow/dags/Lead_scoring_inference_pipeline/.ipynb_checkpoints/utils-checkpoint.py for tasks to queue
[2025-02-14 19:10:32,130] {logging_mixin.py:115} INFO - [2025-02-14 19:10:32,130] {dagbag.py:508} INFO - Filling up the DagBag from /home/airflow/dags/Lead_scoring_inference_pipeline/.ipynb_checkpoints/utils-checkpoint.py
[2025-02-14 19:10:32,849] {logging_mixin.py:115} INFO - [2025-02-14 19:10:32,849] {utils.py:145} INFO - Note: NumExpr detected 64 cores but "NUMEXPR_MAX_THREADS" not set, so enforcing safe limit of 8.
[2025-02-14 19:10:32,849] {logging_mixin.py:115} INFO - [2025-02-14 19:10:32,849] {utils.py:157} INFO - NumExpr defaulting to 8 threads.
[2025-02-14 19:10:33,018] {processor.py:653} WARNING - No viable dags retrieved from /home/airflow/dags/Lead_scoring_inference_pipeline/.ipynb_checkpoints/utils-checkpoint.py
[2025-02-14 19:10:33,027] {processor.py:161} INFO - Processing /home/airflow/dags/Lead_scoring_inference_pipeline/.ipynb_checkpoints/utils-checkpoint.py took 0.902 seconds
[2025-02-14 19:12:00,722] {processor.py:153} INFO - Started process (PID=3718) to work on /home/airflow/dags/Lead_scoring_inference_pipeline/.ipynb_checkpoints/utils-checkpoint.py
[2025-02-14 19:12:00,724] {processor.py:641} INFO - Processing file /home/airflow/dags/Lead_scoring_inference_pipeline/.ipynb_checkpoints/utils-checkpoint.py for tasks to queue
[2025-02-14 19:12:00,724] {logging_mixin.py:115} INFO - [2025-02-14 19:12:00,724] {dagbag.py:508} INFO - Filling up the DagBag from /home/airflow/dags/Lead_scoring_inference_pipeline/.ipynb_checkpoints/utils-checkpoint.py
[2025-02-14 19:12:01,453] {logging_mixin.py:115} INFO - [2025-02-14 19:12:01,453] {utils.py:145} INFO - Note: NumExpr detected 64 cores but "NUMEXPR_MAX_THREADS" not set, so enforcing safe limit of 8.
[2025-02-14 19:12:01,454] {logging_mixin.py:115} INFO - [2025-02-14 19:12:01,453] {utils.py:157} INFO - NumExpr defaulting to 8 threads.
[2025-02-14 19:12:01,746] {processor.py:653} WARNING - No viable dags retrieved from /home/airflow/dags/Lead_scoring_inference_pipeline/.ipynb_checkpoints/utils-checkpoint.py
[2025-02-14 19:12:01,755] {processor.py:161} INFO - Processing /home/airflow/dags/Lead_scoring_inference_pipeline/.ipynb_checkpoints/utils-checkpoint.py took 1.036 seconds
