[2025-02-14 18:30:44,163] {taskinstance.py:1179} INFO - Dependencies all met for <TaskInstance: TK_Lead_Scoring_Data_Engineering_Pipeline.checking_model_inputs_schema manual__2025-02-14T18:30:12.431681+00:00 [queued]>
[2025-02-14 18:30:44,168] {taskinstance.py:1179} INFO - Dependencies all met for <TaskInstance: TK_Lead_Scoring_Data_Engineering_Pipeline.checking_model_inputs_schema manual__2025-02-14T18:30:12.431681+00:00 [queued]>
[2025-02-14 18:30:44,168] {taskinstance.py:1376} INFO - 
--------------------------------------------------------------------------------
[2025-02-14 18:30:44,168] {taskinstance.py:1377} INFO - Starting attempt 1 of 2
[2025-02-14 18:30:44,168] {taskinstance.py:1378} INFO - 
--------------------------------------------------------------------------------
[2025-02-14 18:30:44,190] {taskinstance.py:1397} INFO - Executing <Task(PythonOperator): checking_model_inputs_schema> on 2025-02-14 18:30:12.431681+00:00
[2025-02-14 18:30:44,195] {standard_task_runner.py:52} INFO - Started process 8900 to run task
[2025-02-14 18:30:44,198] {standard_task_runner.py:79} INFO - Running: ['airflow', 'tasks', 'run', 'TK_Lead_Scoring_Data_Engineering_Pipeline', 'checking_model_inputs_schema', 'manual__2025-02-14T18:30:12.431681+00:00', '--job-id', '31', '--raw', '--subdir', 'DAGS_FOLDER/Lead_scoring_data_pipeline/.ipynb_checkpoints/lead_scoring_data_pipeline-checkpoint.py', '--cfg-path', '/tmp/tmp8ze6qddf', '--error-file', '/tmp/tmpx2utsvny']
[2025-02-14 18:30:44,199] {standard_task_runner.py:80} INFO - Job 31: Subtask checking_model_inputs_schema
[2025-02-14 18:30:44,251] {task_command.py:371} INFO - Running <TaskInstance: TK_Lead_Scoring_Data_Engineering_Pipeline.checking_model_inputs_schema manual__2025-02-14T18:30:12.431681+00:00 [running]> on host 19e316ed320d
[2025-02-14 18:30:44,318] {taskinstance.py:1589} INFO - Exporting the following env vars:
AIRFLOW_CTX_DAG_OWNER=airflow
AIRFLOW_CTX_DAG_ID=TK_Lead_Scoring_Data_Engineering_Pipeline
AIRFLOW_CTX_TASK_ID=checking_model_inputs_schema
AIRFLOW_CTX_EXECUTION_DATE=2025-02-14T18:30:12.431681+00:00
AIRFLOW_CTX_TRY_NUMBER=1
AIRFLOW_CTX_DAG_RUN_ID=manual__2025-02-14T18:30:12.431681+00:00
[2025-02-14 18:30:44,373] {logging_mixin.py:115} INFO - Models input schema is NOT in line with the schema present in schema.py
[2025-02-14 18:30:44,375] {python.py:173} INFO - Done. Returned value was: None
[2025-02-14 18:30:44,380] {taskinstance.py:1415} INFO - Marking task as SUCCESS. dag_id=TK_Lead_Scoring_Data_Engineering_Pipeline, task_id=checking_model_inputs_schema, execution_date=20250214T183012, start_date=20250214T183044, end_date=20250214T183044
[2025-02-14 18:30:44,410] {local_task_job.py:156} INFO - Task exited with return code 0
[2025-02-14 18:30:44,446] {local_task_job.py:273} INFO - 0 downstream tasks scheduled from follow-on schedule check
