[2025-02-14 18:49:51,654] {taskinstance.py:1179} INFO - Dependencies all met for <TaskInstance: Lead_scoring_training_pipeline.training_model manual__2025-02-14T18:46:58.442882+00:00 [queued]>
[2025-02-14 18:49:51,659] {taskinstance.py:1179} INFO - Dependencies all met for <TaskInstance: Lead_scoring_training_pipeline.training_model manual__2025-02-14T18:46:58.442882+00:00 [queued]>
[2025-02-14 18:49:51,659] {taskinstance.py:1376} INFO - 
--------------------------------------------------------------------------------
[2025-02-14 18:49:51,659] {taskinstance.py:1377} INFO - Starting attempt 3 of 2
[2025-02-14 18:49:51,659] {taskinstance.py:1378} INFO - 
--------------------------------------------------------------------------------
[2025-02-14 18:49:51,681] {taskinstance.py:1397} INFO - Executing <Task(PythonOperator): training_model> on 2025-02-14 18:46:58.442882+00:00
[2025-02-14 18:49:51,690] {standard_task_runner.py:52} INFO - Started process 1870 to run task
[2025-02-14 18:49:51,693] {standard_task_runner.py:79} INFO - Running: ['airflow', 'tasks', 'run', 'Lead_scoring_training_pipeline', 'training_model', 'manual__2025-02-14T18:46:58.442882+00:00', '--job-id', '59', '--raw', '--subdir', 'DAGS_FOLDER/Lead_scoring_training_pipeline/.ipynb_checkpoints/lead_scoring_training_pipeline-checkpoint.py', '--cfg-path', '/tmp/tmpj2h121rg', '--error-file', '/tmp/tmp4yk2l8j3']
[2025-02-14 18:49:51,694] {standard_task_runner.py:80} INFO - Job 59: Subtask training_model
[2025-02-14 18:49:51,744] {task_command.py:371} INFO - Running <TaskInstance: Lead_scoring_training_pipeline.training_model manual__2025-02-14T18:46:58.442882+00:00 [running]> on host c9e5903262b9
[2025-02-14 18:49:51,793] {taskinstance.py:1589} INFO - Exporting the following env vars:
AIRFLOW_CTX_DAG_OWNER=airflow
AIRFLOW_CTX_DAG_ID=Lead_scoring_training_pipeline
AIRFLOW_CTX_TASK_ID=training_model
AIRFLOW_CTX_EXECUTION_DATE=2025-02-14T18:46:58.442882+00:00
AIRFLOW_CTX_TRY_NUMBER=3
AIRFLOW_CTX_DAG_RUN_ID=manual__2025-02-14T18:46:58.442882+00:00
[2025-02-14 18:49:51,827] {connectionpool.py:780} WARNING - Retrying (Retry(total=4, connect=4, read=5, redirect=5, status=5)) after connection broken by 'NewConnectionError('<urllib3.connection.HTTPConnection object at 0x7f5be9e6ac70>: Failed to establish a new connection: [Errno 111] Connection refused')': /api/2.0/mlflow/experiments/get-by-name?experiment_name=Lead_scoring_mlflow_production
[2025-02-14 18:49:55,832] {connectionpool.py:780} WARNING - Retrying (Retry(total=3, connect=3, read=5, redirect=5, status=5)) after connection broken by 'NewConnectionError('<urllib3.connection.HTTPConnection object at 0x7f5be9e6af70>: Failed to establish a new connection: [Errno 111] Connection refused')': /api/2.0/mlflow/experiments/get-by-name?experiment_name=Lead_scoring_mlflow_production
[2025-02-14 18:50:03,841] {connectionpool.py:780} WARNING - Retrying (Retry(total=2, connect=2, read=5, redirect=5, status=5)) after connection broken by 'NewConnectionError('<urllib3.connection.HTTPConnection object at 0x7f5be9e6aa60>: Failed to establish a new connection: [Errno 111] Connection refused')': /api/2.0/mlflow/experiments/get-by-name?experiment_name=Lead_scoring_mlflow_production
[2025-02-14 18:50:19,858] {connectionpool.py:780} WARNING - Retrying (Retry(total=1, connect=1, read=5, redirect=5, status=5)) after connection broken by 'NewConnectionError('<urllib3.connection.HTTPConnection object at 0x7f5be9e6a970>: Failed to establish a new connection: [Errno 111] Connection refused')': /api/2.0/mlflow/experiments/get-by-name?experiment_name=Lead_scoring_mlflow_production
[2025-02-14 18:50:22,202] {local_task_job.py:220} WARNING - State of this instance has been externally set to failed. Terminating instance.
[2025-02-14 18:50:22,205] {process_utils.py:125} INFO - Sending Signals.SIGTERM to group 1870. PIDs of all processes in the group: [1870]
[2025-02-14 18:50:22,205] {process_utils.py:80} INFO - Sending the signal Signals.SIGTERM to group 1870
[2025-02-14 18:50:22,205] {taskinstance.py:1561} ERROR - Received SIGTERM. Terminating subprocesses.
[2025-02-14 18:50:22,211] {connectionpool.py:780} WARNING - Retrying (Retry(total=4, connect=4, read=5, redirect=5, status=5)) after connection broken by 'NewConnectionError('<urllib3.connection.HTTPConnection object at 0x7f5be9e3b190>: Failed to establish a new connection: [Errno 111] Connection refused')': /api/2.0/mlflow/experiments/list?view_type=ALL
[2025-02-14 18:50:26,216] {connectionpool.py:780} WARNING - Retrying (Retry(total=3, connect=3, read=5, redirect=5, status=5)) after connection broken by 'NewConnectionError('<urllib3.connection.HTTPConnection object at 0x7f5be9e3b370>: Failed to establish a new connection: [Errno 111] Connection refused')': /api/2.0/mlflow/experiments/list?view_type=ALL
[2025-02-14 18:50:34,225] {connectionpool.py:780} WARNING - Retrying (Retry(total=2, connect=2, read=5, redirect=5, status=5)) after connection broken by 'NewConnectionError('<urllib3.connection.HTTPConnection object at 0x7f5be9e3b580>: Failed to establish a new connection: [Errno 111] Connection refused')': /api/2.0/mlflow/experiments/list?view_type=ALL
[2025-02-14 18:50:50,243] {connectionpool.py:780} WARNING - Retrying (Retry(total=1, connect=1, read=5, redirect=5, status=5)) after connection broken by 'NewConnectionError('<urllib3.connection.HTTPConnection object at 0x7f5be9e3b790>: Failed to establish a new connection: [Errno 111] Connection refused')': /api/2.0/mlflow/experiments/list?view_type=ALL
[2025-02-14 18:51:22,239] {process_utils.py:143} WARNING - process psutil.Process(pid=1870, name='airflow task runner: Lead_scoring_training_pipeline training_model manual__2025-02-14T18:46:58.442882+00:00 59', status='sleeping', started='18:49:50') did not respond to SIGTERM. Trying SIGKILL
[2025-02-14 18:51:22,242] {process_utils.py:80} INFO - Sending the signal Signals.SIGKILL to group 1870
[2025-02-14 18:51:22,268] {process_utils.py:75} INFO - Process psutil.Process(pid=1870, name='airflow task runner: Lead_scoring_training_pipeline training_model manual__2025-02-14T18:46:58.442882+00:00 59', status='terminated', exitcode=<Negsignal.SIGKILL: -9>, started='18:49:50') (1870) terminated with exit code Negsignal.SIGKILL
[2025-02-14 18:51:22,269] {standard_task_runner.py:160} ERROR - Job 59 was killed before it finished (likely due to running out of memory)
