[2025-02-14 18:54:38,045] {taskinstance.py:1179} INFO - Dependencies all met for <TaskInstance: TK_Lead_Scoring_Data_Engineering_Pipeline.mapping_interactions manual__2025-02-14T18:54:19.179278+00:00 [queued]>
[2025-02-14 18:54:38,052] {taskinstance.py:1179} INFO - Dependencies all met for <TaskInstance: TK_Lead_Scoring_Data_Engineering_Pipeline.mapping_interactions manual__2025-02-14T18:54:19.179278+00:00 [queued]>
[2025-02-14 18:54:38,052] {taskinstance.py:1376} INFO - 
--------------------------------------------------------------------------------
[2025-02-14 18:54:38,052] {taskinstance.py:1377} INFO - Starting attempt 1 of 2
[2025-02-14 18:54:38,052] {taskinstance.py:1378} INFO - 
--------------------------------------------------------------------------------
[2025-02-14 18:54:38,084] {taskinstance.py:1397} INFO - Executing <Task(PythonOperator): mapping_interactions> on 2025-02-14 18:54:19.179278+00:00
[2025-02-14 18:54:38,091] {standard_task_runner.py:52} INFO - Started process 2207 to run task
[2025-02-14 18:54:38,094] {standard_task_runner.py:79} INFO - Running: ['airflow', 'tasks', 'run', 'TK_Lead_Scoring_Data_Engineering_Pipeline', 'mapping_interactions', 'manual__2025-02-14T18:54:19.179278+00:00', '--job-id', '69', '--raw', '--subdir', 'DAGS_FOLDER/Lead_scoring_data_pipeline/.ipynb_checkpoints/lead_scoring_data_pipeline-checkpoint.py', '--cfg-path', '/tmp/tmpj_fp7yfb', '--error-file', '/tmp/tmpq90g8zl9']
[2025-02-14 18:54:38,095] {standard_task_runner.py:80} INFO - Job 69: Subtask mapping_interactions
[2025-02-14 18:54:38,145] {task_command.py:371} INFO - Running <TaskInstance: TK_Lead_Scoring_Data_Engineering_Pipeline.mapping_interactions manual__2025-02-14T18:54:19.179278+00:00 [running]> on host c9e5903262b9
[2025-02-14 18:54:38,204] {taskinstance.py:1589} INFO - Exporting the following env vars:
AIRFLOW_CTX_DAG_OWNER=airflow
AIRFLOW_CTX_DAG_ID=TK_Lead_Scoring_Data_Engineering_Pipeline
AIRFLOW_CTX_TASK_ID=mapping_interactions
AIRFLOW_CTX_EXECUTION_DATE=2025-02-14T18:54:19.179278+00:00
AIRFLOW_CTX_TRY_NUMBER=1
AIRFLOW_CTX_DAG_RUN_ID=manual__2025-02-14T18:54:19.179278+00:00
[2025-02-14 18:54:40,916] {python.py:173} INFO - Done. Returned value was: None
[2025-02-14 18:54:40,923] {taskinstance.py:1415} INFO - Marking task as SUCCESS. dag_id=TK_Lead_Scoring_Data_Engineering_Pipeline, task_id=mapping_interactions, execution_date=20250214T185419, start_date=20250214T185438, end_date=20250214T185440
[2025-02-14 18:54:40,992] {local_task_job.py:156} INFO - Task exited with return code 0
[2025-02-14 18:54:41,028] {local_task_job.py:273} INFO - 1 downstream tasks scheduled from follow-on schedule check
