[2025-02-14 18:17:14,891] {taskinstance.py:1179} INFO - Dependencies all met for <TaskInstance: Lead_scoring_inference_pipeline.encoding_categorical_variables scheduled__2025-02-14T17:00:00+00:00 [queued]>
[2025-02-14 18:17:14,898] {taskinstance.py:1179} INFO - Dependencies all met for <TaskInstance: Lead_scoring_inference_pipeline.encoding_categorical_variables scheduled__2025-02-14T17:00:00+00:00 [queued]>
[2025-02-14 18:17:14,899] {taskinstance.py:1376} INFO - 
--------------------------------------------------------------------------------
[2025-02-14 18:17:14,899] {taskinstance.py:1377} INFO - Starting attempt 1 of 2
[2025-02-14 18:17:14,899] {taskinstance.py:1378} INFO - 
--------------------------------------------------------------------------------
[2025-02-14 18:17:14,926] {taskinstance.py:1397} INFO - Executing <Task(PythonOperator): encoding_categorical_variables> on 2025-02-14 17:00:00+00:00
[2025-02-14 18:17:14,934] {standard_task_runner.py:52} INFO - Started process 7834 to run task
[2025-02-14 18:17:14,937] {standard_task_runner.py:79} INFO - Running: ['airflow', 'tasks', 'run', 'Lead_scoring_inference_pipeline', 'encoding_categorical_variables', 'scheduled__2025-02-14T17:00:00+00:00', '--job-id', '20', '--raw', '--subdir', 'DAGS_FOLDER/Lead_scoring_inference_pipeline/.ipynb_checkpoints/lead_scoring_inference_pipeline-checkpoint.py', '--cfg-path', '/tmp/tmpom69w3k3', '--error-file', '/tmp/tmplg_fu_jh']
[2025-02-14 18:17:14,938] {standard_task_runner.py:80} INFO - Job 20: Subtask encoding_categorical_variables
[2025-02-14 18:17:14,996] {task_command.py:371} INFO - Running <TaskInstance: Lead_scoring_inference_pipeline.encoding_categorical_variables scheduled__2025-02-14T17:00:00+00:00 [running]> on host 19e316ed320d
[2025-02-14 18:17:15,237] {taskinstance.py:1589} INFO - Exporting the following env vars:
AIRFLOW_CTX_DAG_OWNER=airflow
AIRFLOW_CTX_DAG_ID=Lead_scoring_inference_pipeline
AIRFLOW_CTX_TASK_ID=encoding_categorical_variables
AIRFLOW_CTX_EXECUTION_DATE=2025-02-14T17:00:00+00:00
AIRFLOW_CTX_TRY_NUMBER=1
AIRFLOW_CTX_DAG_RUN_ID=scheduled__2025-02-14T17:00:00+00:00
[2025-02-14 18:17:21,715] {python.py:173} INFO - Done. Returned value was: None
[2025-02-14 18:17:21,721] {taskinstance.py:1415} INFO - Marking task as SUCCESS. dag_id=Lead_scoring_inference_pipeline, task_id=encoding_categorical_variables, execution_date=20250214T170000, start_date=20250214T181714, end_date=20250214T181721
[2025-02-14 18:17:21,757] {local_task_job.py:156} INFO - Task exited with return code 0
[2025-02-14 18:17:21,938] {local_task_job.py:273} INFO - 1 downstream tasks scheduled from follow-on schedule check
